D:/version1/stm32cube_fw_wb_v1180/STM32Cube_FW_WB_V1.18.0/Projects/P-NUCLEO-WB55.Nucleo/Applications/BLE/BLE_p2pServer/STM32_WPAN/App/p2p_server_app.c:104:6:P2PS_STM_App_Notification	16	static
D:/version1/stm32cube_fw_wb_v1180/STM32Cube_FW_WB_V1.18.0/Projects/P-NUCLEO-WB55.Nucleo/Applications/BLE/BLE_p2pServer/STM32_WPAN/App/p2p_server_app.c:280:6:P2PS_APP_Notification	16	static
D:/version1/stm32cube_fw_wb_v1180/STM32Cube_FW_WB_V1.18.0/Projects/P-NUCLEO-WB55.Nucleo/Applications/BLE/BLE_p2pServer/STM32_WPAN/App/p2p_server_app.c:317:6:P2PS_APP_Init	8	static
D:/version1/stm32cube_fw_wb_v1180/STM32Cube_FW_WB_V1.18.0/Projects/P-NUCLEO-WB55.Nucleo/Applications/BLE/BLE_p2pServer/STM32_WPAN/App/p2p_server_app.c:355:6:P2PS_APP_LED_BUTTON_context_Init	8	static
D:/version1/stm32cube_fw_wb_v1180/STM32Cube_FW_WB_V1.18.0/Projects/P-NUCLEO-WB55.Nucleo/Applications/BLE/BLE_p2pServer/STM32_WPAN/App/p2p_server_app.c:399:13:Appli_ShortButtonPress	64	static
D:/version1/stm32cube_fw_wb_v1180/STM32Cube_FW_WB_V1.18.0/Projects/P-NUCLEO-WB55.Nucleo/Applications/BLE/BLE_p2pServer/STM32_WPAN/App/p2p_server_app.c:424:13:Appli_LongButtonPress	1360	static
D:/version1/stm32cube_fw_wb_v1180/STM32Cube_FW_WB_V1.18.0/Projects/P-NUCLEO-WB55.Nucleo/Applications/BLE/BLE_p2pServer/STM32_WPAN/App/p2p_server_app.c:469:13:Appli_ShortButton2Press	8	static
D:/version1/stm32cube_fw_wb_v1180/STM32Cube_FW_WB_V1.18.0/Projects/P-NUCLEO-WB55.Nucleo/Applications/BLE/BLE_p2pServer/STM32_WPAN/App/p2p_server_app.c:491:13:Appli_LongButton2Press	32	static
D:/version1/stm32cube_fw_wb_v1180/STM32Cube_FW_WB_V1.18.0/Projects/P-NUCLEO-WB55.Nucleo/Applications/BLE/BLE_p2pServer/STM32_WPAN/App/p2p_server_app.c:515:13:Appli_UpdateButtonState	24	static
D:/version1/stm32cube_fw_wb_v1180/STM32Cube_FW_WB_V1.18.0/Projects/P-NUCLEO-WB55.Nucleo/Applications/BLE/BLE_p2pServer/STM32_WPAN/App/p2p_server_app.c:530:13:Appli_UpdateButton2State	24	static
D:/version1/stm32cube_fw_wb_v1180/STM32Cube_FW_WB_V1.18.0/Projects/P-NUCLEO-WB55.Nucleo/Applications/BLE/BLE_p2pServer/STM32_WPAN/App/p2p_server_app.c:547:13:Button1PressTask	8	static
D:/version1/stm32cube_fw_wb_v1180/STM32Cube_FW_WB_V1.18.0/Projects/P-NUCLEO-WB55.Nucleo/Applications/BLE/BLE_p2pServer/STM32_WPAN/App/p2p_server_app.c:554:13:Button2PressTask	8	static
D:/version1/stm32cube_fw_wb_v1180/STM32Cube_FW_WB_V1.18.0/Projects/P-NUCLEO-WB55.Nucleo/Applications/BLE/BLE_p2pServer/STM32_WPAN/App/p2p_server_app.c:569:13:beginTracking	22496	static
D:/version1/stm32cube_fw_wb_v1180/STM32Cube_FW_WB_V1.18.0/Projects/P-NUCLEO-WB55.Nucleo/Applications/BLE/BLE_p2pServer/STM32_WPAN/App/p2p_server_app.c:670:13:TrackingTask	8	static
D:/version1/stm32cube_fw_wb_v1180/STM32Cube_FW_WB_V1.18.0/Projects/P-NUCLEO-WB55.Nucleo/Applications/BLE/BLE_p2pServer/STM32_WPAN/App/p2p_server_app.c:678:13:ColorTask	8	static
D:/version1/stm32cube_fw_wb_v1180/STM32Cube_FW_WB_V1.18.0/Projects/P-NUCLEO-WB55.Nucleo/Applications/BLE/BLE_p2pServer/STM32_WPAN/App/p2p_server_app.c:685:13:ToFTask	8	static
D:/version1/stm32cube_fw_wb_v1180/STM32Cube_FW_WB_V1.18.0/Projects/P-NUCLEO-WB55.Nucleo/Applications/BLE/BLE_p2pServer/STM32_WPAN/App/p2p_server_app.c:702:6:adjust_exposure	4	static
D:/version1/stm32cube_fw_wb_v1180/STM32Cube_FW_WB_V1.18.0/Projects/P-NUCLEO-WB55.Nucleo/Applications/BLE/BLE_p2pServer/STM32_WPAN/App/p2p_server_app.c:730:13:TCS3430Read	8	static
D:/version1/stm32cube_fw_wb_v1180/STM32Cube_FW_WB_V1.18.0/Projects/P-NUCLEO-WB55.Nucleo/Applications/BLE/BLE_p2pServer/STM32_WPAN/App/p2p_server_app.c:739:13:LoopApp	1488	static
