../../Drivers/STM32WBxx_HAL_Driver/Inc/stm32wbxx_ll_system.h:2223:26:LL_FLASH_GetUDN	4	static
../../Drivers/STM32WBxx_HAL_Driver/Inc/stm32wbxx_ll_system.h:2235:26:LL_FLASH_GetDeviceID	4	static
../../Drivers/STM32WBxx_HAL_Driver/Inc/stm32wbxx_ll_system.h:2248:26:LL_FLASH_GetSTCompanyID	4	static
C:/STM/workspace/BLE_MeshLightingPRFNode/STM32_WPAN/app/app_ble.c:110:6:APP_BLE_Init	88	static
C:/STM/workspace/BLE_MeshLightingPRFNode/STM32_WPAN/app/app_ble.c:217:28:SVCCTL_App_Notification	16	static
C:/STM/workspace/BLE_MeshLightingPRFNode/STM32_WPAN/app/app_ble.c:234:13:Ble_Tl_Init	16	static
C:/STM/workspace/BLE_MeshLightingPRFNode/STM32_WPAN/app/app_ble.c:245:16:BleGetBdAddress	32	static
C:/STM/workspace/BLE_MeshLightingPRFNode/STM32_WPAN/app/app_ble.c:310:6:hci_notify_asynch_evt	16	static
C:/STM/workspace/BLE_MeshLightingPRFNode/STM32_WPAN/app/app_ble.c:321:6:hci_cmd_resp_release	16	static
C:/STM/workspace/BLE_MeshLightingPRFNode/STM32_WPAN/app/app_ble.c:331:6:hci_cmd_resp_wait	16	static
C:/STM/workspace/BLE_MeshLightingPRFNode/STM32_WPAN/app/app_ble.c:342:13:BLE_UserEvtRx	24	static
C:/STM/workspace/BLE_MeshLightingPRFNode/STM32_WPAN/app/app_ble.c:362:13:BLE_StatusNot	24	static
C:/STM/workspace/BLE_MeshLightingPRFNode/STM32_WPAN/app/app_ble.c:401:6:SVCCTL_ResumeUserEventFlow	8	static
