C:/STM/workspace/BLE_MeshLightingPRFNode/STM32_WPAN/app/appli_sensor.c:120:6:Appli_Sensor_CadenceGet	32	static
C:/STM/workspace/BLE_MeshLightingPRFNode/STM32_WPAN/app/appli_sensor.c:136:6:Appli_Sensor_CadenceSet	32	static
C:/STM/workspace/BLE_MeshLightingPRFNode/STM32_WPAN/app/appli_sensor.c:152:6:Appli_Sensor_CadenceSetUnack	32	static
C:/STM/workspace/BLE_MeshLightingPRFNode/STM32_WPAN/app/appli_sensor.c:168:6:Appli_Sensor_SettingsGet	32	static
C:/STM/workspace/BLE_MeshLightingPRFNode/STM32_WPAN/app/appli_sensor.c:183:6:Appli_Sensor_SettingGet	32	static
C:/STM/workspace/BLE_MeshLightingPRFNode/STM32_WPAN/app/appli_sensor.c:199:6:Appli_Sensor_SettingSet	32	static
C:/STM/workspace/BLE_MeshLightingPRFNode/STM32_WPAN/app/appli_sensor.c:215:6:Appli_Sensor_SettingSetUnack	32	static
C:/STM/workspace/BLE_MeshLightingPRFNode/STM32_WPAN/app/appli_sensor.c:231:6:Appli_Sensor_DescriptorGet	32	static
C:/STM/workspace/BLE_MeshLightingPRFNode/STM32_WPAN/app/appli_sensor.c:255:6:Appli_Sensor_Get	32	static
C:/STM/workspace/BLE_MeshLightingPRFNode/STM32_WPAN/app/appli_sensor.c:279:6:Appli_Sensor_ColumnGet	32	static
C:/STM/workspace/BLE_MeshLightingPRFNode/STM32_WPAN/app/appli_sensor.c:295:6:Appli_Sensor_SeriesGet	24	static
C:/STM/workspace/BLE_MeshLightingPRFNode/STM32_WPAN/app/appli_sensor.c:317:14:Appli_Sensor_ReadDescriptor	24	static
C:/STM/workspace/BLE_MeshLightingPRFNode/STM32_WPAN/app/appli_sensor.c:370:14:Appli_Sensor_ReadValue	1352	static
C:/STM/workspace/BLE_MeshLightingPRFNode/STM32_WPAN/app/appli_sensor.c:470:6:Appli_Sensor_ReadValue_UART	1496	static
C:/STM/workspace/BLE_MeshLightingPRFNode/STM32_WPAN/app/appli_sensor.c:513:14:Appli_Sensor_ReadColumn	32	static
C:/STM/workspace/BLE_MeshLightingPRFNode/STM32_WPAN/app/appli_sensor.c:557:14:Appli_Sensor_ReadSeries	32	static
C:/STM/workspace/BLE_MeshLightingPRFNode/STM32_WPAN/app/appli_sensor.c:611:12:Appli_Sensor_IsFastCadence	40	static
C:/STM/workspace/BLE_MeshLightingPRFNode/STM32_WPAN/app/appli_sensor.c:653:12:Appli_Sensor_IsStatusTrigger	48	static
C:/STM/workspace/BLE_MeshLightingPRFNode/STM32_WPAN/app/appli_sensor.c:722:14:Appli_Sensor_Init	16	static
C:/STM/workspace/BLE_MeshLightingPRFNode/STM32_WPAN/app/appli_sensor.c:767:14:Appli_Sensor_Update	24	static
C:/STM/workspace/BLE_MeshLightingPRFNode/STM32_WPAN/app/appli_sensor.c:800:6:Appli_Sensor_SerialCmd	24	static
