../../Drivers/CMSIS/Include/core_cm4.h:1933:34:__NVIC_SystemReset	4	static,ignoring_inline_asm
../../Drivers/STM32WBxx_HAL_Driver/Inc/stm32wbxx_ll_system.h:2162:26:LL_FLASH_IsActiveFlag_OperationSuspended	4	static
C:/STM/workspace/BLE_MeshLightingPRFNode/STM32_WPAN/app/appli_mesh.c:256:13:Appli_ShortButtonPress	16	static
C:/STM/workspace/BLE_MeshLightingPRFNode/STM32_WPAN/app/appli_mesh.c:283:13:Appli_LongButtonPress	16	static
C:/STM/workspace/BLE_MeshLightingPRFNode/STM32_WPAN/app/appli_mesh.c:305:13:Appli_ShortButton2Press	8	static
C:/STM/workspace/BLE_MeshLightingPRFNode/STM32_WPAN/app/appli_mesh.c:323:13:Appli_LongButton2Press	32	static
C:/STM/workspace/BLE_MeshLightingPRFNode/STM32_WPAN/app/appli_mesh.c:348:13:Appli_UpdateButtonState	24	static
C:/STM/workspace/BLE_MeshLightingPRFNode/STM32_WPAN/app/appli_mesh.c:364:13:Appli_UpdateButton2State	24	static
C:/STM/workspace/BLE_MeshLightingPRFNode/STM32_WPAN/app/appli_mesh.c:382:13:beginTracking	13424	static
C:/STM/workspace/BLE_MeshLightingPRFNode/STM32_WPAN/app/appli_mesh.c:484:13:Mesh_Task	8	static
C:/STM/workspace/BLE_MeshLightingPRFNode/STM32_WPAN/app/appli_mesh.c:510:13:Appli_Task	8	static
C:/STM/workspace/BLE_MeshLightingPRFNode/STM32_WPAN/app/appli_mesh.c:527:6:Appli_LedCtrl	8	static
C:/STM/workspace/BLE_MeshLightingPRFNode/STM32_WPAN/app/appli_mesh.c:544:14:Appli_LedBlink	8	static
C:/STM/workspace/BLE_MeshLightingPRFNode/STM32_WPAN/app/appli_mesh.c:563:14:Appli_LedStateCtrlCb	16	static
C:/STM/workspace/BLE_MeshLightingPRFNode/STM32_WPAN/app/appli_mesh.c:583:14:Appli_BleStackInitCb	4	static
C:/STM/workspace/BLE_MeshLightingPRFNode/STM32_WPAN/app/appli_mesh.c:594:14:Appli_BleSetTxPowerCb	16	static
C:/STM/workspace/BLE_MeshLightingPRFNode/STM32_WPAN/app/appli_mesh.c:613:14:Appli_BleSetUUIDCb	32	static
C:/STM/workspace/BLE_MeshLightingPRFNode/STM32_WPAN/app/appli_mesh.c:649:14:Appli_BleSetProductInfoCB	24	static
C:/STM/workspace/BLE_MeshLightingPRFNode/STM32_WPAN/app/appli_mesh.c:672:6:Appli_BleGattConnectionCompleteCb	8	static
C:/STM/workspace/BLE_MeshLightingPRFNode/STM32_WPAN/app/appli_mesh.c:685:6:Appli_BleGattDisconnectionCompleteCb	8	static
C:/STM/workspace/BLE_MeshLightingPRFNode/STM32_WPAN/app/appli_mesh.c:698:6:Appli_BleUnprovisionedIdentifyCb	16	static
C:/STM/workspace/BLE_MeshLightingPRFNode/STM32_WPAN/app/appli_mesh.c:711:12:Appli_BleSetNumberOfElementsCb	8	static
C:/STM/workspace/BLE_MeshLightingPRFNode/STM32_WPAN/app/appli_mesh.c:733:14:Appli_BleAttentionTimerCb	8	static
C:/STM/workspace/BLE_MeshLightingPRFNode/STM32_WPAN/app/appli_mesh.c:747:6:Appli_BleOutputOOBAuthCb	16	static
C:/STM/workspace/BLE_MeshLightingPRFNode/STM32_WPAN/app/appli_mesh.c:789:13:Appli_BleInputOOBAuthCb	16	static
C:/STM/workspace/BLE_MeshLightingPRFNode/STM32_WPAN/app/appli_mesh.c:819:6:Appli_BleSerialInputOOBValue	16	static
C:/STM/workspace/BLE_MeshLightingPRFNode/STM32_WPAN/app/appli_mesh.c:833:12:Appli_BleDisableFilterCb	4	static
C:/STM/workspace/BLE_MeshLightingPRFNode/STM32_WPAN/app/appli_mesh.c:842:6:Appli_CheckForUnprovision	16	static
C:/STM/workspace/BLE_MeshLightingPRFNode/STM32_WPAN/app/appli_mesh.c:905:6:Appli_Unprovision	8	static
C:/STM/workspace/BLE_MeshLightingPRFNode/STM32_WPAN/app/appli_mesh.c:928:5:Appli_CheckBdMacAddr	24	static
C:/STM/workspace/BLE_MeshLightingPRFNode/STM32_WPAN/app/appli_mesh.c:988:13:Appli_GetMACfromUniqueNumber	16	static
C:/STM/workspace/BLE_MeshLightingPRFNode/STM32_WPAN/app/appli_mesh.c:1057:6:BLEMesh_UnprovisionCallback	16	static
C:/STM/workspace/BLE_MeshLightingPRFNode/STM32_WPAN/app/appli_mesh.c:1083:14:BLEMesh_ScanDevices	24	static
C:/STM/workspace/BLE_MeshLightingPRFNode/STM32_WPAN/app/appli_mesh.c:1107:14:BLEMesh_ProvisionDevice	24	static
C:/STM/workspace/BLE_MeshLightingPRFNode/STM32_WPAN/app/appli_mesh.c:1123:6:BLEMesh_PbAdvLinkOpenCb	8	static
C:/STM/workspace/BLE_MeshLightingPRFNode/STM32_WPAN/app/appli_mesh.c:1139:6:BLEMesh_PbAdvLinkCloseCb	8	static
C:/STM/workspace/BLE_MeshLightingPRFNode/STM32_WPAN/app/appli_mesh.c:1154:6:BLEMesh_ProvisionCallback	8	static
C:/STM/workspace/BLE_MeshLightingPRFNode/STM32_WPAN/app/appli_mesh.c:1172:6:BLEMesh_ConfigurationCallback	4	static
C:/STM/workspace/BLE_MeshLightingPRFNode/STM32_WPAN/app/appli_mesh.c:1194:6:BLEMesh_FnFriendshipEstablishedCallback	16	static
C:/STM/workspace/BLE_MeshLightingPRFNode/STM32_WPAN/app/appli_mesh.c:1223:6:BLEMesh_FnFriendshipClearedCallback	16	static
C:/STM/workspace/BLE_MeshLightingPRFNode/STM32_WPAN/app/appli_mesh.c:1252:6:BLEMesh_LpnFriendshipEstablishedCallback	16	static
C:/STM/workspace/BLE_MeshLightingPRFNode/STM32_WPAN/app/appli_mesh.c:1264:6:BLEMesh_LpnFriendshipClearedCallback	16	static
C:/STM/workspace/BLE_MeshLightingPRFNode/STM32_WPAN/app/appli_mesh.c:1286:6:BLEMesh_NeighborAppearedCallback	32	static
C:/STM/workspace/BLE_MeshLightingPRFNode/STM32_WPAN/app/appli_mesh.c:1336:6:BLEMesh_NeighborRefreshedCallback	32	static
C:/STM/workspace/BLE_MeshLightingPRFNode/STM32_WPAN/app/appli_mesh.c:1429:6:BLEMesh_CustomBeaconGeneratorCallback	32	static
C:/STM/workspace/BLE_MeshLightingPRFNode/STM32_WPAN/app/appli_mesh.c:1448:6:Appli_LowPowerProcess	4	static
C:/STM/workspace/BLE_MeshLightingPRFNode/STM32_WPAN/app/appli_mesh.c:1484:6:Appli_IntensityControlPublishing	16	static
C:/STM/workspace/BLE_MeshLightingPRFNode/STM32_WPAN/app/appli_mesh.c:1515:6:IntensityPublish	4	static
C:/STM/workspace/BLE_MeshLightingPRFNode/STM32_WPAN/app/appli_mesh.c:1542:6:Appli_Process	4	static
C:/STM/workspace/BLE_MeshLightingPRFNode/STM32_WPAN/app/appli_mesh.c:1569:13:UnprovisionedDeviceBeaconApp	8	static
C:/STM/workspace/BLE_MeshLightingPRFNode/STM32_WPAN/app/appli_mesh.c:1573:13:UnprovisionedDeviceBeaconTask	8	static
C:/STM/workspace/BLE_MeshLightingPRFNode/STM32_WPAN/app/appli_mesh.c:1595:13:AppliMeshSW1Task	8	static
C:/STM/workspace/BLE_MeshLightingPRFNode/STM32_WPAN/app/appli_mesh.c:1599:13:AppliMeshSW2Task	8	static
C:/STM/workspace/BLE_MeshLightingPRFNode/STM32_WPAN/app/appli_mesh.c:1603:13:TrackingTask	8	static
C:/STM/workspace/BLE_MeshLightingPRFNode/STM32_WPAN/app/appli_mesh.c:1609:13:LoopTask	8	static
C:/STM/workspace/BLE_MeshLightingPRFNode/STM32_WPAN/app/appli_mesh.c:1615:13:LoopApp	8	static
C:/STM/workspace/BLE_MeshLightingPRFNode/STM32_WPAN/app/appli_mesh.c:1636:13:AppliMeshSW3Task	8	static
C:/STM/workspace/BLE_MeshLightingPRFNode/STM32_WPAN/app/appli_mesh.c:1693:6:Appli_Init	16	static
C:/STM/workspace/BLE_MeshLightingPRFNode/STM32_WPAN/app/appli_mesh.c:1786:6:Appli_GetPublicationParamsCb	16	static
C:/STM/workspace/BLE_MeshLightingPRFNode/STM32_WPAN/app/appli_mesh.c:1799:13:PWM_CoolValue	24	static
C:/STM/workspace/BLE_MeshLightingPRFNode/STM32_WPAN/app/appli_mesh.c:1816:13:PWM_WarmValue	24	static
C:/STM/workspace/BLE_MeshLightingPRFNode/STM32_WPAN/app/appli_mesh.c:1834:13:PwmValueMapping	24	static
C:/STM/workspace/BLE_MeshLightingPRFNode/STM32_WPAN/app/appli_mesh.c:1909:1:SerialPrvn_ProvisioningStatusUpdateCb	16	static
