C:/STM/workspace/BLE_MeshLightingPRFNode/STM32_WPAN/app/appli_light_client.c:61:14:Appli_LightClient_API	24	static
C:/STM/workspace/BLE_MeshLightingPRFNode/STM32_WPAN/app/appli_light_client.c:447:14:Appli_Light_Lightness_Status	32	static
C:/STM/workspace/BLE_MeshLightingPRFNode/STM32_WPAN/app/appli_light_client.c:500:14:Appli_Light_Lightness_Linear_Status	32	static
C:/STM/workspace/BLE_MeshLightingPRFNode/STM32_WPAN/app/appli_light_client.c:553:14:Appli_Light_Lightness_Last_Status	32	static
C:/STM/workspace/BLE_MeshLightingPRFNode/STM32_WPAN/app/appli_light_client.c:596:14:Appli_Light_Lightness_Default_Status	32	static
C:/STM/workspace/BLE_MeshLightingPRFNode/STM32_WPAN/app/appli_light_client.c:638:14:Appli_Light_Lightness_Range_Status	32	static
C:/STM/workspace/BLE_MeshLightingPRFNode/STM32_WPAN/app/appli_light_client.c:688:14:Appli_Light_Ctl_Status	32	static
C:/STM/workspace/BLE_MeshLightingPRFNode/STM32_WPAN/app/appli_light_client.c:753:14:Appli_Light_CtlTemperature_Status	32	static
C:/STM/workspace/BLE_MeshLightingPRFNode/STM32_WPAN/app/appli_light_client.c:820:14:Appli_Light_CtlTemperature_Range_Status	32	static
C:/STM/workspace/BLE_MeshLightingPRFNode/STM32_WPAN/app/appli_light_client.c:875:14:Appli_Light_CtlDefault_Status	32	static
C:/STM/workspace/BLE_MeshLightingPRFNode/STM32_WPAN/app/appli_light_client.c:928:14:Appli_Light_Hsl_Status	32	static
C:/STM/workspace/BLE_MeshLightingPRFNode/STM32_WPAN/app/appli_light_client.c:987:14:Appli_Light_HslHue_Status	32	static
C:/STM/workspace/BLE_MeshLightingPRFNode/STM32_WPAN/app/appli_light_client.c:1040:14:Appli_Light_HslSaturation_Status	32	static
C:/STM/workspace/BLE_MeshLightingPRFNode/STM32_WPAN/app/appli_light_client.c:1089:14:Appli_Light_HslDefault_Status	32	static
C:/STM/workspace/BLE_MeshLightingPRFNode/STM32_WPAN/app/appli_light_client.c:1142:14:Appli_Light_HslRange_Status	32	static
