../../../../../../../Drivers/STM32WBxx_HAL_Driver/Inc/stm32wbxx_ll_system.h:2223:26:LL_FLASH_GetUDN	4	static
../../../../../../../Drivers/STM32WBxx_HAL_Driver/Inc/stm32wbxx_ll_system.h:2235:26:LL_FLASH_GetDeviceID	4	static
../../../../../../../Drivers/STM32WBxx_HAL_Driver/Inc/stm32wbxx_ll_system.h:2247:26:LL_FLASH_GetSTCompanyID	4	static
C:/stm32cube_fw_wb_v1180/STM32Cube_FW_WB_V1.18.0/Projects/P-NUCLEO-WB55.Nucleo/Applications/BLE/BLE_p2pServer/STM32_WPAN/App/app_ble.c:385:6:APP_BLE_Init	80	static
C:/stm32cube_fw_wb_v1180/STM32Cube_FW_WB_V1.18.0/Projects/P-NUCLEO-WB55.Nucleo/Applications/BLE/BLE_p2pServer/STM32_WPAN/App/app_ble.c:546:28:SVCCTL_App_Notification	80	static
C:/stm32cube_fw_wb_v1180/STM32Cube_FW_WB_V1.18.0/Projects/P-NUCLEO-WB55.Nucleo/Applications/BLE/BLE_p2pServer/STM32_WPAN/App/app_ble.c:862:22:APP_BLE_Get_Server_Connection_Status	4	static
C:/stm32cube_fw_wb_v1180/STM32Cube_FW_WB_V1.18.0/Projects/P-NUCLEO-WB55.Nucleo/Applications/BLE/BLE_p2pServer/STM32_WPAN/App/app_ble.c:868:6:APP_BLE_Key_Button1_Action	8	static
C:/stm32cube_fw_wb_v1180/STM32Cube_FW_WB_V1.18.0/Projects/P-NUCLEO-WB55.Nucleo/Applications/BLE/BLE_p2pServer/STM32_WPAN/App/app_ble.c:873:6:APP_BLE_Key_Button2_Action	8	static
C:/stm32cube_fw_wb_v1180/STM32Cube_FW_WB_V1.18.0/Projects/P-NUCLEO-WB55.Nucleo/Applications/BLE/BLE_p2pServer/STM32_WPAN/App/app_ble.c:882:6:APP_BLE_Key_Button3_Action	4	static
C:/stm32cube_fw_wb_v1180/STM32Cube_FW_WB_V1.18.0/Projects/P-NUCLEO-WB55.Nucleo/Applications/BLE/BLE_p2pServer/STM32_WPAN/App/app_ble.c:893:13:Ble_Tl_Init	16	static
C:/stm32cube_fw_wb_v1180/STM32Cube_FW_WB_V1.18.0/Projects/P-NUCLEO-WB55.Nucleo/Applications/BLE/BLE_p2pServer/STM32_WPAN/App/app_ble.c:904:13:Ble_Hci_Gap_Gatt_Init	72	static
C:/stm32cube_fw_wb_v1180/STM32Cube_FW_WB_V1.18.0/Projects/P-NUCLEO-WB55.Nucleo/Applications/BLE/BLE_p2pServer/STM32_WPAN/App/app_ble.c:1217:13:Adv_Request	56	static
C:/stm32cube_fw_wb_v1180/STM32Cube_FW_WB_V1.18.0/Projects/P-NUCLEO-WB55.Nucleo/Applications/BLE/BLE_p2pServer/STM32_WPAN/App/app_ble.c:1307:16:BleGetBdAddress	32	static
C:/stm32cube_fw_wb_v1180/STM32Cube_FW_WB_V1.18.0/Projects/P-NUCLEO-WB55.Nucleo/Applications/BLE/BLE_p2pServer/STM32_WPAN/App/app_ble.c:1364:13:Adv_Cancel	16	static
C:/stm32cube_fw_wb_v1180/STM32Cube_FW_WB_V1.18.0/Projects/P-NUCLEO-WB55.Nucleo/Applications/BLE/BLE_p2pServer/STM32_WPAN/App/app_ble.c:1395:13:Adv_Cancel_Req	8	static
C:/stm32cube_fw_wb_v1180/STM32Cube_FW_WB_V1.18.0/Projects/P-NUCLEO-WB55.Nucleo/Applications/BLE/BLE_p2pServer/STM32_WPAN/App/app_ble.c:1410:13:Switch_OFF_GPIO	8	static
C:/stm32cube_fw_wb_v1180/STM32Cube_FW_WB_V1.18.0/Projects/P-NUCLEO-WB55.Nucleo/Applications/BLE/BLE_p2pServer/STM32_WPAN/App/app_ble.c:1418:6:BLE_SVC_L2CAP_Conn_Update	48	static
C:/stm32cube_fw_wb_v1180/STM32Cube_FW_WB_V1.18.0/Projects/P-NUCLEO-WB55.Nucleo/Applications/BLE/BLE_p2pServer/STM32_WPAN/App/app_ble.c:1456:13:Connection_Interval_Update_Req	8	static
C:/stm32cube_fw_wb_v1180/STM32Cube_FW_WB_V1.18.0/Projects/P-NUCLEO-WB55.Nucleo/Applications/BLE/BLE_p2pServer/STM32_WPAN/App/app_ble.c:1475:6:hci_notify_asynch_evt	16	static
C:/stm32cube_fw_wb_v1180/STM32Cube_FW_WB_V1.18.0/Projects/P-NUCLEO-WB55.Nucleo/Applications/BLE/BLE_p2pServer/STM32_WPAN/App/app_ble.c:1482:6:hci_cmd_resp_release	16	static
C:/stm32cube_fw_wb_v1180/STM32Cube_FW_WB_V1.18.0/Projects/P-NUCLEO-WB55.Nucleo/Applications/BLE/BLE_p2pServer/STM32_WPAN/App/app_ble.c:1489:6:hci_cmd_resp_wait	16	static
C:/stm32cube_fw_wb_v1180/STM32Cube_FW_WB_V1.18.0/Projects/P-NUCLEO-WB55.Nucleo/Applications/BLE/BLE_p2pServer/STM32_WPAN/App/app_ble.c:1496:13:BLE_UserEvtRx	24	static
C:/stm32cube_fw_wb_v1180/STM32Cube_FW_WB_V1.18.0/Projects/P-NUCLEO-WB55.Nucleo/Applications/BLE/BLE_p2pServer/STM32_WPAN/App/app_ble.c:1516:13:BLE_StatusNot	24	static
C:/stm32cube_fw_wb_v1180/STM32Cube_FW_WB_V1.18.0/Projects/P-NUCLEO-WB55.Nucleo/Applications/BLE/BLE_p2pServer/STM32_WPAN/App/app_ble.c:1555:6:SVCCTL_ResumeUserEventFlow	8	static
