../../Drivers/STM32WBxx_HAL_Driver/Inc/stm32wbxx_ll_rcc.h:1679:22:LL_RCC_LSE_SetDriveCapability	16	static
../../Drivers/STM32WBxx_HAL_Driver/Inc/stm32wbxx_ll_bus.h:364:22:LL_AHB1_GRP1_EnableClock	24	static
../../Drivers/STM32WBxx_HAL_Driver/Inc/stm32wbxx_ll_bus.h:539:22:LL_AHB2_GRP1_EnableClock	24	static
C:/STM/workspace/BLE_MeshLightingPRFNode/Core/Src/main.c:104:5:main	8	static
C:/STM/workspace/BLE_MeshLightingPRFNode/Core/Src/main.c:168:6:SystemClock_Config	112	static
C:/STM/workspace/BLE_MeshLightingPRFNode/Core/Src/main.c:220:6:PeriphCommonClock_Config	88	static
C:/STM/workspace/BLE_MeshLightingPRFNode/Core/Src/main.c:245:13:MX_IPCC_Init	8	static
C:/STM/workspace/BLE_MeshLightingPRFNode/Core/Src/main.c:272:6:MX_LPUART1_UART_Init	8	static
C:/STM/workspace/BLE_MeshLightingPRFNode/Core/Src/main.c:320:6:MX_USART1_UART_Init	8	static
C:/STM/workspace/BLE_MeshLightingPRFNode/Core/Src/main.c:368:13:MX_RF_Init	4	static
C:/STM/workspace/BLE_MeshLightingPRFNode/Core/Src/main.c:389:13:MX_RNG_Init	8	static
C:/STM/workspace/BLE_MeshLightingPRFNode/Core/Src/main.c:416:13:MX_RTC_Init	8	static
C:/STM/workspace/BLE_MeshLightingPRFNode/Core/Src/main.c:457:13:MX_DMA_Init	8	static
C:/STM/workspace/BLE_MeshLightingPRFNode/Core/Src/main.c:507:13:MX_GPIO_Init	8	static
C:/STM/workspace/BLE_MeshLightingPRFNode/Core/Src/main.c:527:6:Error_Handler	4	static
