C:/STM/workspace/BLE_MeshLightingPRFNode/Core/Src/STM_DataPacket.c:96:6:dfs	24	static
C:/STM/workspace/BLE_MeshLightingPRFNode/Core/Src/STM_DataPacket.c:113:5:find_centers_of_mass	288	static
C:/STM/workspace/BLE_MeshLightingPRFNode/Core/Src/STM_DataPacket.c:141:7:find_proportional_average	56	static
C:/STM/workspace/BLE_MeshLightingPRFNode/Core/Src/STM_DataPacket.c:169:11:parse_frame	296	static
C:/STM/workspace/BLE_MeshLightingPRFNode/Core/Src/STM_DataPacket.c:196:6:init_fifo	16	static
C:/STM/workspace/BLE_MeshLightingPRFNode/Core/Src/STM_DataPacket.c:203:6:is_full	16	static
C:/STM/workspace/BLE_MeshLightingPRFNode/Core/Src/STM_DataPacket.c:208:6:is_empty	16	static
C:/STM/workspace/BLE_MeshLightingPRFNode/Core/Src/STM_DataPacket.c:213:6:dequeue	16	static
C:/STM/workspace/BLE_MeshLightingPRFNode/Core/Src/STM_DataPacket.c:221:6:enqueue	16	static
C:/STM/workspace/BLE_MeshLightingPRFNode/Core/Src/STM_DataPacket.c:237:6:calculate_velocity_and_direction	600	static
C:/STM/workspace/BLE_MeshLightingPRFNode/Core/Src/STM_DataPacket.c:326:6:print_fifo	64	static
C:/STM/workspace/BLE_MeshLightingPRFNode/Core/Src/STM_DataPacket.c:352:6:print_matrix	24	static
C:/STM/workspace/BLE_MeshLightingPRFNode/Core/Src/STM_DataPacket.c:362:6:print_frame_info	48	static
C:/STM/workspace/BLE_MeshLightingPRFNode/Core/Src/STM_DataPacket.c:374:6:generate_random_matrix	40	static
C:/STM/workspace/BLE_MeshLightingPRFNode/Core/Src/STM_DataPacket.c:384:6:subtract_matrices	32	static
