../../../../../../../Drivers/STM32WBxx_HAL_Driver/Inc/stm32wbxx_ll_rcc.h:1679:22:LL_RCC_LSE_SetDriveCapability	16	static
../../../../../../../Drivers/STM32WBxx_HAL_Driver/Inc/stm32wbxx_ll_bus.h:364:22:LL_AHB1_GRP1_EnableClock	24	static
../../../../../../../Drivers/STM32WBxx_HAL_Driver/Inc/stm32wbxx_ll_bus.h:539:22:LL_AHB2_GRP1_EnableClock	24	static
E:/Desktop/stm32cube_fw_wb_v1180/STM32Cube_FW_WB_V1.18.0/Projects/P-NUCLEO-WB55.Nucleo/Applications/BLE/BLE_MeshLightingPRFNode/Core/Src/main.c:101:5:main	8	static
E:/Desktop/stm32cube_fw_wb_v1180/STM32Cube_FW_WB_V1.18.0/Projects/P-NUCLEO-WB55.Nucleo/Applications/BLE/BLE_MeshLightingPRFNode/Core/Src/main.c:161:6:SystemClock_Config	112	static
E:/Desktop/stm32cube_fw_wb_v1180/STM32Cube_FW_WB_V1.18.0/Projects/P-NUCLEO-WB55.Nucleo/Applications/BLE/BLE_MeshLightingPRFNode/Core/Src/main.c:213:6:PeriphCommonClock_Config	88	static
E:/Desktop/stm32cube_fw_wb_v1180/STM32Cube_FW_WB_V1.18.0/Projects/P-NUCLEO-WB55.Nucleo/Applications/BLE/BLE_MeshLightingPRFNode/Core/Src/main.c:238:13:MX_IPCC_Init	8	static
E:/Desktop/stm32cube_fw_wb_v1180/STM32Cube_FW_WB_V1.18.0/Projects/P-NUCLEO-WB55.Nucleo/Applications/BLE/BLE_MeshLightingPRFNode/Core/Src/main.c:264:6:MX_LPUART1_UART_Init	8	static
E:/Desktop/stm32cube_fw_wb_v1180/STM32Cube_FW_WB_V1.18.0/Projects/P-NUCLEO-WB55.Nucleo/Applications/BLE/BLE_MeshLightingPRFNode/Core/Src/main.c:312:6:MX_USART1_UART_Init	8	static
E:/Desktop/stm32cube_fw_wb_v1180/STM32Cube_FW_WB_V1.18.0/Projects/P-NUCLEO-WB55.Nucleo/Applications/BLE/BLE_MeshLightingPRFNode/Core/Src/main.c:360:13:MX_RF_Init	4	static
E:/Desktop/stm32cube_fw_wb_v1180/STM32Cube_FW_WB_V1.18.0/Projects/P-NUCLEO-WB55.Nucleo/Applications/BLE/BLE_MeshLightingPRFNode/Core/Src/main.c:381:13:MX_RNG_Init	8	static
E:/Desktop/stm32cube_fw_wb_v1180/STM32Cube_FW_WB_V1.18.0/Projects/P-NUCLEO-WB55.Nucleo/Applications/BLE/BLE_MeshLightingPRFNode/Core/Src/main.c:408:13:MX_RTC_Init	8	static
E:/Desktop/stm32cube_fw_wb_v1180/STM32Cube_FW_WB_V1.18.0/Projects/P-NUCLEO-WB55.Nucleo/Applications/BLE/BLE_MeshLightingPRFNode/Core/Src/main.c:449:13:MX_DMA_Init	8	static
E:/Desktop/stm32cube_fw_wb_v1180/STM32Cube_FW_WB_V1.18.0/Projects/P-NUCLEO-WB55.Nucleo/Applications/BLE/BLE_MeshLightingPRFNode/Core/Src/main.c:472:13:MX_GPIO_Init	8	static
E:/Desktop/stm32cube_fw_wb_v1180/STM32Cube_FW_WB_V1.18.0/Projects/P-NUCLEO-WB55.Nucleo/Applications/BLE/BLE_MeshLightingPRFNode/Core/Src/main.c:490:6:Error_Handler	4	static
