C:/STM/workspace/BLE_MeshLightingPRFNode/STM32_WPAN/app/appli_config.c:50:6:Appli_GetAppKeyAddParamsCb	24	static
C:/STM/workspace/BLE_MeshLightingPRFNode/STM32_WPAN/app/appli_config.c:75:6:Appli_GetAppKeyDeleteParamsCb	16	static
C:/STM/workspace/BLE_MeshLightingPRFNode/STM32_WPAN/app/appli_config.c:88:6:Appli_GetAppKeyListParamsCb	24	static
C:/STM/workspace/BLE_MeshLightingPRFNode/STM32_WPAN/app/appli_config.c:111:6:Appli_GetAppKeyUpdateParamsCb	24	static
C:/STM/workspace/BLE_MeshLightingPRFNode/STM32_WPAN/app/appli_config.c:138:6:Appli_GetNetKeyAddParamsCb	24	static
C:/STM/workspace/BLE_MeshLightingPRFNode/STM32_WPAN/app/appli_config.c:163:6:Appli_GetNetKeyDeleteParamsCb	16	static
C:/STM/workspace/BLE_MeshLightingPRFNode/STM32_WPAN/app/appli_config.c:175:6:Appli_GetNetKeyListParamsCb	24	static
C:/STM/workspace/BLE_MeshLightingPRFNode/STM32_WPAN/app/appli_config.c:193:6:Appli_GetNetKeyUpdateParamsCb	24	static
C:/STM/workspace/BLE_MeshLightingPRFNode/STM32_WPAN/app/appli_config.c:217:6:Appli_GetAppKeyBindingParamsCb	24	static
C:/STM/workspace/BLE_MeshLightingPRFNode/STM32_WPAN/app/appli_config.c:229:6:Appli_GetAppKeyUnBindingParamsCb	24	static
C:/STM/workspace/BLE_MeshLightingPRFNode/STM32_WPAN/app/appli_config.c:243:6:Appli_GetSubAddParamsCb	16	static
C:/STM/workspace/BLE_MeshLightingPRFNode/STM32_WPAN/app/appli_config.c:268:6:Appli_GetSubDeleteParamsCb	16	static
C:/STM/workspace/BLE_MeshLightingPRFNode/STM32_WPAN/app/appli_config.c:300:6:Appli_GetSubOverwriteParamsCb	16	static
C:/STM/workspace/BLE_MeshLightingPRFNode/STM32_WPAN/app/appli_config.c:326:6:Appli_GetPublicationSetParamsCb	16	static
C:/STM/workspace/BLE_MeshLightingPRFNode/STM32_WPAN/app/appli_config.c:341:6:Appli_GetPublicationGetParamsCb	56	static
