../../Drivers/CMSIS/Include/core_cm4.h:1933:34:__NVIC_SystemReset	4	static,ignoring_inline_asm
../../Drivers/STM32WBxx_HAL_Driver/Inc/stm32wbxx_ll_system.h:2162:26:LL_FLASH_IsActiveFlag_OperationSuspended	4	static
C:/STM/workspace/BLE_MeshLightingPRFNode/STM32_WPAN/app/appli_mesh.c:241:13:Appli_ShortButtonPress	16	static
C:/STM/workspace/BLE_MeshLightingPRFNode/STM32_WPAN/app/appli_mesh.c:271:13:Appli_LongButtonPress	16	static
C:/STM/workspace/BLE_MeshLightingPRFNode/STM32_WPAN/app/appli_mesh.c:292:13:Appli_UpdateButtonState	24	static
C:/STM/workspace/BLE_MeshLightingPRFNode/STM32_WPAN/app/appli_mesh.c:318:13:Mesh_Task	8	static
C:/STM/workspace/BLE_MeshLightingPRFNode/STM32_WPAN/app/appli_mesh.c:346:13:Appli_Task	8	static
C:/STM/workspace/BLE_MeshLightingPRFNode/STM32_WPAN/app/appli_mesh.c:364:6:Appli_LedCtrl	8	static
C:/STM/workspace/BLE_MeshLightingPRFNode/STM32_WPAN/app/appli_mesh.c:385:14:Appli_LedBlink	8	static
C:/STM/workspace/BLE_MeshLightingPRFNode/STM32_WPAN/app/appli_mesh.c:405:14:Appli_LedStateCtrlCb	16	static
C:/STM/workspace/BLE_MeshLightingPRFNode/STM32_WPAN/app/appli_mesh.c:428:14:Appli_BleStackInitCb	4	static
C:/STM/workspace/BLE_MeshLightingPRFNode/STM32_WPAN/app/appli_mesh.c:440:14:Appli_BleSetTxPowerCb	16	static
C:/STM/workspace/BLE_MeshLightingPRFNode/STM32_WPAN/app/appli_mesh.c:460:14:Appli_BleSetUUIDCb	32	static
C:/STM/workspace/BLE_MeshLightingPRFNode/STM32_WPAN/app/appli_mesh.c:498:14:Appli_BleSetProductInfoCB	24	static
C:/STM/workspace/BLE_MeshLightingPRFNode/STM32_WPAN/app/appli_mesh.c:522:6:Appli_BleGattConnectionCompleteCb	8	static
C:/STM/workspace/BLE_MeshLightingPRFNode/STM32_WPAN/app/appli_mesh.c:536:6:Appli_BleGattDisconnectionCompleteCb	8	static
C:/STM/workspace/BLE_MeshLightingPRFNode/STM32_WPAN/app/appli_mesh.c:550:6:Appli_BleUnprovisionedIdentifyCb	16	static
C:/STM/workspace/BLE_MeshLightingPRFNode/STM32_WPAN/app/appli_mesh.c:563:12:Appli_BleSetNumberOfElementsCb	8	static
C:/STM/workspace/BLE_MeshLightingPRFNode/STM32_WPAN/app/appli_mesh.c:588:14:Appli_BleAttentionTimerCb	8	static
C:/STM/workspace/BLE_MeshLightingPRFNode/STM32_WPAN/app/appli_mesh.c:604:6:Appli_BleOutputOOBAuthCb	16	static
C:/STM/workspace/BLE_MeshLightingPRFNode/STM32_WPAN/app/appli_mesh.c:649:13:Appli_BleInputOOBAuthCb	16	static
C:/STM/workspace/BLE_MeshLightingPRFNode/STM32_WPAN/app/appli_mesh.c:681:6:Appli_BleSerialInputOOBValue	16	static
C:/STM/workspace/BLE_MeshLightingPRFNode/STM32_WPAN/app/appli_mesh.c:697:12:Appli_BleDisableFilterCb	4	static
C:/STM/workspace/BLE_MeshLightingPRFNode/STM32_WPAN/app/appli_mesh.c:707:6:Appli_CheckForUnprovision	16	static
C:/STM/workspace/BLE_MeshLightingPRFNode/STM32_WPAN/app/appli_mesh.c:776:6:Appli_Unprovision	8	static
C:/STM/workspace/BLE_MeshLightingPRFNode/STM32_WPAN/app/appli_mesh.c:802:5:Appli_CheckBdMacAddr	24	static
C:/STM/workspace/BLE_MeshLightingPRFNode/STM32_WPAN/app/appli_mesh.c:868:13:Appli_GetMACfromUniqueNumber	16	static
C:/STM/workspace/BLE_MeshLightingPRFNode/STM32_WPAN/app/appli_mesh.c:940:6:BLEMesh_UnprovisionCallback	16	static
C:/STM/workspace/BLE_MeshLightingPRFNode/STM32_WPAN/app/appli_mesh.c:967:14:BLEMesh_ScanDevices	24	static
C:/STM/workspace/BLE_MeshLightingPRFNode/STM32_WPAN/app/appli_mesh.c:995:14:BLEMesh_ProvisionDevice	24	static
C:/STM/workspace/BLE_MeshLightingPRFNode/STM32_WPAN/app/appli_mesh.c:1011:6:BLEMesh_PbAdvLinkOpenCb	8	static
C:/STM/workspace/BLE_MeshLightingPRFNode/STM32_WPAN/app/appli_mesh.c:1029:6:BLEMesh_PbAdvLinkCloseCb	8	static
C:/STM/workspace/BLE_MeshLightingPRFNode/STM32_WPAN/app/appli_mesh.c:1046:6:BLEMesh_ProvisionCallback	8	static
C:/STM/workspace/BLE_MeshLightingPRFNode/STM32_WPAN/app/appli_mesh.c:1066:6:BLEMesh_ConfigurationCallback	4	static
C:/STM/workspace/BLE_MeshLightingPRFNode/STM32_WPAN/app/appli_mesh.c:1090:6:BLEMesh_FnFriendshipEstablishedCallback	16	static
C:/STM/workspace/BLE_MeshLightingPRFNode/STM32_WPAN/app/appli_mesh.c:1116:6:BLEMesh_FnFriendshipClearedCallback	16	static
C:/STM/workspace/BLE_MeshLightingPRFNode/STM32_WPAN/app/appli_mesh.c:1142:6:BLEMesh_LpnFriendshipEstablishedCallback	16	static
C:/STM/workspace/BLE_MeshLightingPRFNode/STM32_WPAN/app/appli_mesh.c:1155:6:BLEMesh_LpnFriendshipClearedCallback	16	static
C:/STM/workspace/BLE_MeshLightingPRFNode/STM32_WPAN/app/appli_mesh.c:1179:6:BLEMesh_NeighborAppearedCallback	32	static
C:/STM/workspace/BLE_MeshLightingPRFNode/STM32_WPAN/app/appli_mesh.c:1244:6:BLEMesh_NeighborRefreshedCallback	32	static
C:/STM/workspace/BLE_MeshLightingPRFNode/STM32_WPAN/app/appli_mesh.c:1352:6:BLEMesh_CustomBeaconGeneratorCallback	32	static
C:/STM/workspace/BLE_MeshLightingPRFNode/STM32_WPAN/app/appli_mesh.c:1372:6:Appli_LowPowerProcess	4	static
C:/STM/workspace/BLE_MeshLightingPRFNode/STM32_WPAN/app/appli_mesh.c:1409:6:Appli_IntensityControlPublishing	16	static
C:/STM/workspace/BLE_MeshLightingPRFNode/STM32_WPAN/app/appli_mesh.c:1447:6:IntensityPublish	4	static
C:/STM/workspace/BLE_MeshLightingPRFNode/STM32_WPAN/app/appli_mesh.c:1475:6:Appli_Process	4	static
C:/STM/workspace/BLE_MeshLightingPRFNode/STM32_WPAN/app/appli_mesh.c:1503:13:UnprovisionedDeviceBeaconApp	8	static
C:/STM/workspace/BLE_MeshLightingPRFNode/STM32_WPAN/app/appli_mesh.c:1508:13:UnprovisionedDeviceBeaconTask	8	static
C:/STM/workspace/BLE_MeshLightingPRFNode/STM32_WPAN/app/appli_mesh.c:1531:13:AppliMeshSW1Task	8	static
C:/STM/workspace/BLE_MeshLightingPRFNode/STM32_WPAN/app/appli_mesh.c:1539:13:LoopTask	8	static
C:/STM/workspace/BLE_MeshLightingPRFNode/STM32_WPAN/app/appli_mesh.c:1546:13:LoopApp	8	static
C:/STM/workspace/BLE_MeshLightingPRFNode/STM32_WPAN/app/appli_mesh.c:1566:13:AppliMeshSW3Task	8	static
C:/STM/workspace/BLE_MeshLightingPRFNode/STM32_WPAN/app/appli_mesh.c:1624:6:Appli_Init	16	static
C:/STM/workspace/BLE_MeshLightingPRFNode/STM32_WPAN/app/appli_mesh.c:1709:6:Appli_GetPublicationParamsCb	16	static
C:/STM/workspace/BLE_MeshLightingPRFNode/STM32_WPAN/app/appli_mesh.c:1725:13:PWM_CoolValue	24	static
C:/STM/workspace/BLE_MeshLightingPRFNode/STM32_WPAN/app/appli_mesh.c:1744:13:PWM_WarmValue	24	static
C:/STM/workspace/BLE_MeshLightingPRFNode/STM32_WPAN/app/appli_mesh.c:1763:13:PwmValueMapping	24	static
C:/STM/workspace/BLE_MeshLightingPRFNode/STM32_WPAN/app/appli_mesh.c:1844:1:SerialPrvn_ProvisioningStatusUpdateCb	16	static
