C:/STM/workspace/BLE_MeshLightingPRFNode/STM32_WPAN/app/appli_light_lc.c:70:6:Appli_LightLCs_ModeGet	16	static
C:/STM/workspace/BLE_MeshLightingPRFNode/STM32_WPAN/app/appli_light_lc.c:83:6:Appli_LightLCs_ModeSet	16	static
C:/STM/workspace/BLE_MeshLightingPRFNode/STM32_WPAN/app/appli_light_lc.c:96:6:Appli_LightLCs_ModeSetUnack	16	static
C:/STM/workspace/BLE_MeshLightingPRFNode/STM32_WPAN/app/appli_light_lc.c:108:6:Appli_LightLCs_ModeStatus	32	static
C:/STM/workspace/BLE_MeshLightingPRFNode/STM32_WPAN/app/appli_light_lc.c:131:6:Appli_LightLCs_OmGet	16	static
C:/STM/workspace/BLE_MeshLightingPRFNode/STM32_WPAN/app/appli_light_lc.c:144:6:Appli_LightLCs_OmSet	16	static
C:/STM/workspace/BLE_MeshLightingPRFNode/STM32_WPAN/app/appli_light_lc.c:157:6:Appli_LightLCs_OmSetUnack	16	static
C:/STM/workspace/BLE_MeshLightingPRFNode/STM32_WPAN/app/appli_light_lc.c:169:6:Appli_LightLCs_OmStatus	32	static
C:/STM/workspace/BLE_MeshLightingPRFNode/STM32_WPAN/app/appli_light_lc.c:192:6:Appli_LightLCs_OnOffGet	16	static
C:/STM/workspace/BLE_MeshLightingPRFNode/STM32_WPAN/app/appli_light_lc.c:205:6:Appli_LightLCs_OnOffSet	16	static
C:/STM/workspace/BLE_MeshLightingPRFNode/STM32_WPAN/app/appli_light_lc.c:218:6:Appli_LightLCs_OnOffSetUnack	16	static
C:/STM/workspace/BLE_MeshLightingPRFNode/STM32_WPAN/app/appli_light_lc.c:231:6:Appli_LightLCs_OnOffStatus	32	static
C:/STM/workspace/BLE_MeshLightingPRFNode/STM32_WPAN/app/appli_light_lc.c:255:6:Appli_LightLCs_PropertyGet	16	static
C:/STM/workspace/BLE_MeshLightingPRFNode/STM32_WPAN/app/appli_light_lc.c:268:6:Appli_LightLCs_PropertySet	16	static
C:/STM/workspace/BLE_MeshLightingPRFNode/STM32_WPAN/app/appli_light_lc.c:281:6:Appli_LightLCs_PropertySetUnack	16	static
C:/STM/workspace/BLE_MeshLightingPRFNode/STM32_WPAN/app/appli_light_lc.c:294:6:Appli_LightLCs_PropertyStatus	32	static
C:/STM/workspace/BLE_MeshLightingPRFNode/STM32_WPAN/app/appli_light_lc.c:317:21:Appli_Light_LCs_Init	32	static
C:/STM/workspace/BLE_MeshLightingPRFNode/STM32_WPAN/app/appli_light_lc.c:371:21:Appli_Light_LC_SensorPropertyUpdate	16	static
