../../../../../../../Drivers/STM32WBxx_HAL_Driver/Inc/stm32wbxx_ll_bus.h:539:22:LL_AHB2_GRP1_EnableClock	24	static
C:/stm32cube_fw_wb_v1180/STM32Cube_FW_WB_V1.18.0/Drivers/BSP/P-NUCLEO-WB55.Nucleo/stm32wbxx_nucleo.c:185:10:BSP_GetVersion	4	static
C:/stm32cube_fw_wb_v1180/STM32Cube_FW_WB_V1.18.0/Drivers/BSP/P-NUCLEO-WB55.Nucleo/stm32wbxx_nucleo.c:203:6:BSP_LED_Init	40	static
C:/stm32cube_fw_wb_v1180/STM32Cube_FW_WB_V1.18.0/Drivers/BSP/P-NUCLEO-WB55.Nucleo/stm32wbxx_nucleo.c:231:6:BSP_LED_DeInit	40	static
C:/stm32cube_fw_wb_v1180/STM32Cube_FW_WB_V1.18.0/Drivers/BSP/P-NUCLEO-WB55.Nucleo/stm32wbxx_nucleo.c:251:6:BSP_LED_On	16	static
C:/stm32cube_fw_wb_v1180/STM32Cube_FW_WB_V1.18.0/Drivers/BSP/P-NUCLEO-WB55.Nucleo/stm32wbxx_nucleo.c:265:6:BSP_LED_Off	16	static
C:/stm32cube_fw_wb_v1180/STM32Cube_FW_WB_V1.18.0/Drivers/BSP/P-NUCLEO-WB55.Nucleo/stm32wbxx_nucleo.c:279:6:BSP_LED_Toggle	16	static
C:/stm32cube_fw_wb_v1180/STM32Cube_FW_WB_V1.18.0/Drivers/BSP/P-NUCLEO-WB55.Nucleo/stm32wbxx_nucleo.c:306:6:BSP_PB_Init	40	static
C:/stm32cube_fw_wb_v1180/STM32Cube_FW_WB_V1.18.0/Drivers/BSP/P-NUCLEO-WB55.Nucleo/stm32wbxx_nucleo.c:350:6:BSP_PB_DeInit	40	static
C:/stm32cube_fw_wb_v1180/STM32Cube_FW_WB_V1.18.0/Drivers/BSP/P-NUCLEO-WB55.Nucleo/stm32wbxx_nucleo.c:368:10:BSP_PB_GetState	16	static
