../Application/User/Core/Tracking_Algo.c:17:6:DFS	32	static
../Application/User/Core/Tracking_Algo.c:48:5:find_centers_of_mass	72	static
../Application/User/Core/Tracking_Algo.c:88:7:find_proportional_average	56	static
../Application/User/Core/Tracking_Algo.c:117:11:parse_frame	720	static
../Application/User/Core/Tracking_Algo.c:141:6:next_permutation	32	static
../Application/User/Core/Tracking_Algo.c:163:6:link_latest_frame_to_previous	128	dynamic
../Application/User/Core/Tracking_Algo.c:222:6:calculate_blob_velocity_and_direction	80	static
../Application/User/Core/Tracking_Algo.c:270:6:init_fifo	16	static
../Application/User/Core/Tracking_Algo.c:278:6:is_full	16	static
../Application/User/Core/Tracking_Algo.c:283:6:is_empty	16	static
../Application/User/Core/Tracking_Algo.c:288:6:dequeue	16	static
../Application/User/Core/Tracking_Algo.c:296:6:enqueue	16	static
../Application/User/Core/Tracking_Algo.c:314:6:print_fifo	536	static
../Application/User/Core/Tracking_Algo.c:329:6:print_matrix	24	static
../Application/User/Core/Tracking_Algo.c:370:6:print_frame_info	56	static
../Application/User/Core/Tracking_Algo.c:391:6:print_frame_info_simple	112	static
../Application/User/Core/Tracking_Algo.c:409:6:subtract_matrices	32	static
