../../../../../../../Drivers/CMSIS/Include/core_cm4.h:1933:34:__NVIC_SystemReset	4	static,ignoring_inline_asm
../../../../../../../Drivers/STM32WBxx_HAL_Driver/Inc/stm32wbxx_ll_system.h:2162:26:LL_FLASH_IsActiveFlag_OperationSuspended	4	static
E:/Desktop/stm32cube_fw_wb_v1180/STM32Cube_FW_WB_V1.18.0/Projects/P-NUCLEO-WB55.Nucleo/Applications/BLE/BLE_MeshLightingPRFNode/STM32_WPAN/app/appli_mesh.c:245:13:Appli_ShortButtonPress	8	static
E:/Desktop/stm32cube_fw_wb_v1180/STM32Cube_FW_WB_V1.18.0/Projects/P-NUCLEO-WB55.Nucleo/Applications/BLE/BLE_MeshLightingPRFNode/STM32_WPAN/app/appli_mesh.c:256:13:Appli_LongButtonPress	8	static
E:/Desktop/stm32cube_fw_wb_v1180/STM32Cube_FW_WB_V1.18.0/Projects/P-NUCLEO-WB55.Nucleo/Applications/BLE/BLE_MeshLightingPRFNode/STM32_WPAN/app/appli_mesh.c:395:13:Appli_UpdateButtonState	24	static
E:/Desktop/stm32cube_fw_wb_v1180/STM32Cube_FW_WB_V1.18.0/Projects/P-NUCLEO-WB55.Nucleo/Applications/BLE/BLE_MeshLightingPRFNode/STM32_WPAN/app/appli_mesh.c:420:13:Mesh_Task	8	static
E:/Desktop/stm32cube_fw_wb_v1180/STM32Cube_FW_WB_V1.18.0/Projects/P-NUCLEO-WB55.Nucleo/Applications/BLE/BLE_MeshLightingPRFNode/STM32_WPAN/app/appli_mesh.c:448:13:Appli_Task	8	static
E:/Desktop/stm32cube_fw_wb_v1180/STM32Cube_FW_WB_V1.18.0/Projects/P-NUCLEO-WB55.Nucleo/Applications/BLE/BLE_MeshLightingPRFNode/STM32_WPAN/app/appli_mesh.c:466:6:Appli_LedCtrl	8	static
E:/Desktop/stm32cube_fw_wb_v1180/STM32Cube_FW_WB_V1.18.0/Projects/P-NUCLEO-WB55.Nucleo/Applications/BLE/BLE_MeshLightingPRFNode/STM32_WPAN/app/appli_mesh.c:487:14:Appli_LedBlink	8	static
E:/Desktop/stm32cube_fw_wb_v1180/STM32Cube_FW_WB_V1.18.0/Projects/P-NUCLEO-WB55.Nucleo/Applications/BLE/BLE_MeshLightingPRFNode/STM32_WPAN/app/appli_mesh.c:507:14:Appli_LedStateCtrlCb	16	static
E:/Desktop/stm32cube_fw_wb_v1180/STM32Cube_FW_WB_V1.18.0/Projects/P-NUCLEO-WB55.Nucleo/Applications/BLE/BLE_MeshLightingPRFNode/STM32_WPAN/app/appli_mesh.c:530:14:Appli_BleStackInitCb	4	static
E:/Desktop/stm32cube_fw_wb_v1180/STM32Cube_FW_WB_V1.18.0/Projects/P-NUCLEO-WB55.Nucleo/Applications/BLE/BLE_MeshLightingPRFNode/STM32_WPAN/app/appli_mesh.c:542:14:Appli_BleSetTxPowerCb	16	static
E:/Desktop/stm32cube_fw_wb_v1180/STM32Cube_FW_WB_V1.18.0/Projects/P-NUCLEO-WB55.Nucleo/Applications/BLE/BLE_MeshLightingPRFNode/STM32_WPAN/app/appli_mesh.c:562:14:Appli_BleSetUUIDCb	32	static
E:/Desktop/stm32cube_fw_wb_v1180/STM32Cube_FW_WB_V1.18.0/Projects/P-NUCLEO-WB55.Nucleo/Applications/BLE/BLE_MeshLightingPRFNode/STM32_WPAN/app/appli_mesh.c:600:14:Appli_BleSetProductInfoCB	24	static
E:/Desktop/stm32cube_fw_wb_v1180/STM32Cube_FW_WB_V1.18.0/Projects/P-NUCLEO-WB55.Nucleo/Applications/BLE/BLE_MeshLightingPRFNode/STM32_WPAN/app/appli_mesh.c:624:6:Appli_BleGattConnectionCompleteCb	8	static
E:/Desktop/stm32cube_fw_wb_v1180/STM32Cube_FW_WB_V1.18.0/Projects/P-NUCLEO-WB55.Nucleo/Applications/BLE/BLE_MeshLightingPRFNode/STM32_WPAN/app/appli_mesh.c:638:6:Appli_BleGattDisconnectionCompleteCb	8	static
E:/Desktop/stm32cube_fw_wb_v1180/STM32Cube_FW_WB_V1.18.0/Projects/P-NUCLEO-WB55.Nucleo/Applications/BLE/BLE_MeshLightingPRFNode/STM32_WPAN/app/appli_mesh.c:652:6:Appli_BleUnprovisionedIdentifyCb	16	static
E:/Desktop/stm32cube_fw_wb_v1180/STM32Cube_FW_WB_V1.18.0/Projects/P-NUCLEO-WB55.Nucleo/Applications/BLE/BLE_MeshLightingPRFNode/STM32_WPAN/app/appli_mesh.c:665:12:Appli_BleSetNumberOfElementsCb	8	static
E:/Desktop/stm32cube_fw_wb_v1180/STM32Cube_FW_WB_V1.18.0/Projects/P-NUCLEO-WB55.Nucleo/Applications/BLE/BLE_MeshLightingPRFNode/STM32_WPAN/app/appli_mesh.c:690:14:Appli_BleAttentionTimerCb	8	static
E:/Desktop/stm32cube_fw_wb_v1180/STM32Cube_FW_WB_V1.18.0/Projects/P-NUCLEO-WB55.Nucleo/Applications/BLE/BLE_MeshLightingPRFNode/STM32_WPAN/app/appli_mesh.c:706:6:Appli_BleOutputOOBAuthCb	16	static
E:/Desktop/stm32cube_fw_wb_v1180/STM32Cube_FW_WB_V1.18.0/Projects/P-NUCLEO-WB55.Nucleo/Applications/BLE/BLE_MeshLightingPRFNode/STM32_WPAN/app/appli_mesh.c:765:13:Appli_BleInputOOBAuthCb	16	static
E:/Desktop/stm32cube_fw_wb_v1180/STM32Cube_FW_WB_V1.18.0/Projects/P-NUCLEO-WB55.Nucleo/Applications/BLE/BLE_MeshLightingPRFNode/STM32_WPAN/app/appli_mesh.c:810:6:Appli_BleSerialInputOOBValue	16	static
E:/Desktop/stm32cube_fw_wb_v1180/STM32Cube_FW_WB_V1.18.0/Projects/P-NUCLEO-WB55.Nucleo/Applications/BLE/BLE_MeshLightingPRFNode/STM32_WPAN/app/appli_mesh.c:831:12:Appli_BleDisableFilterCb	4	static
E:/Desktop/stm32cube_fw_wb_v1180/STM32Cube_FW_WB_V1.18.0/Projects/P-NUCLEO-WB55.Nucleo/Applications/BLE/BLE_MeshLightingPRFNode/STM32_WPAN/app/appli_mesh.c:841:6:Appli_CheckForUnprovision	16	static
E:/Desktop/stm32cube_fw_wb_v1180/STM32Cube_FW_WB_V1.18.0/Projects/P-NUCLEO-WB55.Nucleo/Applications/BLE/BLE_MeshLightingPRFNode/STM32_WPAN/app/appli_mesh.c:910:6:Appli_Unprovision	8	static
E:/Desktop/stm32cube_fw_wb_v1180/STM32Cube_FW_WB_V1.18.0/Projects/P-NUCLEO-WB55.Nucleo/Applications/BLE/BLE_MeshLightingPRFNode/STM32_WPAN/app/appli_mesh.c:934:5:Appli_CheckBdMacAddr	24	static
E:/Desktop/stm32cube_fw_wb_v1180/STM32Cube_FW_WB_V1.18.0/Projects/P-NUCLEO-WB55.Nucleo/Applications/BLE/BLE_MeshLightingPRFNode/STM32_WPAN/app/appli_mesh.c:1000:13:Appli_GetMACfromUniqueNumber	16	static
E:/Desktop/stm32cube_fw_wb_v1180/STM32Cube_FW_WB_V1.18.0/Projects/P-NUCLEO-WB55.Nucleo/Applications/BLE/BLE_MeshLightingPRFNode/STM32_WPAN/app/appli_mesh.c:1072:6:BLEMesh_UnprovisionCallback	16	static
E:/Desktop/stm32cube_fw_wb_v1180/STM32Cube_FW_WB_V1.18.0/Projects/P-NUCLEO-WB55.Nucleo/Applications/BLE/BLE_MeshLightingPRFNode/STM32_WPAN/app/appli_mesh.c:1097:14:BLEMesh_ScanDevices	24	static
E:/Desktop/stm32cube_fw_wb_v1180/STM32Cube_FW_WB_V1.18.0/Projects/P-NUCLEO-WB55.Nucleo/Applications/BLE/BLE_MeshLightingPRFNode/STM32_WPAN/app/appli_mesh.c:1125:14:BLEMesh_ProvisionDevice	24	static
E:/Desktop/stm32cube_fw_wb_v1180/STM32Cube_FW_WB_V1.18.0/Projects/P-NUCLEO-WB55.Nucleo/Applications/BLE/BLE_MeshLightingPRFNode/STM32_WPAN/app/appli_mesh.c:1141:6:BLEMesh_PbAdvLinkOpenCb	8	static
E:/Desktop/stm32cube_fw_wb_v1180/STM32Cube_FW_WB_V1.18.0/Projects/P-NUCLEO-WB55.Nucleo/Applications/BLE/BLE_MeshLightingPRFNode/STM32_WPAN/app/appli_mesh.c:1159:6:BLEMesh_PbAdvLinkCloseCb	8	static
E:/Desktop/stm32cube_fw_wb_v1180/STM32Cube_FW_WB_V1.18.0/Projects/P-NUCLEO-WB55.Nucleo/Applications/BLE/BLE_MeshLightingPRFNode/STM32_WPAN/app/appli_mesh.c:1176:6:BLEMesh_ProvisionCallback	8	static
E:/Desktop/stm32cube_fw_wb_v1180/STM32Cube_FW_WB_V1.18.0/Projects/P-NUCLEO-WB55.Nucleo/Applications/BLE/BLE_MeshLightingPRFNode/STM32_WPAN/app/appli_mesh.c:1196:6:BLEMesh_ConfigurationCallback	4	static
E:/Desktop/stm32cube_fw_wb_v1180/STM32Cube_FW_WB_V1.18.0/Projects/P-NUCLEO-WB55.Nucleo/Applications/BLE/BLE_MeshLightingPRFNode/STM32_WPAN/app/appli_mesh.c:1220:6:BLEMesh_FnFriendshipEstablishedCallback	16	static
E:/Desktop/stm32cube_fw_wb_v1180/STM32Cube_FW_WB_V1.18.0/Projects/P-NUCLEO-WB55.Nucleo/Applications/BLE/BLE_MeshLightingPRFNode/STM32_WPAN/app/appli_mesh.c:1246:6:BLEMesh_FnFriendshipClearedCallback	16	static
E:/Desktop/stm32cube_fw_wb_v1180/STM32Cube_FW_WB_V1.18.0/Projects/P-NUCLEO-WB55.Nucleo/Applications/BLE/BLE_MeshLightingPRFNode/STM32_WPAN/app/appli_mesh.c:1272:6:BLEMesh_LpnFriendshipEstablishedCallback	16	static
E:/Desktop/stm32cube_fw_wb_v1180/STM32Cube_FW_WB_V1.18.0/Projects/P-NUCLEO-WB55.Nucleo/Applications/BLE/BLE_MeshLightingPRFNode/STM32_WPAN/app/appli_mesh.c:1285:6:BLEMesh_LpnFriendshipClearedCallback	16	static
E:/Desktop/stm32cube_fw_wb_v1180/STM32Cube_FW_WB_V1.18.0/Projects/P-NUCLEO-WB55.Nucleo/Applications/BLE/BLE_MeshLightingPRFNode/STM32_WPAN/app/appli_mesh.c:1309:6:BLEMesh_NeighborAppearedCallback	32	static
E:/Desktop/stm32cube_fw_wb_v1180/STM32Cube_FW_WB_V1.18.0/Projects/P-NUCLEO-WB55.Nucleo/Applications/BLE/BLE_MeshLightingPRFNode/STM32_WPAN/app/appli_mesh.c:1374:6:BLEMesh_NeighborRefreshedCallback	32	static
E:/Desktop/stm32cube_fw_wb_v1180/STM32Cube_FW_WB_V1.18.0/Projects/P-NUCLEO-WB55.Nucleo/Applications/BLE/BLE_MeshLightingPRFNode/STM32_WPAN/app/appli_mesh.c:1482:6:BLEMesh_CustomBeaconGeneratorCallback	32	static
E:/Desktop/stm32cube_fw_wb_v1180/STM32Cube_FW_WB_V1.18.0/Projects/P-NUCLEO-WB55.Nucleo/Applications/BLE/BLE_MeshLightingPRFNode/STM32_WPAN/app/appli_mesh.c:1502:6:Appli_LowPowerProcess	4	static
E:/Desktop/stm32cube_fw_wb_v1180/STM32Cube_FW_WB_V1.18.0/Projects/P-NUCLEO-WB55.Nucleo/Applications/BLE/BLE_MeshLightingPRFNode/STM32_WPAN/app/appli_mesh.c:1539:6:Appli_IntensityControlPublishing	16	static
E:/Desktop/stm32cube_fw_wb_v1180/STM32Cube_FW_WB_V1.18.0/Projects/P-NUCLEO-WB55.Nucleo/Applications/BLE/BLE_MeshLightingPRFNode/STM32_WPAN/app/appli_mesh.c:1577:6:IntensityPublish	4	static
E:/Desktop/stm32cube_fw_wb_v1180/STM32Cube_FW_WB_V1.18.0/Projects/P-NUCLEO-WB55.Nucleo/Applications/BLE/BLE_MeshLightingPRFNode/STM32_WPAN/app/appli_mesh.c:1605:6:Appli_Process	4	static
E:/Desktop/stm32cube_fw_wb_v1180/STM32Cube_FW_WB_V1.18.0/Projects/P-NUCLEO-WB55.Nucleo/Applications/BLE/BLE_MeshLightingPRFNode/STM32_WPAN/app/appli_mesh.c:1633:13:UnprovisionedDeviceBeaconApp	8	static
E:/Desktop/stm32cube_fw_wb_v1180/STM32Cube_FW_WB_V1.18.0/Projects/P-NUCLEO-WB55.Nucleo/Applications/BLE/BLE_MeshLightingPRFNode/STM32_WPAN/app/appli_mesh.c:1638:13:UnprovisionedDeviceBeaconTask	8	static
E:/Desktop/stm32cube_fw_wb_v1180/STM32Cube_FW_WB_V1.18.0/Projects/P-NUCLEO-WB55.Nucleo/Applications/BLE/BLE_MeshLightingPRFNode/STM32_WPAN/app/appli_mesh.c:1661:13:AppliMeshSW1Task	8	static
E:/Desktop/stm32cube_fw_wb_v1180/STM32Cube_FW_WB_V1.18.0/Projects/P-NUCLEO-WB55.Nucleo/Applications/BLE/BLE_MeshLightingPRFNode/STM32_WPAN/app/appli_mesh.c:1744:6:Appli_Init	16	static
E:/Desktop/stm32cube_fw_wb_v1180/STM32Cube_FW_WB_V1.18.0/Projects/P-NUCLEO-WB55.Nucleo/Applications/BLE/BLE_MeshLightingPRFNode/STM32_WPAN/app/appli_mesh.c:1827:6:Appli_GetPublicationParamsCb	16	static
E:/Desktop/stm32cube_fw_wb_v1180/STM32Cube_FW_WB_V1.18.0/Projects/P-NUCLEO-WB55.Nucleo/Applications/BLE/BLE_MeshLightingPRFNode/STM32_WPAN/app/appli_mesh.c:1843:13:PWM_CoolValue	24	static
E:/Desktop/stm32cube_fw_wb_v1180/STM32Cube_FW_WB_V1.18.0/Projects/P-NUCLEO-WB55.Nucleo/Applications/BLE/BLE_MeshLightingPRFNode/STM32_WPAN/app/appli_mesh.c:1862:13:PWM_WarmValue	24	static
E:/Desktop/stm32cube_fw_wb_v1180/STM32Cube_FW_WB_V1.18.0/Projects/P-NUCLEO-WB55.Nucleo/Applications/BLE/BLE_MeshLightingPRFNode/STM32_WPAN/app/appli_mesh.c:1881:13:PwmValueMapping	24	static
E:/Desktop/stm32cube_fw_wb_v1180/STM32Cube_FW_WB_V1.18.0/Projects/P-NUCLEO-WB55.Nucleo/Applications/BLE/BLE_MeshLightingPRFNode/STM32_WPAN/app/appli_mesh.c:1962:1:SerialPrvn_ProvisioningStatusUpdateCb	16	static
