E:/Desktop/stm32cube_fw_wb_v1180/STM32Cube_FW_WB_V1.18.0/Projects/P-NUCLEO-WB55.Nucleo/Applications/BLE/BLE_MeshLightingPRFNode/STM32_WPAN/app/appli_light.c:125:14:Appli_Light_Lightness_Set	24	static
E:/Desktop/stm32cube_fw_wb_v1180/STM32Cube_FW_WB_V1.18.0/Projects/P-NUCLEO-WB55.Nucleo/Applications/BLE/BLE_MeshLightingPRFNode/STM32_WPAN/app/appli_light.c:196:14:Appli_Light_Lightness_Linear_Set	16	static
E:/Desktop/stm32cube_fw_wb_v1180/STM32Cube_FW_WB_V1.18.0/Projects/P-NUCLEO-WB55.Nucleo/Applications/BLE/BLE_MeshLightingPRFNode/STM32_WPAN/app/appli_light.c:227:14:Appli_Light_Lightness_Default_Set	16	static
E:/Desktop/stm32cube_fw_wb_v1180/STM32Cube_FW_WB_V1.18.0/Projects/P-NUCLEO-WB55.Nucleo/Applications/BLE/BLE_MeshLightingPRFNode/STM32_WPAN/app/appli_light.c:262:14:Appli_Light_Lightness_Last_Set	16	static
E:/Desktop/stm32cube_fw_wb_v1180/STM32Cube_FW_WB_V1.18.0/Projects/P-NUCLEO-WB55.Nucleo/Applications/BLE/BLE_MeshLightingPRFNode/STM32_WPAN/app/appli_light.c:295:14:Appli_Light_Lightness_Range_Set	16	static
E:/Desktop/stm32cube_fw_wb_v1180/STM32Cube_FW_WB_V1.18.0/Projects/P-NUCLEO-WB55.Nucleo/Applications/BLE/BLE_MeshLightingPRFNode/STM32_WPAN/app/appli_light.c:731:14:Appli_Light_GetLightnessStatus	16	static
E:/Desktop/stm32cube_fw_wb_v1180/STM32Cube_FW_WB_V1.18.0/Projects/P-NUCLEO-WB55.Nucleo/Applications/BLE/BLE_MeshLightingPRFNode/STM32_WPAN/app/appli_light.c:753:14:Appli_Light_GetLightnessLinearStatus	16	static
E:/Desktop/stm32cube_fw_wb_v1180/STM32Cube_FW_WB_V1.18.0/Projects/P-NUCLEO-WB55.Nucleo/Applications/BLE/BLE_MeshLightingPRFNode/STM32_WPAN/app/appli_light.c:775:14:Appli_Light_GetLightnessDefaultStatus	16	static
E:/Desktop/stm32cube_fw_wb_v1180/STM32Cube_FW_WB_V1.18.0/Projects/P-NUCLEO-WB55.Nucleo/Applications/BLE/BLE_MeshLightingPRFNode/STM32_WPAN/app/appli_light.c:791:14:Appli_Light_GetLightnessLastStatus	16	static
E:/Desktop/stm32cube_fw_wb_v1180/STM32Cube_FW_WB_V1.18.0/Projects/P-NUCLEO-WB55.Nucleo/Applications/BLE/BLE_MeshLightingPRFNode/STM32_WPAN/app/appli_light.c:810:14:Appli_Light_GetLightnessRangeStatus	16	static
E:/Desktop/stm32cube_fw_wb_v1180/STM32Cube_FW_WB_V1.18.0/Projects/P-NUCLEO-WB55.Nucleo/Applications/BLE/BLE_MeshLightingPRFNode/STM32_WPAN/app/appli_light.c:1114:6:Appli_Light_PwmInit	8	static
E:/Desktop/stm32cube_fw_wb_v1180/STM32Cube_FW_WB_V1.18.0/Projects/P-NUCLEO-WB55.Nucleo/Applications/BLE/BLE_MeshLightingPRFNode/STM32_WPAN/app/appli_light.c:1229:6:Rgb_LedOffState	4	static
E:/Desktop/stm32cube_fw_wb_v1180/STM32Cube_FW_WB_V1.18.0/Projects/P-NUCLEO-WB55.Nucleo/Applications/BLE/BLE_MeshLightingPRFNode/STM32_WPAN/app/appli_light.c:1243:6:Ctl_LedOffState	4	static
E:/Desktop/stm32cube_fw_wb_v1180/STM32Cube_FW_WB_V1.18.0/Projects/P-NUCLEO-WB55.Nucleo/Applications/BLE/BLE_MeshLightingPRFNode/STM32_WPAN/app/appli_light.c:1255:6:Light_UpdateLedValue	24	static
