E:/Desktop/stm32cube_fw_wb_v1180/STM32Cube_FW_WB_V1.18.0/Projects/P-NUCLEO-WB55.Nucleo/Applications/BLE/BLE_MeshLightingPRFNode/STM32_WPAN/app/appli_sensor.c:461:14:Appli_Sensor_ReadColumn	32	static
E:/Desktop/stm32cube_fw_wb_v1180/STM32Cube_FW_WB_V1.18.0/Projects/P-NUCLEO-WB55.Nucleo/Applications/BLE/BLE_MeshLightingPRFNode/STM32_WPAN/app/appli_sensor.c:505:14:Appli_Sensor_ReadSeries	32	static
E:/Desktop/stm32cube_fw_wb_v1180/STM32Cube_FW_WB_V1.18.0/Projects/P-NUCLEO-WB55.Nucleo/Applications/BLE/BLE_MeshLightingPRFNode/STM32_WPAN/app/appli_sensor.c:559:12:Appli_Sensor_IsFastCadence	40	static
E:/Desktop/stm32cube_fw_wb_v1180/STM32Cube_FW_WB_V1.18.0/Projects/P-NUCLEO-WB55.Nucleo/Applications/BLE/BLE_MeshLightingPRFNode/STM32_WPAN/app/appli_sensor.c:601:12:Appli_Sensor_IsStatusTrigger	48	static
E:/Desktop/stm32cube_fw_wb_v1180/STM32Cube_FW_WB_V1.18.0/Projects/P-NUCLEO-WB55.Nucleo/Applications/BLE/BLE_MeshLightingPRFNode/STM32_WPAN/app/appli_sensor.c:670:14:Appli_Sensor_Init	16	static
E:/Desktop/stm32cube_fw_wb_v1180/STM32Cube_FW_WB_V1.18.0/Projects/P-NUCLEO-WB55.Nucleo/Applications/BLE/BLE_MeshLightingPRFNode/STM32_WPAN/app/appli_sensor.c:731:14:Appli_Sensor_Update	24	static
E:/Desktop/stm32cube_fw_wb_v1180/STM32Cube_FW_WB_V1.18.0/Projects/P-NUCLEO-WB55.Nucleo/Applications/BLE/BLE_MeshLightingPRFNode/STM32_WPAN/app/appli_sensor.c:764:6:Appli_Sensor_SerialCmd	24	static
