../../../../../../../Drivers/STM32WBxx_HAL_Driver/Inc/stm32wbxx_ll_bus.h:539:22:LL_AHB2_GRP1_EnableClock	24	static
../../../../../../../Drivers/STM32WBxx_HAL_Driver/Inc/stm32wbxx_ll_bus.h:939:22:LL_APB1_GRP1_EnableClock	24	static
../../../../../../../Drivers/STM32WBxx_HAL_Driver/Inc/stm32wbxx_ll_bus.h:1038:22:LL_APB1_GRP1_DisableClock	16	static
D:/version1/stm32cube_fw_wb_v1180/STM32Cube_FW_WB_V1.18.0/Projects/P-NUCLEO-WB55.Nucleo/Applications/BLE/BLE_p2pServer/USB_Device/Target/usbd_conf.c:73:6:HAL_PCD_MspInit	120	static
D:/version1/stm32cube_fw_wb_v1180/STM32Cube_FW_WB_V1.18.0/Projects/P-NUCLEO-WB55.Nucleo/Applications/BLE/BLE_p2pServer/USB_Device/Target/usbd_conf.c:120:6:HAL_PCD_MspDeInit	16	static
D:/version1/stm32cube_fw_wb_v1180/STM32Cube_FW_WB_V1.18.0/Projects/P-NUCLEO-WB55.Nucleo/Applications/BLE/BLE_p2pServer/USB_Device/Target/usbd_conf.c:154:6:HAL_PCD_SetupStageCallback	16	static
D:/version1/stm32cube_fw_wb_v1180/STM32Cube_FW_WB_V1.18.0/Projects/P-NUCLEO-WB55.Nucleo/Applications/BLE/BLE_p2pServer/USB_Device/Target/usbd_conf.c:175:6:HAL_PCD_DataOutStageCallback	16	static
D:/version1/stm32cube_fw_wb_v1180/STM32Cube_FW_WB_V1.18.0/Projects/P-NUCLEO-WB55.Nucleo/Applications/BLE/BLE_p2pServer/USB_Device/Target/usbd_conf.c:196:6:HAL_PCD_DataInStageCallback	16	static
D:/version1/stm32cube_fw_wb_v1180/STM32Cube_FW_WB_V1.18.0/Projects/P-NUCLEO-WB55.Nucleo/Applications/BLE/BLE_p2pServer/USB_Device/Target/usbd_conf.c:216:6:HAL_PCD_SOFCallback	16	static
D:/version1/stm32cube_fw_wb_v1180/STM32Cube_FW_WB_V1.18.0/Projects/P-NUCLEO-WB55.Nucleo/Applications/BLE/BLE_p2pServer/USB_Device/Target/usbd_conf.c:236:6:HAL_PCD_ResetCallback	24	static
D:/version1/stm32cube_fw_wb_v1180/STM32Cube_FW_WB_V1.18.0/Projects/P-NUCLEO-WB55.Nucleo/Applications/BLE/BLE_p2pServer/USB_Device/Target/usbd_conf.c:267:6:HAL_PCD_SuspendCallback	16	static
D:/version1/stm32cube_fw_wb_v1180/STM32Cube_FW_WB_V1.18.0/Projects/P-NUCLEO-WB55.Nucleo/Applications/BLE/BLE_p2pServer/USB_Device/Target/usbd_conf.c:297:6:HAL_PCD_ResumeCallback	16	static
D:/version1/stm32cube_fw_wb_v1180/STM32Cube_FW_WB_V1.18.0/Projects/P-NUCLEO-WB55.Nucleo/Applications/BLE/BLE_p2pServer/USB_Device/Target/usbd_conf.c:328:6:HAL_PCD_ISOOUTIncompleteCallback	16	static
D:/version1/stm32cube_fw_wb_v1180/STM32Cube_FW_WB_V1.18.0/Projects/P-NUCLEO-WB55.Nucleo/Applications/BLE/BLE_p2pServer/USB_Device/Target/usbd_conf.c:349:6:HAL_PCD_ISOINIncompleteCallback	16	static
D:/version1/stm32cube_fw_wb_v1180/STM32Cube_FW_WB_V1.18.0/Projects/P-NUCLEO-WB55.Nucleo/Applications/BLE/BLE_p2pServer/USB_Device/Target/usbd_conf.c:369:6:HAL_PCD_ConnectCallback	16	static
D:/version1/stm32cube_fw_wb_v1180/STM32Cube_FW_WB_V1.18.0/Projects/P-NUCLEO-WB55.Nucleo/Applications/BLE/BLE_p2pServer/USB_Device/Target/usbd_conf.c:389:6:HAL_PCD_DisconnectCallback	16	static
D:/version1/stm32cube_fw_wb_v1180/STM32Cube_FW_WB_V1.18.0/Projects/P-NUCLEO-WB55.Nucleo/Applications/BLE/BLE_p2pServer/USB_Device/Target/usbd_conf.c:414:20:USBD_LL_Init	16	static
D:/version1/stm32cube_fw_wb_v1180/STM32Cube_FW_WB_V1.18.0/Projects/P-NUCLEO-WB55.Nucleo/Applications/BLE/BLE_p2pServer/USB_Device/Target/usbd_conf.c:481:20:USBD_LL_DeInit	24	static
D:/version1/stm32cube_fw_wb_v1180/STM32Cube_FW_WB_V1.18.0/Projects/P-NUCLEO-WB55.Nucleo/Applications/BLE/BLE_p2pServer/USB_Device/Target/usbd_conf.c:498:20:USBD_LL_Start	24	static
D:/version1/stm32cube_fw_wb_v1180/STM32Cube_FW_WB_V1.18.0/Projects/P-NUCLEO-WB55.Nucleo/Applications/BLE/BLE_p2pServer/USB_Device/Target/usbd_conf.c:515:20:USBD_LL_Stop	24	static
D:/version1/stm32cube_fw_wb_v1180/STM32Cube_FW_WB_V1.18.0/Projects/P-NUCLEO-WB55.Nucleo/Applications/BLE/BLE_p2pServer/USB_Device/Target/usbd_conf.c:535:20:USBD_LL_OpenEP	24	static
D:/version1/stm32cube_fw_wb_v1180/STM32Cube_FW_WB_V1.18.0/Projects/P-NUCLEO-WB55.Nucleo/Applications/BLE/BLE_p2pServer/USB_Device/Target/usbd_conf.c:553:20:USBD_LL_CloseEP	24	static
D:/version1/stm32cube_fw_wb_v1180/STM32Cube_FW_WB_V1.18.0/Projects/P-NUCLEO-WB55.Nucleo/Applications/BLE/BLE_p2pServer/USB_Device/Target/usbd_conf.c:571:20:USBD_LL_FlushEP	24	static
D:/version1/stm32cube_fw_wb_v1180/STM32Cube_FW_WB_V1.18.0/Projects/P-NUCLEO-WB55.Nucleo/Applications/BLE/BLE_p2pServer/USB_Device/Target/usbd_conf.c:589:20:USBD_LL_StallEP	24	static
D:/version1/stm32cube_fw_wb_v1180/STM32Cube_FW_WB_V1.18.0/Projects/P-NUCLEO-WB55.Nucleo/Applications/BLE/BLE_p2pServer/USB_Device/Target/usbd_conf.c:607:20:USBD_LL_ClearStallEP	24	static
D:/version1/stm32cube_fw_wb_v1180/STM32Cube_FW_WB_V1.18.0/Projects/P-NUCLEO-WB55.Nucleo/Applications/BLE/BLE_p2pServer/USB_Device/Target/usbd_conf.c:625:9:USBD_LL_IsStallEP	24	static
D:/version1/stm32cube_fw_wb_v1180/STM32Cube_FW_WB_V1.18.0/Projects/P-NUCLEO-WB55.Nucleo/Applications/BLE/BLE_p2pServer/USB_Device/Target/usbd_conf.c:645:20:USBD_LL_SetUSBAddress	24	static
D:/version1/stm32cube_fw_wb_v1180/STM32Cube_FW_WB_V1.18.0/Projects/P-NUCLEO-WB55.Nucleo/Applications/BLE/BLE_p2pServer/USB_Device/Target/usbd_conf.c:665:20:USBD_LL_Transmit	32	static
D:/version1/stm32cube_fw_wb_v1180/STM32Cube_FW_WB_V1.18.0/Projects/P-NUCLEO-WB55.Nucleo/Applications/BLE/BLE_p2pServer/USB_Device/Target/usbd_conf.c:685:20:USBD_LL_PrepareReceive	32	static
D:/version1/stm32cube_fw_wb_v1180/STM32Cube_FW_WB_V1.18.0/Projects/P-NUCLEO-WB55.Nucleo/Applications/BLE/BLE_p2pServer/USB_Device/Target/usbd_conf.c:703:10:USBD_LL_GetRxDataSize	16	static
D:/version1/stm32cube_fw_wb_v1180/STM32Cube_FW_WB_V1.18.0/Projects/P-NUCLEO-WB55.Nucleo/Applications/BLE/BLE_p2pServer/USB_Device/Target/usbd_conf.c:717:6:HAL_PCDEx_LPM_Callback	16	static
D:/version1/stm32cube_fw_wb_v1180/STM32Cube_FW_WB_V1.18.0/Projects/P-NUCLEO-WB55.Nucleo/Applications/BLE/BLE_p2pServer/USB_Device/Target/usbd_conf.c:753:6:USBD_LL_Delay	16	static
D:/version1/stm32cube_fw_wb_v1180/STM32Cube_FW_WB_V1.18.0/Projects/P-NUCLEO-WB55.Nucleo/Applications/BLE/BLE_p2pServer/USB_Device/Target/usbd_conf.c:763:7:USBD_static_malloc	16	static
D:/version1/stm32cube_fw_wb_v1180/STM32Cube_FW_WB_V1.18.0/Projects/P-NUCLEO-WB55.Nucleo/Applications/BLE/BLE_p2pServer/USB_Device/Target/usbd_conf.c:775:6:USBD_static_free	16	static
D:/version1/stm32cube_fw_wb_v1180/STM32Cube_FW_WB_V1.18.0/Projects/P-NUCLEO-WB55.Nucleo/Applications/BLE/BLE_p2pServer/USB_Device/Target/usbd_conf.c:786:13:SystemClockConfig_Resume	8	static
D:/version1/stm32cube_fw_wb_v1180/STM32Cube_FW_WB_V1.18.0/Projects/P-NUCLEO-WB55.Nucleo/Applications/BLE/BLE_p2pServer/USB_Device/Target/usbd_conf.c:797:20:USBD_Get_USB_Status	24	static
