Component: ARM Compiler 5.06 update 7 (build 960) Tool: armlink [4d3601]

==============================================================================

Section Cross References

    startup_stm32wb55xx_cm4.o(RESET) refers to startup_stm32wb55xx_cm4.o(STACK) for __initial_sp
    startup_stm32wb55xx_cm4.o(RESET) refers to startup_stm32wb55xx_cm4.o(.text) for Reset_Handler
    startup_stm32wb55xx_cm4.o(RESET) refers to stm32wbxx_it.o(i.NMI_Handler) for NMI_Handler
    startup_stm32wb55xx_cm4.o(RESET) refers to stm32wbxx_it.o(i.HardFault_Handler) for HardFault_Handler
    startup_stm32wb55xx_cm4.o(RESET) refers to stm32wbxx_it.o(i.MemManage_Handler) for MemManage_Handler
    startup_stm32wb55xx_cm4.o(RESET) refers to stm32wbxx_it.o(i.BusFault_Handler) for BusFault_Handler
    startup_stm32wb55xx_cm4.o(RESET) refers to stm32wbxx_it.o(i.UsageFault_Handler) for UsageFault_Handler
    startup_stm32wb55xx_cm4.o(RESET) refers to stm32wbxx_it.o(i.SVC_Handler) for SVC_Handler
    startup_stm32wb55xx_cm4.o(RESET) refers to stm32wbxx_it.o(i.DebugMon_Handler) for DebugMon_Handler
    startup_stm32wb55xx_cm4.o(RESET) refers to stm32wbxx_it.o(i.PendSV_Handler) for PendSV_Handler
    startup_stm32wb55xx_cm4.o(RESET) refers to stm32wbxx_it.o(i.SysTick_Handler) for SysTick_Handler
    startup_stm32wb55xx_cm4.o(RESET) refers to stm32wbxx_it.o(i.RTC_WKUP_IRQHandler) for RTC_WKUP_IRQHandler
    startup_stm32wb55xx_cm4.o(RESET) refers to stm32wbxx_it.o(i.EXTI0_IRQHandler) for EXTI0_IRQHandler
    startup_stm32wb55xx_cm4.o(RESET) refers to stm32wbxx_it.o(i.EXTI1_IRQHandler) for EXTI1_IRQHandler
    startup_stm32wb55xx_cm4.o(RESET) refers to stm32wbxx_it.o(i.EXTI4_IRQHandler) for EXTI4_IRQHandler
    startup_stm32wb55xx_cm4.o(RESET) refers to stm32wbxx_it.o(i.DMA1_Channel4_IRQHandler) for DMA1_Channel4_IRQHandler
    startup_stm32wb55xx_cm4.o(RESET) refers to stm32wbxx_it.o(i.USART1_IRQHandler) for USART1_IRQHandler
    startup_stm32wb55xx_cm4.o(RESET) refers to stm32wbxx_it.o(i.LPUART1_IRQHandler) for LPUART1_IRQHandler
    startup_stm32wb55xx_cm4.o(RESET) refers to stm32wbxx_it.o(i.IPCC_C1_RX_IRQHandler) for IPCC_C1_RX_IRQHandler
    startup_stm32wb55xx_cm4.o(RESET) refers to stm32wbxx_it.o(i.IPCC_C1_TX_IRQHandler) for IPCC_C1_TX_IRQHandler
    startup_stm32wb55xx_cm4.o(RESET) refers to stm32wbxx_it.o(i.HSEM_IRQHandler) for HSEM_IRQHandler
    startup_stm32wb55xx_cm4.o(RESET) refers to stm32wbxx_it.o(i.DMA2_Channel4_IRQHandler) for DMA2_Channel4_IRQHandler
    startup_stm32wb55xx_cm4.o(.text) refers to system_stm32wbxx.o(i.SystemInit) for SystemInit
    startup_stm32wb55xx_cm4.o(.text) refers to entry.o(.ARM.Collect$$$$00000000) for __main
    main.o(i.MX_LPUART1_UART_Init) refers to stm32wbxx_hal_uart.o(i.HAL_UART_Init) for HAL_UART_Init
    main.o(i.MX_LPUART1_UART_Init) refers to stm32wbxx_hal_uart_ex.o(i.HAL_UARTEx_SetTxFifoThreshold) for HAL_UARTEx_SetTxFifoThreshold
    main.o(i.MX_LPUART1_UART_Init) refers to stm32wbxx_hal_uart_ex.o(i.HAL_UARTEx_SetRxFifoThreshold) for HAL_UARTEx_SetRxFifoThreshold
    main.o(i.MX_LPUART1_UART_Init) refers to stm32wbxx_hal_uart_ex.o(i.HAL_UARTEx_DisableFifoMode) for HAL_UARTEx_DisableFifoMode
    main.o(i.MX_LPUART1_UART_Init) refers to main.o(.bss) for .bss
    main.o(i.MX_USART1_UART_Init) refers to stm32wbxx_hal_uart.o(i.HAL_UART_Init) for HAL_UART_Init
    main.o(i.MX_USART1_UART_Init) refers to stm32wbxx_hal_uart_ex.o(i.HAL_UARTEx_SetTxFifoThreshold) for HAL_UARTEx_SetTxFifoThreshold
    main.o(i.MX_USART1_UART_Init) refers to stm32wbxx_hal_uart_ex.o(i.HAL_UARTEx_SetRxFifoThreshold) for HAL_UARTEx_SetRxFifoThreshold
    main.o(i.MX_USART1_UART_Init) refers to stm32wbxx_hal_uart_ex.o(i.HAL_UARTEx_DisableFifoMode) for HAL_UARTEx_DisableFifoMode
    main.o(i.MX_USART1_UART_Init) refers to main.o(.bss) for .bss
    main.o(i.PeriphCommonClock_Config) refers to memseta.o(.text) for __aeabi_memclr4
    main.o(i.PeriphCommonClock_Config) refers to stm32wbxx_hal_rcc_ex.o(i.HAL_RCCEx_PeriphCLKConfig) for HAL_RCCEx_PeriphCLKConfig
    main.o(i.SystemClock_Config) refers to memseta.o(.text) for __aeabi_memclr4
    main.o(i.SystemClock_Config) refers to stm32wbxx_hal_pwr.o(i.HAL_PWR_EnableBkUpAccess) for HAL_PWR_EnableBkUpAccess
    main.o(i.SystemClock_Config) refers to stm32wbxx_hal_rcc.o(i.HAL_RCC_OscConfig) for HAL_RCC_OscConfig
    main.o(i.SystemClock_Config) refers to stm32wbxx_hal_rcc.o(i.HAL_RCC_ClockConfig) for HAL_RCC_ClockConfig
    main.o(i.main) refers to stm32wbxx_hal.o(i.HAL_Init) for HAL_Init
    main.o(i.main) refers to app_entry.o(i.MX_APPE_Config) for MX_APPE_Config
    main.o(i.main) refers to main.o(i.SystemClock_Config) for SystemClock_Config
    main.o(i.main) refers to main.o(i.PeriphCommonClock_Config) for PeriphCommonClock_Config
    main.o(i.main) refers to stm32wbxx_hal_ipcc.o(i.HAL_IPCC_Init) for HAL_IPCC_Init
    main.o(i.main) refers to main.o(i.LL_AHB2_GRP1_EnableClock) for LL_AHB2_GRP1_EnableClock
[...]
    I2C3_EV_IRQHandler                       0x0800016f   Thumb Code     0  startup_stm32wb55xx_cm4.o(.text)
    LCD_IRQHandler                           0x0800016f   Thumb Code     0  startup_stm32wb55xx_cm4.o(.text)
    LPTIM1_IRQHandler                        0x0800016f   Thumb Code     0  startup_stm32wb55xx_cm4.o(.text)
    LPTIM2_IRQHandler                        0x0800016f   Thumb Code     0  startup_stm32wb55xx_cm4.o(.text)
    PKA_IRQHandler                           0x0800016f   Thumb Code     0  startup_stm32wb55xx_cm4.o(.text)
    PVD_PVM_IRQHandler                       0x0800016f   Thumb Code     0  startup_stm32wb55xx_cm4.o(.text)
    PWR_SOTF_BLEACT_802ACT_RFPHASE_IRQHandler 0x0800016f   Thumb Code     0  startup_stm32wb55xx_cm4.o(.text)
    QUADSPI_IRQHandler                       0x0800016f   Thumb Code     0  startup_stm32wb55xx_cm4.o(.text)
    RCC_IRQHandler                           0x0800016f   Thumb Code     0  startup_stm32wb55xx_cm4.o(.text)
    RNG_IRQHandler                           0x0800016f   Thumb Code     0  startup_stm32wb55xx_cm4.o(.text)
    RTC_Alarm_IRQHandler                     0x0800016f   Thumb Code     0  startup_stm32wb55xx_cm4.o(.text)
    SAI1_IRQHandler                          0x0800016f   Thumb Code     0  startup_stm32wb55xx_cm4.o(.text)
    SPI1_IRQHandler                          0x0800016f   Thumb Code     0  startup_stm32wb55xx_cm4.o(.text)
    SPI2_IRQHandler                          0x0800016f   Thumb Code     0  startup_stm32wb55xx_cm4.o(.text)
    TAMP_STAMP_LSECSS_IRQHandler             0x0800016f   Thumb Code     0  startup_stm32wb55xx_cm4.o(.text)
    TIM1_BRK_IRQHandler                      0x0800016f   Thumb Code     0  startup_stm32wb55xx_cm4.o(.text)
    TIM1_CC_IRQHandler                       0x0800016f   Thumb Code     0  startup_stm32wb55xx_cm4.o(.text)
    TIM1_TRG_COM_TIM17_IRQHandler            0x0800016f   Thumb Code     0  startup_stm32wb55xx_cm4.o(.text)
    TIM1_UP_TIM16_IRQHandler                 0x0800016f   Thumb Code     0  startup_stm32wb55xx_cm4.o(.text)
    TIM2_IRQHandler                          0x0800016f   Thumb Code     0  startup_stm32wb55xx_cm4.o(.text)
    TSC_IRQHandler                           0x0800016f   Thumb Code     0  startup_stm32wb55xx_cm4.o(.text)
    USB_HP_IRQHandler                        0x0800016f   Thumb Code     0  startup_stm32wb55xx_cm4.o(.text)
    USB_LP_IRQHandler                        0x0800016f   Thumb Code     0  startup_stm32wb55xx_cm4.o(.text)
    WWDG_IRQHandler                          0x0800016f   Thumb Code     0  startup_stm32wb55xx_cm4.o(.text)
    __aeabi_uldivmod                         0x08000179   Thumb Code    98  uldiv.o(.text)
    ___aeabi_memcpy8$ret                     0x080001db   Thumb Code     0  memcpy.o(.text)
    __aeabi_memcpy                           0x080001db   Thumb Code    40  memcpy.o(.text)
    __aeabi_memcpy4                          0x080001db   Thumb Code     0  memcpy.o(.text)
    memcpy                                   0x080001db   Thumb Code     0  memcpy.o(.text)
    __aeabi_memset                           0x08000203   Thumb Code    14  memseta.o(.text)
    __aeabi_memset4                          0x08000203   Thumb Code     0  memseta.o(.text)
    __aeabi_memset8                          0x08000203   Thumb Code     0  memseta.o(.text)
    __aeabi_memclr                           0x08000211   Thumb Code     4  memseta.o(.text)
    __aeabi_memclr4                          0x08000211   Thumb Code     0  memseta.o(.text)
    __aeabi_memclr8                          0x08000211   Thumb Code     0  memseta.o(.text)
    memset                                   0x08000215   Thumb Code    18  memseta.o(.text)
    strlen                                   0x08000227   Thumb Code    14  strlen.o(.text)
    strcmp                                   0x08000235   Thumb Code    28  strcmp.o(.text)
    __aeabi_dmul                             0x08000251   Thumb Code   228  dmul.o(.text)
    __aeabi_ui2d                             0x08000335   Thumb Code    26  dfltui.o(.text)
    __aeabi_uidiv                            0x0800034f   Thumb Code     0  uidiv.o(.text)
    __aeabi_uidivmod                         0x0800034f   Thumb Code    44  uidiv.o(.text)
    __aeabi_llsl                             0x0800037b   Thumb Code    30  llshl.o(.text)
    _ll_shift_l                              0x0800037b   Thumb Code     0  llshl.o(.text)
    __aeabi_llsr                             0x08000399   Thumb Code    32  llushr.o(.text)
    _ll_ushift_r                             0x08000399   Thumb Code     0  llushr.o(.text)
    __I$use$fp                               0x080003b9   Thumb Code     0  iusefp.o(.text)
    _double_round                            0x080003b9   Thumb Code    30  depilogue.o(.text)
    _double_epilogue                         0x080003d7   Thumb Code   156  depilogue.o(.text)
    __aeabi_dadd                             0x08000473   Thumb Code   322  dadd.o(.text)
    __aeabi_dsub                             0x080005b5   Thumb Code     6  dadd.o(.text)
    __aeabi_drsub                            0x080005bb   Thumb Code     6  dadd.o(.text)
    __aeabi_ddiv                             0x080005c1   Thumb Code   222  ddiv.o(.text)
    __aeabi_d2ulz                            0x0800069f   Thumb Code    48  dfixul.o(.text)
    __aeabi_cdrcmple                         0x080006d1   Thumb Code    48  cdrcmple.o(.text)
    __scatterload                            0x08000701   Thumb Code    28  init.o(.text)
    __scatterload_rt2                        0x08000701   Thumb Code     0  init.o(.text)
    __aeabi_lasr                             0x08000725   Thumb Code    36  llsshr.o(.text)
    _ll_sshift_r                             0x08000725   Thumb Code     0  llsshr.o(.text)
    __decompress                             0x08000749   Thumb Code     0  __dczerorl2.o(.text)
    __decompress1                            0x08000749   Thumb Code    86  __dczerorl2.o(.text)
    APPD_EnableCPU2                          0x080007a1   Thumb Code    28  app_debug.o(i.APPD_EnableCPU2)
    APPD_Init                                0x080007c1   Thumb Code    32  app_debug.o(i.APPD_Init)
    APP_BLE_Init                             0x08000d01   Thumb Code   204  app_ble.o(i.APP_BLE_Init)
    APP_BLE_Key_Button1_Action               0x08000e95   Thumb Code     4  app_ble.o(i.APP_BLE_Key_Button1_Action)
    APP_BLE_Key_Button2_Action               0x08000e99   Thumb Code     8  app_ble.o(i.APP_BLE_Key_Button2_Action)
    APP_BLE_Key_Button3_Action               0x08000ea1   Thumb Code     2  app_ble.o(i.APP_BLE_Key_Button3_Action)
    BAS_Init                                 0x0800113d   Thumb Code     2  svc_ctl.o(i.BAS_Init)
    BLS_Init                                 0x08001221   Thumb Code     2  svc_ctl.o(i.BLS_Init)
    BSP_LED_Init                             0x08001225   Thumb Code    70  stm32wbxx_nucleo.o(i.BSP_LED_Init)
    BSP_LED_Off                              0x08001275   Thumb Code    18  stm32wbxx_nucleo.o(i.BSP_LED_Off)
    BSP_LED_On                               0x08001291   Thumb Code    18  stm32wbxx_nucleo.o(i.BSP_LED_On)
    BSP_PB_Init                              0x080012ad   Thumb Code   132  stm32wbxx_nucleo.o(i.BSP_PB_Init)
    BVOPUS_STM_Init                          0x08001339   Thumb Code     2  svc_ctl.o(i.BVOPUS_STM_Init)
    BusFault_Handler                         0x08001905   Thumb Code     2  stm32wbxx_it.o(i.BusFault_Handler)
    CRS_STM_Init                             0x08001907   Thumb Code     2  svc_ctl.o(i.CRS_STM_Init)
    CircularQueue_Add                        0x08001909   Thumb Code   502  stm_queue.o(i.CircularQueue_Add)
    CircularQueue_Init                       0x08001aff   Thumb Code    36  stm_queue.o(i.CircularQueue_Init)
    CircularQueue_Remove                     0x08001b23   Thumb Code   194  stm_queue.o(i.CircularQueue_Remove)
    CircularQueue_Sense                      0x08001be5   Thumb Code   150  stm_queue.o(i.CircularQueue_Sense)
    DIS_Init                                 0x08001cc5   Thumb Code     2  svc_ctl.o(i.DIS_Init)
    DMA1_Channel4_IRQHandler                 0x08001cc9   Thumb Code     6  stm32wbxx_it.o(i.DMA1_Channel4_IRQHandler)
    DMA2_Channel4_IRQHandler                 0x08001cd5   Thumb Code     6  stm32wbxx_it.o(i.DMA2_Channel4_IRQHandler)
    DbgOutputInit                            0x08001d87   Thumb Code     4  app_debug.o(i.DbgOutputInit)
    DbgOutputTraces                          0x08001d8b   Thumb Code    12  app_debug.o(i.DbgOutputTraces)
    DbgTraceInit                             0x08001d99   Thumb Code    26  dbg_trace.o(i.DbgTraceInit)
    DbgTraceWrite                            0x08001db9   Thumb Code    76  dbg_trace.o(i.DbgTraceWrite)
    DebugMon_Handler                         0x08001e55   Thumb Code     2  stm32wbxx_it.o(i.DebugMon_Handler)
    EDS_STM_Init                             0x08001e57   Thumb Code     2  svc_ctl.o(i.EDS_STM_Init)
    EXTI0_IRQHandler                         0x08001e59   Thumb Code     6  stm32wbxx_it.o(i.EXTI0_IRQHandler)
    EXTI1_IRQHandler                         0x08001e5f   Thumb Code     6  stm32wbxx_it.o(i.EXTI1_IRQHandler)
    EXTI4_IRQHandler                         0x08001e65   Thumb Code     6  stm32wbxx_it.o(i.EXTI4_IRQHandler)
    Error_Handler                            0x08001e6b   Thumb Code     2  main.o(i.Error_Handler)
    HAL_DBGMCU_EnableDBGSleepMode            0x08001e6d   Thumb Code    12  stm32wbxx_hal.o(i.HAL_DBGMCU_EnableDBGSleepMode)
    HAL_DBGMCU_EnableDBGStopMode             0x08001e7d   Thumb Code    12  stm32wbxx_hal.o(i.HAL_DBGMCU_EnableDBGStopMode)
    HAL_DMAEx_ConfigMuxSync                  0x08001e8d   Thumb Code    80  stm32wbxx_hal_dma_ex.o(i.HAL_DMAEx_ConfigMuxSync)
    HAL_DMA_Abort                            0x08001ee5   Thumb Code   110  stm32wbxx_hal_dma.o(i.HAL_DMA_Abort)
    HAL_DMA_Abort_IT                         0x08001f53   Thumb Code   112  stm32wbxx_hal_dma.o(i.HAL_DMA_Abort_IT)
    HAL_DMA_IRQHandler                       0x08001fc3   Thumb Code   186  stm32wbxx_hal_dma.o(i.HAL_DMA_IRQHandler)
    HAL_DMA_Init                             0x0800207d   Thumb Code   182  stm32wbxx_hal_dma.o(i.HAL_DMA_Init)
    HAL_DMA_Start_IT                         0x08002141   Thumb Code   140  stm32wbxx_hal_dma.o(i.HAL_DMA_Start_IT)
    HAL_Delay                                0x080021cd   Thumb Code    46  app_entry.o(i.HAL_Delay)
    HAL_EXTI_GenerateSWI                     0x08002201   Thumb Code    24  stm32wbxx_hal_exti.o(i.HAL_EXTI_GenerateSWI)
    HAL_GPIO_EXTI_Callback                   0x0800221d   Thumb Code    26  app_entry.o(i.HAL_GPIO_EXTI_Callback)
    HAL_GPIO_EXTI_IRQHandler                 0x08002239   Thumb Code    18  stm32wbxx_hal_gpio.o(i.HAL_GPIO_EXTI_IRQHandler)
    HAL_GPIO_Init                            0x08002251   Thumb Code   376  stm32wbxx_hal_gpio.o(i.HAL_GPIO_Init)
    HAL_GPIO_WritePin                        0x080023e1   Thumb Code    10  stm32wbxx_hal_gpio.o(i.HAL_GPIO_WritePin)
    HAL_GetTick                              0x080023ed   Thumb Code     6  stm32wbxx_hal.o(i.HAL_GetTick)
    HAL_GetTickFreq                          0x080023f9   Thumb Code     6  stm32wbxx_hal.o(i.HAL_GetTickFreq)
    HAL_GetTickPrio                          0x08002405   Thumb Code     6  stm32wbxx_hal.o(i.HAL_GetTickPrio)
    HAL_HSEM_FreeCallback                    0x08002411   Thumb Code     2  stm32wbxx_hal_hsem.o(i.HAL_HSEM_FreeCallback)
    HAL_HSEM_IRQHandler                      0x08002415   Thumb Code    26  stm32wbxx_hal_hsem.o(i.HAL_HSEM_IRQHandler)
    HAL_IPCC_Init                            0x08002435   Thumb Code    62  stm32wbxx_hal_ipcc.o(i.HAL_IPCC_Init)
    HAL_IPCC_MspInit                         0x08002479   Thumb Code    56  stm32wbxx_hal_msp.o(i.HAL_IPCC_MspInit)
    HAL_IPCC_RxCallback                      0x080024b5   Thumb Code     2  stm32wbxx_hal_ipcc.o(i.HAL_IPCC_RxCallback)
    HAL_IPCC_TxCallback                      0x080024b7   Thumb Code     2  stm32wbxx_hal_ipcc.o(i.HAL_IPCC_TxCallback)
    HAL_IncTick                              0x080024b9   Thumb Code    12  stm32wbxx_hal.o(i.HAL_IncTick)
    HAL_Init                                 0x080024c9   Thumb Code    40  stm32wbxx_hal.o(i.HAL_Init)
    HAL_InitTick                             0x080024f5   Thumb Code    60  stm32wbxx_hal.o(i.HAL_InitTick)
    HAL_MspInit                              0x08002535   Thumb Code    30  stm32wbxx_hal_msp.o(i.HAL_MspInit)
    HAL_NVIC_ClearPendingIRQ                 0x08002553   Thumb Code    26  stm32wbxx_hal_cortex.o(i.HAL_NVIC_ClearPendingIRQ)
    HAL_NVIC_DisableIRQ                      0x0800256d   Thumb Code    34  stm32wbxx_hal_cortex.o(i.HAL_NVIC_DisableIRQ)
    HAL_NVIC_EnableIRQ                       0x0800258f   Thumb Code    26  stm32wbxx_hal_cortex.o(i.HAL_NVIC_EnableIRQ)
    HAL_NVIC_SetPendingIRQ                   0x080025a9   Thumb Code    26  stm32wbxx_hal_cortex.o(i.HAL_NVIC_SetPendingIRQ)
    HAL_NVIC_SetPriority                     0x080025c5   Thumb Code    60  stm32wbxx_hal_cortex.o(i.HAL_NVIC_SetPriority)
    HAL_NVIC_SetPriorityGrouping             0x08002605   Thumb Code    26  stm32wbxx_hal_cortex.o(i.HAL_NVIC_SetPriorityGrouping)
    HAL_PWREx_GetVoltageRange                0x08002629   Thumb Code    10  stm32wbxx_hal_pwr_ex.o(i.HAL_PWREx_GetVoltageRange)
    HAL_PWR_EnableBkUpAccess                 0x08002639   Thumb Code    12  stm32wbxx_hal_pwr.o(i.HAL_PWR_EnableBkUpAccess)
    HAL_RCCEx_PeriphCLKConfig                0x08002649   Thumb Code   530  stm32wbxx_hal_rcc_ex.o(i.HAL_RCCEx_PeriphCLKConfig)
    HAL_RCC_ClockConfig                      0x0800285d   Thumb Code   500  stm32wbxx_hal_rcc.o(i.HAL_RCC_ClockConfig)
    HAL_RCC_GetHCLKFreq                      0x08002a59   Thumb Code    30  stm32wbxx_hal_rcc.o(i.HAL_RCC_GetHCLKFreq)
    HAL_RCC_GetPCLK1Freq                     0x08002a7d   Thumb Code    32  stm32wbxx_hal_rcc.o(i.HAL_RCC_GetPCLK1Freq)
    HAL_RCC_GetPCLK2Freq                     0x08002aa1   Thumb Code    32  stm32wbxx_hal_rcc.o(i.HAL_RCC_GetPCLK2Freq)
    HAL_RCC_GetSysClockFreq                  0x08002ac5   Thumb Code   140  stm32wbxx_hal_rcc.o(i.HAL_RCC_GetSysClockFreq)
    HAL_RCC_OscConfig                        0x08002b59   Thumb Code  1360  stm32wbxx_hal_rcc.o(i.HAL_RCC_OscConfig)
    HAL_RNG_Init                             0x080030b1   Thumb Code    64  stm32wbxx_hal_rng.o(i.HAL_RNG_Init)
    HAL_RNG_MspInit                          0x080030f1   Thumb Code    56  stm32wbxx_hal_msp.o(i.HAL_RNG_MspInit)
    HAL_RTCEx_EnableBypassShadow             0x0800312d   Thumb Code    66  stm32wbxx_hal_rtc_ex.o(i.HAL_RTCEx_EnableBypassShadow)
    HAL_RTCEx_SetWakeUpTimer_IT              0x08003171   Thumb Code   248  stm32wbxx_hal_rtc_ex.o(i.HAL_RTCEx_SetWakeUpTimer_IT)
    HAL_RTC_Init                             0x0800326d   Thumb Code   204  stm32wbxx_hal_rtc.o(i.HAL_RTC_Init)
    HAL_RTC_MspInit                          0x08003341   Thumb Code   100  stm32wbxx_hal_msp.o(i.HAL_RTC_MspInit)
    HAL_RTC_WaitForSynchro                   0x080033a9   Thumb Code    52  stm32wbxx_hal_rtc.o(i.HAL_RTC_WaitForSynchro)
    HAL_SYSTICK_Config                       0x080033dd   Thumb Code    40  stm32wbxx_hal_cortex.o(i.HAL_SYSTICK_Config)
    HAL_UARTEx_DisableFifoMode               0x08003405   Thumb Code    62  stm32wbxx_hal_uart_ex.o(i.HAL_UARTEx_DisableFifoMode)
    HAL_UARTEx_RxEventCallback               0x08003443   Thumb Code     2  stm32wbxx_hal_uart.o(i.HAL_UARTEx_RxEventCallback)
    HAL_UARTEx_RxFifoFullCallback            0x08003445   Thumb Code     2  stm32wbxx_hal_uart_ex.o(i.HAL_UARTEx_RxFifoFullCallback)
    HAL_UARTEx_SetRxFifoThreshold            0x08003447   Thumb Code    76  stm32wbxx_hal_uart_ex.o(i.HAL_UARTEx_SetRxFifoThreshold)
    HAL_UARTEx_SetTxFifoThreshold            0x08003493   Thumb Code    76  stm32wbxx_hal_uart_ex.o(i.HAL_UARTEx_SetTxFifoThreshold)
    HAL_UARTEx_TxFifoEmptyCallback           0x080034df   Thumb Code     2  stm32wbxx_hal_uart_ex.o(i.HAL_UARTEx_TxFifoEmptyCallback)
    HAL_UARTEx_WakeupCallback                0x080034e1   Thumb Code     2  stm32wbxx_hal_uart_ex.o(i.HAL_UARTEx_WakeupCallback)
    HAL_UART_ErrorCallback                   0x080034e3   Thumb Code     2  stm32wbxx_hal_uart.o(i.HAL_UART_ErrorCallback)
    HAL_UART_IRQHandler                      0x080034e5   Thumb Code   766  stm32wbxx_hal_uart.o(i.HAL_UART_IRQHandler)
    HAL_UART_Init                            0x080037f1   Thumb Code   106  stm32wbxx_hal_uart.o(i.HAL_UART_Init)
    HAL_UART_MspInit                         0x0800385d   Thumb Code   344  stm32wbxx_hal_msp.o(i.HAL_UART_MspInit)
    HAL_UART_Receive_IT                      0x080039d1   Thumb Code    66  stm32wbxx_hal_uart.o(i.HAL_UART_Receive_IT)
    HAL_UART_RxCpltCallback                  0x08003a19   Thumb Code    30  hw_uart.o(i.HAL_UART_RxCpltCallback)
    HAL_UART_Transmit_DMA                    0x08003a41   Thumb Code   132  stm32wbxx_hal_uart.o(i.HAL_UART_Transmit_DMA)
    HAL_UART_TxCpltCallback                  0x08003ad1   Thumb Code    30  hw_uart.o(i.HAL_UART_TxCpltCallback)
    HAL_UART_TxHalfCpltCallback              0x08003af9   Thumb Code     2  stm32wbxx_hal_uart.o(i.HAL_UART_TxHalfCpltCallback)
    HIDS_Init                                0x08003afb   Thumb Code     2  svc_ctl.o(i.HIDS_Init)
    HRS_Init                                 0x08003afd   Thumb Code     2  svc_ctl.o(i.HRS_Init)
    HSEM_IRQHandler                          0x08003aff   Thumb Code     4  stm32wbxx_it.o(i.HSEM_IRQHandler)
    HTS_Init                                 0x08003b03   Thumb Code     2  svc_ctl.o(i.HTS_Init)
    HW_IPCC_BLE_AclDataAckNot                0x08003b05   Thumb Code     6  tl_mbox.o(i.HW_IPCC_BLE_AclDataAckNot)
    HW_IPCC_BLE_Init                         0x08003b11   Thumb Code    12  hw_ipcc.o(i.HW_IPCC_BLE_Init)
    HW_IPCC_BLE_RxEvtNot                     0x08003b21   Thumb Code    54  tl_mbox.o(i.HW_IPCC_BLE_RxEvtNot)
    HW_IPCC_BLE_SendCmd                      0x08003b61   Thumb Code    10  hw_ipcc.o(i.HW_IPCC_BLE_SendCmd)
    HW_IPCC_Enable                           0x08003b71   Thumb Code    66  hw_ipcc.o(i.HW_IPCC_Enable)
    HW_IPCC_Init                             0x08003bbd   Thumb Code    56  hw_ipcc.o(i.HW_IPCC_Init)
    HW_IPCC_MM_SendFreeBuf                   0x08003bf9   Thumb Code    40  hw_ipcc.o(i.HW_IPCC_MM_SendFreeBuf)
    HW_IPCC_Rx_Handler                       0x08003c29   Thumb Code    88  hw_ipcc.o(i.HW_IPCC_Rx_Handler)
    HW_IPCC_SYS_CmdEvtNot                    0x08003c85   Thumb Code    28  tl_mbox.o(i.HW_IPCC_SYS_CmdEvtNot)
    HW_IPCC_SYS_EvtNot                       0x08003ca9   Thumb Code    40  tl_mbox.o(i.HW_IPCC_SYS_EvtNot)
    HW_IPCC_SYS_Init                         0x08003cd9   Thumb Code    12  hw_ipcc.o(i.HW_IPCC_SYS_Init)
    HW_IPCC_SYS_SendCmd                      0x08003ce9   Thumb Code    18  hw_ipcc.o(i.HW_IPCC_SYS_SendCmd)
    HW_IPCC_TRACES_EvtNot                    0x08003d01   Thumb Code    30  tl_mbox.o(i.HW_IPCC_TRACES_EvtNot)
    HW_IPCC_TRACES_Init                      0x08003d25   Thumb Code    12  hw_ipcc.o(i.HW_IPCC_TRACES_Init)
    HW_IPCC_Tx_Handler                       0x08003d35   Thumb Code   112  hw_ipcc.o(i.HW_IPCC_Tx_Handler)
    HW_TS_Create                             0x08003dad   Thumb Code    82  hw_timerserver.o(i.HW_TS_Create)
    HW_TS_Init                               0x08003e05   Thumb Code   252  hw_timerserver.o(i.HW_TS_Init)
    HW_TS_RTC_Int_AppNot                     0x08003f15   Thumb Code     2  hw_timerserver.o(i.HW_TS_RTC_Int_AppNot)
    HW_TS_RTC_Wakeup_Handler                 0x08003f19   Thumb Code   174  hw_timerserver.o(i.HW_TS_RTC_Wakeup_Handler)
    HW_TS_Start                              0x08003fd9   Thumb Code   110  hw_timerserver.o(i.HW_TS_Start)
    HW_TS_Stop                               0x08004055   Thumb Code   152  hw_timerserver.o(i.HW_TS_Stop)
    HW_UART_Receive_IT                       0x08004101   Thumb Code    42  hw_uart.o(i.HW_UART_Receive_IT)
    HW_UART_Transmit_DMA                     0x08004141   Thumb Code    76  hw_uart.o(i.HW_UART_Transmit_DMA)
    HardFault_Handler                        0x080041a1   Thumb Code     2  stm32wbxx_it.o(i.HardFault_Handler)
    IAS_Init                                 0x080041a3   Thumb Code     2  svc_ctl.o(i.IAS_Init)
    IPCC_C1_RX_IRQHandler                    0x080041a5   Thumb Code     4  stm32wbxx_it.o(i.IPCC_C1_RX_IRQHandler)
    IPCC_C1_TX_IRQHandler                    0x080041a9   Thumb Code     4  stm32wbxx_it.o(i.IPCC_C1_TX_IRQHandler)
    IPCC_Reset_Register                      0x080041ad   Thumb Code    16  stm32wbxx_hal_ipcc.o(i.IPCC_Reset_Register)
    IPCC_SetDefaultCallbacks                 0x080041bd   Thumb Code    24  stm32wbxx_hal_ipcc.o(i.IPCC_SetDefaultCallbacks)
    Init_Exti                                0x080041dd   Thumb Code    12  app_entry.o(i.Init_Exti)
    LLS_Init                                 0x080041ed   Thumb Code     2  svc_ctl.o(i.LLS_Init)
    LPUART1_IRQHandler                       0x080043a5   Thumb Code     6  stm32wbxx_it.o(i.LPUART1_IRQHandler)
    LST_init_head                            0x080043b1   Thumb Code     6  stm_list.o(i.LST_init_head)
    LST_insert_head                          0x080043b7   Thumb Code    24  stm_list.o(i.LST_insert_head)
    LST_insert_tail                          0x080043cf   Thumb Code    24  stm_list.o(i.LST_insert_tail)
    LST_is_empty                             0x080043e7   Thumb Code    24  stm_list.o(i.LST_is_empty)
    LST_remove_head                          0x080043ff   Thumb Code    24  stm_list.o(i.LST_remove_head)
    LST_remove_node                          0x08004417   Thumb Code    24  stm_list.o(i.LST_remove_node)
    MESH_Init                                0x0800446d   Thumb Code     2  svc_ctl.o(i.MESH_Init)
    MOTENV_STM_Init                          0x0800446f   Thumb Code     2  svc_ctl.o(i.MOTENV_STM_Init)
    MX_APPE_Config                           0x08004471   Thumb Code    50  app_entry.o(i.MX_APPE_Config)
    MX_APPE_Init                             0x080044ad   Thumb Code   206  app_entry.o(i.MX_APPE_Init)
    MX_APPE_Process                          0x080045a5   Thumb Code     8  app_entry.o(i.MX_APPE_Process)
    MX_USART1_UART_Init                      0x080045ad   Thumb Code    70  main.o(i.MX_USART1_UART_Init)
    MemManage_Handler                        0x080045fd   Thumb Code     2  stm32wbxx_it.o(i.MemManage_Handler)
    NMI_Handler                              0x080045ff   Thumb Code     2  stm32wbxx_it.o(i.NMI_Handler)
    OTAS_STM_Init                            0x0800461d   Thumb Code     2  svc_ctl.o(i.OTAS_STM_Init)
    OTP_Read                                 0x08004621   Thumb Code    30  otp.o(i.OTP_Read)
    Osal_MemCpy                              0x08004649   Thumb Code     4  osal.o(i.Osal_MemCpy)
    Osal_MemSet                              0x0800464d   Thumb Code     4  osal.o(i.Osal_MemSet)
    P2PS_APP_Init                            0x08004655   Thumb Code    26  p2p_server_app.o(i.P2PS_APP_Init)
    P2PS_APP_Notification                    0x080046ad   Thumb Code    16  p2p_server_app.o(i.P2PS_APP_Notification)
    P2PS_APP_SW1_Button_Action               0x080046bd   Thumb Code     8  p2p_server_app.o(i.P2PS_APP_SW1_Button_Action)
    P2PS_STM_App_Notification                0x080046c5   Thumb Code   172  p2p_server_app.o(i.P2PS_STM_App_Notification)
    P2PS_STM_App_Update_Char                 0x08004881   Thumb Code    34  p2p_stm.o(i.P2PS_STM_App_Update_Char)
    P2PS_STM_Init                            0x080048a9   Thumb Code   374  p2p_stm.o(i.P2PS_STM_Init)
    PendSV_Handler                           0x08004b41   Thumb Code     2  stm32wbxx_it.o(i.PendSV_Handler)
    PeriphCommonClock_Config                 0x08004b43   Thumb Code    42  main.o(i.PeriphCommonClock_Config)
    RTC_EnterInitMode                        0x08004dad   Thumb Code    56  stm32wbxx_hal_rtc.o(i.RTC_EnterInitMode)
    RTC_WKUP_IRQHandler                      0x08004de5   Thumb Code     4  stm32wbxx_it.o(i.RTC_WKUP_IRQHandler)
    SEQ_BitPosition                          0x08005021   Thumb Code    46  stm32_seq.o(i.SEQ_BitPosition)
    SHCI_C2_BLE_Init                         0x08005055   Thumb Code    26  shci.o(i.SHCI_C2_BLE_Init)
    SHCI_C2_Config                           0x0800506f   Thumb Code    24  shci.o(i.SHCI_C2_Config)
    SHCI_C2_DEBUG_Init                       0x08005087   Thumb Code    26  shci.o(i.SHCI_C2_DEBUG_Init)
    SHCI_GetWirelessFwInfo                   0x080050a1   Thumb Code   116  shci.o(i.SHCI_GetWirelessFwInfo)
    SVCCTL_App_Notification                  0x08005121   Thumb Code  1670  app_ble.o(i.SVCCTL_App_Notification)
    SVCCTL_Init                              0x08005829   Thumb Code    18  svc_ctl.o(i.SVCCTL_Init)
    SVCCTL_InitCustomSvc                     0x08005841   Thumb Code     2  svc_ctl.o(i.SVCCTL_InitCustomSvc)
    SVCCTL_RegisterSvcHandler                0x08005845   Thumb Code    16  svc_ctl.o(i.SVCCTL_RegisterSvcHandler)
    SVCCTL_SvcInit                           0x08005859   Thumb Code    76  svc_ctl.o(i.SVCCTL_SvcInit)
    SVCCTL_UserEvtRx                         0x080058a5   Thumb Code    80  svc_ctl.o(i.SVCCTL_UserEvtRx)
    SVC_Handler                              0x080058f9   Thumb Code     2  stm32wbxx_it.o(i.SVC_Handler)
    SysTick_Handler                          0x0800592f   Thumb Code     4  stm32wbxx_it.o(i.SysTick_Handler)
    SystemClock_Config                       0x08005935   Thumb Code   124  main.o(i.SystemClock_Config)
    SystemInit                               0x080059b5   Thumb Code    86  system_stm32wbxx.o(i.SystemInit)
    TL_BLE_Init                              0x08005a19   Thumb Code    48  tl_mbox.o(i.TL_BLE_Init)
    TL_BLE_SendCmd                           0x08005a59   Thumb Code    30  tl_mbox.o(i.TL_BLE_SendCmd)
    TL_Enable                                0x08005a7d   Thumb Code     4  tl_mbox.o(i.TL_Enable)
    TL_Init                                  0x08005a81   Thumb Code    46  tl_mbox.o(i.TL_Init)
    TL_MM_EvtDone                            0x08005ab9   Thumb Code    30  tl_mbox.o(i.TL_MM_EvtDone)
    TL_MM_Init                               0x08005ae1   Thumb Code    56  tl_mbox.o(i.TL_MM_Init)
    TL_SYS_Init                              0x08005b25   Thumb Code    40  tl_mbox.o(i.TL_SYS_Init)
    TL_SYS_SendCmd                           0x08005b59   Thumb Code    30  tl_mbox.o(i.TL_SYS_SendCmd)
    TL_TRACES_EvtReceived                    0x08005b7d   Thumb Code     2  tl_mbox.o(i.TL_TRACES_EvtReceived)
    TL_TRACES_Init                           0x08005b81   Thumb Code    24  tl_mbox.o(i.TL_TRACES_Init)
    TPS_Init                                 0x08005ba1   Thumb Code     2  svc_ctl.o(i.TPS_Init)
    UART_AdvFeatureConfig                    0x08005c41   Thumb Code   200  stm32wbxx_hal_uart.o(i.UART_AdvFeatureConfig)
    UART_CheckIdleState                      0x08005d09   Thumb Code   172  stm32wbxx_hal_uart.o(i.UART_CheckIdleState)
    UART_SetConfig                           0x080063b1   Thumb Code   492  stm32wbxx_hal_uart.o(i.UART_SetConfig)
    UART_Start_Receive_IT                    0x080065b9   Thumb Code   256  stm32wbxx_hal_uart.o(i.UART_Start_Receive_IT)
    UART_WaitOnFlagUntilTimeout              0x080066c9   Thumb Code   146  stm32wbxx_hal_uart.o(i.UART_WaitOnFlagUntilTimeout)
    USART1_IRQHandler                        0x0800675d   Thumb Code     6  stm32wbxx_it.o(i.USART1_IRQHandler)
    UTIL_LPM_Init                            0x08006769   Thumb Code    10  stm32_lpm.o(i.UTIL_LPM_Init)
    UTIL_LPM_SetOffMode                      0x08006779   Thumb Code    32  stm32_lpm.o(i.UTIL_LPM_SetOffMode)
    UTIL_SEQ_EvtIdle                         0x0800679d   Thumb Code     8  app_entry.o(i.UTIL_SEQ_EvtIdle)
    UTIL_SEQ_Idle                            0x080067a5   Thumb Code     2  app_entry.o(i.UTIL_SEQ_Idle)
    UTIL_SEQ_PauseTask                       0x080067a9   Thumb Code    20  stm32_seq.o(i.UTIL_SEQ_PauseTask)
    UTIL_SEQ_PostIdle                        0x080067c1   Thumb Code     2  stm32_seq.o(i.UTIL_SEQ_PostIdle)
    UTIL_SEQ_PreIdle                         0x080067c3   Thumb Code     2  stm32_seq.o(i.UTIL_SEQ_PreIdle)
    UTIL_SEQ_RegTask                         0x080067c5   Thumb Code    26  stm32_seq.o(i.UTIL_SEQ_RegTask)
    UTIL_SEQ_ResumeTask                      0x080067e5   Thumb Code    20  stm32_seq.o(i.UTIL_SEQ_ResumeTask)
    UTIL_SEQ_Run                             0x080067fd   Thumb Code   204  stm32_seq.o(i.UTIL_SEQ_Run)
    UTIL_SEQ_SetEvt                          0x080068d1   Thumb Code    20  stm32_seq.o(i.UTIL_SEQ_SetEvt)
    UTIL_SEQ_SetTask                         0x080068e9   Thumb Code    34  stm32_seq.o(i.UTIL_SEQ_SetTask)
    UTIL_SEQ_WaitEvt                         0x08006915   Thumb Code    70  stm32_seq.o(i.UTIL_SEQ_WaitEvt)
    UsageFault_Handler                       0x08006a69   Thumb Code     2  stm32wbxx_it.o(i.UsageFault_Handler)
    ZDD_STM_Init                             0x08006a6b   Thumb Code     2  svc_ctl.o(i.ZDD_STM_Init)
    __0printf                                0x08006a6d   Thumb Code    22  printfa.o(i.__0printf)
    __1printf                                0x08006a6d   Thumb Code     0  printfa.o(i.__0printf)
    __2printf                                0x08006a6d   Thumb Code     0  printfa.o(i.__0printf)
    __c89printf                              0x08006a6d   Thumb Code     0  printfa.o(i.__0printf)
    printf                                   0x08006a6d   Thumb Code     0  printfa.o(i.__0printf)
    __scatterload_copy                       0x08006aad   Thumb Code    14  handlers.o(i.__scatterload_copy)
    __scatterload_null                       0x08006abb   Thumb Code     2  handlers.o(i.__scatterload_null)
    __scatterload_zeroinit                   0x08006abd   Thumb Code    14  handlers.o(i.__scatterload_zeroinit)
    aci_gap_allow_rebond                     0x08007357   Thumb Code    74  ble_gap_aci.o(i.aci_gap_allow_rebond)
    aci_gap_configure_filter_accept_list     0x080073a1   Thumb Code    64  ble_gap_aci.o(i.aci_gap_configure_filter_accept_list)
    aci_gap_init                             0x080073e1   Thumb Code   132  ble_gap_aci.o(i.aci_gap_init)
    aci_gap_numeric_comparison_value_confirm_yesno 0x08007465   Thumb Code    80  ble_gap_aci.o(i.aci_gap_numeric_comparison_value_confirm_yesno)
    aci_gap_pass_key_resp                    0x080074b5   Thumb Code    80  ble_gap_aci.o(i.aci_gap_pass_key_resp)
    aci_gap_set_authentication_requirement   0x08007505   Thumb Code   114  ble_gap_aci.o(i.aci_gap_set_authentication_requirement)
    aci_gap_set_discoverable                 0x08007577   Thumb Code   160  ble_gap_aci.o(i.aci_gap_set_discoverable)
    aci_gap_set_io_capability                0x08007617   Thumb Code    74  ble_gap_aci.o(i.aci_gap_set_io_capability)
    aci_gap_set_non_discoverable             0x08007661   Thumb Code    64  ble_gap_aci.o(i.aci_gap_set_non_discoverable)
    aci_gap_update_adv_data                  0x080076a1   Thumb Code    88  ble_gap_aci.o(i.aci_gap_update_adv_data)
    aci_gatt_add_char                        0x080076f9   Thumb Code   190  ble_gatt_aci.o(i.aci_gatt_add_char)
    aci_gatt_add_service                     0x080077b7   Thumb Code   170  ble_gatt_aci.o(i.aci_gatt_add_service)
    aci_gatt_init                            0x08007861   Thumb Code    66  ble_gatt_aci.o(i.aci_gatt_init)
    aci_gatt_update_char_value               0x080078a3   Thumb Code   106  ble_gatt_aci.o(i.aci_gatt_update_char_value)
    aci_hal_set_radio_activity_mask          0x0800790d   Thumb Code    74  ble_hal_aci.o(i.aci_hal_set_radio_activity_mask)
    aci_hal_set_tx_power_level               0x08007957   Thumb Code    80  ble_hal_aci.o(i.aci_hal_set_tx_power_level)
    aci_hal_write_config_data                0x080079a7   Thumb Code    96  ble_hal_aci.o(i.aci_hal_write_config_data)
    aci_l2cap_connection_parameter_update_req 0x08007a07   Thumb Code   100  ble_l2cap_aci.o(i.aci_l2cap_connection_parameter_update_req)
    fputc                                    0x08007a6b   Thumb Code    22  dbg_trace.o(i.fputc)
    hci_cmd_resp_release                     0x08007a81   Thumb Code     6  app_ble.o(i.hci_cmd_resp_release)
    hci_cmd_resp_wait                        0x08007a87   Thumb Code     6  app_ble.o(i.hci_cmd_resp_wait)
    hci_init                                 0x08007a8d   Thumb Code    64  hci_tl.o(i.hci_init)
    hci_le_read_phy                          0x08007add   Thumb Code   104  ble_hci_le.o(i.hci_le_read_phy)
    hci_le_set_default_phy                   0x08007b45   Thumb Code    84  ble_hci_le.o(i.hci_le_set_default_phy)
    hci_notify_asynch_evt                    0x08007b99   Thumb Code     8  app_ble.o(i.hci_notify_asynch_evt)
    hci_register_io_bus                      0x08007ba1   Thumb Code    10  hci_tl_if.o(i.hci_register_io_bus)
    hci_reset                                0x08007bb5   Thumb Code    62  ble_hci_le.o(i.hci_reset)
    hci_send_req                             0x08007bf5   Thumb Code   178  hci_tl.o(i.hci_send_req)
    hci_user_evt_proc                        0x08007cb5   Thumb Code    98  hci_tl.o(i.hci_user_evt_proc)
    main                                     0x08007dd1   Thumb Code   162  main.o(i.main)
    shci_cmd_resp_release                    0x08007e89   Thumb Code     6  app_entry.o(i.shci_cmd_resp_release)
    shci_cmd_resp_wait                       0x08007e8f   Thumb Code     6  app_entry.o(i.shci_cmd_resp_wait)
    shci_init                                0x08007e95   Thumb Code    66  shci_tl.o(i.shci_init)
    shci_notify_asynch_evt                   0x08007eed   Thumb Code     8  app_entry.o(i.shci_notify_asynch_evt)
    shci_register_io_bus                     0x08007ef5   Thumb Code    10  shci_tl_if.o(i.shci_register_io_bus)
    shci_send                                0x08007f09   Thumb Code    90  shci_tl.o(i.shci_send)
    shci_user_evt_proc                       0x08007f71   Thumb Code    98  shci_tl.o(i.shci_user_evt_proc)
    BUTTON_IRQn                              0x08008192   Data           3  stm32wbxx_nucleo.o(.constdata)
    GPIO_PIN                                 0x08008196   Data           6  stm32wbxx_nucleo.o(.constdata)
    BUTTON_PIN                               0x0800819c   Data           6  stm32wbxx_nucleo.o(.constdata)
    AHBPrescTable                            0x080081a4   Data          64  system_stm32wbxx.o(.constdata)
    MSIRangeTable                            0x080081e4   Data          64  system_stm32wbxx.o(.constdata)
    APBPrescTable                            0x08008224   Data          32  system_stm32wbxx.o(.constdata)
    UARTPrescTable                           0x08008244   Data          24  stm32wbxx_hal_uart.o(.constdata)
    SEQ_clz_table_4bit                       0x08008298   Data          16  stm32_seq.o(.constdata)
    Region$$Table$$Base                      0x080087ec   Number         0  anon$$obj.o(Region$$Table)
    Region$$Table$$Limit                     0x0800882c   Number         0  anon$$obj.o(Region$$Table)
    exti_handle                              0x2000000c   Data           8  app_entry.o(.data)
    HW_huart1RxCb                            0x2000002c   Data           4  hw_uart.o(.data)
    HW_huart1TxCb                            0x20000030   Data           4  hw_uart.o(.data)
    HW_hlpuart1RxCb                          0x20000034   Data           4  hw_uart.o(.data)
    HW_hlpuart1TxCb                          0x20000038   Data           4  hw_uart.o(.data)
    index_con_int                            0x2000003c   Data           1  app_ble.o(.data)
    mutex                                    0x2000003d   Data           1  app_ble.o(.data)
    HandleNotification                       0x20000042   Data           4  app_ble.o(.data)
    a_ConnInterval                           0x2000004c   Data           8  app_ble.o(.data)
    a_ManufData                              0x20000054   Data          14  app_ble.o(.data)
    GPIO_PORT                                0x20000070   Data          12  stm32wbxx_nucleo.o(.data)
    BUTTON_PORT                              0x2000007c   Data          12  stm32wbxx_nucleo.o(.data)
    SystemCoreClock                          0x20000088   Data           4  system_stm32wbxx.o(.data)
    uwTickFreq                               0x2000008c   Data           1  stm32wbxx_hal.o(.data)
    uwTickPrio                               0x20000090   Data           4  stm32wbxx_hal.o(.data)
    uwTick                                   0x20000094   Data           4  stm32wbxx_hal.o(.data)
    DbgTracePeripheralReady                  0x200000b4   Data           1  dbg_trace.o(.data)
    __stdout                                 0x200000f0   Data           4  stdout.o(.data)
    SVCCTL_CltHandler                        0x200000f4   Data           1  svc_ctl.o(BLE_DRIVER_CONTEXT)
    SVCCTL_EvtHandler                        0x200000f8   Data           8  svc_ctl.o(BLE_DRIVER_CONTEXT)
    UserEventFlow                            0x20000108   Data           1  hci_tl.o(BLE_DRIVER_CONTEXT)
    SHCI_TL_UserEventFlow                    0x20000119   Data           1  shci_tl.o(SYSTEM_DRIVER_CONTEXT)
    hipcc                                    0x20000128   Data          60  main.o(.bss)
    hlpuart1                                 0x20000164   Data         148  main.o(.bss)
    huart1                                   0x200001f8   Data         148  main.o(.bss)
    hrng                                     0x2000028c   Data          20  main.o(.bss)
    hrtc                                     0x200002a0   Data          36  main.o(.bss)
    hdma_lpuart1_tx                          0x200002c4   Data          96  main.o(.bss)
    hdma_usart1_tx                           0x20000324   Data          96  main.o(.bss)
    __initial_sp                             0x20002688   Data           0  startup_stm32wb55xx_cm4.o(STACK)



==============================================================================

Memory Map of the image

  Image Entry point : 0x0800013d

  Load Region LR_IROM1 (Base: 0x08000000, Size: 0x000093b4, Max: 0x00080000, ABSOLUTE, COMPRESSED[0x0000898c])

    Execution Region ER_IROM1 (Exec base: 0x08000000, Load base: 0x08000000, Size: 0x0000882c, Max: 0x00080000, ABSOLUTE)

    Exec Addr    Load Addr    Size         Type   Attr      Idx    E Section Name        Object

    0x08000000   0x08000000   0x0000013c   Data   RO            3    RESET               startup_stm32wb55xx_cm4.o
    0x0800013c   0x0800013c   0x00000000   Code   RO         8838  * .ARM.Collect$$$$00000000  mc_w.l(entry.o)
    0x0800013c   0x0800013c   0x00000004   Code   RO         9135    .ARM.Collect$$$$00000001  mc_w.l(entry2.o)
    0x08000140   0x08000140   0x00000004   Code   RO         9138    .ARM.Collect$$$$00000004  mc_w.l(entry5.o)
    0x08000144   0x08000144   0x00000000   Code   RO         9140    .ARM.Collect$$$$00000008  mc_w.l(entry7b.o)
    0x08000144   0x08000144   0x00000000   Code   RO         9142    .ARM.Collect$$$$0000000A  mc_w.l(entry8b.o)
    0x08000144   0x08000144   0x00000008   Code   RO         9143    .ARM.Collect$$$$0000000B  mc_w.l(entry9a.o)
    0x0800014c   0x0800014c   0x00000004   Code   RO         9150    .ARM.Collect$$$$0000000E  mc_w.l(entry12b.o)
    0x08000150   0x08000150   0x00000000   Code   RO         9145    .ARM.Collect$$$$0000000F  mc_w.l(entry10a.o)
    0x08000150   0x08000150   0x00000000   Code   RO         9147    .ARM.Collect$$$$00000011  mc_w.l(entry11a.o)
    0x08000150   0x08000150   0x00000004   Code   RO         9136    .ARM.Collect$$$$00002712  mc_w.l(entry2.o)
    0x08000154   0x08000154   0x00000024   Code   RO            4    .text               startup_stm32wb55xx_cm4.o
    0x08000178   0x08000178   0x00000062   Code   RO         8846    .text               mc_w.l(uldiv.o)
    0x080001da   0x080001da   0x00000028   Code   RO         8850    .text               mc_w.l(memcpy.o)
    0x08000202   0x08000202   0x00000024   Code   RO         8856    .text               mc_w.l(memseta.o)
    0x08000226   0x08000226   0x0000000e   Code   RO         8858    .text               mc_w.l(strlen.o)
    0x08000234   0x08000234   0x0000001c   Code   RO         8860    .text               mc_w.l(strcmp.o)
    0x08000250   0x08000250   0x000000e4   Code   RO         9131    .text               mf_w.l(dmul.o)
    0x08000334   0x08000334   0x0000001a   Code   RO         9133    .text               mf_w.l(dfltui.o)
    0x0800034e   0x0800034e   0x0000002c   Code   RO         9152    .text               mc_w.l(uidiv.o)
    0x0800037a   0x0800037a   0x0000001e   Code   RO         9154    .text               mc_w.l(llshl.o)
    0x08000398   0x08000398   0x00000020   Code   RO         9156    .text               mc_w.l(llushr.o)
    0x080003b8   0x080003b8   0x00000000   Code   RO         9158    .text               mc_w.l(iusefp.o)
    0x080003b8   0x080003b8   0x000000ba   Code   RO         9159    .text               mf_w.l(depilogue.o)
    0x08000472   0x08000472   0x0000014e   Code   RO         9161    .text               mf_w.l(dadd.o)
    0x080005c0   0x080005c0   0x000000de   Code   RO         9163    .text               mf_w.l(ddiv.o)
    0x0800069e   0x0800069e   0x00000030   Code   RO         9165    .text               mf_w.l(dfixul.o)
    0x080006ce   0x080006ce   0x00000002   PAD
    0x080006d0   0x080006d0   0x00000030   Code   RO         9167    .text               mf_w.l(cdrcmple.o)
    0x08000700   0x08000700   0x00000024   Code   RO         9169    .text               mc_w.l(init.o)
    0x08000724   0x08000724   0x00000024   Code   RO         9171    .text               mc_w.l(llsshr.o)
    0x08000748   0x08000748   0x00000056   Code   RO         9181    .text               mc_w.l(__dczerorl2.o)
    0x0800079e   0x0800079e   0x00000002   PAD
    0x080007a0   0x080007a0   0x00000020   Code   RO          277    i.APPD_EnableCPU2   app_debug.o
    0x080007c0   0x080007c0   0x00000024   Code   RO          278    i.APPD_Init         app_debug.o
    0x080007e4   0x080007e4   0x000000e4   Code   RO          279    i.APPD_SetCPU2GpioConfig  app_debug.o
    0x080008c8   0x080008c8   0x000000c4   Code   RO          381    i.APPE_SysEvtError  app_entry.o
    0x0800098c   0x0800098c   0x00000144   Code   RO          382    i.APPE_SysEvtReadyProcessing  app_entry.o
    0x08000ad0   0x08000ad0   0x00000002   Code   RO          383    i.APPE_SysStatusNot  app_entry.o
    0x08000ad2   0x08000ad2   0x00000002   PAD
    0x08000ad4   0x08000ad4   0x0000022c   Code   RO          384    i.APPE_SysUserEvtRx  app_entry.o
    0x08000d00   0x08000d00   0x00000194   Code   RO         1304    i.APP_BLE_Init      app_ble.o
    0x08000e94   0x08000e94   0x00000004   Code   RO         1305    i.APP_BLE_Key_Button1_Action  app_ble.o
    0x08000e98   0x08000e98   0x00000008   Code   RO         1306    i.APP_BLE_Key_Button2_Action  app_ble.o
    0x08000ea0   0x08000ea0   0x00000002   Code   RO         1307    i.APP_BLE_Key_Button3_Action  app_ble.o
    0x08000ea2   0x08000ea2   0x00000002   PAD
    0x08000ea4   0x08000ea4   0x00000080   Code   RO         1308    i.Adv_Cancel        app_ble.o
    0x08000f24   0x08000f24   0x00000008   Code   RO         1309    i.Adv_Cancel_Req    app_ble.o
    0x08000f2c   0x08000f2c   0x00000210   Code   RO         1310    i.Adv_Request       app_ble.o
    0x0800113c   0x0800113c   0x00000002   Code   RO         6921    i.BAS_Init          svc_ctl.o
    0x0800113e   0x0800113e   0x00000002   PAD
    0x08001140   0x08001140   0x000000b8   Code   RO         1311    i.BLE_SVC_L2CAP_Conn_Update  app_ble.o
    0x080011f8   0x080011f8   0x00000014   Code   RO         1312    i.BLE_StatusNot     app_ble.o
    0x0800120c   0x0800120c   0x00000014   Code   RO         1313    i.BLE_UserEvtRx     app_ble.o
    0x08001220   0x08001220   0x00000002   Code   RO         6922    i.BLS_Init          svc_ctl.o
    0x08001222   0x08001222   0x00000002   PAD
    0x08001224   0x08001224   0x00000050   Code   RO         2438    i.BSP_LED_Init      stm32wbxx_nucleo.o
    0x08001274   0x08001274   0x0000001c   Code   RO         2439    i.BSP_LED_Off       stm32wbxx_nucleo.o
    0x08001290   0x08001290   0x0000001c   Code   RO         2440    i.BSP_LED_On        stm32wbxx_nucleo.o
    0x080012ac   0x080012ac   0x0000008c   Code   RO         2444    i.BSP_PB_Init       stm32wbxx_nucleo.o
    0x08001338   0x08001338   0x00000002   Code   RO         6923    i.BVOPUS_STM_Init   svc_ctl.o
    0x0800133a   0x0800133a   0x00000002   PAD
    0x0800133c   0x0800133c   0x00000044   Code   RO         1314    i.BleGetBdAddress   app_ble.o
    0x08001380   0x08001380   0x00000584   Code   RO         1315    i.Ble_Hci_Gap_Gatt_Init  app_ble.o
    0x08001904   0x08001904   0x00000002   Code   RO          964    i.BusFault_Handler  stm32wbxx_it.o
    0x08001906   0x08001906   0x00000002   Code   RO         6924    i.CRS_STM_Init      svc_ctl.o
    0x08001908   0x08001908   0x000001f6   Code   RO         6831    i.CircularQueue_Add  stm_queue.o
    0x08001afe   0x08001afe   0x00000024   Code   RO         6833    i.CircularQueue_Init  stm_queue.o
    0x08001b22   0x08001b22   0x000000c2   Code   RO         6835    i.CircularQueue_Remove  stm_queue.o
    0x08001be4   0x08001be4   0x00000096   Code   RO         6837    i.CircularQueue_Sense  stm_queue.o
    0x08001c7a   0x08001c7a   0x00000002   PAD
    0x08001c7c   0x08001c7c   0x0000002c   Code   RO         8574    i.Cmd_SetStatus     shci_tl.o
    0x08001ca8   0x08001ca8   0x0000001c   Code   RO         1316    i.Connection_Interval_Update_Req  app_ble.o
    0x08001cc4   0x08001cc4   0x00000002   Code   RO         6925    i.DIS_Init          svc_ctl.o
    0x08001cc6   0x08001cc6   0x00000002   PAD
    0x08001cc8   0x08001cc8   0x0000000c   Code   RO          965    i.DMA1_Channel4_IRQHandler  stm32wbxx_it.o
    0x08001cd4   0x08001cd4   0x0000000c   Code   RO          966    i.DMA2_Channel4_IRQHandler  stm32wbxx_it.o
    0x08001ce0   0x08001ce0   0x00000040   Code   RO         4699    i.DMA_CalcDMAMUXChannelBaseAndMask  stm32wbxx_hal_dma.o
    0x08001d20   0x08001d20   0x00000028   Code   RO         4700    i.DMA_CalcDMAMUXRequestGenBaseAndMask  stm32wbxx_hal_dma.o
    0x08001d48   0x08001d48   0x0000003e   Code   RO         4701    i.DMA_SetConfig     stm32wbxx_hal_dma.o
    0x08001d86   0x08001d86   0x00000004   Code   RO          280    i.DbgOutputInit     app_debug.o
    0x08001d8a   0x08001d8a   0x0000000c   Code   RO          281    i.DbgOutputTraces   app_debug.o
    0x08001d96   0x08001d96   0x00000002   PAD
    0x08001d98   0x08001d98   0x00000020   Code   RO         6637    i.DbgTraceInit      dbg_trace.o
    0x08001db8   0x08001db8   0x00000058   Code   RO         6638    i.DbgTraceWrite     dbg_trace.o
    0x08001e10   0x08001e10   0x00000044   Code   RO         6639    i.DbgTrace_TxCpltCallback  dbg_trace.o
    0x08001e54   0x08001e54   0x00000002   Code   RO          967    i.DebugMon_Handler  stm32wbxx_it.o
    0x08001e56   0x08001e56   0x00000002   Code   RO         6926    i.EDS_STM_Init      svc_ctl.o
    0x08001e58   0x08001e58   0x00000006   Code   RO          968    i.EXTI0_IRQHandler  stm32wbxx_it.o
    0x08001e5e   0x08001e5e   0x00000006   Code   RO          969    i.EXTI1_IRQHandler  stm32wbxx_it.o
    0x08001e64   0x08001e64   0x00000006   Code   RO          970    i.EXTI4_IRQHandler  stm32wbxx_it.o
    0x08001e6a   0x08001e6a   0x00000002   Code   RO           13    i.Error_Handler     main.o
    0x08001e6c   0x08001e6c   0x00000010   Code   RO         5437    i.HAL_DBGMCU_EnableDBGSleepMode  stm32wbxx_hal.o
    0x08001e7c   0x08001e7c   0x00000010   Code   RO         5439    i.HAL_DBGMCU_EnableDBGStopMode  stm32wbxx_hal.o
    0x08001e8c   0x08001e8c   0x00000058   Code   RO         4805    i.HAL_DMAEx_ConfigMuxSync  stm32wbxx_hal_dma_ex.o
    0x08001ee4   0x08001ee4   0x0000006e   Code   RO         4702    i.HAL_DMA_Abort     stm32wbxx_hal_dma.o
    0x08001f52   0x08001f52   0x00000070   Code   RO         4703    i.HAL_DMA_Abort_IT  stm32wbxx_hal_dma.o
    0x08001fc2   0x08001fc2   0x000000ba   Code   RO         4707    i.HAL_DMA_IRQHandler  stm32wbxx_hal_dma.o
    0x0800207c   0x0800207c   0x000000c4   Code   RO         4708    i.HAL_DMA_Init      stm32wbxx_hal_dma.o
    0x08002140   0x08002140   0x0000008c   Code   RO         4712    i.HAL_DMA_Start_IT  stm32wbxx_hal_dma.o
    0x080021cc   0x080021cc   0x00000034   Code   RO          385    i.HAL_Delay         app_entry.o
    0x08002200   0x08002200   0x0000001c   Code   RO         2768    i.HAL_EXTI_GenerateSWI  stm32wbxx_hal_exti.o
    0x0800221c   0x0800221c   0x0000001a   Code   RO          386    i.HAL_GPIO_EXTI_Callback  app_entry.o
    0x08002236   0x08002236   0x00000002   PAD
    0x08002238   0x08002238   0x00000018   Code   RO         2840    i.HAL_GPIO_EXTI_IRQHandler  stm32wbxx_hal_gpio.o
    0x08002250   0x08002250   0x00000190   Code   RO         2841    i.HAL_GPIO_Init     stm32wbxx_hal_gpio.o
    0x080023e0   0x080023e0   0x0000000a   Code   RO         2846    i.HAL_GPIO_WritePin  stm32wbxx_hal_gpio.o
    0x080023ea   0x080023ea   0x00000002   PAD
    0x080023ec   0x080023ec   0x0000000c   Code   RO         5445    i.HAL_GetTick       stm32wbxx_hal.o
    0x080023f8   0x080023f8   0x0000000c   Code   RO         5446    i.HAL_GetTickFreq   stm32wbxx_hal.o
    0x08002404   0x08002404   0x0000000c   Code   RO         5447    i.HAL_GetTickPrio   stm32wbxx_hal.o
    0x08002410   0x08002410   0x00000002   Code   RO         4618    i.HAL_HSEM_FreeCallback  stm32wbxx_hal_hsem.o
    0x08002412   0x08002412   0x00000002   PAD
    0x08002414   0x08002414   0x00000020   Code   RO         4620    i.HAL_HSEM_IRQHandler  stm32wbxx_hal_hsem.o
    0x08002434   0x08002434   0x00000044   Code   RO         2564    i.HAL_IPCC_Init     stm32wbxx_hal_ipcc.o
    0x08002478   0x08002478   0x0000003c   Code   RO         1107    i.HAL_IPCC_MspInit  stm32wbxx_hal_msp.o
    0x080024b4   0x080024b4   0x00000002   Code   RO         2569    i.HAL_IPCC_RxCallback  stm32wbxx_hal_ipcc.o
    0x080024b6   0x080024b6   0x00000002   Code   RO         2571    i.HAL_IPCC_TxCallback  stm32wbxx_hal_ipcc.o
    0x080024b8   0x080024b8   0x00000010   Code   RO         5451    i.HAL_IncTick       stm32wbxx_hal.o
    0x080024c8   0x080024c8   0x0000002c   Code   RO         5452    i.HAL_Init          stm32wbxx_hal.o
    0x080024f4   0x080024f4   0x00000040   Code   RO         5453    i.HAL_InitTick      stm32wbxx_hal.o
    0x08002534   0x08002534   0x0000001e   Code   RO         1108    i.HAL_MspInit       stm32wbxx_hal_msp.o
    0x08002552   0x08002552   0x0000001a   Code   RO         5308    i.HAL_NVIC_ClearPendingIRQ  stm32wbxx_hal_cortex.o
    0x0800256c   0x0800256c   0x00000022   Code   RO         5309    i.HAL_NVIC_DisableIRQ  stm32wbxx_hal_cortex.o
    0x0800258e   0x0800258e   0x0000001a   Code   RO         5310    i.HAL_NVIC_EnableIRQ  stm32wbxx_hal_cortex.o
    0x080025a8   0x080025a8   0x0000001a   Code   RO         5314    i.HAL_NVIC_SetPendingIRQ  stm32wbxx_hal_cortex.o
    0x080025c2   0x080025c2   0x00000002   PAD
    0x080025c4   0x080025c4   0x00000040   Code   RO         5315    i.HAL_NVIC_SetPriority  stm32wbxx_hal_cortex.o
    0x08002604   0x08002604   0x00000024   Code   RO         5316    i.HAL_NVIC_SetPriorityGrouping  stm32wbxx_hal_cortex.o
    0x08002628   0x08002628   0x00000010   Code   RO         5011    i.HAL_PWREx_GetVoltageRange  stm32wbxx_hal_pwr_ex.o
    0x08002638   0x08002638   0x00000010   Code   RO         4859    i.HAL_PWR_EnableBkUpAccess  stm32wbxx_hal_pwr.o
    0x08002648   0x08002648   0x00000212   Code   RO         4091    i.HAL_RCCEx_PeriphCLKConfig  stm32wbxx_hal_rcc_ex.o
    0x0800285a   0x0800285a   0x00000002   PAD
    0x0800285c   0x0800285c   0x000001fc   Code   RO         3895    i.HAL_RCC_ClockConfig  stm32wbxx_hal_rcc.o
    0x08002a58   0x08002a58   0x00000024   Code   RO         3901    i.HAL_RCC_GetHCLKFreq  stm32wbxx_hal_rcc.o
    0x08002a7c   0x08002a7c   0x00000024   Code   RO         3903    i.HAL_RCC_GetPCLK1Freq  stm32wbxx_hal_rcc.o
    0x08002aa0   0x08002aa0   0x00000024   Code   RO         3904    i.HAL_RCC_GetPCLK2Freq  stm32wbxx_hal_rcc.o
    0x08002ac4   0x08002ac4   0x00000094   Code   RO         3906    i.HAL_RCC_GetSysClockFreq  stm32wbxx_hal_rcc.o
    0x08002b58   0x08002b58   0x00000558   Code   RO         3909    i.HAL_RCC_OscConfig  stm32wbxx_hal_rcc.o
    0x080030b0   0x080030b0   0x00000040   Code   RO         2683    i.HAL_RNG_Init      stm32wbxx_hal_rng.o
    0x080030f0   0x080030f0   0x0000003c   Code   RO         1110    i.HAL_RNG_MspInit   stm32wbxx_hal_msp.o
    0x0800312c   0x0800312c   0x00000042   Code   RO         3628    i.HAL_RTCEx_EnableBypassShadow  stm32wbxx_hal_rtc_ex.o
    0x0800316e   0x0800316e   0x00000002   PAD
    0x08003170   0x08003170   0x000000fc   Code   RO         3647    i.HAL_RTCEx_SetWakeUpTimer_IT  stm32wbxx_hal_rtc_ex.o
    0x0800326c   0x0800326c   0x000000d4   Code   RO         3464    i.HAL_RTC_Init      stm32wbxx_hal_rtc.o
    0x08003340   0x08003340   0x00000068   Code   RO         1112    i.HAL_RTC_MspInit   stm32wbxx_hal_msp.o
    0x080033a8   0x080033a8   0x00000034   Code   RO         3472    i.HAL_RTC_WaitForSynchro  stm32wbxx_hal_rtc.o
    0x080033dc   0x080033dc   0x00000028   Code   RO         5320    i.HAL_SYSTICK_Config  stm32wbxx_hal_cortex.o
    0x08003404   0x08003404   0x0000003e   Code   RO         3333    i.HAL_UARTEx_DisableFifoMode  stm32wbxx_hal_uart_ex.o
    0x08003442   0x08003442   0x00000002   Code   RO         2919    i.HAL_UARTEx_RxEventCallback  stm32wbxx_hal_uart.o
    0x08003444   0x08003444   0x00000002   Code   RO         3341    i.HAL_UARTEx_RxFifoFullCallback  stm32wbxx_hal_uart_ex.o
    0x08003446   0x08003446   0x0000004c   Code   RO         3342    i.HAL_UARTEx_SetRxFifoThreshold  stm32wbxx_hal_uart_ex.o
    0x08003492   0x08003492   0x0000004c   Code   RO         3343    i.HAL_UARTEx_SetTxFifoThreshold  stm32wbxx_hal_uart_ex.o
    0x080034de   0x080034de   0x00000002   Code   RO         3345    i.HAL_UARTEx_TxFifoEmptyCallback  stm32wbxx_hal_uart_ex.o
    0x080034e0   0x080034e0   0x00000002   Code   RO         3346    i.HAL_UARTEx_WakeupCallback  stm32wbxx_hal_uart_ex.o
    0x080034e2   0x080034e2   0x00000002   Code   RO         2935    i.HAL_UART_ErrorCallback  stm32wbxx_hal_uart.o
    0x080034e4   0x080034e4   0x0000030c   Code   RO         2938    i.HAL_UART_IRQHandler  stm32wbxx_hal_uart.o
    0x080037f0   0x080037f0   0x0000006a   Code   RO         2939    i.HAL_UART_Init     stm32wbxx_hal_uart.o
    0x0800385a   0x0800385a   0x00000002   PAD
    0x0800385c   0x0800385c   0x00000174   Code   RO         1114    i.HAL_UART_MspInit  stm32wbxx_hal_msp.o
    0x080039d0   0x080039d0   0x00000048   Code   RO         2944    i.HAL_UART_Receive_IT  stm32wbxx_hal_uart.o
    0x08003a18   0x08003a18   0x00000028   Code   RO          892    i.HAL_UART_RxCpltCallback  hw_uart.o
    0x08003a40   0x08003a40   0x00000090   Code   RO         2949    i.HAL_UART_Transmit_DMA  stm32wbxx_hal_uart.o
    0x08003ad0   0x08003ad0   0x00000028   Code   RO          893    i.HAL_UART_TxCpltCallback  hw_uart.o
    0x08003af8   0x08003af8   0x00000002   Code   RO         2952    i.HAL_UART_TxHalfCpltCallback  stm32wbxx_hal_uart.o
    0x08003afa   0x08003afa   0x00000002   Code   RO         6927    i.HIDS_Init         svc_ctl.o
    0x08003afc   0x08003afc   0x00000002   Code   RO         6928    i.HRS_Init          svc_ctl.o
    0x08003afe   0x08003afe   0x00000004   Code   RO          971    i.HSEM_IRQHandler   stm32wbxx_it.o
    0x08003b02   0x08003b02   0x00000002   Code   RO         6929    i.HTS_Init          svc_ctl.o
    0x08003b04   0x08003b04   0x0000000c   Code   RO         6287    i.HW_IPCC_BLE_AclDataAckNot  tl_mbox.o
    0x08003b10   0x08003b10   0x00000010   Code   RO         1580    i.HW_IPCC_BLE_Init  hw_ipcc.o
    0x08003b20   0x08003b20   0x00000040   Code   RO         6288    i.HW_IPCC_BLE_RxEvtNot  tl_mbox.o
    0x08003b60   0x08003b60   0x00000010   Code   RO         1583    i.HW_IPCC_BLE_SendCmd  hw_ipcc.o
    0x08003b70   0x08003b70   0x0000004c   Code   RO         1584    i.HW_IPCC_Enable    hw_ipcc.o
    0x08003bbc   0x08003bbc   0x0000003c   Code   RO         1585    i.HW_IPCC_Init      hw_ipcc.o
    0x08003bf8   0x08003bf8   0x00000030   Code   RO         1586    i.HW_IPCC_MM_SendFreeBuf  hw_ipcc.o
    0x08003c28   0x08003c28   0x0000005c   Code   RO         1587    i.HW_IPCC_Rx_Handler  hw_ipcc.o
    0x08003c84   0x08003c84   0x00000024   Code   RO         6289    i.HW_IPCC_SYS_CmdEvtNot  tl_mbox.o
    0x08003ca8   0x08003ca8   0x00000030   Code   RO         6290    i.HW_IPCC_SYS_EvtNot  tl_mbox.o
    0x08003cd8   0x08003cd8   0x00000010   Code   RO         1590    i.HW_IPCC_SYS_Init  hw_ipcc.o
    0x08003ce8   0x08003ce8   0x00000018   Code   RO         1591    i.HW_IPCC_SYS_SendCmd  hw_ipcc.o
    0x08003d00   0x08003d00   0x00000024   Code   RO         6291    i.HW_IPCC_TRACES_EvtNot  tl_mbox.o
    0x08003d24   0x08003d24   0x00000010   Code   RO         1593    i.HW_IPCC_TRACES_Init  hw_ipcc.o
    0x08003d34   0x08003d34   0x00000078   Code   RO         1594    i.HW_IPCC_Tx_Handler  hw_ipcc.o
    0x08003dac   0x08003dac   0x00000058   Code   RO          781    i.HW_TS_Create      hw_timerserver.o
    0x08003e04   0x08003e04   0x00000110   Code   RO          783    i.HW_TS_Init        hw_timerserver.o
    0x08003f14   0x08003f14   0x00000002   Code   RO          784    i.HW_TS_RTC_Int_AppNot  hw_timerserver.o
    0x08003f16   0x08003f16   0x00000002   PAD
    0x08003f18   0x08003f18   0x000000c0   Code   RO          786    i.HW_TS_RTC_Wakeup_Handler  hw_timerserver.o
    0x08003fd8   0x08003fd8   0x0000007c   Code   RO          787    i.HW_TS_Start       hw_timerserver.o
    0x08004054   0x08004054   0x000000ac   Code   RO          788    i.HW_TS_Stop        hw_timerserver.o
    0x08004100   0x08004100   0x00000040   Code   RO          896    i.HW_UART_Receive_IT  hw_uart.o
    0x08004140   0x08004140   0x00000060   Code   RO          898    i.HW_UART_Transmit_DMA  hw_uart.o
    0x080041a0   0x080041a0   0x00000002   Code   RO          972    i.HardFault_Handler  stm32wbxx_it.o
    0x080041a2   0x080041a2   0x00000002   Code   RO         6930    i.IAS_Init          svc_ctl.o
    0x080041a4   0x080041a4   0x00000004   Code   RO          973    i.IPCC_C1_RX_IRQHandler  stm32wbxx_it.o
    0x080041a8   0x080041a8   0x00000004   Code   RO          974    i.IPCC_C1_TX_IRQHandler  stm32wbxx_it.o
    0x080041ac   0x080041ac   0x00000010   Code   RO         2573    i.IPCC_Reset_Register  stm32wbxx_hal_ipcc.o
    0x080041bc   0x080041bc   0x00000020   Code   RO         2574    i.IPCC_SetDefaultCallbacks  stm32wbxx_hal_ipcc.o
    0x080041dc   0x080041dc   0x00000010   Code   RO          387    i.Init_Exti         app_entry.o
    0x080041ec   0x080041ec   0x00000002   Code   RO         6931    i.LLS_Init          svc_ctl.o
    0x080041ee   0x080041ee   0x00000014   Code   RO           14    i.LL_AHB1_GRP1_EnableClock  main.o
    0x08004202   0x08004202   0x00000014   Code   RO           15    i.LL_AHB2_GRP1_EnableClock  main.o
    0x08004216   0x08004216   0x00000014   Code   RO          282    i.LL_AHB2_GRP1_EnableClock  app_debug.o
    0x0800422a   0x0800422a   0x00000014   Code   RO         1115    i.LL_AHB2_GRP1_EnableClock  stm32wbxx_hal_msp.o
    0x0800423e   0x0800423e   0x00000014   Code   RO         2445    i.LL_AHB2_GRP1_EnableClock  stm32wbxx_nucleo.o
    0x08004252   0x08004252   0x00000014   Code   RO         1116    i.LL_AHB3_GRP1_EnableClock  stm32wbxx_hal_msp.o
    0x08004266   0x08004266   0x0000000e   Code   RO         1595    i.LL_C1_IPCC_IsActiveFlag_CHx  hw_ipcc.o
    0x08004274   0x08004274   0x0000001a   Code   RO          283    i.LL_C2_AHB2_GRP1_EnableClock  app_debug.o
    0x0800428e   0x0800428e   0x0000000e   Code   RO         1596    i.LL_C2_IPCC_IsActiveFlag_CHx  hw_ipcc.o
    0x0800429c   0x0800429c   0x0000000c   Code   RO         3911    i.LL_RCC_GetSysClkSource  stm32wbxx_hal_rcc.o
    0x080042a8   0x080042a8   0x00000012   Code   RO         3912    i.LL_RCC_HSI_SetCalibTrimming  stm32wbxx_hal_rcc.o
    0x080042ba   0x080042ba   0x0000000e   Code   RO         4101    i.LL_RCC_LSE_IsReady  stm32wbxx_hal_rcc_ex.o
    0x080042c8   0x080042c8   0x0000000e   Code   RO         3913    i.LL_RCC_LSI1_IsReady  stm32wbxx_hal_rcc.o
    0x080042d6   0x080042d6   0x00000012   Code   RO         3914    i.LL_RCC_MSI_GetRange  stm32wbxx_hal_rcc.o
    0x080042e8   0x080042e8   0x0000000c   Code   RO         3915    i.LL_RCC_MSI_IsReady  stm32wbxx_hal_rcc.o
    0x080042f4   0x080042f4   0x00000012   Code   RO         3916    i.LL_RCC_MSI_SetCalibTrimming  stm32wbxx_hal_rcc.o
    0x08004306   0x08004306   0x00000010   Code   RO         3917    i.LL_RCC_MSI_SetRange  stm32wbxx_hal_rcc.o
    0x08004316   0x08004316   0x0000000e   Code   RO         4105    i.LL_RCC_PLLSAI1_Disable  stm32wbxx_hal_rcc_ex.o
    0x08004324   0x08004324   0x0000000e   Code   RO         4106    i.LL_RCC_PLLSAI1_Enable  stm32wbxx_hal_rcc_ex.o
    0x08004332   0x08004332   0x0000000c   Code   RO         4108    i.LL_RCC_PLLSAI1_IsReady  stm32wbxx_hal_rcc_ex.o
    0x0800433e   0x0800433e   0x0000000c   Code   RO         3918    i.LL_RCC_PLL_GetMainSource  stm32wbxx_hal_rcc.o
    0x0800434a   0x0800434a   0x00000012   Code   RO         4112    i.LL_RCC_SetCLK48ClockSource  stm32wbxx_hal_rcc_ex.o
    0x0800435c   0x0800435c   0x0000001e   Code   RO         4113    i.LL_RCC_SetI2CClockSource  stm32wbxx_hal_rcc_ex.o
    0x0800437a   0x0800437a   0x00000016   Code   RO         4114    i.LL_RCC_SetLPTIMClockSource  stm32wbxx_hal_rcc_ex.o
    0x08004390   0x08004390   0x00000012   Code   RO         4115    i.LL_RCC_SetRNGClockSource  stm32wbxx_hal_rcc_ex.o
    0x080043a2   0x080043a2   0x00000002   PAD
    0x080043a4   0x080043a4   0x0000000c   Code   RO          975    i.LPUART1_IRQHandler  stm32wbxx_it.o
    0x080043b0   0x080043b0   0x00000006   Code   RO         6741    i.LST_init_head     stm_list.o
    0x080043b6   0x080043b6   0x00000018   Code   RO         6742    i.LST_insert_head   stm_list.o
    0x080043ce   0x080043ce   0x00000018   Code   RO         6745    i.LST_insert_tail   stm_list.o
    0x080043e6   0x080043e6   0x00000018   Code   RO         6746    i.LST_is_empty      stm_list.o
    0x080043fe   0x080043fe   0x00000018   Code   RO         6747    i.LST_remove_head   stm_list.o
    0x08004416   0x08004416   0x00000018   Code   RO         6748    i.LST_remove_node   stm_list.o
    0x0800442e   0x0800442e   0x00000002   PAD
    0x08004430   0x08004430   0x0000003c   Code   RO          789    i.LinkTimerBefore   hw_timerserver.o
    0x0800446c   0x0800446c   0x00000002   Code   RO         6932    i.MESH_Init         svc_ctl.o
    0x0800446e   0x0800446e   0x00000002   Code   RO         6933    i.MOTENV_STM_Init   svc_ctl.o
    0x08004470   0x08004470   0x0000003c   Code   RO          389    i.MX_APPE_Config    app_entry.o
    0x080044ac   0x080044ac   0x000000f8   Code   RO          390    i.MX_APPE_Init      app_entry.o
    0x080045a4   0x080045a4   0x00000008   Code   RO          391    i.MX_APPE_Process   app_entry.o
    0x080045ac   0x080045ac   0x00000050   Code   RO           17    i.MX_USART1_UART_Init  main.o
    0x080045fc   0x080045fc   0x00000002   Code   RO          976    i.MemManage_Handler  stm32wbxx_it.o
    0x080045fe   0x080045fe   0x00000002   Code   RO          977    i.NMI_Handler       stm32wbxx_it.o
    0x08004600   0x08004600   0x0000001c   Code   RO         8501    i.NotifyCmdStatus   hci_tl.o
    0x0800461c   0x0800461c   0x00000002   Code   RO         6934    i.OTAS_STM_Init     svc_ctl.o
    0x0800461e   0x0800461e   0x00000002   PAD
    0x08004620   0x08004620   0x00000028   Code   RO         6714    i.OTP_Read          otp.o
    0x08004648   0x08004648   0x00000004   Code   RO         6895    i.Osal_MemCpy       osal.o
    0x0800464c   0x0800464c   0x00000004   Code   RO         6896    i.Osal_MemSet       osal.o
    0x08004650   0x08004650   0x00000002   Code   RO         6292    i.OutputDbgTrace    tl_mbox.o
    0x08004652   0x08004652   0x00000002   PAD
    0x08004654   0x08004654   0x00000024   Code   RO         1524    i.P2PS_APP_Init     p2p_server_app.o
    0x08004678   0x08004678   0x00000034   Code   RO         1525    i.P2PS_APP_LED_BUTTON_context_Init  p2p_server_app.o
    0x080046ac   0x080046ac   0x00000010   Code   RO         1526    i.P2PS_APP_Notification  p2p_server_app.o
    0x080046bc   0x080046bc   0x00000008   Code   RO         1527    i.P2PS_APP_SW1_Button_Action  p2p_server_app.o
    0x080046c4   0x080046c4   0x000001bc   Code   RO         1528    i.P2PS_STM_App_Notification  p2p_server_app.o
    0x08004880   0x08004880   0x00000028   Code   RO         7153    i.P2PS_STM_App_Update_Char  p2p_stm.o
    0x080048a8   0x080048a8   0x00000180   Code   RO         7154    i.P2PS_STM_Init     p2p_stm.o
    0x08004a28   0x08004a28   0x00000084   Code   RO         1529    i.P2PS_Send_Notification  p2p_server_app.o
    0x08004aac   0x08004aac   0x00000094   Code   RO         7155    i.PeerToPeer_Event_Handler  p2p_stm.o
    0x08004b40   0x08004b40   0x00000002   Code   RO          978    i.PendSV_Handler    stm32wbxx_it.o
    0x08004b42   0x08004b42   0x0000002a   Code   RO           18    i.PeriphCommonClock_Config  main.o
    0x08004b6c   0x08004b6c   0x00000078   Code   RO         4116    i.RCCEx_PLLSAI1_ConfigNP  stm32wbxx_hal_rcc_ex.o
    0x08004be4   0x08004be4   0x00000078   Code   RO         4117    i.RCCEx_PLLSAI1_ConfigNQ  stm32wbxx_hal_rcc_ex.o
    0x08004c5c   0x08004c5c   0x00000078   Code   RO         4118    i.RCCEx_PLLSAI1_ConfigNR  stm32wbxx_hal_rcc_ex.o
    0x08004cd4   0x08004cd4   0x0000008c   Code   RO         3919    i.RCC_SetFlashLatency  stm32wbxx_hal_rcc.o
    0x08004d60   0x08004d60   0x0000004c   Code   RO         3920    i.RCC_SetFlashLatencyFromMSIRange  stm32wbxx_hal_rcc.o
    0x08004dac   0x08004dac   0x00000038   Code   RO         3475    i.RTC_EnterInitMode  stm32wbxx_hal_rtc.o
    0x08004de4   0x08004de4   0x00000004   Code   RO          979    i.RTC_WKUP_IRQHandler  stm32wbxx_it.o
    0x08004de8   0x08004de8   0x00000018   Code   RO          790    i.ReadRtcSsrValue   hw_timerserver.o
    0x08004e00   0x08004e00   0x00000090   Code   RO          791    i.RescheduleTimerList  hw_timerserver.o
    0x08004e90   0x08004e90   0x00000078   Code   RO          392    i.Reset_Device      app_entry.o
    0x08004f08   0x08004f08   0x0000007c   Code   RO          792    i.RestartWakeupCounter  hw_timerserver.o
    0x08004f84   0x08004f84   0x00000034   Code   RO          793    i.ReturnTimeElapsed  hw_timerserver.o
    0x08004fb8   0x08004fb8   0x00000068   Code   RO          393    i.RxCpltCallback    app_entry.o
    0x08005020   0x08005020   0x00000034   Code   RO         8710    i.SEQ_BitPosition   stm32_seq.o
    0x08005054   0x08005054   0x0000001a   Code   RO         6423    i.SHCI_C2_BLE_Init  shci.o
    0x0800506e   0x0800506e   0x00000018   Code   RO         6428    i.SHCI_C2_Config    shci.o
    0x08005086   0x08005086   0x0000001a   Code   RO         6429    i.SHCI_C2_DEBUG_Init  shci.o
    0x080050a0   0x080050a0   0x00000080   Code   RO         6453    i.SHCI_GetWirelessFwInfo  shci.o
    0x08005120   0x08005120   0x00000708   Code   RO         1317    i.SVCCTL_App_Notification  app_ble.o
    0x08005828   0x08005828   0x00000018   Code   RO         6936    i.SVCCTL_Init       svc_ctl.o
    0x08005840   0x08005840   0x00000002   Code   RO         6937    i.SVCCTL_InitCustomSvc  svc_ctl.o
    0x08005842   0x08005842   0x00000002   PAD
    0x08005844   0x08005844   0x00000014   Code   RO         6939    i.SVCCTL_RegisterSvcHandler  svc_ctl.o
    0x08005858   0x08005858   0x0000004c   Code   RO         6940    i.SVCCTL_SvcInit    svc_ctl.o
    0x080058a4   0x080058a4   0x00000054   Code   RO         6941    i.SVCCTL_UserEvtRx  svc_ctl.o
    0x080058f8   0x080058f8   0x00000002   Code   RO          980    i.SVC_Handler       stm32wbxx_it.o
    0x080058fa   0x080058fa   0x00000002   PAD
    0x080058fc   0x080058fc   0x0000002c   Code   RO         6293    i.SendFreeBuf       tl_mbox.o
    0x08005928   0x08005928   0x00000006   Code   RO         1319    i.Switch_OFF_GPIO   app_ble.o
    0x0800592e   0x0800592e   0x00000004   Code   RO          981    i.SysTick_Handler   stm32wbxx_it.o
    0x08005932   0x08005932   0x00000002   PAD
    0x08005934   0x08005934   0x00000080   Code   RO           19    i.SystemClock_Config  main.o
    0x080059b4   0x080059b4   0x00000064   Code   RO         2521    i.SystemInit        system_stm32wbxx.o
    0x08005a18   0x08005a18   0x00000040   Code   RO         6294    i.TL_BLE_Init       tl_mbox.o
    0x08005a58   0x08005a58   0x00000024   Code   RO         6296    i.TL_BLE_SendCmd    tl_mbox.o
    0x08005a7c   0x08005a7c   0x00000004   Code   RO         6297    i.TL_Enable         tl_mbox.o
    0x08005a80   0x08005a80   0x00000038   Code   RO         6298    i.TL_Init           tl_mbox.o
    0x08005ab8   0x08005ab8   0x00000028   Code   RO         6299    i.TL_MM_EvtDone     tl_mbox.o
    0x08005ae0   0x08005ae0   0x00000044   Code   RO         6300    i.TL_MM_Init        tl_mbox.o
    0x08005b24   0x08005b24   0x00000034   Code   RO         6301    i.TL_SYS_Init       tl_mbox.o
    0x08005b58   0x08005b58   0x00000024   Code   RO         6302    i.TL_SYS_SendCmd    tl_mbox.o
    0x08005b7c   0x08005b7c   0x00000002   Code   RO         6303    i.TL_TRACES_EvtReceived  tl_mbox.o
    0x08005b7e   0x08005b7e   0x00000002   PAD
    0x08005b80   0x08005b80   0x00000020   Code   RO         6304    i.TL_TRACES_Init    tl_mbox.o
    0x08005ba0   0x08005ba0   0x00000002   Code   RO         6942    i.TPS_Init          svc_ctl.o
    0x08005ba2   0x08005ba2   0x0000000a   Code   RO         8575    i.TlCmdEvtReceived  shci_tl.o
    0x08005bac   0x08005bac   0x00000038   Code   RO         8502    i.TlEvtReceived     hci_tl.o
    0x08005be4   0x08005be4   0x00000018   Code   RO         8576    i.TlUserEvtReceived  shci_tl.o
    0x08005bfc   0x08005bfc   0x00000044   Code   RO         3347    i.UARTEx_SetNbDataToProcess  stm32wbxx_hal_uart_ex.o
    0x08005c40   0x08005c40   0x000000c8   Code   RO         2953    i.UART_AdvFeatureConfig  stm32wbxx_hal_uart.o
    0x08005d08   0x08005d08   0x000000ac   Code   RO         2954    i.UART_CheckIdleState  stm32wbxx_hal_uart.o
    0x08005db4   0x08005db4   0x00000014   Code   RO         2955    i.UART_DMAAbortOnError  stm32wbxx_hal_uart.o
    0x08005dc8   0x08005dc8   0x00000050   Code   RO         2956    i.UART_DMAError     stm32wbxx_hal_uart.o
    0x08005e18   0x08005e18   0x00000042   Code   RO         2961    i.UART_DMATransmitCplt  stm32wbxx_hal_uart.o
    0x08005e5a   0x08005e5a   0x0000000a   Code   RO         2963    i.UART_DMATxHalfCplt  stm32wbxx_hal_uart.o
    0x08005e64   0x08005e64   0x00000054   Code   RO         2965    i.UART_EndRxTransfer  stm32wbxx_hal_uart.o
    0x08005eb8   0x08005eb8   0x0000002e   Code   RO         2966    i.UART_EndTxTransfer  stm32wbxx_hal_uart.o
    0x08005ee6   0x08005ee6   0x00000002   PAD
    0x08005ee8   0x08005ee8   0x000000c8   Code   RO         2967    i.UART_RxISR_16BIT  stm32wbxx_hal_uart.o
    0x08005fb0   0x08005fb0   0x0000019c   Code   RO         2968    i.UART_RxISR_16BIT_FIFOEN  stm32wbxx_hal_uart.o
    0x0800614c   0x0800614c   0x000000c8   Code   RO         2969    i.UART_RxISR_8BIT   stm32wbxx_hal_uart.o
    0x08006214   0x08006214   0x0000019c   Code   RO         2970    i.UART_RxISR_8BIT_FIFOEN  stm32wbxx_hal_uart.o
    0x080063b0   0x080063b0   0x00000208   Code   RO         2971    i.UART_SetConfig    stm32wbxx_hal_uart.o
    0x080065b8   0x080065b8   0x00000110   Code   RO         2973    i.UART_Start_Receive_IT  stm32wbxx_hal_uart.o
    0x080066c8   0x080066c8   0x00000092   Code   RO         2978    i.UART_WaitOnFlagUntilTimeout  stm32wbxx_hal_uart.o
    0x0800675a   0x0800675a   0x00000002   PAD
    0x0800675c   0x0800675c   0x0000000c   Code   RO          982    i.USART1_IRQHandler  stm32wbxx_it.o
    0x08006768   0x08006768   0x00000010   Code   RO         8651    i.UTIL_LPM_Init     stm32_lpm.o
    0x08006778   0x08006778   0x00000024   Code   RO         8652    i.UTIL_LPM_SetOffMode  stm32_lpm.o
    0x0800679c   0x0800679c   0x00000008   Code   RO          394    i.UTIL_SEQ_EvtIdle  app_entry.o
    0x080067a4   0x080067a4   0x00000002   Code   RO          395    i.UTIL_SEQ_Idle     app_entry.o
    0x080067a6   0x080067a6   0x00000002   PAD
    0x080067a8   0x080067a8   0x00000018   Code   RO         8719    i.UTIL_SEQ_PauseTask  stm32_seq.o
    0x080067c0   0x080067c0   0x00000002   Code   RO         8720    i.UTIL_SEQ_PostIdle  stm32_seq.o
    0x080067c2   0x080067c2   0x00000002   Code   RO         8721    i.UTIL_SEQ_PreIdle  stm32_seq.o
    0x080067c4   0x080067c4   0x00000020   Code   RO         8722    i.UTIL_SEQ_RegTask  stm32_seq.o
    0x080067e4   0x080067e4   0x00000018   Code   RO         8723    i.UTIL_SEQ_ResumeTask  stm32_seq.o
    0x080067fc   0x080067fc   0x000000d4   Code   RO         8724    i.UTIL_SEQ_Run      stm32_seq.o
    0x080068d0   0x080068d0   0x00000018   Code   RO         8725    i.UTIL_SEQ_SetEvt   stm32_seq.o
    0x080068e8   0x080068e8   0x0000002c   Code   RO         8726    i.UTIL_SEQ_SetTask  stm32_seq.o
    0x08006914   0x08006914   0x0000004c   Code   RO         8727    i.UTIL_SEQ_WaitEvt  stm32_seq.o
    0x08006960   0x08006960   0x000000ac   Code   RO          396    i.UartCmdExecute    app_entry.o
    0x08006a0c   0x08006a0c   0x0000005c   Code   RO          794    i.UnlinkTimer       hw_timerserver.o
    0x08006a68   0x08006a68   0x00000002   Code   RO          983    i.UsageFault_Handler  stm32wbxx_it.o
    0x08006a6a   0x08006a6a   0x00000002   Code   RO         6943    i.ZDD_STM_Init      svc_ctl.o
    0x08006a6c   0x08006a6c   0x00000020   Code   RO         9103    i.__0printf         mc_w.l(printfa.o)
    0x08006a8c   0x08006a8c   0x00000020   Code   RO         5322    i.__NVIC_SetPriority  stm32wbxx_hal_cortex.o
    0x08006aac   0x08006aac   0x0000000e   Code   RO         9175    i.__scatterload_copy  mc_w.l(handlers.o)
    0x08006aba   0x08006aba   0x00000002   Code   RO         9176    i.__scatterload_null  mc_w.l(handlers.o)
    0x08006abc   0x08006abc   0x0000000e   Code   RO         9177    i.__scatterload_zeroinit  mc_w.l(handlers.o)
    0x08006aca   0x08006aca   0x00000002   PAD
    0x08006acc   0x08006acc   0x00000184   Code   RO         9110    i._fp_digits        mc_w.l(printfa.o)
    0x08006c50   0x08006c50   0x000006b4   Code   RO         9111    i._printf_core      mc_w.l(printfa.o)
    0x08007304   0x08007304   0x00000024   Code   RO         9112    i._printf_post_padding  mc_w.l(printfa.o)
    0x08007328   0x08007328   0x0000002e   Code   RO         9113    i._printf_pre_padding  mc_w.l(printfa.o)
    0x08007356   0x08007356   0x0000004a   Code   RO         7199    i.aci_gap_allow_rebond  ble_gap_aci.o
    0x080073a0   0x080073a0   0x00000040   Code   RO         7202    i.aci_gap_configure_filter_accept_list  ble_gap_aci.o
    0x080073e0   0x080073e0   0x00000084   Code   RO         7210    i.aci_gap_init      ble_gap_aci.o
    0x08007464   0x08007464   0x00000050   Code   RO         7212    i.aci_gap_numeric_comparison_value_confirm_yesno  ble_gap_aci.o
    0x080074b4   0x080074b4   0x00000050   Code   RO         7213    i.aci_gap_pass_key_resp  ble_gap_aci.o
    0x08007504   0x08007504   0x00000072   Code   RO         7219    i.aci_gap_set_authentication_requirement  ble_gap_aci.o
    0x08007576   0x08007576   0x000000a0   Code   RO         7223    i.aci_gap_set_discoverable  ble_gap_aci.o
    0x08007616   0x08007616   0x0000004a   Code   RO         7225    i.aci_gap_set_io_capability  ble_gap_aci.o
    0x08007660   0x08007660   0x00000040   Code   RO         7228    i.aci_gap_set_non_discoverable  ble_gap_aci.o
    0x080076a0   0x080076a0   0x00000058   Code   RO         7240    i.aci_gap_update_adv_data  ble_gap_aci.o
    0x080076f8   0x080076f8   0x000000be   Code   RO         7544    i.aci_gatt_add_char  ble_gatt_aci.o
    0x080077b6   0x080077b6   0x000000aa   Code   RO         7546    i.aci_gatt_add_service  ble_gatt_aci.o
    0x08007860   0x08007860   0x00000042   Code   RO         7561    i.aci_gatt_init     ble_gatt_aci.o
    0x080078a2   0x080078a2   0x0000006a   Code   RO         7577    i.aci_gatt_update_char_value  ble_gatt_aci.o
    0x0800790c   0x0800790c   0x0000004a   Code   RO         7845    i.aci_hal_set_radio_activity_mask  ble_hal_aci.o
    0x08007956   0x08007956   0x00000050   Code   RO         7846    i.aci_hal_set_tx_power_level  ble_hal_aci.o
    0x080079a6   0x080079a6   0x00000060   Code   RO         7850    i.aci_hal_write_config_data  ble_hal_aci.o
    0x08007a06   0x08007a06   0x00000064   Code   RO         8445    i.aci_l2cap_connection_parameter_update_req  ble_l2cap_aci.o
    0x08007a6a   0x08007a6a   0x00000016   Code   RO         6642    i.fputc             dbg_trace.o
    0x08007a80   0x08007a80   0x00000006   Code   RO         1320    i.hci_cmd_resp_release  app_ble.o
    0x08007a86   0x08007a86   0x00000006   Code   RO         1321    i.hci_cmd_resp_wait  app_ble.o
    0x08007a8c   0x08007a8c   0x00000050   Code   RO         8505    i.hci_init          hci_tl.o
    0x08007adc   0x08007adc   0x00000068   Code   RO         7988    i.hci_le_read_phy   ble_hci_le.o
    0x08007b44   0x08007b44   0x00000054   Code   RO         8006    i.hci_le_set_default_phy  ble_hci_le.o
    0x08007b98   0x08007b98   0x00000008   Code   RO         1322    i.hci_notify_asynch_evt  app_ble.o
    0x08007ba0   0x08007ba0   0x00000014   Code   RO         6230    i.hci_register_io_bus  hci_tl_if.o
    0x08007bb4   0x08007bb4   0x0000003e   Code   RO         8034    i.hci_reset         ble_hci_le.o
    0x08007bf2   0x08007bf2   0x00000002   PAD
    0x08007bf4   0x08007bf4   0x000000c0   Code   RO         8507    i.hci_send_req      hci_tl.o
    0x08007cb4   0x08007cb4   0x0000006c   Code   RO         8508    i.hci_user_evt_proc  hci_tl.o
    0x08007d20   0x08007d20   0x000000b0   Code   RO          795    i.linkTimer         hw_timerserver.o
    0x08007dd0   0x08007dd0   0x000000b8   Code   RO           20    i.main              main.o
    0x08007e88   0x08007e88   0x00000006   Code   RO          397    i.shci_cmd_resp_release  app_entry.o
    0x08007e8e   0x08007e8e   0x00000006   Code   RO          398    i.shci_cmd_resp_wait  app_entry.o
    0x08007e94   0x08007e94   0x00000058   Code   RO         8579    i.shci_init         shci_tl.o
    0x08007eec   0x08007eec   0x00000008   Code   RO          399    i.shci_notify_asynch_evt  app_entry.o
    0x08007ef4   0x08007ef4   0x00000014   Code   RO         6257    i.shci_register_io_bus  shci_tl_if.o
    0x08007f08   0x08007f08   0x00000068   Code   RO         8581    i.shci_send         shci_tl.o
    0x08007f70   0x08007f70   0x0000006c   Code   RO         8582    i.shci_user_evt_proc  shci_tl.o
    0x08007fdc   0x08007fdc   0x0000014b   Data   RO          284    .constdata          app_debug.o
    0x08008127   0x08008127   0x00000001   PAD
    0x08008128   0x08008128   0x0000006a   Data   RO         1324    .constdata          app_ble.o
    0x08008192   0x08008192   0x00000010   Data   RO         2446    .constdata          stm32wbxx_nucleo.o
    0x080081a2   0x080081a2   0x00000002   PAD
    0x080081a4   0x080081a4   0x00000080   Data   RO         2522    .constdata          system_stm32wbxx.o
    0x08008224   0x08008224   0x00000020   Data   RO         2523    .constdata          system_stm32wbxx.o
    0x08008244   0x08008244   0x00000018   Data   RO         2979    .constdata          stm32wbxx_hal_uart.o
    0x0800825c   0x0800825c   0x00000010   Data   RO         3348    .constdata          stm32wbxx_hal_uart_ex.o
    0x0800826c   0x0800826c   0x0000002c   Data   RO         3921    .constdata          stm32wbxx_hal_rcc.o
    0x08008298   0x08008298   0x00000010   Data   RO         8729    .constdata          stm32_seq.o
    0x080082a8   0x080082a8   0x0000004f   Data   RO          401    .conststring        app_entry.o
    0x080082f7   0x080082f7   0x00000001   PAD
    0x080082f8   0x080082f8   0x000004a7   Data   RO         1325    .conststring        app_ble.o
    0x0800879f   0x0800879f   0x00000001   PAD
    0x080087a0   0x080087a0   0x0000004b   Data   RO         1530    .conststring        p2p_server_app.o
    0x080087eb   0x080087eb   0x00000001   PAD
    0x080087ec   0x080087ec   0x00000040   Data   RO         9173    Region$$Table       anon$$obj.o


    Execution Region RW_IRAM1 (Exec base: 0x20000008, Load base: 0x0800882c, Size: 0x00002680, Max: 0x0002fff8, ABSOLUTE)

    Exec Addr    Load Addr    Size         Type   Attr      Idx    E Section Name        Object

    0x20000008   0x0800882c   0x00000014   Data   RW          402    .data               app_entry.o
    0x2000001c   0x08008840   0x00000010   Data   RW          797    .data               hw_timerserver.o
    0x2000002c   0x08008850   0x00000010   Data   RW          902    .data               hw_uart.o
    0x2000003c   0x08008860   0x00000026   Data   RW         1326    .data               app_ble.o
    0x20000062   0x08008886   0x00000008   Data   RW         1531    .data               p2p_server_app.o
    0x2000006a   0x0800888e   0x00000002   PAD
    0x2000006c   0x08008890   0x00000004   Data   RW         1597    .data               hw_ipcc.o
    0x20000070   0x08008894   0x00000018   Data   RW         2447    .data               stm32wbxx_nucleo.o
    0x20000088   0x080088ac   0x00000004   Data   RW         2525    .data               system_stm32wbxx.o
    0x2000008c   0x080088b0   0x0000000c   Data   RW         5474    .data               stm32wbxx_hal.o
    0x20000098   0x080088bc   0x0000001c   Data   RW         6305    .data               tl_mbox.o
    0x200000b4   0x080088d8   0x00000001   Data   RW         6644    .data               dbg_trace.o
    0x200000b5   0x080088d9   0x00000003   PAD
    0x200000b8   0x080088dc   0x00000010   Data   RW         8510    .data               hci_tl.o
    0x200000c8   0x080088ec   0x00000008   Data   RW         8584    .data               shci_tl.o
    0x200000d0   0x080088f4   0x00000008   Data   RW         8654    .data               stm32_lpm.o
    0x200000d8   0x080088fc   0x00000018   Data   RW         8730    .data               stm32_seq.o
    0x200000f0   0x08008914   0x00000004   Data   RW         9151    .data               mc_w.l(stdout.o)
    0x200000f4   0x08008918   0x0000000c   Data   RW         6944    BLE_DRIVER_CONTEXT  svc_ctl.o
    0x20000100   0x08008924   0x00000006   Data   RW         7156    BLE_DRIVER_CONTEXT  p2p_stm.o
    0x20000106   0x0800892a   0x00000002   PAD
    0x20000108   0x0800892c   0x00000010   Data   RW         8512    BLE_DRIVER_CONTEXT  hci_tl.o
    0x20000118   0x0800893c   0x00000010   Data   RW         8585    SYSTEM_DRIVER_CONTEXT  shci_tl.o
    0x20000128        -       0x0000019c   Zero   RW           21    .bss                main.o
    0x200002c4        -       0x00000060   Zero   RW           22    .bss                main.o
    0x20000324        -       0x00000060   Zero   RW           23    .bss                main.o
    0x20000384        -       0x00000100   Zero   RW          400    .bss                app_entry.o
    0x20000484        -       0x00000090   Zero   RW          796    .bss                hw_timerserver.o
    0x20000514        -       0x00000084   Zero   RW         1323    .bss                app_ble.o
    0x20000598        -       0x00001020   Zero   RW         6643    .bss                dbg_trace.o
    0x200015b8        -       0x00000020   Zero   RW         8509    .bss                hci_tl.o
    0x200015d8        -       0x00000020   Zero   RW         8583    .bss                shci_tl.o
    0x200015f8        -       0x00000090   Zero   RW         8728    .bss                stm32_seq.o
    0x20001688        -       0x00001000   Zero   RW            1    STACK               startup_stm32wb55xx_cm4.o


    Execution Region RW_RAM_SHARED1 (Exec base: 0x20030000, Load base: 0x0800894c, Size: 0x00000028, Max: 0x00000028, ABSOLUTE)

    Exec Addr    Load Addr    Size         Type   Attr      Idx    E Section Name        Object

    0x20030000   0x0800894c   0x00000028   Data   RW         6306    MAPPING_TABLE       tl_mbox.o


    Execution Region RW_RAM_SHARED2 (Exec base: 0x20030028, Load base: 0x08008974, Size: 0x00000a40, Max: 0x000027d8, ABSOLUTE, COMPRESSED[0x00000018])

    Exec Addr    Load Addr    Size         Type   Attr      Idx    E Section Name        Object

    0x20030028   COMPRESSED   0x0000010b   Data   RW         1327    MB_MEM1             app_ble.o
    0x20030133   COMPRESSED   0x00000001   PAD
    0x20030134   COMPRESSED   0x000000b0   Data   RW         6307    MB_MEM1             tl_mbox.o
    0x200301e4   COMPRESSED   0x00000004   Data   RW          285    MB_MEM2             app_debug.o
    0x200301e8   COMPRESSED   0x0000000e   Data   RW          286    MB_MEM2             app_debug.o
    0x200301f6   COMPRESSED   0x00000002   PAD
    0x200301f8   COMPRESSED   0x0000085e   Data   RW          403    MB_MEM2             app_entry.o
    0x20030a56   COMPRESSED   0x00000002   PAD
    0x20030a58   COMPRESSED   0x0000000f   Data   RW         6308    MB_MEM2             tl_mbox.o


==============================================================================

Image component sizes


      Code (inc. data)   RO Data    RW Data    ZI Data      Debug   Object Name

      4640       2818       1297        305        132      79200   app_ble.o
       358         22        331         18          0      40420   app_debug.o
      1914        948         79       2162        256     185968   app_entry.o
       930          0          0          0          0      64379   ble_gap_aci.o
       532          0          0          0          0       5904   ble_gatt_aci.o
       250          0          0          0          0       3699   ble_hal_aci.o
       250          0          0          0          0       3843   ble_hci_le.o
       100          0          0          0          0       1772   ble_l2cap_aci.o
       210         32          0          1       4128       7057   dbg_trace.o
       464         54          0         32         32       7346   hci_tl.o
        20         10          0          0          0       1274   hci_tl_if.o
       512         58          0          4          0      42575   hw_ipcc.o
      1522        148          0         16        144      24248   hw_timerserver.o
       240         62          0         16          0       4534   hw_uart.o
       476         36          0          0        604     735065   main.o
         8          0          0          0          0       1548   osal.o
        40         10          0          0          0       1223   otp.o
       688        380         75          8          0       5141   p2p_server_app.o
       572         62          0          6          0       4859   p2p_stm.o
       204         12          0          0          0       5606   shci.o
       378         58          0         24         32       6289   shci_tl.o
        20         10          0          0          0       6111   shci_tl_if.o
        36          8        316          0       4096        924   startup_stm32wb55xx_cm4.o
        52         10          0          8          0       7298   stm32_lpm.o
       492         48         16         24        144      10059   stm32_seq.o
       192         38          0         12          0      36692   stm32wbxx_hal.o
       284         14          0          0          0      36997   stm32wbxx_hal_cortex.o
       910         30          0          0          0       7498   stm32wbxx_hal_dma.o
        88          8          0          0          0       1394   stm32wbxx_hal_dma_ex.o
        28          4          0          0          0       1327   stm32wbxx_hal_exti.o
       434         30          0          0          0       3263   stm32wbxx_hal_gpio.o
        34          6          0          0          0       1414   stm32wbxx_hal_hsem.o
       120         14          0          0          0       4691   stm32wbxx_hal_ipcc.o
       666         40          0          0          0      46165   stm32wbxx_hal_msp.o
        16          4          0          0          0        655   stm32wbxx_hal_pwr.o
        16          6          0          0          0        688   stm32wbxx_hal_pwr_ex.o
      2468         74         44          0          0      49040   stm32wbxx_hal_rcc.o
      1032          0          0          0          0      41716   stm32wbxx_hal_rcc_ex.o
        64          0          0          0          0       1331   stm32wbxx_hal_rng.o
       320          8          0          0          0       3404   stm32wbxx_hal_rtc.o
       318          4          0          0          0       3073   stm32wbxx_hal_rtc_ex.o
      3948        114         24          0          0      73102   stm32wbxx_hal_uart.o
       288          6         16          0          0       6350   stm32wbxx_hal_uart_ex.o
       102         24          0          0          0      10974   stm32wbxx_it.o
       296         38         16         24          0      14728   stm32wbxx_nucleo.o
       126          0          0          0          0       6203   stm_list.o
       882          0          0          0          0       6502   stm_queue.o
       238         14          0         12          0      15672   svc_ctl.o
       100         14        160          4          0       1608   system_stm32wbxx.o
       632        126          0        259          0      15294   tl_mbox.o

    ----------------------------------------------------------------------
     28566       5402       2444       2948       9568    1646123   Object Totals
         0          0         64          0          0          0   (incl. Generated)
        56          0          6         13          0          0   (incl. Padding)

    ----------------------------------------------------------------------

      Code (inc. data)   RO Data    RW Data    ZI Data      Debug   Library Member Name

        86          0          0          0          0          0   __dczerorl2.o
         0          0          0          0          0          0   entry.o
         0          0          0          0          0          0   entry10a.o
         0          0          0          0          0          0   entry11a.o
         4          0          0          0          0          0   entry12b.o
         8          4          0          0          0          0   entry2.o
         4          0          0          0          0          0   entry5.o
         0          0          0          0          0          0   entry7b.o
         0          0          0          0          0          0   entry8b.o
         8          4          0          0          0          0   entry9a.o
        30          0          0          0          0          0   handlers.o
        36          8          0          0          0         68   init.o
         0          0          0          0          0          0   iusefp.o
        30          0          0          0          0         68   llshl.o
        36          0          0          0          0         68   llsshr.o
        32          0          0          0          0         68   llushr.o
        40          0          0          0          0         76   memcpy.o
        36          0          0          0          0        108   memseta.o
      2218         90          0          0          0        464   printfa.o
         0          0          0          4          0          0   stdout.o
        28          0          0          0          0         76   strcmp.o
        14          0          0          0          0         68   strlen.o
        44          0          0          0          0         80   uidiv.o
        98          0          0          0          0         92   uldiv.o
        48          0          0          0          0         68   cdrcmple.o
       334          0          0          0          0        148   dadd.o
       222          0          0          0          0        100   ddiv.o
       186          0          0          0          0        176   depilogue.o
        48          0          0          0          0         68   dfixul.o
        26          0          0          0          0         76   dfltui.o
       228          0          0          0          0         96   dmul.o

    ----------------------------------------------------------------------
      3850        106          0          4          0       1968   Library Totals
         6          0          0          0          0          0   (incl. Padding)

    ----------------------------------------------------------------------

      Code (inc. data)   RO Data    RW Data    ZI Data      Debug   Library Name

      2752        106          0          4          0       1236   mc_w.l
      1092          0          0          0          0        732   mf_w.l

    ----------------------------------------------------------------------
      3850        106          0          4          0       1968   Library Totals

    ----------------------------------------------------------------------

==============================================================================


      Code (inc. data)   RO Data    RW Data    ZI Data      Debug   

     32416       5508       2444       2952       9568    1615487   Grand Totals
     32416       5508       2444        352       9568    1615487   ELF Image Totals (compressed)
     32416       5508       2444        352          0          0   ROM Totals

==============================================================================

    Total RO  Size (Code + RO Data)                34860 (  34.04kB)
    Total RW  Size (RW Data + ZI Data)             12520 (  12.23kB)
    Total ROM Size (Code + RO Data + RW Data)      35212 (  34.39kB)

==============================================================================

