../Drivers/BSP/TCS3430/TCS3430.c:24:9:get_data	120	static
../Drivers/BSP/TCS3430/TCS3430.c:48:9:set_atime	16	static
../Drivers/BSP/TCS3430/TCS3430.c:71:9:set_cfg0	16	static
../Drivers/BSP/TCS3430/TCS3430.c:92:9:set_cfg1	16	static
../Drivers/BSP/TCS3430/TCS3430.c:139:9:set_cfg2	16	static
../Drivers/BSP/TCS3430/TCS3430.c:160:9:set_cfg3	16	static
../Drivers/BSP/TCS3430/TCS3430.c:194:9:set_AutoZeroMode	16	static
../Drivers/BSP/TCS3430/TCS3430.c:229:9:set_ALSInterrupt	16	static
../Drivers/BSP/TCS3430/TCS3430.c:264:9:enable_sensor	16	static
../Drivers/BSP/TCS3430/TCS3430.c:294:9:disable_sensor	16	static
../Drivers/BSP/TCS3430/TCS3430.c:307:6:softReset	16	static
../Drivers/BSP/TCS3430/TCS3430.c:340:9:get_optics_data	16	static
../Drivers/BSP/TCS3430/TCS3430.c:370:20:get_raw_XYZ	40	static
../Drivers/BSP/TCS3430/TCS3430.c:401:6:TCS3430_print_color	40	static
../Drivers/BSP/TCS3430/TCS3430.c:421:9:begin	16	static
../Drivers/BSP/TCS3430/TCS3430.c:437:5:MinV	16	static
../Drivers/BSP/TCS3430/TCS3430.c:440:5:MaxV	16	static
../Drivers/BSP/TCS3430/TCS3430.c:444:6:Update_ALSThreshold	48	static
../Drivers/BSP/TCS3430/TCS3430.c:462:6:Color_Init	8	static
../Drivers/BSP/TCS3430/TCS3430.c:467:6:Color_Process	32	static
../Drivers/BSP/TCS3430/TCS3430.c:474:6:set_ALS_THR_LOW	24	static
../Drivers/BSP/TCS3430/TCS3430.c:495:6:set_ALS_THR_HIGH	24	static
../Drivers/BSP/TCS3430/TCS3430.c:515:6:set_IRT_Cycle	16	static
../Drivers/BSP/TCS3430/TCS3430.c:527:6:TCS3430_print_reg	120	static
../Drivers/BSP/TCS3430/TCS3430.c:547:9:reset_Status	16	static
../Drivers/BSP/TCS3430/TCS3430.c:556:6:colordiff	40	static
