E:/Desktop/stm32cube_fw_wb_v1180/STM32Cube_FW_WB_V1.18.0/Middlewares/ST/STM32_WPAN/ble/mesh/MeshModel/Src/light_client.c:2432:14:Light_Client_Lightness_Status	40	static
E:/Desktop/stm32cube_fw_wb_v1180/STM32Cube_FW_WB_V1.18.0/Middlewares/ST/STM32_WPAN/ble/mesh/MeshModel/Src/light_client.c:2459:14:Light_Client_Lightness_Linear_Status	40	static
E:/Desktop/stm32cube_fw_wb_v1180/STM32Cube_FW_WB_V1.18.0/Middlewares/ST/STM32_WPAN/ble/mesh/MeshModel/Src/light_client.c:2486:14:Light_Client_Lightness_Last_Status	32	static
E:/Desktop/stm32cube_fw_wb_v1180/STM32Cube_FW_WB_V1.18.0/Middlewares/ST/STM32_WPAN/ble/mesh/MeshModel/Src/light_client.c:2512:14:Light_Client_Lightness_Default_Status	40	static
E:/Desktop/stm32cube_fw_wb_v1180/STM32Cube_FW_WB_V1.18.0/Middlewares/ST/STM32_WPAN/ble/mesh/MeshModel/Src/light_client.c:2539:14:Light_Client_Lightness_Range_Status	40	static
E:/Desktop/stm32cube_fw_wb_v1180/STM32Cube_FW_WB_V1.18.0/Middlewares/ST/STM32_WPAN/ble/mesh/MeshModel/Src/light_client.c:2566:14:Light_Client_Ctl_Status	40	static
E:/Desktop/stm32cube_fw_wb_v1180/STM32Cube_FW_WB_V1.18.0/Middlewares/ST/STM32_WPAN/ble/mesh/MeshModel/Src/light_client.c:2593:14:Light_Client_CtlTemperature_Range_Status	40	static
E:/Desktop/stm32cube_fw_wb_v1180/STM32Cube_FW_WB_V1.18.0/Middlewares/ST/STM32_WPAN/ble/mesh/MeshModel/Src/light_client.c:2620:14:Light_Client_CtlDefault_Status	40	static
E:/Desktop/stm32cube_fw_wb_v1180/STM32Cube_FW_WB_V1.18.0/Middlewares/ST/STM32_WPAN/ble/mesh/MeshModel/Src/light_client.c:2647:14:Light_Client_CtlTemperature_Status	40	static
E:/Desktop/stm32cube_fw_wb_v1180/STM32Cube_FW_WB_V1.18.0/Middlewares/ST/STM32_WPAN/ble/mesh/MeshModel/Src/light_client.c:2673:14:Light_Client_Hsl_Status	40	static
E:/Desktop/stm32cube_fw_wb_v1180/STM32Cube_FW_WB_V1.18.0/Middlewares/ST/STM32_WPAN/ble/mesh/MeshModel/Src/light_client.c:2699:14:Light_Client_HslDefault_Status	40	static
E:/Desktop/stm32cube_fw_wb_v1180/STM32Cube_FW_WB_V1.18.0/Middlewares/ST/STM32_WPAN/ble/mesh/MeshModel/Src/light_client.c:2726:14:Light_Client_HslRange_Status	40	static
E:/Desktop/stm32cube_fw_wb_v1180/STM32Cube_FW_WB_V1.18.0/Middlewares/ST/STM32_WPAN/ble/mesh/MeshModel/Src/light_client.c:2753:14:Light_Client_HslTarget_Status	32	static
E:/Desktop/stm32cube_fw_wb_v1180/STM32Cube_FW_WB_V1.18.0/Middlewares/ST/STM32_WPAN/ble/mesh/MeshModel/Src/light_client.c:2779:14:Light_Client_HslHue_Status	40	static
E:/Desktop/stm32cube_fw_wb_v1180/STM32Cube_FW_WB_V1.18.0/Middlewares/ST/STM32_WPAN/ble/mesh/MeshModel/Src/light_client.c:2806:14:Light_Client_HslSaturation_Status	40	static
E:/Desktop/stm32cube_fw_wb_v1180/STM32Cube_FW_WB_V1.18.0/Middlewares/ST/STM32_WPAN/ble/mesh/MeshModel/Src/light_client.c:2828:14:LightModelClient_GetOpcodeTableCb	16	static
E:/Desktop/stm32cube_fw_wb_v1180/STM32Cube_FW_WB_V1.18.0/Middlewares/ST/STM32_WPAN/ble/mesh/MeshModel/Src/light_client.c:2843:14:LightClient_LC_Property_Get	48	static
E:/Desktop/stm32cube_fw_wb_v1180/STM32Cube_FW_WB_V1.18.0/Middlewares/ST/STM32_WPAN/ble/mesh/MeshModel/Src/light_client.c:2882:14:LightClient_LC_Property_Set_Ack	56	static
E:/Desktop/stm32cube_fw_wb_v1180/STM32Cube_FW_WB_V1.18.0/Middlewares/ST/STM32_WPAN/ble/mesh/MeshModel/Src/light_client.c:2925:14:LightClient_LC_Property_Set_Unack	56	static
E:/Desktop/stm32cube_fw_wb_v1180/STM32Cube_FW_WB_V1.18.0/Middlewares/ST/STM32_WPAN/ble/mesh/MeshModel/Src/light_client.c:3027:14:LightModelClient_GetStatusRequestCb	24	static
E:/Desktop/stm32cube_fw_wb_v1180/STM32Cube_FW_WB_V1.18.0/Middlewares/ST/STM32_WPAN/ble/mesh/MeshModel/Src/light_client.c:3055:14:LightModelClient_ProcessMessageCb	48	static
