E:/Desktop/stm32cube_fw_wb_v1180/STM32Cube_FW_WB_V1.18.0/Middlewares/ST/STM32_WPAN/ble/mesh/Src/serial_if.c:98:13:Serial_RxCpltCallback	8	static
E:/Desktop/stm32cube_fw_wb_v1180/STM32Cube_FW_WB_V1.18.0/Middlewares/ST/STM32_WPAN/ble/mesh/Src/serial_if.c:139:13:Serial_Uart_Rx_Task	8	static
E:/Desktop/stm32cube_fw_wb_v1180/STM32Cube_FW_WB_V1.18.0/Middlewares/ST/STM32_WPAN/ble/mesh/Src/serial_if.c:173:13:SerialResponse_Process	16	static
E:/Desktop/stm32cube_fw_wb_v1180/STM32Cube_FW_WB_V1.18.0/Middlewares/ST/STM32_WPAN/ble/mesh/Src/serial_if.c:179:13:SerialPrvn_Process	16	static
E:/Desktop/stm32cube_fw_wb_v1180/STM32Cube_FW_WB_V1.18.0/Middlewares/ST/STM32_WPAN/ble/mesh/Src/serial_if.c:188:6:Serial_InterfaceProcess	8	static
E:/Desktop/stm32cube_fw_wb_v1180/STM32Cube_FW_WB_V1.18.0/Middlewares/ST/STM32_WPAN/ble/mesh/Src/serial_if.c:282:12:Serial_CharToHexConvert	24	static
E:/Desktop/stm32cube_fw_wb_v1180/STM32Cube_FW_WB_V1.18.0/Middlewares/ST/STM32_WPAN/ble/mesh/Src/serial_if.c:304:6:Serial_Init	8	static
E:/Desktop/stm32cube_fw_wb_v1180/STM32Cube_FW_WB_V1.18.0/Middlewares/ST/STM32_WPAN/ble/mesh/Src/serial_if.c:320:6:BLEMesh_PrintStringCb	16	static
E:/Desktop/stm32cube_fw_wb_v1180/STM32Cube_FW_WB_V1.18.0/Middlewares/ST/STM32_WPAN/ble/mesh/Src/serial_if.c:330:6:BLEMesh_PrintDataCb	24	static
E:/Desktop/stm32cube_fw_wb_v1180/STM32Cube_FW_WB_V1.18.0/Middlewares/ST/STM32_WPAN/ble/mesh/Src/serial_ctrl.c:65:6:SerialCtrlVendorRead_Process	56	static
E:/Desktop/stm32cube_fw_wb_v1180/STM32Cube_FW_WB_V1.18.0/Middlewares/ST/STM32_WPAN/ble/mesh/Src/serial_ctrl.c:120:6:SerialCtrlVendorWrite_Process	128	static
E:/Desktop/stm32cube_fw_wb_v1180/STM32Cube_FW_WB_V1.18.0/Middlewares/ST/STM32_WPAN/ble/mesh/Src/serial_ctrl.c:219:6:SerialCtrl_Process	64	static
E:/Desktop/stm32cube_fw_wb_v1180/STM32Cube_FW_WB_V1.18.0/Middlewares/ST/STM32_WPAN/ble/mesh/Src/serial_ctrl.c:328:12:SerialCtrl_GetMinParamLength	32	static
E:/Desktop/stm32cube_fw_wb_v1180/STM32Cube_FW_WB_V1.18.0/Middlewares/ST/STM32_WPAN/ble/mesh/Src/serial_ctrl.c:350:12:SerialCtrl_GetData	56	static
E:/Desktop/stm32cube_fw_wb_v1180/STM32Cube_FW_WB_V1.18.0/Middlewares/ST/STM32_WPAN/ble/mesh/Src/serial_ut.c:90:6:SerialUt_Process	40	static
E:/Desktop/stm32cube_fw_wb_v1180/STM32Cube_FW_WB_V1.18.0/Middlewares/ST/STM32_WPAN/ble/mesh/Src/serial_ut.c:238:20:SerialUt_GetFunctionIndex	24	static
E:/Desktop/stm32cube_fw_wb_v1180/STM32Cube_FW_WB_V1.18.0/Middlewares/ST/STM32_WPAN/ble/mesh/Src/serial_ut.c:272:13:SerialUt_doubleHexToHex	32	static
E:/Desktop/stm32cube_fw_wb_v1180/STM32Cube_FW_WB_V1.18.0/Middlewares/ST/STM32_WPAN/ble/mesh/Src/serial_ut.c:295:21:BLEMesh_UpperTesterDataProcess	16	static
E:/Desktop/stm32cube_fw_wb_v1180/STM32Cube_FW_WB_V1.18.0/Middlewares/ST/STM32_WPAN/ble/mesh/Src/mesh_cfg.c:375:14:AppliCheck_EnabledModelsList	16	static
E:/Desktop/stm32cube_fw_wb_v1180/STM32Cube_FW_WB_V1.18.0/Middlewares/ST/STM32_WPAN/ble/mesh/Src/mesh_cfg.c:426:14:ApplicationInitSigModelList	16	static
E:/Desktop/stm32cube_fw_wb_v1180/STM32Cube_FW_WB_V1.18.0/Middlewares/ST/STM32_WPAN/ble/mesh/Src/mesh_cfg.c:1162:14:ApplicationInitVendorModelList	16	static
E:/Desktop/stm32cube_fw_wb_v1180/STM32Cube_FW_WB_V1.18.0/Middlewares/ST/STM32_WPAN/ble/mesh/Src/mesh_cfg.c:1210:12:ApplicationGetSigModelList	24	static
E:/Desktop/stm32cube_fw_wb_v1180/STM32Cube_FW_WB_V1.18.0/Middlewares/ST/STM32_WPAN/ble/mesh/Src/mesh_cfg.c:1234:12:ApplicationGetCLIENTSigModelList	24	static
E:/Desktop/stm32cube_fw_wb_v1180/STM32Cube_FW_WB_V1.18.0/Middlewares/ST/STM32_WPAN/ble/mesh/Src/mesh_cfg.c:1277:12:ApplicationSetNodeSigModelList	8	static
E:/Desktop/stm32cube_fw_wb_v1180/STM32Cube_FW_WB_V1.18.0/Middlewares/ST/STM32_WPAN/ble/mesh/Src/mesh_cfg.c:1293:12:ApplicationGetVendorModelList	24	static
E:/Desktop/stm32cube_fw_wb_v1180/STM32Cube_FW_WB_V1.18.0/Middlewares/ST/STM32_WPAN/ble/mesh/Src/mesh_cfg.c:1350:11:ApplicationChkSigModelActive	24	static
E:/Desktop/stm32cube_fw_wb_v1180/STM32Cube_FW_WB_V1.18.0/Middlewares/ST/STM32_WPAN/ble/mesh/Src/mesh_cfg.c:1392:11:ApplicationChkVendorModelActive	24	static
E:/Desktop/stm32cube_fw_wb_v1180/STM32Cube_FW_WB_V1.18.0/Middlewares/ST/STM32_WPAN/ble/mesh/Src/mesh_cfg.c:1595:14:BnrgmFrndLpnProcess	16	static
E:/Desktop/stm32cube_fw_wb_v1180/STM32Cube_FW_WB_V1.18.0/Middlewares/ST/STM32_WPAN/ble/mesh/Src/mesh_cfg.c:1600:14:BnrgmFrndLpnProcessFrndOffer	16	static
E:/Desktop/stm32cube_fw_wb_v1180/STM32Cube_FW_WB_V1.18.0/Middlewares/ST/STM32_WPAN/ble/mesh/Src/mesh_cfg.c:1605:14:BnrgmFrndLpnProcessFrndUpdate	16	static
E:/Desktop/stm32cube_fw_wb_v1180/STM32Cube_FW_WB_V1.18.0/Middlewares/ST/STM32_WPAN/ble/mesh/Src/mesh_cfg.c:1610:14:BnrgmFrndLpnProcessFrndRfu	16	static
E:/Desktop/stm32cube_fw_wb_v1180/STM32Cube_FW_WB_V1.18.0/Middlewares/ST/STM32_WPAN/ble/mesh/Src/mesh_cfg.c:1615:14:BnrgmFrndLpnProcessFrndSubscrListConf	16	static
E:/Desktop/stm32cube_fw_wb_v1180/STM32Cube_FW_WB_V1.18.0/Middlewares/ST/STM32_WPAN/ble/mesh/Src/mesh_cfg.c:1620:14:BnrgmFrndLpnSwitchKeys	16	static
E:/Desktop/stm32cube_fw_wb_v1180/STM32Cube_FW_WB_V1.18.0/Middlewares/ST/STM32_WPAN/ble/mesh/Src/mesh_cfg.c:1625:14:BnrgmFrndLpnTranspSegRecvd	16	static
E:/Desktop/stm32cube_fw_wb_v1180/STM32Cube_FW_WB_V1.18.0/Middlewares/ST/STM32_WPAN/ble/mesh/Src/mesh_cfg.c:1630:14:BnrgmFrndLpnUpdateKeys	16	static
E:/Desktop/stm32cube_fw_wb_v1180/STM32Cube_FW_WB_V1.18.0/Middlewares/ST/STM32_WPAN/ble/mesh/Src/mesh_cfg.c:1635:14:BnrgmFrndMgmtLpnInit	16	static
E:/Desktop/stm32cube_fw_wb_v1180/STM32Cube_FW_WB_V1.18.0/Middlewares/ST/STM32_WPAN/ble/mesh/Src/mesh_cfg.c:1772:14:LightLcServer_GetOpcodeTableCb	16	static
E:/Desktop/stm32cube_fw_wb_v1180/STM32Cube_FW_WB_V1.18.0/Middlewares/ST/STM32_WPAN/ble/mesh/Src/mesh_cfg.c:1775:14:LightLcServer_GetStatusRequestCb	24	static
E:/Desktop/stm32cube_fw_wb_v1180/STM32Cube_FW_WB_V1.18.0/Middlewares/ST/STM32_WPAN/ble/mesh/Src/mesh_cfg.c:1783:14:LightLcServer_ProcessMessageCb	24	static
E:/Desktop/stm32cube_fw_wb_v1180/STM32Cube_FW_WB_V1.18.0/Middlewares/ST/STM32_WPAN/ble/mesh/Src/mesh_cfg.c:1789:6:Light_LC_NvmParams_Get	24	static
E:/Desktop/stm32cube_fw_wb_v1180/STM32Cube_FW_WB_V1.18.0/Middlewares/ST/STM32_WPAN/ble/mesh/Src/mesh_cfg.c:1793:6:LightLC_SaveModelStates	16	static
E:/Desktop/stm32cube_fw_wb_v1180/STM32Cube_FW_WB_V1.18.0/Middlewares/ST/STM32_WPAN/ble/mesh/Src/mesh_cfg.c:1797:12:Light_LC_OnPowerUp	16	static
E:/Desktop/stm32cube_fw_wb_v1180/STM32Cube_FW_WB_V1.18.0/Middlewares/ST/STM32_WPAN/ble/mesh/Src/mesh_cfg.c:1805:14:Light_LC_SetTransitionTimeZero	16	static
E:/Desktop/stm32cube_fw_wb_v1180/STM32Cube_FW_WB_V1.18.0/Middlewares/ST/STM32_WPAN/ble/mesh/Src/mesh_cfg.c:1807:14:Light_LC_SensorPropertyUpdate	16	static
E:/Desktop/stm32cube_fw_wb_v1180/STM32Cube_FW_WB_V1.18.0/Middlewares/ST/STM32_WPAN/ble/mesh/Src/mesh_cfg.c:1811:6:Light_LC_LigtnessLinearUnsolicitedChange	16	static
E:/Desktop/stm32cube_fw_wb_v1180/STM32Cube_FW_WB_V1.18.0/Middlewares/ST/STM32_WPAN/ble/mesh/Src/mesh_cfg.c:1813:13:Light_LC_SleepDurationMs_Get	4	static
E:/Desktop/stm32cube_fw_wb_v1180/STM32Cube_FW_WB_V1.18.0/Middlewares/ST/STM32_WPAN/ble/mesh/Src/mesh_cfg.c:1815:14:Light_LC_Send	16	static
E:/Desktop/stm32cube_fw_wb_v1180/STM32Cube_FW_WB_V1.18.0/Middlewares/ST/STM32_WPAN/ble/mesh/Src/mesh_cfg.c:1817:14:Light_LC_LcOnOffUpdate	16	static
E:/Desktop/stm32cube_fw_wb_v1180/STM32Cube_FW_WB_V1.18.0/Middlewares/ST/STM32_WPAN/ble/mesh/Src/mesh_cfg.c:1824:6:Light_LC_Process	4	static
E:/Desktop/stm32cube_fw_wb_v1180/STM32Cube_FW_WB_V1.18.0/Middlewares/ST/STM32_WPAN/ble/mesh/Src/mesh_cfg.c:1826:14:Light_LCs_Init	24	static
E:/Desktop/stm32cube_fw_wb_v1180/STM32Cube_FW_WB_V1.18.0/Middlewares/ST/STM32_WPAN/ble/mesh/Src/mesh_cfg.c:1831:14:ExtractLcServerElementIndex	16	static
E:/Desktop/stm32cube_fw_wb_v1180/STM32Cube_FW_WB_V1.18.0/Middlewares/ST/STM32_WPAN/ble/mesh/Src/mesh_cfg.c:1839:14:Appli_Light_LCs_Init	4	static
