E:/Desktop/stm32cube_fw_wb_v1180/STM32Cube_FW_WB_V1.18.0/Middlewares/ST/STM32_WPAN/ble/mesh/MeshModel/Src/sensors.c:378:21:Sensor_ExtractPropertyId	24	static
E:/Desktop/stm32cube_fw_wb_v1180/STM32Cube_FW_WB_V1.18.0/Middlewares/ST/STM32_WPAN/ble/mesh/MeshModel/Src/sensors.c:405:21:Sensor_ExtractSettingPropertyId	24	static
E:/Desktop/stm32cube_fw_wb_v1180/STM32Cube_FW_WB_V1.18.0/Middlewares/ST/STM32_WPAN/ble/mesh/MeshModel/Src/sensors.c:444:21:Sensor_ExtractSensorOffset	40	static
E:/Desktop/stm32cube_fw_wb_v1180/STM32Cube_FW_WB_V1.18.0/Middlewares/ST/STM32_WPAN/ble/mesh/MeshModel/Src/sensors.c:538:21:Sensor_FillDescriptor	40	static
E:/Desktop/stm32cube_fw_wb_v1180/STM32Cube_FW_WB_V1.18.0/Middlewares/ST/STM32_WPAN/ble/mesh/MeshModel/Src/sensors.c:606:21:Sensor_MarshalPid	160	static
E:/Desktop/stm32cube_fw_wb_v1180/STM32Cube_FW_WB_V1.18.0/Middlewares/ST/STM32_WPAN/ble/mesh/MeshModel/Src/sensors.c:715:21:Sensor_CadenceStatus	176	static
E:/Desktop/stm32cube_fw_wb_v1180/STM32Cube_FW_WB_V1.18.0/Middlewares/ST/STM32_WPAN/ble/mesh/MeshModel/Src/sensors.c:884:21:Sensor_SettingsStatus	152	static
E:/Desktop/stm32cube_fw_wb_v1180/STM32Cube_FW_WB_V1.18.0/Middlewares/ST/STM32_WPAN/ble/mesh/MeshModel/Src/sensors.c:1003:21:Sensor_SettingStatus	152	static
E:/Desktop/stm32cube_fw_wb_v1180/STM32Cube_FW_WB_V1.18.0/Middlewares/ST/STM32_WPAN/ble/mesh/MeshModel/Src/sensors.c:1147:21:Sensor_DescriptorStatus	440	static
E:/Desktop/stm32cube_fw_wb_v1180/STM32Cube_FW_WB_V1.18.0/Middlewares/ST/STM32_WPAN/ble/mesh/MeshModel/Src/sensors.c:1281:21:Sensor_Status	456	static
E:/Desktop/stm32cube_fw_wb_v1180/STM32Cube_FW_WB_V1.18.0/Middlewares/ST/STM32_WPAN/ble/mesh/MeshModel/Src/sensors.c:1461:21:Sensor_ColumnStatus	464	static
E:/Desktop/stm32cube_fw_wb_v1180/STM32Cube_FW_WB_V1.18.0/Middlewares/ST/STM32_WPAN/ble/mesh/MeshModel/Src/sensors.c:1650:21:Sensor_SeriesStatus	840	static
E:/Desktop/stm32cube_fw_wb_v1180/STM32Cube_FW_WB_V1.18.0/Middlewares/ST/STM32_WPAN/ble/mesh/MeshModel/Src/sensors.c:1844:21:Sensor_DescriptorGet	56	static
E:/Desktop/stm32cube_fw_wb_v1180/STM32Cube_FW_WB_V1.18.0/Middlewares/ST/STM32_WPAN/ble/mesh/MeshModel/Src/sensors.c:1910:21:Sensor_CadenceGet	80	static
E:/Desktop/stm32cube_fw_wb_v1180/STM32Cube_FW_WB_V1.18.0/Middlewares/ST/STM32_WPAN/ble/mesh/MeshModel/Src/sensors.c:2006:21:Sensor_CadenceSet	112	static
E:/Desktop/stm32cube_fw_wb_v1180/STM32Cube_FW_WB_V1.18.0/Middlewares/ST/STM32_WPAN/ble/mesh/MeshModel/Src/sensors.c:2236:21:Sensor_CadenceSetUnack	112	static
E:/Desktop/stm32cube_fw_wb_v1180/STM32Cube_FW_WB_V1.18.0/Middlewares/ST/STM32_WPAN/ble/mesh/MeshModel/Src/sensors.c:2462:21:Sensor_SettingsGet	56	static
E:/Desktop/stm32cube_fw_wb_v1180/STM32Cube_FW_WB_V1.18.0/Middlewares/ST/STM32_WPAN/ble/mesh/MeshModel/Src/sensors.c:2526:21:Sensor_SettingGet	96	static
E:/Desktop/stm32cube_fw_wb_v1180/STM32Cube_FW_WB_V1.18.0/Middlewares/ST/STM32_WPAN/ble/mesh/MeshModel/Src/sensors.c:2652:21:Sensor_SettingSet	104	static
E:/Desktop/stm32cube_fw_wb_v1180/STM32Cube_FW_WB_V1.18.0/Middlewares/ST/STM32_WPAN/ble/mesh/MeshModel/Src/sensors.c:2810:21:Sensor_SettingSetUnack	104	static
E:/Desktop/stm32cube_fw_wb_v1180/STM32Cube_FW_WB_V1.18.0/Middlewares/ST/STM32_WPAN/ble/mesh/MeshModel/Src/sensors.c:2969:21:Sensor_Get	56	static
E:/Desktop/stm32cube_fw_wb_v1180/STM32Cube_FW_WB_V1.18.0/Middlewares/ST/STM32_WPAN/ble/mesh/MeshModel/Src/sensors.c:3039:21:Sensor_ColumnGet	96	static
E:/Desktop/stm32cube_fw_wb_v1180/STM32Cube_FW_WB_V1.18.0/Middlewares/ST/STM32_WPAN/ble/mesh/MeshModel/Src/sensors.c:3160:21:Sensor_SeriesGet	488	static
E:/Desktop/stm32cube_fw_wb_v1180/STM32Cube_FW_WB_V1.18.0/Middlewares/ST/STM32_WPAN/ble/mesh/MeshModel/Src/sensors.c:3302:21:SensorModelServer_GetOpcodeTableCb	16	static
E:/Desktop/stm32cube_fw_wb_v1180/STM32Cube_FW_WB_V1.18.0/Middlewares/ST/STM32_WPAN/ble/mesh/MeshModel/Src/sensors.c:3325:21:SensorModelServer_GetStatusRequestCb	24	static
E:/Desktop/stm32cube_fw_wb_v1180/STM32Cube_FW_WB_V1.18.0/Middlewares/ST/STM32_WPAN/ble/mesh/MeshModel/Src/sensors.c:3346:21:SensorModelServer_ProcessMessageCb	40	static
E:/Desktop/stm32cube_fw_wb_v1180/STM32Cube_FW_WB_V1.18.0/Middlewares/ST/STM32_WPAN/ble/mesh/MeshModel/Src/sensors.c:3422:20:Sensor_SleepDurationMs_Get	32	static
E:/Desktop/stm32cube_fw_wb_v1180/STM32Cube_FW_WB_V1.18.0/Middlewares/ST/STM32_WPAN/ble/mesh/MeshModel/Src/sensors.c:3515:21:Sensor_UpdatePublishParameters	40	static
E:/Desktop/stm32cube_fw_wb_v1180/STM32Cube_FW_WB_V1.18.0/Middlewares/ST/STM32_WPAN/ble/mesh/MeshModel/Src/sensors.c:3628:21:Sensor_CheckStatusTrigger	56	static
E:/Desktop/stm32cube_fw_wb_v1180/STM32Cube_FW_WB_V1.18.0/Middlewares/ST/STM32_WPAN/ble/mesh/MeshModel/Src/sensors.c:3672:21:Sensor_Send	32	static
E:/Desktop/stm32cube_fw_wb_v1180/STM32Cube_FW_WB_V1.18.0/Middlewares/ST/STM32_WPAN/ble/mesh/MeshModel/Src/sensors.c:3726:21:Sensor_UpdateCadence	24	static
E:/Desktop/stm32cube_fw_wb_v1180/STM32Cube_FW_WB_V1.18.0/Middlewares/ST/STM32_WPAN/ble/mesh/MeshModel/Src/sensors.c:3787:21:Sensor_UpdatePublishState	24	static
E:/Desktop/stm32cube_fw_wb_v1180/STM32Cube_FW_WB_V1.18.0/Middlewares/ST/STM32_WPAN/ble/mesh/MeshModel/Src/sensors.c:3833:13:Sensor_Process	40	static
E:/Desktop/stm32cube_fw_wb_v1180/STM32Cube_FW_WB_V1.18.0/Middlewares/ST/STM32_WPAN/ble/mesh/MeshModel/Src/sensors.c:3950:21:SensorServer_Init	104	static
E:/Desktop/stm32cube_fw_wb_v1180/STM32Cube_FW_WB_V1.18.0/Middlewares/ST/STM32_WPAN/ble/mesh/MeshModel/Src/sensors.c:4303:21:Sensor_ModelPublishSet	40	static
E:/Desktop/stm32cube_fw_wb_v1180/STM32Cube_FW_WB_V1.18.0/Middlewares/ST/STM32_WPAN/ble/mesh/MeshModel/Src/sensors.c:4369:1:Appli_Sensor_CadenceGet	24	static
E:/Desktop/stm32cube_fw_wb_v1180/STM32Cube_FW_WB_V1.18.0/Middlewares/ST/STM32_WPAN/ble/mesh/MeshModel/Src/sensors.c:4377:1:Appli_Sensor_CadenceSet	24	static
E:/Desktop/stm32cube_fw_wb_v1180/STM32Cube_FW_WB_V1.18.0/Middlewares/ST/STM32_WPAN/ble/mesh/MeshModel/Src/sensors.c:4385:1:Appli_Sensor_CadenceSetUnack	24	static
E:/Desktop/stm32cube_fw_wb_v1180/STM32Cube_FW_WB_V1.18.0/Middlewares/ST/STM32_WPAN/ble/mesh/MeshModel/Src/sensors.c:4393:1:Appli_Sensor_SettingsGet	24	static
E:/Desktop/stm32cube_fw_wb_v1180/STM32Cube_FW_WB_V1.18.0/Middlewares/ST/STM32_WPAN/ble/mesh/MeshModel/Src/sensors.c:4401:1:Appli_Sensor_SettingGet	24	static
E:/Desktop/stm32cube_fw_wb_v1180/STM32Cube_FW_WB_V1.18.0/Middlewares/ST/STM32_WPAN/ble/mesh/MeshModel/Src/sensors.c:4409:1:Appli_Sensor_SettingSet	24	static
E:/Desktop/stm32cube_fw_wb_v1180/STM32Cube_FW_WB_V1.18.0/Middlewares/ST/STM32_WPAN/ble/mesh/MeshModel/Src/sensors.c:4417:1:Appli_Sensor_SettingSetUnack	24	static
E:/Desktop/stm32cube_fw_wb_v1180/STM32Cube_FW_WB_V1.18.0/Middlewares/ST/STM32_WPAN/ble/mesh/MeshModel/Src/sensors.c:4425:1:Appli_Sensor_DescriptorGet	24	static
E:/Desktop/stm32cube_fw_wb_v1180/STM32Cube_FW_WB_V1.18.0/Middlewares/ST/STM32_WPAN/ble/mesh/MeshModel/Src/sensors.c:4433:1:Appli_Sensor_Get	24	static
E:/Desktop/stm32cube_fw_wb_v1180/STM32Cube_FW_WB_V1.18.0/Middlewares/ST/STM32_WPAN/ble/mesh/MeshModel/Src/sensors.c:4441:1:Appli_Sensor_ColumnGet	24	static
E:/Desktop/stm32cube_fw_wb_v1180/STM32Cube_FW_WB_V1.18.0/Middlewares/ST/STM32_WPAN/ble/mesh/MeshModel/Src/sensors.c:4449:1:Appli_Sensor_SeriesGet	24	static
E:/Desktop/stm32cube_fw_wb_v1180/STM32Cube_FW_WB_V1.18.0/Middlewares/ST/STM32_WPAN/ble/mesh/MeshModel/Src/sensors.c:4457:1:Appli_Sensor_ReadDescriptor	16	static
E:/Desktop/stm32cube_fw_wb_v1180/STM32Cube_FW_WB_V1.18.0/Middlewares/ST/STM32_WPAN/ble/mesh/MeshModel/Src/sensors.c:4460:1:Appli_Sensor_ReadValue	16	static
E:/Desktop/stm32cube_fw_wb_v1180/STM32Cube_FW_WB_V1.18.0/Middlewares/ST/STM32_WPAN/ble/mesh/MeshModel/Src/sensors.c:4463:1:Appli_Sensor_ReadColumn	16	static
E:/Desktop/stm32cube_fw_wb_v1180/STM32Cube_FW_WB_V1.18.0/Middlewares/ST/STM32_WPAN/ble/mesh/MeshModel/Src/sensors.c:4467:1:Appli_Sensor_ReadSeries	16	static
E:/Desktop/stm32cube_fw_wb_v1180/STM32Cube_FW_WB_V1.18.0/Middlewares/ST/STM32_WPAN/ble/mesh/MeshModel/Src/sensors.c:4470:1:Appli_Sensor_IsFastCadence	24	static
E:/Desktop/stm32cube_fw_wb_v1180/STM32Cube_FW_WB_V1.18.0/Middlewares/ST/STM32_WPAN/ble/mesh/MeshModel/Src/sensors.c:4474:1:Appli_Sensor_IsStatusTrigger	24	static
E:/Desktop/stm32cube_fw_wb_v1180/STM32Cube_FW_WB_V1.18.0/Middlewares/ST/STM32_WPAN/ble/mesh/MeshModel/Src/sensors.c:4479:1:Appli_Sensor_Init	4	static
E:/Desktop/stm32cube_fw_wb_v1180/STM32Cube_FW_WB_V1.18.0/Middlewares/ST/STM32_WPAN/ble/mesh/MeshModel/Src/sensors.c:4481:1:Appli_Sensor_SerialCmd	16	static
E:/Desktop/stm32cube_fw_wb_v1180/STM32Cube_FW_WB_V1.18.0/Middlewares/ST/STM32_WPAN/ble/mesh/MeshModel/Src/sensors.c:4486:1:Appli_Sensor_Descriptor_Status	24	static
E:/Desktop/stm32cube_fw_wb_v1180/STM32Cube_FW_WB_V1.18.0/Middlewares/ST/STM32_WPAN/ble/mesh/MeshModel/Src/sensors.c:4493:1:Appli_Sensor_Cadence_Status	24	static
E:/Desktop/stm32cube_fw_wb_v1180/STM32Cube_FW_WB_V1.18.0/Middlewares/ST/STM32_WPAN/ble/mesh/MeshModel/Src/sensors.c:4500:1:Appli_Sensor_Settings_Status	24	static
E:/Desktop/stm32cube_fw_wb_v1180/STM32Cube_FW_WB_V1.18.0/Middlewares/ST/STM32_WPAN/ble/mesh/MeshModel/Src/sensors.c:4507:1:Appli_Sensor_Setting_Status	24	static
E:/Desktop/stm32cube_fw_wb_v1180/STM32Cube_FW_WB_V1.18.0/Middlewares/ST/STM32_WPAN/ble/mesh/MeshModel/Src/sensors.c:4514:1:Appli_Sensor_Status	24	static
E:/Desktop/stm32cube_fw_wb_v1180/STM32Cube_FW_WB_V1.18.0/Middlewares/ST/STM32_WPAN/ble/mesh/MeshModel/Src/sensors.c:4521:1:Appli_Sensor_Column_Status	24	static
E:/Desktop/stm32cube_fw_wb_v1180/STM32Cube_FW_WB_V1.18.0/Middlewares/ST/STM32_WPAN/ble/mesh/MeshModel/Src/sensors.c:4528:1:Appli_Sensor_Series_Status	24	static
E:/Desktop/stm32cube_fw_wb_v1180/STM32Cube_FW_WB_V1.18.0/Middlewares/ST/STM32_WPAN/ble/mesh/MeshModel/Src/sensors.c:4535:1:Appli_Sensor_Update	16	static
