../../../../../../../Drivers/STM32WBxx_HAL_Driver/Inc/stm32wbxx_ll_pwr.h:1663:22:LL_C2_PWR_SetPowerMode	16	static
../../../../../../../Drivers/STM32WBxx_HAL_Driver/Inc/stm32wbxx_ll_exti.h:391:22:LL_EXTI_EnableIT_32_63	16	static
../../../../../../../Drivers/STM32WBxx_HAL_Driver/Inc/stm32wbxx_ll_rcc.h:1359:22:LL_RCC_HSE_SetCapacitorTuning	16	static
../../../../../../../Drivers/STM32WBxx_HAL_Driver/Inc/stm32wbxx_ll_rcc.h:2349:22:LL_RCC_SetClkAfterWakeFromStop	16	static
../../../../../../../Drivers/STM32WBxx_HAL_Driver/Inc/stm32wbxx_ll_rcc.h:2913:22:LL_RCC_ForceBackupDomainReset	4	static
../../../../../../../Drivers/STM32WBxx_HAL_Driver/Inc/stm32wbxx_ll_rcc.h:2923:22:LL_RCC_ReleaseBackupDomainReset	4	static
../../../../../../../Drivers/STM32WBxx_HAL_Driver/Inc/stm32wbxx_ll_rcc.h:4138:26:LL_RCC_IsActiveFlag_PINRST	4	static
../../../../../../../Drivers/STM32WBxx_HAL_Driver/Inc/stm32wbxx_ll_rcc.h:4148:26:LL_RCC_IsActiveFlag_SFTRST	4	static
../../../../../../../Drivers/STM32WBxx_HAL_Driver/Inc/stm32wbxx_ll_bus.h:744:22:LL_AHB3_GRP1_EnableClock	24	static
../../../../../../../Drivers/STM32WBxx_HAL_Driver/Inc/stm32wbxx_ll_system.h:1513:26:LL_DBGMCU_GetDeviceID	4	static
../../../../../../../Drivers/STM32WBxx_HAL_Driver/Inc/stm32wbxx_ll_system.h:1524:26:LL_DBGMCU_GetRevisionID	4	static
../../../../../../../Drivers/STM32WBxx_HAL_Driver/Inc/stm32wbxx_ll_ipcc.h:312:22:LL_C1_IPCC_DisableTransmitChannel	16	static
../../../../../../../Drivers/STM32WBxx_HAL_Driver/Inc/stm32wbxx_ll_ipcc.h:381:22:LL_C1_IPCC_DisableReceiveChannel	16	static
../../../../../../../Drivers/STM32WBxx_HAL_Driver/Inc/stm32wbxx_ll_ipcc.h:450:22:LL_C2_IPCC_DisableTransmitChannel	16	static
../../../../../../../Drivers/STM32WBxx_HAL_Driver/Inc/stm32wbxx_ll_ipcc.h:519:22:LL_C2_IPCC_DisableReceiveChannel	16	static
../../../../../../../Drivers/STM32WBxx_HAL_Driver/Inc/stm32wbxx_ll_ipcc.h:574:22:LL_C1_IPCC_ClearFlag_CHx	16	static
../../../../../../../Drivers/STM32WBxx_HAL_Driver/Inc/stm32wbxx_ll_ipcc.h:645:22:LL_C2_IPCC_ClearFlag_CHx	16	static
../../../../../../../Drivers/STM32WBxx_HAL_Driver/Inc/stm32wbxx_ll_cortex.h:311:22:LL_LPM_EnableSleep	4	static
../../../../../../../Drivers/STM32WBxx_HAL_Driver/Inc/stm32wbxx_ll_rtc.h:1031:22:LL_RTC_EnableWriteProtection	16	static
../../../../../../../Drivers/STM32WBxx_HAL_Driver/Inc/stm32wbxx_ll_rtc.h:1042:22:LL_RTC_DisableWriteProtection	16	static
../../../../../../../Drivers/STM32WBxx_HAL_Driver/Inc/stm32wbxx_ll_rtc.h:3006:22:LL_RTC_WAKEUP_SetClock	16	static
D:/version1/stm32cube_fw_wb_v1180/STM32Cube_FW_WB_V1.18.0/Projects/P-NUCLEO-WB55.Nucleo/Applications/BLE/BLE_p2pServer/Core/Src/app_entry.c:106:6:MX_APPE_Config	8	static
D:/version1/stm32cube_fw_wb_v1180/STM32Cube_FW_WB_V1.18.0/Projects/P-NUCLEO-WB55.Nucleo/Applications/BLE/BLE_p2pServer/Core/Src/app_entry.c:126:6:MX_APPE_Init	8	static
D:/version1/stm32cube_fw_wb_v1180/STM32Cube_FW_WB_V1.18.0/Projects/P-NUCLEO-WB55.Nucleo/Applications/BLE/BLE_p2pServer/Core/Src/app_entry.c:164:6:Init_Smps	4	static
D:/version1/stm32cube_fw_wb_v1180/STM32Cube_FW_WB_V1.18.0/Projects/P-NUCLEO-WB55.Nucleo/Applications/BLE/BLE_p2pServer/Core/Src/app_entry.c:182:6:Init_Exti	8	static
D:/version1/stm32cube_fw_wb_v1180/STM32Cube_FW_WB_V1.18.0/Projects/P-NUCLEO-WB55.Nucleo/Applications/BLE/BLE_p2pServer/Core/Src/app_entry.c:199:13:Reset_Device	8	static
D:/version1/stm32cube_fw_wb_v1180/STM32Cube_FW_WB_V1.18.0/Projects/P-NUCLEO-WB55.Nucleo/Applications/BLE/BLE_p2pServer/Core/Src/app_entry.c:211:13:Reset_BackupDomain	8	static
D:/version1/stm32cube_fw_wb_v1180/STM32Cube_FW_WB_V1.18.0/Projects/P-NUCLEO-WB55.Nucleo/Applications/BLE/BLE_p2pServer/Core/Src/app_entry.c:230:13:Reset_IPCC	8	static
D:/version1/stm32cube_fw_wb_v1180/STM32Cube_FW_WB_V1.18.0/Projects/P-NUCLEO-WB55.Nucleo/Applications/BLE/BLE_p2pServer/Core/Src/app_entry.c:268:13:Config_HSE	16	static
D:/version1/stm32cube_fw_wb_v1180/STM32Cube_FW_WB_V1.18.0/Projects/P-NUCLEO-WB55.Nucleo/Applications/BLE/BLE_p2pServer/Core/Src/app_entry.c:284:13:System_Init	8	static
D:/version1/stm32cube_fw_wb_v1180/STM32Cube_FW_WB_V1.18.0/Projects/P-NUCLEO-WB55.Nucleo/Applications/BLE/BLE_p2pServer/Core/Src/app_entry.c:295:13:Init_Rtc	8	static
D:/version1/stm32cube_fw_wb_v1180/STM32Cube_FW_WB_V1.18.0/Projects/P-NUCLEO-WB55.Nucleo/Applications/BLE/BLE_p2pServer/Core/Src/app_entry.c:316:13:SystemPower_Config	8	static
D:/version1/stm32cube_fw_wb_v1180/STM32Cube_FW_WB_V1.18.0/Projects/P-NUCLEO-WB55.Nucleo/Applications/BLE/BLE_p2pServer/Core/Src/app_entry.c:338:13:appe_Tl_Init	40	static
D:/version1/stm32cube_fw_wb_v1180/STM32Cube_FW_WB_V1.18.0/Projects/P-NUCLEO-WB55.Nucleo/Applications/BLE/BLE_p2pServer/Core/Src/app_entry.c:364:13:APPE_SysStatusNot	16	static
D:/version1/stm32cube_fw_wb_v1180/STM32Cube_FW_WB_V1.18.0/Projects/P-NUCLEO-WB55.Nucleo/Applications/BLE/BLE_p2pServer/Core/Src/app_entry.c:379:13:APPE_SysUserEvtRx	40	static
D:/version1/stm32cube_fw_wb_v1180/STM32Cube_FW_WB_V1.18.0/Projects/P-NUCLEO-WB55.Nucleo/Applications/BLE/BLE_p2pServer/Core/Src/app_entry.c:442:13:APPE_SysEvtError	24	static
D:/version1/stm32cube_fw_wb_v1180/STM32Cube_FW_WB_V1.18.0/Projects/P-NUCLEO-WB55.Nucleo/Applications/BLE/BLE_p2pServer/Core/Src/app_entry.c:464:13:APPE_SysEvtReadyProcessing	48	static
D:/version1/stm32cube_fw_wb_v1180/STM32Cube_FW_WB_V1.18.0/Projects/P-NUCLEO-WB55.Nucleo/Applications/BLE/BLE_p2pServer/Core/Src/app_entry.c:537:13:Led_Init	8	static
D:/version1/stm32cube_fw_wb_v1180/STM32Cube_FW_WB_V1.18.0/Projects/P-NUCLEO-WB55.Nucleo/Applications/BLE/BLE_p2pServer/Core/Src/app_entry.c:555:13:Button_Init	8	static
D:/version1/stm32cube_fw_wb_v1180/STM32Cube_FW_WB_V1.18.0/Projects/P-NUCLEO-WB55.Nucleo/Applications/BLE/BLE_p2pServer/Core/Src/app_entry.c:577:6:HAL_Delay	24	static,ignoring_inline_asm
D:/version1/stm32cube_fw_wb_v1180/STM32Cube_FW_WB_V1.18.0/Projects/P-NUCLEO-WB55.Nucleo/Applications/BLE/BLE_p2pServer/Core/Src/app_entry.c:606:6:MX_APPE_Process	8	static
D:/version1/stm32cube_fw_wb_v1180/STM32Cube_FW_WB_V1.18.0/Projects/P-NUCLEO-WB55.Nucleo/Applications/BLE/BLE_p2pServer/Core/Src/app_entry.c:617:6:UTIL_SEQ_Idle	8	static
D:/version1/stm32cube_fw_wb_v1180/STM32Cube_FW_WB_V1.18.0/Projects/P-NUCLEO-WB55.Nucleo/Applications/BLE/BLE_p2pServer/Core/Src/app_entry.c:632:6:UTIL_SEQ_EvtIdle	16	static
D:/version1/stm32cube_fw_wb_v1180/STM32Cube_FW_WB_V1.18.0/Projects/P-NUCLEO-WB55.Nucleo/Applications/BLE/BLE_p2pServer/Core/Src/app_entry.c:638:6:shci_notify_asynch_evt	16	static
D:/version1/stm32cube_fw_wb_v1180/STM32Cube_FW_WB_V1.18.0/Projects/P-NUCLEO-WB55.Nucleo/Applications/BLE/BLE_p2pServer/Core/Src/app_entry.c:644:6:shci_cmd_resp_release	16	static
D:/version1/stm32cube_fw_wb_v1180/STM32Cube_FW_WB_V1.18.0/Projects/P-NUCLEO-WB55.Nucleo/Applications/BLE/BLE_p2pServer/Core/Src/app_entry.c:650:6:shci_cmd_resp_wait	16	static
D:/version1/stm32cube_fw_wb_v1180/STM32Cube_FW_WB_V1.18.0/Projects/P-NUCLEO-WB55.Nucleo/Applications/BLE/BLE_p2pServer/Core/Src/app_entry.c:657:6:HAL_GPIO_EXTI_Callback	16	static
D:/version1/stm32cube_fw_wb_v1180/STM32Cube_FW_WB_V1.18.0/Projects/P-NUCLEO-WB55.Nucleo/Applications/BLE/BLE_p2pServer/Core/Src/app_entry.c:684:13:RxUART_Init	4	static
D:/version1/stm32cube_fw_wb_v1180/STM32Cube_FW_WB_V1.18.0/Projects/P-NUCLEO-WB55.Nucleo/Applications/BLE/BLE_p2pServer/Core/Src/app_entry.c:689:13:RxCpltCallback	8	static
D:/version1/stm32cube_fw_wb_v1180/STM32Cube_FW_WB_V1.18.0/Projects/P-NUCLEO-WB55.Nucleo/Applications/BLE/BLE_p2pServer/Core/Src/app_entry.c:714:13:UartCmdExecute	8	static
