../../Drivers/STM32WBxx_HAL_Driver/Inc/stm32wbxx_ll_bus.h:539:22:LL_AHB2_GRP1_EnableClock	8	static
C:/STM/workspace/BLE_MeshLightingPRFNode/Drivers/BSP/P-NUCLEO-WB55.Nucleo/stm32wbxx_nucleo.c:1159:13:COM1_MspDeInit	8	static
C:/STM/workspace/BLE_MeshLightingPRFNode/Drivers/BSP/P-NUCLEO-WB55.Nucleo/stm32wbxx_nucleo.c:1125:13:COM1_MspInit	40	static
C:/STM/workspace/BLE_MeshLightingPRFNode/Drivers/BSP/P-NUCLEO-WB55.Nucleo/stm32wbxx_nucleo.c:187:10:BSP_GetVersion	0	static
C:/STM/workspace/BLE_MeshLightingPRFNode/Drivers/BSP/P-NUCLEO-WB55.Nucleo/stm32wbxx_nucleo.c:205:6:BSP_LED_Init	48	static
C:/STM/workspace/BLE_MeshLightingPRFNode/Drivers/BSP/P-NUCLEO-WB55.Nucleo/stm32wbxx_nucleo.c:233:6:BSP_LED_DeInit	24	static
C:/STM/workspace/BLE_MeshLightingPRFNode/Drivers/BSP/P-NUCLEO-WB55.Nucleo/stm32wbxx_nucleo.c:253:6:BSP_LED_On	0	static
C:/STM/workspace/BLE_MeshLightingPRFNode/Drivers/BSP/P-NUCLEO-WB55.Nucleo/stm32wbxx_nucleo.c:267:6:BSP_LED_Off	0	static
C:/STM/workspace/BLE_MeshLightingPRFNode/Drivers/BSP/P-NUCLEO-WB55.Nucleo/stm32wbxx_nucleo.c:281:6:BSP_LED_Toggle	0	static
C:/STM/workspace/BLE_MeshLightingPRFNode/Drivers/BSP/P-NUCLEO-WB55.Nucleo/stm32wbxx_nucleo.c:308:6:BSP_PB_Init	48	static
C:/STM/workspace/BLE_MeshLightingPRFNode/Drivers/BSP/P-NUCLEO-WB55.Nucleo/stm32wbxx_nucleo.c:352:6:BSP_PB_DeInit	16	static
C:/STM/workspace/BLE_MeshLightingPRFNode/Drivers/BSP/P-NUCLEO-WB55.Nucleo/stm32wbxx_nucleo.c:370:10:BSP_PB_GetState	8	static
C:/STM/workspace/BLE_MeshLightingPRFNode/Drivers/BSP/P-NUCLEO-WB55.Nucleo/stm32wbxx_nucleo.c:943:9:BSP_COM_DeInit	8	static
C:/STM/workspace/BLE_MeshLightingPRFNode/Drivers/BSP/P-NUCLEO-WB55.Nucleo/stm32wbxx_nucleo.c:976:26:MX_LPUART1_Init	0	static
C:/STM/workspace/BLE_MeshLightingPRFNode/Drivers/BSP/P-NUCLEO-WB55.Nucleo/stm32wbxx_nucleo.c:998:9:BSP_COM_RegisterDefaultMspCallbacks	8	static
C:/STM/workspace/BLE_MeshLightingPRFNode/Drivers/BSP/P-NUCLEO-WB55.Nucleo/stm32wbxx_nucleo.c:906:9:BSP_COM_Init	8	static
C:/STM/workspace/BLE_MeshLightingPRFNode/Drivers/BSP/P-NUCLEO-WB55.Nucleo/stm32wbxx_nucleo.c:1036:9:BSP_COM_RegisterMspCallbacks	16	static
C:/STM/workspace/BLE_MeshLightingPRFNode/Drivers/BSP/P-NUCLEO-WB55.Nucleo/stm32wbxx_nucleo.c:1074:9:BSP_COM_SelectLogPort	0	static
C:/STM/workspace/BLE_MeshLightingPRFNode/Drivers/BSP/P-NUCLEO-WB55.Nucleo/stm32wbxx_nucleo.c:1108:1:__io_putchar	24	static
