../../Drivers/STM32WBxx_HAL_Driver/Inc/stm32wbxx_ll_bus.h:539:22:LL_AHB2_GRP1_EnableClock	24	static
../../Drivers/STM32WBxx_HAL_Driver/Inc/stm32wbxx_ll_bus.h:1274:22:LL_APB2_GRP1_EnableClock	24	static
../../Drivers/STM32WBxx_HAL_Driver/Inc/stm32wbxx_ll_bus.h:1328:22:LL_APB2_GRP1_DisableClock	16	static
C:/STM/workspace/BLE_MeshLightingPRFNode/Drivers/BSP/P-NUCLEO-WB55.Nucleo/stm32wbxx_nucleo.c:187:10:BSP_GetVersion	4	static
C:/STM/workspace/BLE_MeshLightingPRFNode/Drivers/BSP/P-NUCLEO-WB55.Nucleo/stm32wbxx_nucleo.c:205:6:BSP_LED_Init	40	static
C:/STM/workspace/BLE_MeshLightingPRFNode/Drivers/BSP/P-NUCLEO-WB55.Nucleo/stm32wbxx_nucleo.c:233:6:BSP_LED_DeInit	40	static
C:/STM/workspace/BLE_MeshLightingPRFNode/Drivers/BSP/P-NUCLEO-WB55.Nucleo/stm32wbxx_nucleo.c:253:6:BSP_LED_On	16	static
C:/STM/workspace/BLE_MeshLightingPRFNode/Drivers/BSP/P-NUCLEO-WB55.Nucleo/stm32wbxx_nucleo.c:267:6:BSP_LED_Off	16	static
C:/STM/workspace/BLE_MeshLightingPRFNode/Drivers/BSP/P-NUCLEO-WB55.Nucleo/stm32wbxx_nucleo.c:281:6:BSP_LED_Toggle	16	static
C:/STM/workspace/BLE_MeshLightingPRFNode/Drivers/BSP/P-NUCLEO-WB55.Nucleo/stm32wbxx_nucleo.c:308:6:BSP_PB_Init	40	static
C:/STM/workspace/BLE_MeshLightingPRFNode/Drivers/BSP/P-NUCLEO-WB55.Nucleo/stm32wbxx_nucleo.c:352:6:BSP_PB_DeInit	40	static
C:/STM/workspace/BLE_MeshLightingPRFNode/Drivers/BSP/P-NUCLEO-WB55.Nucleo/stm32wbxx_nucleo.c:370:10:BSP_PB_GetState	16	static
C:/STM/workspace/BLE_MeshLightingPRFNode/Drivers/BSP/P-NUCLEO-WB55.Nucleo/stm32wbxx_nucleo.c:906:9:BSP_COM_Init	24	static
C:/STM/workspace/BLE_MeshLightingPRFNode/Drivers/BSP/P-NUCLEO-WB55.Nucleo/stm32wbxx_nucleo.c:943:9:BSP_COM_DeInit	24	static
C:/STM/workspace/BLE_MeshLightingPRFNode/Drivers/BSP/P-NUCLEO-WB55.Nucleo/stm32wbxx_nucleo.c:976:26:MX_LPUART1_Init	16	static
C:/STM/workspace/BLE_MeshLightingPRFNode/Drivers/BSP/P-NUCLEO-WB55.Nucleo/stm32wbxx_nucleo.c:998:9:BSP_COM_RegisterDefaultMspCallbacks	24	static
C:/STM/workspace/BLE_MeshLightingPRFNode/Drivers/BSP/P-NUCLEO-WB55.Nucleo/stm32wbxx_nucleo.c:1036:9:BSP_COM_RegisterMspCallbacks	24	static
C:/STM/workspace/BLE_MeshLightingPRFNode/Drivers/BSP/P-NUCLEO-WB55.Nucleo/stm32wbxx_nucleo.c:1074:9:BSP_COM_SelectLogPort	16	static
C:/STM/workspace/BLE_MeshLightingPRFNode/Drivers/BSP/P-NUCLEO-WB55.Nucleo/stm32wbxx_nucleo.c:1108:1:__io_putchar	16	static
C:/STM/workspace/BLE_MeshLightingPRFNode/Drivers/BSP/P-NUCLEO-WB55.Nucleo/stm32wbxx_nucleo.c:1125:13:COM1_MspInit	40	static
C:/STM/workspace/BLE_MeshLightingPRFNode/Drivers/BSP/P-NUCLEO-WB55.Nucleo/stm32wbxx_nucleo.c:1159:13:COM1_MspDeInit	40	static
