../Drivers/BSP/TCS3430/TCS3430.c:19:9:get_data	120	static
../Drivers/BSP/TCS3430/TCS3430.c:43:9:set_atime	16	static
../Drivers/BSP/TCS3430/TCS3430.c:66:9:set_cfg0	16	static
../Drivers/BSP/TCS3430/TCS3430.c:87:9:set_cfg1	16	static
../Drivers/BSP/TCS3430/TCS3430.c:134:9:set_cfg2	16	static
../Drivers/BSP/TCS3430/TCS3430.c:155:9:set_cfg3	16	static
../Drivers/BSP/TCS3430/TCS3430.c:189:9:set_AutoZeroMode	16	static
../Drivers/BSP/TCS3430/TCS3430.c:224:9:set_ALSInterrupt	16	static
../Drivers/BSP/TCS3430/TCS3430.c:259:9:enable_sensor	16	static
../Drivers/BSP/TCS3430/TCS3430.c:289:9:disable_sensor	16	static
../Drivers/BSP/TCS3430/TCS3430.c:302:6:softReset	16	static
../Drivers/BSP/TCS3430/TCS3430.c:335:9:get_optics_data	16	static
../Drivers/BSP/TCS3430/TCS3430.c:365:20:get_raw_XYZ	40	static
../Drivers/BSP/TCS3430/TCS3430.c:394:6:TCS3430_print_color	40	static
../Drivers/BSP/TCS3430/TCS3430.c:414:9:begin	16	static
../Drivers/BSP/TCS3430/TCS3430.c:430:5:MinV	16	static
../Drivers/BSP/TCS3430/TCS3430.c:433:5:MaxV	16	static
../Drivers/BSP/TCS3430/TCS3430.c:437:6:Update_ALSThreshold	48	static
../Drivers/BSP/TCS3430/TCS3430.c:455:6:Color_Init	8	static
../Drivers/BSP/TCS3430/TCS3430.c:459:6:Color_Process	32	static
../Drivers/BSP/TCS3430/TCS3430.c:466:6:set_ALS_THR_LOW	24	static
../Drivers/BSP/TCS3430/TCS3430.c:487:6:set_ALS_THR_HIGH	24	static
../Drivers/BSP/TCS3430/TCS3430.c:507:6:set_IRT_Cycle	16	static
../Drivers/BSP/TCS3430/TCS3430.c:519:6:TCS3430_print_reg	120	static
../Drivers/BSP/TCS3430/TCS3430.c:539:9:reset_Status	16	static
../Drivers/BSP/TCS3430/TCS3430.c:547:6:colordiff	40	static
