../Drivers/BSP/TCS3430/TCS3430.c:19:9:get_data	120	static
../Drivers/BSP/TCS3430/TCS3430.c:49:9:set_atime	16	static
../Drivers/BSP/TCS3430/TCS3430.c:73:9:set_cfg0	16	static
../Drivers/BSP/TCS3430/TCS3430.c:86:9:set_cfg1	16	static
../Drivers/BSP/TCS3430/TCS3430.c:129:9:set_cfg2	16	static
../Drivers/BSP/TCS3430/TCS3430.c:142:9:set_cfg3	16	static
../Drivers/BSP/TCS3430/TCS3430.c:167:9:set_AutoZeroMode	16	static
../Drivers/BSP/TCS3430/TCS3430.c:192:9:set_ALSInterrupt	16	static
../Drivers/BSP/TCS3430/TCS3430.c:217:9:enable_sensor	16	static
../Drivers/BSP/TCS3430/TCS3430.c:248:9:disable_sensor	16	static
../Drivers/BSP/TCS3430/TCS3430.c:255:6:softReset	16	static
../Drivers/BSP/TCS3430/TCS3430.c:282:9:get_optics_data	16	static
../Drivers/BSP/TCS3430/TCS3430.c:312:20:get_raw_XYZ	40	static
../Drivers/BSP/TCS3430/TCS3430.c:341:6:TCS3430_print_color	40	static
../Drivers/BSP/TCS3430/TCS3430.c:361:9:begin	16	static
../Drivers/BSP/TCS3430/TCS3430.c:377:5:MinV	16	static
../Drivers/BSP/TCS3430/TCS3430.c:380:5:MaxV	16	static
../Drivers/BSP/TCS3430/TCS3430.c:384:6:Update_ALSThreshold	48	static
../Drivers/BSP/TCS3430/TCS3430.c:402:6:Color_Init	8	static
../Drivers/BSP/TCS3430/TCS3430.c:406:6:Color_Process	32	static
../Drivers/BSP/TCS3430/TCS3430.c:413:6:set_ALS_THR_LOW	24	static
../Drivers/BSP/TCS3430/TCS3430.c:434:6:set_ALS_THR_HIGH	24	static
../Drivers/BSP/TCS3430/TCS3430.c:454:6:set_IRT_Cycle	16	static
../Drivers/BSP/TCS3430/TCS3430.c:466:6:TCS3430_print_reg	120	static
../Drivers/BSP/TCS3430/TCS3430.c:486:9:reset_Status	16	static
../Drivers/BSP/TCS3430/TCS3430.c:494:6:colordiff	40	static
