C:/STM/workspace/BLE_MeshLightingPRFNode/Middlewares/ST/STM32_WPAN/ble/mesh/MeshModel/Src/sensors_client.c:85:14:SensorsClient_Descriptor_Get	48	static
C:/STM/workspace/BLE_MeshLightingPRFNode/Middlewares/ST/STM32_WPAN/ble/mesh/MeshModel/Src/sensors_client.c:137:14:SensorsClient_Cadence_Get	48	static
C:/STM/workspace/BLE_MeshLightingPRFNode/Middlewares/ST/STM32_WPAN/ble/mesh/MeshModel/Src/sensors_client.c:181:14:SensorsClient_Cadence_Set	56	static
C:/STM/workspace/BLE_MeshLightingPRFNode/Middlewares/ST/STM32_WPAN/ble/mesh/MeshModel/Src/sensors_client.c:222:14:SensorsClient_Cadence_Set_Unack	56	static
C:/STM/workspace/BLE_MeshLightingPRFNode/Middlewares/ST/STM32_WPAN/ble/mesh/MeshModel/Src/sensors_client.c:262:14:SensorsClient_Settings_Get	48	static
C:/STM/workspace/BLE_MeshLightingPRFNode/Middlewares/ST/STM32_WPAN/ble/mesh/MeshModel/Src/sensors_client.c:299:14:SensorsClient_Setting_Get	48	static
C:/STM/workspace/BLE_MeshLightingPRFNode/Middlewares/ST/STM32_WPAN/ble/mesh/MeshModel/Src/sensors_client.c:338:14:SensorsClient_Setting_Set	56	static
C:/STM/workspace/BLE_MeshLightingPRFNode/Middlewares/ST/STM32_WPAN/ble/mesh/MeshModel/Src/sensors_client.c:380:14:SensorsClient_Setting_Set_Unack	56	static
C:/STM/workspace/BLE_MeshLightingPRFNode/Middlewares/ST/STM32_WPAN/ble/mesh/MeshModel/Src/sensors_client.c:420:14:SensorsClient_Get	48	static
C:/STM/workspace/BLE_MeshLightingPRFNode/Middlewares/ST/STM32_WPAN/ble/mesh/MeshModel/Src/sensors_client.c:465:14:SensorsClient_Column_Get	48	static
C:/STM/workspace/BLE_MeshLightingPRFNode/Middlewares/ST/STM32_WPAN/ble/mesh/MeshModel/Src/sensors_client.c:505:14:SensorsClient_Series_Get	48	static
C:/STM/workspace/BLE_MeshLightingPRFNode/Middlewares/ST/STM32_WPAN/ble/mesh/MeshModel/Src/sensors_client.c:545:14:SensorsModelClient_GetOpcodeTableCb	16	static
C:/STM/workspace/BLE_MeshLightingPRFNode/Middlewares/ST/STM32_WPAN/ble/mesh/MeshModel/Src/sensors_client.c:568:14:SensorsModelClient_GetStatusRequestCb	24	static
C:/STM/workspace/BLE_MeshLightingPRFNode/Middlewares/ST/STM32_WPAN/ble/mesh/MeshModel/Src/sensors_client.c:596:14:SensorsModelClient_ProcessMessageCb	48	static
