../Core/Src/app_tof.c:70:6:MX_TOF_Init	16	static
../Core/Src/app_tof.c:102:6:MX_TOF_Begin	8	static
../Core/Src/app_tof.c:105:6:MX_TOF_Stop	8	static
../Core/Src/app_tof.c:124:13:MX_VL53L8CX_SimpleRanging_Init	8	static
../Core/Src/app_tof.c:165:6:MX_TOF_ToggleReso	8	static
../Core/Src/app_tof.c:171:6:parse_TOF_result	24	static
../Core/Src/app_tof.c:182:6:print_result	24	static
../Core/Src/app_tof.c:252:13:toggle_resolution	8	static
../Core/Src/app_tof.c:282:13:toggle_signal_and_ambient	8	static
../Core/Src/app_tof.c:293:13:clear_screen	8	static
../Core/Src/app_tof.c:299:13:display_commands_banner	8	static
../Core/Src/app_tof.c:318:13:handle_cmd	16	static
