../Drivers/STM32WBxx_HAL_Driver/Inc/stm32wbxx_ll_rcc.h:1679:22:LL_RCC_LSE_SetDriveCapability	16	static
../Drivers/STM32WBxx_HAL_Driver/Inc/stm32wbxx_ll_bus.h:539:22:LL_AHB2_GRP1_EnableClock	24	static
../Core/Src/main.c:68:5:main	8	static
../Core/Src/main.c:116:6:SystemClock_Config	112	static
../Core/Src/main.c:180:6:PeriphCommonClock_Config	88	static
../Core/Src/main.c:204:13:MX_I2C1_Init	8	static
../Core/Src/main.c:252:13:MX_GPIO_Init	32	static
../Core/Src/main.c:311:6:Error_Handler	4	static,ignoring_inline_asm
