C:/STM/workspace/BLE_MeshLightingPRFNode/Middlewares/ST/STM32_WPAN/ble/mesh/MeshModel/Src/common.c:64:15:Chk_ParamValidity	0	static
C:/STM/workspace/BLE_MeshLightingPRFNode/Middlewares/ST/STM32_WPAN/ble/mesh/MeshModel/Src/common.c:89:14:Chk_MultiParamValidity	16	static
C:/STM/workspace/BLE_MeshLightingPRFNode/Middlewares/ST/STM32_WPAN/ble/mesh/MeshModel/Src/common.c:141:14:Chk_MultiParamValidityAllUnsigned	16	static
C:/STM/workspace/BLE_MeshLightingPRFNode/Middlewares/ST/STM32_WPAN/ble/mesh/MeshModel/Src/common.c:191:14:Chk_TwoParamValidity	12	static
C:/STM/workspace/BLE_MeshLightingPRFNode/Middlewares/ST/STM32_WPAN/ble/mesh/MeshModel/Src/common.c:227:14:Chk_RangeValidity	0	static
C:/STM/workspace/BLE_MeshLightingPRFNode/Middlewares/ST/STM32_WPAN/ble/mesh/MeshModel/Src/common.c:261:14:Chk_HslRangeValidity	16	static
C:/STM/workspace/BLE_MeshLightingPRFNode/Middlewares/ST/STM32_WPAN/ble/mesh/MeshModel/Src/common.c:313:14:Chk_OptionalParamValidity	0	static
C:/STM/workspace/BLE_MeshLightingPRFNode/Middlewares/ST/STM32_WPAN/ble/mesh/MeshModel/Src/common.c:336:14:Chk_ParamMinMaxIntValidity	0	static
C:/STM/workspace/BLE_MeshLightingPRFNode/Middlewares/ST/STM32_WPAN/ble/mesh/MeshModel/Src/common.c:363:14:Chk_ParamMinMaxValidity	0	static
C:/STM/workspace/BLE_MeshLightingPRFNode/Middlewares/ST/STM32_WPAN/ble/mesh/MeshModel/Src/common.c:390:14:TimeDttFGet	0	static
C:/STM/workspace/BLE_MeshLightingPRFNode/Middlewares/ST/STM32_WPAN/ble/mesh/MeshModel/Src/common.c:438:13:Get_StepResolutionValue	0	static
C:/STM/workspace/BLE_MeshLightingPRFNode/Middlewares/ST/STM32_WPAN/ble/mesh/MeshModel/Src/common.c:474:7:Ratio_CalculateValue	0	static
C:/STM/workspace/BLE_MeshLightingPRFNode/Middlewares/ST/STM32_WPAN/ble/mesh/MeshModel/Src/common.c:497:6:TraceHeader	16	static
C:/STM/workspace/BLE_MeshLightingPRFNode/Middlewares/ST/STM32_WPAN/ble/mesh/MeshModel/Src/common.c:511:6:MemoryDumpHex	32	static
C:/STM/workspace/BLE_MeshLightingPRFNode/Middlewares/ST/STM32_WPAN/ble/mesh/MeshModel/Src/common.c:878:13:Light_lightnessPowerOnValue	32	static
C:/STM/workspace/BLE_MeshLightingPRFNode/Middlewares/ST/STM32_WPAN/ble/mesh/MeshModel/Src/common.c:624:6:Model_RestoreStates	48	static
C:/STM/workspace/BLE_MeshLightingPRFNode/Middlewares/ST/STM32_WPAN/ble/mesh/MeshModel/Src/common.c:1064:12:BLE_GetElementNumber	0	static
C:/STM/workspace/BLE_MeshLightingPRFNode/Middlewares/ST/STM32_WPAN/ble/mesh/MeshModel/Src/common.c:1108:14:Chk_TidValidity	24	static
C:/STM/workspace/BLE_MeshLightingPRFNode/Middlewares/ST/STM32_WPAN/ble/mesh/MeshModel/Src/common.c:1150:12:Tid_CheckAndUpdate	24	static
C:/STM/workspace/BLE_MeshLightingPRFNode/Middlewares/ST/STM32_WPAN/ble/mesh/MeshModel/Src/common.c:1205:6:CopyU8LittleEndienArray_fromU16word	0	static
C:/STM/workspace/BLE_MeshLightingPRFNode/Middlewares/ST/STM32_WPAN/ble/mesh/MeshModel/Src/common.c:1218:13:CopyU8LittleEndienArrayToU16word	0	static
C:/STM/workspace/BLE_MeshLightingPRFNode/Middlewares/ST/STM32_WPAN/ble/mesh/MeshModel/Src/common.c:1241:13:CopyU8LittleEndienArrayToU32word	0	static
C:/STM/workspace/BLE_MeshLightingPRFNode/Middlewares/ST/STM32_WPAN/ble/mesh/MeshModel/Src/common.c:1262:6:CopyU8LittleEndienArray_fromU32word	0	static
C:/STM/workspace/BLE_MeshLightingPRFNode/Middlewares/ST/STM32_WPAN/ble/mesh/MeshModel/Src/common.c:1277:6:CopyU8LittleEndienArray_2B_fromU32word	0	static
C:/STM/workspace/BLE_MeshLightingPRFNode/Middlewares/ST/STM32_WPAN/ble/mesh/MeshModel/Src/common.c:1291:6:PutLittleEndian	0	static
C:/STM/workspace/BLE_MeshLightingPRFNode/Middlewares/ST/STM32_WPAN/ble/mesh/MeshModel/Src/common.c:1307:6:GetLittleEndian	0	static
C:/STM/workspace/BLE_MeshLightingPRFNode/Middlewares/ST/STM32_WPAN/ble/mesh/MeshModel/Src/common.c:1320:6:NvmStatePowerFlag_Set	0	static
C:/STM/workspace/BLE_MeshLightingPRFNode/Middlewares/ST/STM32_WPAN/ble/mesh/MeshModel/Src/common.c:1335:20:Transition_Stop	0	static
C:/STM/workspace/BLE_MeshLightingPRFNode/Middlewares/ST/STM32_WPAN/ble/mesh/MeshModel/Src/common.c:1373:20:Transition_Sm	16	static
C:/STM/workspace/BLE_MeshLightingPRFNode/Middlewares/ST/STM32_WPAN/ble/mesh/MeshModel/Src/common.c:1539:13:Transition_RemainingTimeGet	8	static
C:/STM/workspace/BLE_MeshLightingPRFNode/Middlewares/ST/STM32_WPAN/ble/mesh/MeshModel/Src/common.c:1592:13:Transition_TimerGet	8	static
C:/STM/workspace/BLE_MeshLightingPRFNode/Middlewares/ST/STM32_WPAN/ble/mesh/MeshModel/Src/common.c:1650:13:Transition_TimeToNextActionGet	8	static
C:/STM/workspace/BLE_MeshLightingPRFNode/Middlewares/ST/STM32_WPAN/ble/mesh/MeshModel/Src/common.c:1705:13:Transition_StateValueGet	8	static
C:/STM/workspace/BLE_MeshLightingPRFNode/Middlewares/ST/STM32_WPAN/ble/mesh/MeshModel/Src/common.c:1741:14:ExtractPropertyId	0	static
C:/STM/workspace/BLE_MeshLightingPRFNode/Middlewares/ST/STM32_WPAN/ble/mesh/MeshModel/Src/common.c:1770:14:Binding_GenericOnOff_LightLcLightOnOff	16	static
C:/STM/workspace/BLE_MeshLightingPRFNode/Middlewares/ST/STM32_WPAN/ble/mesh/MeshModel/Src/common.c:1791:14:Binding_LightLcLightOnOff_GenericOnOff	8	static
C:/STM/workspace/BLE_MeshLightingPRFNode/Middlewares/ST/STM32_WPAN/ble/mesh/MeshModel/Src/common.c:1807:14:Binding_LcLinearOut_LightLightnessLinear	8	static
C:/STM/workspace/BLE_MeshLightingPRFNode/Middlewares/ST/STM32_WPAN/ble/mesh/MeshModel/Src/common.c:1834:6:BindingDisable_LcLinearOut_LightLightnessLinear	0	static
C:/STM/workspace/BLE_MeshLightingPRFNode/Middlewares/ST/STM32_WPAN/ble/mesh/MeshModel/Src/common.c:1843:1:ApplicationGetConfigServerDeviceKey	0	static
C:/STM/workspace/BLE_MeshLightingPRFNode/Middlewares/ST/STM32_WPAN/ble/mesh/MeshModel/Src/common.c:1854:11:Wait_RandomTime	24	static
