D:/Research Projects/Occupancy/LESA_OccupancyUnit/Middlewares/ST/STM32_WPAN/ble/mesh/MeshModel/Src/generic.c:297:14:Generic_OnOff_Status	24	static
D:/Research Projects/Occupancy/LESA_OccupancyUnit/Middlewares/ST/STM32_WPAN/ble/mesh/MeshModel/Src/generic.c:644:14:Generic_Level_Status	24	static
D:/Research Projects/Occupancy/LESA_OccupancyUnit/Middlewares/ST/STM32_WPAN/ble/mesh/MeshModel/Src/generic.c:695:14:Generic_PowerOnOff_Set	16	static
D:/Research Projects/Occupancy/LESA_OccupancyUnit/Middlewares/ST/STM32_WPAN/ble/mesh/MeshModel/Src/generic.c:724:14:Generic_PowerOnOff_Status	24	static
D:/Research Projects/Occupancy/LESA_OccupancyUnit/Middlewares/ST/STM32_WPAN/ble/mesh/MeshModel/Src/generic.c:757:14:Generic_DefaultTransitionTime_Set	8	static
D:/Research Projects/Occupancy/LESA_OccupancyUnit/Middlewares/ST/STM32_WPAN/ble/mesh/MeshModel/Src/generic.c:785:14:Generic_DefaultTransitionTime_Status	24	static
D:/Research Projects/Occupancy/LESA_OccupancyUnit/Middlewares/ST/STM32_WPAN/ble/mesh/MeshModel/Src/generic.c:818:14:GenericModelServer_GetOpcodeTableCb	0	static
D:/Research Projects/Occupancy/LESA_OccupancyUnit/Middlewares/ST/STM32_WPAN/ble/mesh/MeshModel/Src/generic.c:841:14:GenericModelServer_GetStatusRequestCb	0	static
D:/Research Projects/Occupancy/LESA_OccupancyUnit/Middlewares/ST/STM32_WPAN/ble/mesh/MeshModel/Src/generic.c:903:14:GenericModelServer_ProcessMessageCb	32	static
D:/Research Projects/Occupancy/LESA_OccupancyUnit/Middlewares/ST/STM32_WPAN/ble/mesh/MeshModel/Src/generic.c:1109:14:Generic_TransitionBehaviour	32	static
D:/Research Projects/Occupancy/LESA_OccupancyUnit/Middlewares/ST/STM32_WPAN/ble/mesh/MeshModel/Src/generic.c:1204:6:Generic_GetStepValue	24	static
D:/Research Projects/Occupancy/LESA_OccupancyUnit/Middlewares/ST/STM32_WPAN/ble/mesh/MeshModel/Src/generic.c:1238:6:Generic_Process	48	static
D:/Research Projects/Occupancy/LESA_OccupancyUnit/Middlewares/ST/STM32_WPAN/ble/mesh/MeshModel/Src/generic.c:1329:14:Generic_OnOffStateUpdate_Process	20	static
D:/Research Projects/Occupancy/LESA_OccupancyUnit/Middlewares/ST/STM32_WPAN/ble/mesh/MeshModel/Src/generic.c:1355:6:Generic_Publish	40	static
D:/Research Projects/Occupancy/LESA_OccupancyUnit/Middlewares/ST/STM32_WPAN/ble/mesh/MeshModel/Src/generic.c:1396:14:Generic_LevelStateUpdate_Process	16	static
D:/Research Projects/Occupancy/LESA_OccupancyUnit/Middlewares/ST/STM32_WPAN/ble/mesh/MeshModel/Src/generic.c:1413:6:LightActual_GenericOnOffBinding	0	static
D:/Research Projects/Occupancy/LESA_OccupancyUnit/Middlewares/ST/STM32_WPAN/ble/mesh/MeshModel/Src/generic.c:1445:6:LightActual_GenericLevelBinding	0	static
D:/Research Projects/Occupancy/LESA_OccupancyUnit/Middlewares/ST/STM32_WPAN/ble/mesh/MeshModel/Src/generic.c:1470:6:Light_CtlTemp_GenericLevelBinding	32	static
D:/Research Projects/Occupancy/LESA_OccupancyUnit/Middlewares/ST/STM32_WPAN/ble/mesh/MeshModel/Src/generic.c:1495:6:Light_HslHue_GenericLevelBinding	24	static
D:/Research Projects/Occupancy/LESA_OccupancyUnit/Middlewares/ST/STM32_WPAN/ble/mesh/MeshModel/Src/generic.c:1515:6:Light_HslSaturation_GenericLevelBinding	24	static
D:/Research Projects/Occupancy/LESA_OccupancyUnit/Middlewares/ST/STM32_WPAN/ble/mesh/MeshModel/Src/generic.c:1537:6:Generic_OnOffDefaultTransitionValue	16	static
D:/Research Projects/Occupancy/LESA_OccupancyUnit/Middlewares/ST/STM32_WPAN/ble/mesh/MeshModel/Src/generic.c:1568:6:Generic_LevelDefaultTransitionValue	24	static
D:/Research Projects/Occupancy/LESA_OccupancyUnit/Middlewares/ST/STM32_WPAN/ble/mesh/MeshModel/Src/generic.c:1595:6:Generic_DeltaDefaultTransitionValue	24	static
D:/Research Projects/Occupancy/LESA_OccupancyUnit/Middlewares/ST/STM32_WPAN/ble/mesh/MeshModel/Src/generic.c:1620:6:Generic_TransitionParameterReset	0	static
D:/Research Projects/Occupancy/LESA_OccupancyUnit/Middlewares/ST/STM32_WPAN/ble/mesh/MeshModel/Src/generic.c:175:14:Generic_OnOff_Set	40	static
D:/Research Projects/Occupancy/LESA_OccupancyUnit/Middlewares/ST/STM32_WPAN/ble/mesh/MeshModel/Src/generic.c:350:14:Generic_Level_Set	40	static
D:/Research Projects/Occupancy/LESA_OccupancyUnit/Middlewares/ST/STM32_WPAN/ble/mesh/MeshModel/Src/generic.c:436:14:Generic_Delta_Set	40	static
D:/Research Projects/Occupancy/LESA_OccupancyUnit/Middlewares/ST/STM32_WPAN/ble/mesh/MeshModel/Src/generic.c:557:14:Generic_Move_Set	24	static
D:/Research Projects/Occupancy/LESA_OccupancyUnit/Middlewares/ST/STM32_WPAN/ble/mesh/MeshModel/Src/generic.c:1633:6:Generic_OnOffUpdate	32	static
D:/Research Projects/Occupancy/LESA_OccupancyUnit/Middlewares/ST/STM32_WPAN/ble/mesh/MeshModel/Src/generic.c:1653:6:Generic_RestoreModelStates	0	static
D:/Research Projects/Occupancy/LESA_OccupancyUnit/Middlewares/ST/STM32_WPAN/ble/mesh/MeshModel/Src/generic.c:1685:6:Generic_SaveModelStates	0	static
D:/Research Projects/Occupancy/LESA_OccupancyUnit/Middlewares/ST/STM32_WPAN/ble/mesh/MeshModel/Src/generic.c:1709:1:Appli_Generic_OnOff_Set	0	static
D:/Research Projects/Occupancy/LESA_OccupancyUnit/Middlewares/ST/STM32_WPAN/ble/mesh/MeshModel/Src/generic.c:1715:1:Appli_Generic_Level_Set	0	static
D:/Research Projects/Occupancy/LESA_OccupancyUnit/Middlewares/ST/STM32_WPAN/ble/mesh/MeshModel/Src/generic.c:1721:1:Appli_Generic_Delta_Set	0	static
D:/Research Projects/Occupancy/LESA_OccupancyUnit/Middlewares/ST/STM32_WPAN/ble/mesh/MeshModel/Src/generic.c:1727:1:Appli_Generic_Move_Set	0	static
D:/Research Projects/Occupancy/LESA_OccupancyUnit/Middlewares/ST/STM32_WPAN/ble/mesh/MeshModel/Src/generic.c:1733:1:Appli_Generic_PowerOnOff_Set	0	static
D:/Research Projects/Occupancy/LESA_OccupancyUnit/Middlewares/ST/STM32_WPAN/ble/mesh/MeshModel/Src/generic.c:1739:1:Appli_Generic_Restore_PowerOn_Value	0	static
D:/Research Projects/Occupancy/LESA_OccupancyUnit/Middlewares/ST/STM32_WPAN/ble/mesh/MeshModel/Src/generic.c:1744:1:Appli_Generic_DefaultTransitionTime_Set	0	static
D:/Research Projects/Occupancy/LESA_OccupancyUnit/Middlewares/ST/STM32_WPAN/ble/mesh/MeshModel/Src/generic.c:1749:1:Appli_Generic_OnOff_Status	0	static
D:/Research Projects/Occupancy/LESA_OccupancyUnit/Middlewares/ST/STM32_WPAN/ble/mesh/MeshModel/Src/generic.c:1755:1:Appli_Generic_Level_Status	0	static
D:/Research Projects/Occupancy/LESA_OccupancyUnit/Middlewares/ST/STM32_WPAN/ble/mesh/MeshModel/Src/generic.c:1761:1:Appli_Generic_PowerOnOff_Status	0	static
D:/Research Projects/Occupancy/LESA_OccupancyUnit/Middlewares/ST/STM32_WPAN/ble/mesh/MeshModel/Src/generic.c:1767:1:Appli_Generic_DefaultTransitionTime_Status	0	static
D:/Research Projects/Occupancy/LESA_OccupancyUnit/Middlewares/ST/STM32_WPAN/ble/mesh/MeshModel/Src/generic.c:1773:1:Appli_Generic_GetOnOffStatus	0	static
D:/Research Projects/Occupancy/LESA_OccupancyUnit/Middlewares/ST/STM32_WPAN/ble/mesh/MeshModel/Src/generic.c:1777:1:Appli_Generic_GetOnOffValue	0	static
D:/Research Projects/Occupancy/LESA_OccupancyUnit/Middlewares/ST/STM32_WPAN/ble/mesh/MeshModel/Src/generic.c:1781:1:Appli_Generic_GetLevelStatus	0	static
D:/Research Projects/Occupancy/LESA_OccupancyUnit/Middlewares/ST/STM32_WPAN/ble/mesh/MeshModel/Src/generic.c:1785:1:Appli_Generic_GetPowerOnOffStatus	0	static
D:/Research Projects/Occupancy/LESA_OccupancyUnit/Middlewares/ST/STM32_WPAN/ble/mesh/MeshModel/Src/generic.c:1789:1:Appli_Generic_GetDefaultTransitionStatus	0	static
D:/Research Projects/Occupancy/LESA_OccupancyUnit/Middlewares/ST/STM32_WPAN/ble/mesh/MeshModel/Src/generic.c:1793:1:Appli_GenericClient_Level_Set_Unack	0	static
