D:/Research Projects/Occupancy/LESA_OccupancyUnit/Middlewares/ST/STM32_WPAN/ble/mesh/MeshModel/Src/light_lc.c:1744:14:Light_LC_PropertyValueSet	24	static
D:/Research Projects/Occupancy/LESA_OccupancyUnit/Middlewares/ST/STM32_WPAN/ble/mesh/MeshModel/Src/light_lc.c:554:14:Light_LC_ModeStatus	48	static
D:/Research Projects/Occupancy/LESA_OccupancyUnit/Middlewares/ST/STM32_WPAN/ble/mesh/MeshModel/Src/light_lc.c:638:14:Light_LC_OmStatus	48	static
D:/Research Projects/Occupancy/LESA_OccupancyUnit/Middlewares/ST/STM32_WPAN/ble/mesh/MeshModel/Src/light_lc.c:1215:14:Light_LC_OmSetUnack	32	static
D:/Research Projects/Occupancy/LESA_OccupancyUnit/Middlewares/ST/STM32_WPAN/ble/mesh/MeshModel/Src/light_lc.c:721:14:Light_LC_OnOffStatus	56	static
D:/Research Projects/Occupancy/LESA_OccupancyUnit/Middlewares/ST/STM32_WPAN/ble/mesh/MeshModel/Src/light_lc.c:857:14:Light_LC_PropertyStatus	56	static
D:/Research Projects/Occupancy/LESA_OccupancyUnit/Middlewares/ST/STM32_WPAN/ble/mesh/MeshModel/Src/light_lc.c:1617:14:Light_LC_PropertySetUnack	48	static
D:/Research Projects/Occupancy/LESA_OccupancyUnit/Middlewares/ST/STM32_WPAN/ble/mesh/MeshModel/Src/light_lc.c:1704:14:Light_LC_PropertyValueGet	16	static
D:/Research Projects/Occupancy/LESA_OccupancyUnit/Middlewares/ST/STM32_WPAN/ble/mesh/MeshModel/Src/light_lc.c:1959:13:Light_LC_PIregulator	48	static
D:/Research Projects/Occupancy/LESA_OccupancyUnit/Middlewares/ST/STM32_WPAN/ble/mesh/MeshModel/Src/light_lc.c:1845:14:Light_LC_InitialTargetValueUpdatePid.constprop	40	static
D:/Research Projects/Occupancy/LESA_OccupancyUnit/Middlewares/ST/STM32_WPAN/ble/mesh/MeshModel/Src/light_lc.c:2118:14:Light_LC_Fsm	80	static
D:/Research Projects/Occupancy/LESA_OccupancyUnit/Middlewares/ST/STM32_WPAN/ble/mesh/MeshModel/Src/light_lc.c:1046:14:Light_LC_ModeSetUnack	32	static
D:/Research Projects/Occupancy/LESA_OccupancyUnit/Middlewares/ST/STM32_WPAN/ble/mesh/MeshModel/Src/light_lc.c:1372:14:Light_LC_OnOffSetUnack	56	static
D:/Research Projects/Occupancy/LESA_OccupancyUnit/Middlewares/ST/STM32_WPAN/ble/mesh/MeshModel/Src/light_lc.c:404:14:LightLcServer_GetOpcodeTableCb	0	static
D:/Research Projects/Occupancy/LESA_OccupancyUnit/Middlewares/ST/STM32_WPAN/ble/mesh/MeshModel/Src/light_lc.c:427:14:LightLcServer_GetStatusRequestCb	0	static
D:/Research Projects/Occupancy/LESA_OccupancyUnit/Middlewares/ST/STM32_WPAN/ble/mesh/MeshModel/Src/light_lc.c:3367:6:LightLC_SaveModelStates	16	static
D:/Research Projects/Occupancy/LESA_OccupancyUnit/Middlewares/ST/STM32_WPAN/ble/mesh/MeshModel/Src/light_lc.c:3441:12:Light_LC_OnPowerUp	48	static
D:/Research Projects/Occupancy/LESA_OccupancyUnit/Middlewares/ST/STM32_WPAN/ble/mesh/MeshModel/Src/light_lc.c:3607:14:Light_LC_SetTransitionTimeZero	32	static
D:/Research Projects/Occupancy/LESA_OccupancyUnit/Middlewares/ST/STM32_WPAN/ble/mesh/MeshModel/Src/light_lc.c:3669:14:Light_LC_SensorPropertyUpdate	32	static
D:/Research Projects/Occupancy/LESA_OccupancyUnit/Middlewares/ST/STM32_WPAN/ble/mesh/MeshModel/Src/light_lc.c:450:14:LightLcServer_ProcessMessageCb	64	static
D:/Research Projects/Occupancy/LESA_OccupancyUnit/Middlewares/ST/STM32_WPAN/ble/mesh/MeshModel/Src/light_lc.c:3804:6:Light_LC_LigtnessLinearUnsolicitedChange	16	static
D:/Research Projects/Occupancy/LESA_OccupancyUnit/Middlewares/ST/STM32_WPAN/ble/mesh/MeshModel/Src/light_lc.c:3827:13:Light_LC_SleepDurationMs_Get	0	static
D:/Research Projects/Occupancy/LESA_OccupancyUnit/Middlewares/ST/STM32_WPAN/ble/mesh/MeshModel/Src/light_lc.c:3848:14:Light_LC_Send	32	static
D:/Research Projects/Occupancy/LESA_OccupancyUnit/Middlewares/ST/STM32_WPAN/ble/mesh/MeshModel/Src/light_lc.c:3893:14:Light_LC_LcOnOffUpdate	24	static
D:/Research Projects/Occupancy/LESA_OccupancyUnit/Middlewares/ST/STM32_WPAN/ble/mesh/MeshModel/Src/light_lc.c:3947:6:Light_LC_Process	16	static
D:/Research Projects/Occupancy/LESA_OccupancyUnit/Middlewares/ST/STM32_WPAN/ble/mesh/MeshModel/Src/light_lc.c:4004:14:Light_LCs_Init	40	static
D:/Research Projects/Occupancy/LESA_OccupancyUnit/Middlewares/ST/STM32_WPAN/ble/mesh/MeshModel/Src/light_lc.c:4088:14:ExtractLcServerElementIndex	48	static
