D:/Research Projects/Occupancy/LESA_OccupancyUnit/Middlewares/ST/STM32_WPAN/ble/mesh/Src/serial_if.c:114:13:Serial_Uart_Rx_Task	0	static
D:/Research Projects/Occupancy/LESA_OccupancyUnit/Middlewares/ST/STM32_WPAN/ble/mesh/Src/serial_if.c:99:13:Serial_RxCpltCallback	8	static
D:/Research Projects/Occupancy/LESA_OccupancyUnit/Middlewares/ST/STM32_WPAN/ble/mesh/Src/serial_if.c:298:13:SerialResponse_Process	0	static
D:/Research Projects/Occupancy/LESA_OccupancyUnit/Middlewares/ST/STM32_WPAN/ble/mesh/Src/serial_if.c:304:13:SerialPrvn_Process	0	static
D:/Research Projects/Occupancy/LESA_OccupancyUnit/Middlewares/ST/STM32_WPAN/ble/mesh/Src/serial_if.c:404:12:Serial_CharToHexConvert	0	static
D:/Research Projects/Occupancy/LESA_OccupancyUnit/Middlewares/ST/STM32_WPAN/ble/mesh/Src/serial_ut.c:273:13:SerialUt_doubleHexToHex	24	static
D:/Research Projects/Occupancy/LESA_OccupancyUnit/Middlewares/ST/STM32_WPAN/ble/mesh/Src/serial_if.c:426:6:Serial_Init	16	static
D:/Research Projects/Occupancy/LESA_OccupancyUnit/Middlewares/ST/STM32_WPAN/ble/mesh/Src/serial_if.c:443:6:BLEMesh_PrintStringCb	0	static
D:/Research Projects/Occupancy/LESA_OccupancyUnit/Middlewares/ST/STM32_WPAN/ble/mesh/Src/serial_if.c:453:6:BLEMesh_PrintDataCb	24	static
D:/Research Projects/Occupancy/LESA_OccupancyUnit/Middlewares/ST/STM32_WPAN/ble/mesh/Src/serial_ctrl.c:328:12:SerialCtrl_GetMinParamLength	12	static
D:/Research Projects/Occupancy/LESA_OccupancyUnit/Middlewares/ST/STM32_WPAN/ble/mesh/Src/serial_ctrl.c:350:12:SerialCtrl_GetData	48	static
D:/Research Projects/Occupancy/LESA_OccupancyUnit/Middlewares/ST/STM32_WPAN/ble/mesh/Src/serial_ctrl.c:65:6:SerialCtrlVendorRead_Process	56	static
D:/Research Projects/Occupancy/LESA_OccupancyUnit/Middlewares/ST/STM32_WPAN/ble/mesh/Src/serial_ctrl.c:120:6:SerialCtrlVendorWrite_Process	104	static
D:/Research Projects/Occupancy/LESA_OccupancyUnit/Middlewares/ST/STM32_WPAN/ble/mesh/Src/serial_ctrl.c:219:6:SerialCtrl_Process	64	static
D:/Research Projects/Occupancy/LESA_OccupancyUnit/Middlewares/ST/STM32_WPAN/ble/mesh/Src/serial_ut.c:296:21:BLEMesh_UpperTesterDataProcess	8	static
D:/Research Projects/Occupancy/LESA_OccupancyUnit/Middlewares/ST/STM32_WPAN/ble/mesh/Src/serial_ut.c:90:6:SerialUt_Process	48	static
D:/Research Projects/Occupancy/LESA_OccupancyUnit/Middlewares/ST/STM32_WPAN/ble/mesh/Src/serial_if.c:313:6:Serial_InterfaceProcess	32	static
D:/Research Projects/Occupancy/LESA_OccupancyUnit/Middlewares/ST/STM32_WPAN/ble/mesh/Src/mesh_cfg.c:426:14:ApplicationInitSigModelList	8	static
D:/Research Projects/Occupancy/LESA_OccupancyUnit/Middlewares/ST/STM32_WPAN/ble/mesh/Src/mesh_cfg.c:1162:14:ApplicationInitVendorModelList	8	static
D:/Research Projects/Occupancy/LESA_OccupancyUnit/Middlewares/ST/STM32_WPAN/ble/mesh/Src/mesh_cfg.c:375:14:AppliCheck_EnabledModelsList	8	static
D:/Research Projects/Occupancy/LESA_OccupancyUnit/Middlewares/ST/STM32_WPAN/ble/mesh/Src/mesh_cfg.c:1210:12:ApplicationGetSigModelList	16	static
D:/Research Projects/Occupancy/LESA_OccupancyUnit/Middlewares/ST/STM32_WPAN/ble/mesh/Src/mesh_cfg.c:1234:12:ApplicationGetCLIENTSigModelList	16	static
D:/Research Projects/Occupancy/LESA_OccupancyUnit/Middlewares/ST/STM32_WPAN/ble/mesh/Src/mesh_cfg.c:1277:12:ApplicationSetNodeSigModelList	8	static
D:/Research Projects/Occupancy/LESA_OccupancyUnit/Middlewares/ST/STM32_WPAN/ble/mesh/Src/mesh_cfg.c:1293:12:ApplicationGetVendorModelList	8	static
D:/Research Projects/Occupancy/LESA_OccupancyUnit/Middlewares/ST/STM32_WPAN/ble/mesh/Src/mesh_cfg.c:1350:11:ApplicationChkSigModelActive	0	static
D:/Research Projects/Occupancy/LESA_OccupancyUnit/Middlewares/ST/STM32_WPAN/ble/mesh/Src/mesh_cfg.c:1392:11:ApplicationChkVendorModelActive	0	static
D:/Research Projects/Occupancy/LESA_OccupancyUnit/Middlewares/ST/STM32_WPAN/ble/mesh/Src/mesh_cfg.c:1513:6:BnrgmFrndFnProcess	0	static
D:/Research Projects/Occupancy/LESA_OccupancyUnit/Middlewares/ST/STM32_WPAN/ble/mesh/Src/mesh_cfg.c:1518:14:BnrgmFrndFnProcessFrndClear	0	static
D:/Research Projects/Occupancy/LESA_OccupancyUnit/Middlewares/ST/STM32_WPAN/ble/mesh/Src/mesh_cfg.c:1523:14:BnrgmFrndFnProcessFrndClearConf	0	static
D:/Research Projects/Occupancy/LESA_OccupancyUnit/Middlewares/ST/STM32_WPAN/ble/mesh/Src/mesh_cfg.c:1528:14:BnrgmFrndFnProcessFrndPoll	0	static
D:/Research Projects/Occupancy/LESA_OccupancyUnit/Middlewares/ST/STM32_WPAN/ble/mesh/Src/mesh_cfg.c:1533:14:BnrgmFrndFnProcessFrndRequest	0	static
D:/Research Projects/Occupancy/LESA_OccupancyUnit/Middlewares/ST/STM32_WPAN/ble/mesh/Src/mesh_cfg.c:1538:14:BnrgmFrndFnProcessFrndSubscrListAdd	0	static
D:/Research Projects/Occupancy/LESA_OccupancyUnit/Middlewares/ST/STM32_WPAN/ble/mesh/Src/mesh_cfg.c:1543:14:BnrgmFrndFnProcessFrndSubscrListRem	0	static
D:/Research Projects/Occupancy/LESA_OccupancyUnit/Middlewares/ST/STM32_WPAN/ble/mesh/Src/mesh_cfg.c:1548:14:BnrgmFrndFnSendFrndClear	0	static
D:/Research Projects/Occupancy/LESA_OccupancyUnit/Middlewares/ST/STM32_WPAN/ble/mesh/Src/mesh_cfg.c:1553:14:BnrgmFrndFnSwitchKeys	0	static
D:/Research Projects/Occupancy/LESA_OccupancyUnit/Middlewares/ST/STM32_WPAN/ble/mesh/Src/mesh_cfg.c:1558:14:BnrgmFrndFnUpdateKeys	0	static
D:/Research Projects/Occupancy/LESA_OccupancyUnit/Middlewares/ST/STM32_WPAN/ble/mesh/Src/mesh_cfg.c:1563:14:BnrgmFrndMgmtFnInit	0	static
D:/Research Projects/Occupancy/LESA_OccupancyUnit/Middlewares/ST/STM32_WPAN/ble/mesh/Src/mesh_cfg.c:1568:14:BnrgmFrndMgmtGetFriendshipStatus	0	static
D:/Research Projects/Occupancy/LESA_OccupancyUnit/Middlewares/ST/STM32_WPAN/ble/mesh/Src/mesh_cfg.c:1573:13:BnrgmFrndMgmtGetLpnPollTimeout	0	static
D:/Research Projects/Occupancy/LESA_OccupancyUnit/Middlewares/ST/STM32_WPAN/ble/mesh/Src/mesh_cfg.c:1578:14:BnrgmFrndMgmtGetSubscrStatus	0	static
D:/Research Projects/Occupancy/LESA_OccupancyUnit/Middlewares/ST/STM32_WPAN/ble/mesh/Src/mesh_cfg.c:1583:14:BnrgmFrndMgmtQueLpnPkt	0	static
D:/Research Projects/Occupancy/LESA_OccupancyUnit/Middlewares/ST/STM32_WPAN/ble/mesh/Src/mesh_cfg.c:1588:6:BnrgmFrndMgmtSendSecurityUpdate	0	static
D:/Research Projects/Occupancy/LESA_OccupancyUnit/Middlewares/ST/STM32_WPAN/ble/mesh/Src/mesh_cfg.c:1595:14:BnrgmFrndLpnProcess	0	static
D:/Research Projects/Occupancy/LESA_OccupancyUnit/Middlewares/ST/STM32_WPAN/ble/mesh/Src/mesh_cfg.c:1600:14:BnrgmFrndLpnProcessFrndOffer	0	static
D:/Research Projects/Occupancy/LESA_OccupancyUnit/Middlewares/ST/STM32_WPAN/ble/mesh/Src/mesh_cfg.c:1605:14:BnrgmFrndLpnProcessFrndUpdate	0	static
D:/Research Projects/Occupancy/LESA_OccupancyUnit/Middlewares/ST/STM32_WPAN/ble/mesh/Src/mesh_cfg.c:1610:14:BnrgmFrndLpnProcessFrndRfu	0	static
D:/Research Projects/Occupancy/LESA_OccupancyUnit/Middlewares/ST/STM32_WPAN/ble/mesh/Src/mesh_cfg.c:1615:14:BnrgmFrndLpnProcessFrndSubscrListConf	0	static
D:/Research Projects/Occupancy/LESA_OccupancyUnit/Middlewares/ST/STM32_WPAN/ble/mesh/Src/mesh_cfg.c:1620:14:BnrgmFrndLpnSwitchKeys	0	static
D:/Research Projects/Occupancy/LESA_OccupancyUnit/Middlewares/ST/STM32_WPAN/ble/mesh/Src/mesh_cfg.c:1625:14:BnrgmFrndLpnTranspSegRecvd	0	static
D:/Research Projects/Occupancy/LESA_OccupancyUnit/Middlewares/ST/STM32_WPAN/ble/mesh/Src/mesh_cfg.c:1630:14:BnrgmFrndLpnUpdateKeys	0	static
D:/Research Projects/Occupancy/LESA_OccupancyUnit/Middlewares/ST/STM32_WPAN/ble/mesh/Src/mesh_cfg.c:1635:14:BnrgmFrndMgmtLpnInit	0	static
D:/Research Projects/Occupancy/LESA_OccupancyUnit/Middlewares/ST/STM32_WPAN/ble/mesh/Src/mesh_cfg.c:1772:14:LightLcServer_GetOpcodeTableCb	0	static
D:/Research Projects/Occupancy/LESA_OccupancyUnit/Middlewares/ST/STM32_WPAN/ble/mesh/Src/mesh_cfg.c:1775:14:LightLcServer_GetStatusRequestCb	0	static
D:/Research Projects/Occupancy/LESA_OccupancyUnit/Middlewares/ST/STM32_WPAN/ble/mesh/Src/mesh_cfg.c:1783:14:LightLcServer_ProcessMessageCb	0	static
D:/Research Projects/Occupancy/LESA_OccupancyUnit/Middlewares/ST/STM32_WPAN/ble/mesh/Src/mesh_cfg.c:1789:6:Light_LC_NvmParams_Get	0	static
D:/Research Projects/Occupancy/LESA_OccupancyUnit/Middlewares/ST/STM32_WPAN/ble/mesh/Src/mesh_cfg.c:1793:6:LightLC_SaveModelStates	0	static
D:/Research Projects/Occupancy/LESA_OccupancyUnit/Middlewares/ST/STM32_WPAN/ble/mesh/Src/mesh_cfg.c:1797:12:Light_LC_OnPowerUp	0	static
D:/Research Projects/Occupancy/LESA_OccupancyUnit/Middlewares/ST/STM32_WPAN/ble/mesh/Src/mesh_cfg.c:1805:14:Light_LC_SetTransitionTimeZero	0	static
D:/Research Projects/Occupancy/LESA_OccupancyUnit/Middlewares/ST/STM32_WPAN/ble/mesh/Src/mesh_cfg.c:1807:14:Light_LC_SensorPropertyUpdate	0	static
D:/Research Projects/Occupancy/LESA_OccupancyUnit/Middlewares/ST/STM32_WPAN/ble/mesh/Src/mesh_cfg.c:1811:6:Light_LC_LigtnessLinearUnsolicitedChange	0	static
D:/Research Projects/Occupancy/LESA_OccupancyUnit/Middlewares/ST/STM32_WPAN/ble/mesh/Src/mesh_cfg.c:1813:13:Light_LC_SleepDurationMs_Get	0	static
D:/Research Projects/Occupancy/LESA_OccupancyUnit/Middlewares/ST/STM32_WPAN/ble/mesh/Src/mesh_cfg.c:1815:14:Light_LC_Send	0	static
D:/Research Projects/Occupancy/LESA_OccupancyUnit/Middlewares/ST/STM32_WPAN/ble/mesh/Src/mesh_cfg.c:1817:14:Light_LC_LcOnOffUpdate	0	static
D:/Research Projects/Occupancy/LESA_OccupancyUnit/Middlewares/ST/STM32_WPAN/ble/mesh/Src/mesh_cfg.c:1824:6:Light_LC_Process	0	static
D:/Research Projects/Occupancy/LESA_OccupancyUnit/Middlewares/ST/STM32_WPAN/ble/mesh/Src/mesh_cfg.c:1826:14:Light_LCs_Init	0	static
D:/Research Projects/Occupancy/LESA_OccupancyUnit/Middlewares/ST/STM32_WPAN/ble/mesh/Src/mesh_cfg.c:1831:14:ExtractLcServerElementIndex	0	static
D:/Research Projects/Occupancy/LESA_OccupancyUnit/Middlewares/ST/STM32_WPAN/ble/mesh/Src/mesh_cfg.c:1839:14:Appli_Light_LCs_Init	0	static
