C:/STM/workspace/BLE_MeshLightingPRFNode/Middlewares/ST/STM32_WPAN/ble/mesh/MeshModel/Src/sensors.c:378:21:Sensor_ExtractPropertyId	8	static
C:/STM/workspace/BLE_MeshLightingPRFNode/Middlewares/ST/STM32_WPAN/ble/mesh/MeshModel/Src/sensors.c:405:21:Sensor_ExtractSettingPropertyId	16	static
C:/STM/workspace/BLE_MeshLightingPRFNode/Middlewares/ST/STM32_WPAN/ble/mesh/MeshModel/Src/sensors.c:444:21:Sensor_ExtractSensorOffset	48	static
C:/STM/workspace/BLE_MeshLightingPRFNode/Middlewares/ST/STM32_WPAN/ble/mesh/MeshModel/Src/sensors.c:538:21:Sensor_FillDescriptor	40	static
C:/STM/workspace/BLE_MeshLightingPRFNode/Middlewares/ST/STM32_WPAN/ble/mesh/MeshModel/Src/sensors.c:606:21:Sensor_MarshalPid	160	static
C:/STM/workspace/BLE_MeshLightingPRFNode/Middlewares/ST/STM32_WPAN/ble/mesh/MeshModel/Src/sensors.c:715:21:Sensor_CadenceStatus	160	static
C:/STM/workspace/BLE_MeshLightingPRFNode/Middlewares/ST/STM32_WPAN/ble/mesh/MeshModel/Src/sensors.c:884:21:Sensor_SettingsStatus	144	static
C:/STM/workspace/BLE_MeshLightingPRFNode/Middlewares/ST/STM32_WPAN/ble/mesh/MeshModel/Src/sensors.c:1003:21:Sensor_SettingStatus	168	static
C:/STM/workspace/BLE_MeshLightingPRFNode/Middlewares/ST/STM32_WPAN/ble/mesh/MeshModel/Src/sensors.c:1147:21:Sensor_DescriptorStatus	440	static
C:/STM/workspace/BLE_MeshLightingPRFNode/Middlewares/ST/STM32_WPAN/ble/mesh/MeshModel/Src/sensors.c:1281:21:Sensor_Status	456	static
C:/STM/workspace/BLE_MeshLightingPRFNode/Middlewares/ST/STM32_WPAN/ble/mesh/MeshModel/Src/sensors.c:1461:21:Sensor_ColumnStatus	456	static
C:/STM/workspace/BLE_MeshLightingPRFNode/Middlewares/ST/STM32_WPAN/ble/mesh/MeshModel/Src/sensors.c:1650:21:Sensor_SeriesStatus	816	static
C:/STM/workspace/BLE_MeshLightingPRFNode/Middlewares/ST/STM32_WPAN/ble/mesh/MeshModel/Src/sensors.c:1844:21:Sensor_DescriptorGet	48	static
C:/STM/workspace/BLE_MeshLightingPRFNode/Middlewares/ST/STM32_WPAN/ble/mesh/MeshModel/Src/sensors.c:1910:21:Sensor_CadenceGet	72	static
C:/STM/workspace/BLE_MeshLightingPRFNode/Middlewares/ST/STM32_WPAN/ble/mesh/MeshModel/Src/sensors.c:2462:21:Sensor_SettingsGet	56	static
C:/STM/workspace/BLE_MeshLightingPRFNode/Middlewares/ST/STM32_WPAN/ble/mesh/MeshModel/Src/sensors.c:2526:21:Sensor_SettingGet	80	static
C:/STM/workspace/BLE_MeshLightingPRFNode/Middlewares/ST/STM32_WPAN/ble/mesh/MeshModel/Src/sensors.c:2652:21:Sensor_SettingSet	104	static
C:/STM/workspace/BLE_MeshLightingPRFNode/Middlewares/ST/STM32_WPAN/ble/mesh/MeshModel/Src/sensors.c:2810:21:Sensor_SettingSetUnack	104	static
C:/STM/workspace/BLE_MeshLightingPRFNode/Middlewares/ST/STM32_WPAN/ble/mesh/MeshModel/Src/sensors.c:2969:21:Sensor_Get	48	static
C:/STM/workspace/BLE_MeshLightingPRFNode/Middlewares/ST/STM32_WPAN/ble/mesh/MeshModel/Src/sensors.c:3039:21:Sensor_ColumnGet	96	static
C:/STM/workspace/BLE_MeshLightingPRFNode/Middlewares/ST/STM32_WPAN/ble/mesh/MeshModel/Src/sensors.c:3160:21:Sensor_SeriesGet	488	static
C:/STM/workspace/BLE_MeshLightingPRFNode/Middlewares/ST/STM32_WPAN/ble/mesh/MeshModel/Src/sensors.c:3302:21:SensorModelServer_GetOpcodeTableCb	0	static
C:/STM/workspace/BLE_MeshLightingPRFNode/Middlewares/ST/STM32_WPAN/ble/mesh/MeshModel/Src/sensors.c:3325:21:SensorModelServer_GetStatusRequestCb	0	static
C:/STM/workspace/BLE_MeshLightingPRFNode/Middlewares/ST/STM32_WPAN/ble/mesh/MeshModel/Src/sensors.c:3422:20:Sensor_SleepDurationMs_Get	24	static
C:/STM/workspace/BLE_MeshLightingPRFNode/Middlewares/ST/STM32_WPAN/ble/mesh/MeshModel/Src/sensors.c:3515:21:Sensor_UpdatePublishParameters	40	static
C:/STM/workspace/BLE_MeshLightingPRFNode/Middlewares/ST/STM32_WPAN/ble/mesh/MeshModel/Src/sensors.c:2006:21:Sensor_CadenceSet	128	static
C:/STM/workspace/BLE_MeshLightingPRFNode/Middlewares/ST/STM32_WPAN/ble/mesh/MeshModel/Src/sensors.c:2236:21:Sensor_CadenceSetUnack	128	static
C:/STM/workspace/BLE_MeshLightingPRFNode/Middlewares/ST/STM32_WPAN/ble/mesh/MeshModel/Src/sensors.c:3346:21:SensorModelServer_ProcessMessageCb	24	static
C:/STM/workspace/BLE_MeshLightingPRFNode/Middlewares/ST/STM32_WPAN/ble/mesh/MeshModel/Src/sensors.c:3628:21:Sensor_CheckStatusTrigger	32	static
C:/STM/workspace/BLE_MeshLightingPRFNode/Middlewares/ST/STM32_WPAN/ble/mesh/MeshModel/Src/sensors.c:3672:21:Sensor_Send	24	static
C:/STM/workspace/BLE_MeshLightingPRFNode/Middlewares/ST/STM32_WPAN/ble/mesh/MeshModel/Src/sensors.c:3726:21:Sensor_UpdateCadence	16	static
C:/STM/workspace/BLE_MeshLightingPRFNode/Middlewares/ST/STM32_WPAN/ble/mesh/MeshModel/Src/sensors.c:3787:21:Sensor_UpdatePublishState	16	static
C:/STM/workspace/BLE_MeshLightingPRFNode/Middlewares/ST/STM32_WPAN/ble/mesh/MeshModel/Src/sensors.c:3833:13:Sensor_Process	48	static
C:/STM/workspace/BLE_MeshLightingPRFNode/Middlewares/ST/STM32_WPAN/ble/mesh/MeshModel/Src/sensors.c:3950:21:SensorServer_Init	64	static
C:/STM/workspace/BLE_MeshLightingPRFNode/Middlewares/ST/STM32_WPAN/ble/mesh/MeshModel/Src/sensors.c:4303:21:Sensor_ModelPublishSet	32	static
