D:/Research Projects/Occupancy/LESA_OccupancyUnit/Middlewares/ST/STM32_WPAN/ble/mesh/MeshModel/Src/sensors.c:378:21:Sensor_ExtractPropertyId	8	static
D:/Research Projects/Occupancy/LESA_OccupancyUnit/Middlewares/ST/STM32_WPAN/ble/mesh/MeshModel/Src/sensors.c:405:21:Sensor_ExtractSettingPropertyId	16	static
D:/Research Projects/Occupancy/LESA_OccupancyUnit/Middlewares/ST/STM32_WPAN/ble/mesh/MeshModel/Src/sensors.c:444:21:Sensor_ExtractSensorOffset	48	static
D:/Research Projects/Occupancy/LESA_OccupancyUnit/Middlewares/ST/STM32_WPAN/ble/mesh/MeshModel/Src/sensors.c:538:21:Sensor_FillDescriptor	40	static
D:/Research Projects/Occupancy/LESA_OccupancyUnit/Middlewares/ST/STM32_WPAN/ble/mesh/MeshModel/Src/sensors.c:606:21:Sensor_MarshalPid	160	static
D:/Research Projects/Occupancy/LESA_OccupancyUnit/Middlewares/ST/STM32_WPAN/ble/mesh/MeshModel/Src/sensors.c:717:21:Sensor_CadenceStatus	160	static
D:/Research Projects/Occupancy/LESA_OccupancyUnit/Middlewares/ST/STM32_WPAN/ble/mesh/MeshModel/Src/sensors.c:886:21:Sensor_SettingsStatus	144	static
D:/Research Projects/Occupancy/LESA_OccupancyUnit/Middlewares/ST/STM32_WPAN/ble/mesh/MeshModel/Src/sensors.c:1005:21:Sensor_SettingStatus	168	static
D:/Research Projects/Occupancy/LESA_OccupancyUnit/Middlewares/ST/STM32_WPAN/ble/mesh/MeshModel/Src/sensors.c:1149:21:Sensor_DescriptorStatus	440	static
D:/Research Projects/Occupancy/LESA_OccupancyUnit/Middlewares/ST/STM32_WPAN/ble/mesh/MeshModel/Src/sensors.c:1283:21:Sensor_Status	456	static
D:/Research Projects/Occupancy/LESA_OccupancyUnit/Middlewares/ST/STM32_WPAN/ble/mesh/MeshModel/Src/sensors.c:1465:21:Sensor_ColumnStatus	456	static
D:/Research Projects/Occupancy/LESA_OccupancyUnit/Middlewares/ST/STM32_WPAN/ble/mesh/MeshModel/Src/sensors.c:1654:21:Sensor_SeriesStatus	816	static
D:/Research Projects/Occupancy/LESA_OccupancyUnit/Middlewares/ST/STM32_WPAN/ble/mesh/MeshModel/Src/sensors.c:1848:21:Sensor_DescriptorGet	48	static
D:/Research Projects/Occupancy/LESA_OccupancyUnit/Middlewares/ST/STM32_WPAN/ble/mesh/MeshModel/Src/sensors.c:1914:21:Sensor_CadenceGet	72	static
D:/Research Projects/Occupancy/LESA_OccupancyUnit/Middlewares/ST/STM32_WPAN/ble/mesh/MeshModel/Src/sensors.c:2466:21:Sensor_SettingsGet	56	static
D:/Research Projects/Occupancy/LESA_OccupancyUnit/Middlewares/ST/STM32_WPAN/ble/mesh/MeshModel/Src/sensors.c:2530:21:Sensor_SettingGet	80	static
D:/Research Projects/Occupancy/LESA_OccupancyUnit/Middlewares/ST/STM32_WPAN/ble/mesh/MeshModel/Src/sensors.c:2656:21:Sensor_SettingSet	104	static
D:/Research Projects/Occupancy/LESA_OccupancyUnit/Middlewares/ST/STM32_WPAN/ble/mesh/MeshModel/Src/sensors.c:2814:21:Sensor_SettingSetUnack	104	static
D:/Research Projects/Occupancy/LESA_OccupancyUnit/Middlewares/ST/STM32_WPAN/ble/mesh/MeshModel/Src/sensors.c:2973:21:Sensor_Get	48	static
D:/Research Projects/Occupancy/LESA_OccupancyUnit/Middlewares/ST/STM32_WPAN/ble/mesh/MeshModel/Src/sensors.c:3043:21:Sensor_ColumnGet	96	static
D:/Research Projects/Occupancy/LESA_OccupancyUnit/Middlewares/ST/STM32_WPAN/ble/mesh/MeshModel/Src/sensors.c:3164:21:Sensor_SeriesGet	488	static
D:/Research Projects/Occupancy/LESA_OccupancyUnit/Middlewares/ST/STM32_WPAN/ble/mesh/MeshModel/Src/sensors.c:3306:21:SensorModelServer_GetOpcodeTableCb	0	static
D:/Research Projects/Occupancy/LESA_OccupancyUnit/Middlewares/ST/STM32_WPAN/ble/mesh/MeshModel/Src/sensors.c:3329:21:SensorModelServer_GetStatusRequestCb	0	static
D:/Research Projects/Occupancy/LESA_OccupancyUnit/Middlewares/ST/STM32_WPAN/ble/mesh/MeshModel/Src/sensors.c:3426:20:Sensor_SleepDurationMs_Get	24	static
D:/Research Projects/Occupancy/LESA_OccupancyUnit/Middlewares/ST/STM32_WPAN/ble/mesh/MeshModel/Src/sensors.c:3519:21:Sensor_UpdatePublishParameters	40	static
D:/Research Projects/Occupancy/LESA_OccupancyUnit/Middlewares/ST/STM32_WPAN/ble/mesh/MeshModel/Src/sensors.c:2010:21:Sensor_CadenceSet	128	static
D:/Research Projects/Occupancy/LESA_OccupancyUnit/Middlewares/ST/STM32_WPAN/ble/mesh/MeshModel/Src/sensors.c:2240:21:Sensor_CadenceSetUnack	128	static
D:/Research Projects/Occupancy/LESA_OccupancyUnit/Middlewares/ST/STM32_WPAN/ble/mesh/MeshModel/Src/sensors.c:3350:21:SensorModelServer_ProcessMessageCb	24	static
D:/Research Projects/Occupancy/LESA_OccupancyUnit/Middlewares/ST/STM32_WPAN/ble/mesh/MeshModel/Src/sensors.c:3632:21:Sensor_CheckStatusTrigger	32	static
D:/Research Projects/Occupancy/LESA_OccupancyUnit/Middlewares/ST/STM32_WPAN/ble/mesh/MeshModel/Src/sensors.c:3676:21:Sensor_Send	24	static
D:/Research Projects/Occupancy/LESA_OccupancyUnit/Middlewares/ST/STM32_WPAN/ble/mesh/MeshModel/Src/sensors.c:3730:21:Sensor_UpdateCadence	16	static
D:/Research Projects/Occupancy/LESA_OccupancyUnit/Middlewares/ST/STM32_WPAN/ble/mesh/MeshModel/Src/sensors.c:3791:21:Sensor_UpdatePublishState	16	static
D:/Research Projects/Occupancy/LESA_OccupancyUnit/Middlewares/ST/STM32_WPAN/ble/mesh/MeshModel/Src/sensors.c:3837:13:Sensor_Process	48	static
D:/Research Projects/Occupancy/LESA_OccupancyUnit/Middlewares/ST/STM32_WPAN/ble/mesh/MeshModel/Src/sensors.c:3954:21:SensorServer_Init	64	static
D:/Research Projects/Occupancy/LESA_OccupancyUnit/Middlewares/ST/STM32_WPAN/ble/mesh/MeshModel/Src/sensors.c:4307:21:Sensor_ModelPublishSet	32	static
