Archive member included to satisfy reference by file (symbol)

C:/ST/STM32CubeIDE_1.14.1/STM32CubeIDE/plugins/com.st.stm32cube.ide.mcu.externaltools.gnu-tools-for-stm32.11.3.rel1.win32_1.1.100.202309141235/tools/bin/../lib/gcc/arm-none-eabi/11.3.1/../../../../arm-none-eabi/lib/thumb/v7e-m+fp/hard\libc_nano.a(libc_a-exit.o)
                              C:/ST/STM32CubeIDE_1.14.1/STM32CubeIDE/plugins/com.st.stm32cube.ide.mcu.externaltools.gnu-tools-for-stm32.11.3.rel1.win32_1.1.100.202309141235/tools/bin/../lib/gcc/arm-none-eabi/11.3.1/../../../../arm-none-eabi/lib/thumb/v7e-m+fp/hard/crt0.o (exit)
C:/ST/STM32CubeIDE_1.14.1/STM32CubeIDE/plugins/com.st.stm32cube.ide.mcu.externaltools.gnu-tools-for-stm32.11.3.rel1.win32_1.1.100.202309141235/tools/bin/../lib/gcc/arm-none-eabi/11.3.1/../../../../arm-none-eabi/lib/thumb/v7e-m+fp/hard\libc_nano.a(libc_a-findfp.o)
                              C:/ST/STM32CubeIDE_1.14.1/STM32CubeIDE/plugins/com.st.stm32cube.ide.mcu.externaltools.gnu-tools-for-stm32.11.3.rel1.win32_1.1.100.202309141235/tools/bin/../lib/gcc/arm-none-eabi/11.3.1/../../../../arm-none-eabi/lib/thumb/v7e-m+fp/hard\libc_nano.a(libc_a-exit.o) (__stdio_exit_handler)
C:/ST/STM32CubeIDE_1.14.1/STM32CubeIDE/plugins/com.st.stm32cube.ide.mcu.externaltools.gnu-tools-for-stm32.11.3.rel1.win32_1.1.100.202309141235/tools/bin/../lib/gcc/arm-none-eabi/11.3.1/../../../../arm-none-eabi/lib/thumb/v7e-m+fp/hard\libc_nano.a(libc_a-fwalk.o)
                              C:/ST/STM32CubeIDE_1.14.1/STM32CubeIDE/plugins/com.st.stm32cube.ide.mcu.externaltools.gnu-tools-for-stm32.11.3.rel1.win32_1.1.100.202309141235/tools/bin/../lib/gcc/arm-none-eabi/11.3.1/../../../../arm-none-eabi/lib/thumb/v7e-m+fp/hard\libc_nano.a(libc_a-findfp.o) (_fwalk_sglue)
C:/ST/STM32CubeIDE_1.14.1/STM32CubeIDE/plugins/com.st.stm32cube.ide.mcu.externaltools.gnu-tools-for-stm32.11.3.rel1.win32_1.1.100.202309141235/tools/bin/../lib/gcc/arm-none-eabi/11.3.1/../../../../arm-none-eabi/lib/thumb/v7e-m+fp/hard\libc_nano.a(libc_a-stdio.o)
                              C:/ST/STM32CubeIDE_1.14.1/STM32CubeIDE/plugins/com.st.stm32cube.ide.mcu.externaltools.gnu-tools-for-stm32.11.3.rel1.win32_1.1.100.202309141235/tools/bin/../lib/gcc/arm-none-eabi/11.3.1/../../../../arm-none-eabi/lib/thumb/v7e-m+fp/hard\libc_nano.a(libc_a-findfp.o) (__sread)
C:/ST/STM32CubeIDE_1.14.1/STM32CubeIDE/plugins/com.st.stm32cube.ide.mcu.externaltools.gnu-tools-for-stm32.11.3.rel1.win32_1.1.100.202309141235/tools/bin/../lib/gcc/arm-none-eabi/11.3.1/../../../../arm-none-eabi/lib/thumb/v7e-m+fp/hard\libc_nano.a(libc_a-memset.o)
                              C:/ST/STM32CubeIDE_1.14.1/STM32CubeIDE/plugins/com.st.stm32cube.ide.mcu.externaltools.gnu-tools-for-stm32.11.3.rel1.win32_1.1.100.202309141235/tools/bin/../lib/gcc/arm-none-eabi/11.3.1/../../../../arm-none-eabi/lib/thumb/v7e-m+fp/hard/crt0.o (memset)
C:/ST/STM32CubeIDE_1.14.1/STM32CubeIDE/plugins/com.st.stm32cube.ide.mcu.externaltools.gnu-tools-for-stm32.11.3.rel1.win32_1.1.100.202309141235/tools/bin/../lib/gcc/arm-none-eabi/11.3.1/../../../../arm-none-eabi/lib/thumb/v7e-m+fp/hard\libc_nano.a(libc_a-closer.o)
                              C:/ST/STM32CubeIDE_1.14.1/STM32CubeIDE/plugins/com.st.stm32cube.ide.mcu.externaltools.gnu-tools-for-stm32.11.3.rel1.win32_1.1.100.202309141235/tools/bin/../lib/gcc/arm-none-eabi/11.3.1/../../../../arm-none-eabi/lib/thumb/v7e-m+fp/hard\libc_nano.a(libc_a-stdio.o) (_close_r)
C:/ST/STM32CubeIDE_1.14.1/STM32CubeIDE/plugins/com.st.stm32cube.ide.mcu.externaltools.gnu-tools-for-stm32.11.3.rel1.win32_1.1.100.202309141235/tools/bin/../lib/gcc/arm-none-eabi/11.3.1/../../../../arm-none-eabi/lib/thumb/v7e-m+fp/hard\libc_nano.a(libc_a-reent.o)
                              C:/ST/STM32CubeIDE_1.14.1/STM32CubeIDE/plugins/com.st.stm32cube.ide.mcu.externaltools.gnu-tools-for-stm32.11.3.rel1.win32_1.1.100.202309141235/tools/bin/../lib/gcc/arm-none-eabi/11.3.1/../../../../arm-none-eabi/lib/thumb/v7e-m+fp/hard\libc_nano.a(libc_a-closer.o) (errno)
C:/ST/STM32CubeIDE_1.14.1/STM32CubeIDE/plugins/com.st.stm32cube.ide.mcu.externaltools.gnu-tools-for-stm32.11.3.rel1.win32_1.1.100.202309141235/tools/bin/../lib/gcc/arm-none-eabi/11.3.1/../../../../arm-none-eabi/lib/thumb/v7e-m+fp/hard\libc_nano.a(libc_a-impure.o)
                              C:/ST/STM32CubeIDE_1.14.1/STM32CubeIDE/plugins/com.st.stm32cube.ide.mcu.externaltools.gnu-tools-for-stm32.11.3.rel1.win32_1.1.100.202309141235/tools/bin/../lib/gcc/arm-none-eabi/11.3.1/../../../../arm-none-eabi/lib/thumb/v7e-m+fp/hard\libc_nano.a(libc_a-reent.o) (_impure_ptr)
C:/ST/STM32CubeIDE_1.14.1/STM32CubeIDE/plugins/com.st.stm32cube.ide.mcu.externaltools.gnu-tools-for-stm32.11.3.rel1.win32_1.1.100.202309141235/tools/bin/../lib/gcc/arm-none-eabi/11.3.1/../../../../arm-none-eabi/lib/thumb/v7e-m+fp/hard\libc_nano.a(libc_a-lseekr.o)
[...]
Memory Configuration

Name             Origin             Length             Attributes
FLASH            0x0000000008000000 0x0000000000080000 xr
RAM              0x0000000020000008 0x000000000002fff8 xrw
RAM_SHARED       0x0000000020030000 0x0000000000002800 xrw
*default*        0x0000000000000000 0xffffffffffffffff

Linker script and memory map

LOAD C:/ST/STM32CubeIDE_1.14.1/STM32CubeIDE/plugins/com.st.stm32cube.ide.mcu.externaltools.gnu-tools-for-stm32.11.3.rel1.win32_1.1.100.202309141235/tools/bin/../lib/gcc/arm-none-eabi/11.3.1/thumb/v7e-m+fp/hard/crti.o
LOAD C:/ST/STM32CubeIDE_1.14.1/STM32CubeIDE/plugins/com.st.stm32cube.ide.mcu.externaltools.gnu-tools-for-stm32.11.3.rel1.win32_1.1.100.202309141235/tools/bin/../lib/gcc/arm-none-eabi/11.3.1/thumb/v7e-m+fp/hard/crtbegin.o
LOAD C:/ST/STM32CubeIDE_1.14.1/STM32CubeIDE/plugins/com.st.stm32cube.ide.mcu.externaltools.gnu-tools-for-stm32.11.3.rel1.win32_1.1.100.202309141235/tools/bin/../lib/gcc/arm-none-eabi/11.3.1/../../../../arm-none-eabi/lib/thumb/v7e-m+fp/hard/crt0.o
LOAD ./Core/Src/main.o
LOAD ./Core/Src/stm32wbxx_hal_msp.o
LOAD ./Core/Src/stm32wbxx_it.o
LOAD ./Core/Src/syscalls.o
LOAD ./Core/Src/sysmem.o
LOAD ./Core/Src/system_stm32wbxx.o
LOAD ./Core/Startup/startup_stm32wb55cgux.o
LOAD ./Drivers/STM32WBxx_HAL_Driver/Src/stm32wbxx_hal.o
LOAD ./Drivers/STM32WBxx_HAL_Driver/Src/stm32wbxx_hal_cortex.o
LOAD ./Drivers/STM32WBxx_HAL_Driver/Src/stm32wbxx_hal_dma.o
LOAD ./Drivers/STM32WBxx_HAL_Driver/Src/stm32wbxx_hal_dma_ex.o
LOAD ./Drivers/STM32WBxx_HAL_Driver/Src/stm32wbxx_hal_exti.o
LOAD ./Drivers/STM32WBxx_HAL_Driver/Src/stm32wbxx_hal_flash.o
LOAD ./Drivers/STM32WBxx_HAL_Driver/Src/stm32wbxx_hal_flash_ex.o
LOAD ./Drivers/STM32WBxx_HAL_Driver/Src/stm32wbxx_hal_gpio.o
LOAD ./Drivers/STM32WBxx_HAL_Driver/Src/stm32wbxx_hal_hsem.o
LOAD ./Drivers/STM32WBxx_HAL_Driver/Src/stm32wbxx_hal_i2c.o
LOAD ./Drivers/STM32WBxx_HAL_Driver/Src/stm32wbxx_hal_i2c_ex.o
LOAD ./Drivers/STM32WBxx_HAL_Driver/Src/stm32wbxx_hal_pcd.o
LOAD ./Drivers/STM32WBxx_HAL_Driver/Src/stm32wbxx_hal_pcd_ex.o
LOAD ./Drivers/STM32WBxx_HAL_Driver/Src/stm32wbxx_hal_pwr.o
LOAD ./Drivers/STM32WBxx_HAL_Driver/Src/stm32wbxx_hal_pwr_ex.o
LOAD ./Drivers/STM32WBxx_HAL_Driver/Src/stm32wbxx_hal_rcc.o
LOAD ./Drivers/STM32WBxx_HAL_Driver/Src/stm32wbxx_hal_rcc_ex.o
LOAD ./Drivers/STM32WBxx_HAL_Driver/Src/stm32wbxx_hal_tim.o
LOAD ./Drivers/STM32WBxx_HAL_Driver/Src/stm32wbxx_hal_tim_ex.o
LOAD ./Drivers/STM32WBxx_HAL_Driver/Src/stm32wbxx_ll_rcc.o
LOAD ./Drivers/STM32WBxx_HAL_Driver/Src/stm32wbxx_ll_usb.o
LOAD ./Middlewares/ST/STM32_USB_Device_Library/Class/CDC/Src/usbd_cdc.o
LOAD ./Middlewares/ST/STM32_USB_Device_Library/Core/Src/usbd_core.o
LOAD ./Middlewares/ST/STM32_USB_Device_Library/Core/Src/usbd_ctlreq.o
LOAD ./Middlewares/ST/STM32_USB_Device_Library/Core/Src/usbd_ioreq.o
LOAD ./USB_Device/App/usb_device.o
LOAD ./USB_Device/App/usbd_cdc_if.o
LOAD ./USB_Device/App/usbd_desc.o
LOAD ./USB_Device/Target/usbd_conf.o
START GROUP
LOAD C:/ST/STM32CubeIDE_1.14.1/STM32CubeIDE/plugins/com.st.stm32cube.ide.mcu.externaltools.gnu-tools-for-stm32.11.3.rel1.win32_1.1.100.202309141235/tools/bin/../lib/gcc/arm-none-eabi/11.3.1/../../../../arm-none-eabi/lib/thumb/v7e-m+fp/hard\libc_nano.a
LOAD C:/ST/STM32CubeIDE_1.14.1/STM32CubeIDE/plugins/com.st.stm32cube.ide.mcu.externaltools.gnu-tools-for-stm32.11.3.rel1.win32_1.1.100.202309141235/tools/bin/../lib/gcc/arm-none-eabi/11.3.1/../../../../arm-none-eabi/lib/thumb/v7e-m+fp/hard\libm.a
END GROUP
START GROUP
LOAD C:/ST/STM32CubeIDE_1.14.1/STM32CubeIDE/plugins/com.st.stm32cube.ide.mcu.externaltools.gnu-tools-for-stm32.11.3.rel1.win32_1.1.100.202309141235/tools/bin/../lib/gcc/arm-none-eabi/11.3.1/thumb/v7e-m+fp/hard\libgcc.a
LOAD C:/ST/STM32CubeIDE_1.14.1/STM32CubeIDE/plugins/com.st.stm32cube.ide.mcu.externaltools.gnu-tools-for-stm32.11.3.rel1.win32_1.1.100.202309141235/tools/bin/../lib/gcc/arm-none-eabi/11.3.1/../../../../arm-none-eabi/lib/thumb/v7e-m+fp/hard\libc_nano.a
END GROUP
START GROUP
LOAD C:/ST/STM32CubeIDE_1.14.1/STM32CubeIDE/plugins/com.st.stm32cube.ide.mcu.externaltools.gnu-tools-for-stm32.11.3.rel1.win32_1.1.100.202309141235/tools/bin/../lib/gcc/arm-none-eabi/11.3.1/thumb/v7e-m+fp/hard\libgcc.a
LOAD C:/ST/STM32CubeIDE_1.14.1/STM32CubeIDE/plugins/com.st.stm32cube.ide.mcu.externaltools.gnu-tools-for-stm32.11.3.rel1.win32_1.1.100.202309141235/tools/bin/../lib/gcc/arm-none-eabi/11.3.1/../../../../arm-none-eabi/lib/thumb/v7e-m+fp/hard\libc_nano.a
LOAD C:/ST/STM32CubeIDE_1.14.1/STM32CubeIDE/plugins/com.st.stm32cube.ide.mcu.externaltools.gnu-tools-for-stm32.11.3.rel1.win32_1.1.100.202309141235/tools/bin/../lib/gcc/arm-none-eabi/11.3.1/../../../../arm-none-eabi/lib/thumb/v7e-m+fp/hard\libnosys.a
END GROUP
START GROUP
LOAD C:/ST/STM32CubeIDE_1.14.1/STM32CubeIDE/plugins/com.st.stm32cube.ide.mcu.externaltools.gnu-tools-for-stm32.11.3.rel1.win32_1.1.100.202309141235/tools/bin/../lib/gcc/arm-none-eabi/11.3.1/thumb/v7e-m+fp/hard\libgcc.a
LOAD C:/ST/STM32CubeIDE_1.14.1/STM32CubeIDE/plugins/com.st.stm32cube.ide.mcu.externaltools.gnu-tools-for-stm32.11.3.rel1.win32_1.1.100.202309141235/tools/bin/../lib/gcc/arm-none-eabi/11.3.1/../../../../arm-none-eabi/lib/thumb/v7e-m+fp/hard\libc_nano.a
LOAD C:/ST/STM32CubeIDE_1.14.1/STM32CubeIDE/plugins/com.st.stm32cube.ide.mcu.externaltools.gnu-tools-for-stm32.11.3.rel1.win32_1.1.100.202309141235/tools/bin/../lib/gcc/arm-none-eabi/11.3.1/../../../../arm-none-eabi/lib/thumb/v7e-m+fp/hard\libnosys.a
END GROUP
LOAD C:/ST/STM32CubeIDE_1.14.1/STM32CubeIDE/plugins/com.st.stm32cube.ide.mcu.externaltools.gnu-tools-for-stm32.11.3.rel1.win32_1.1.100.202309141235/tools/bin/../lib/gcc/arm-none-eabi/11.3.1/thumb/v7e-m+fp/hard/crtend.o
LOAD C:/ST/STM32CubeIDE_1.14.1/STM32CubeIDE/plugins/com.st.stm32cube.ide.mcu.externaltools.gnu-tools-for-stm32.11.3.rel1.win32_1.1.100.202309141235/tools/bin/../lib/gcc/arm-none-eabi/11.3.1/thumb/v7e-m+fp/hard/crtn.o
                0x0000000020030000                _estack = (ORIGIN (RAM) + LENGTH (RAM))
                0x0000000000000200                _Min_Heap_Size = 0x200
                0x0000000000000400                _Min_Stack_Size = 0x400

.isr_vector     0x0000000008000000      0x13c
                0x0000000008000000                . = ALIGN (0x4)
 *(.isr_vector)
 .isr_vector    0x0000000008000000      0x13c ./Core/Startup/startup_stm32wb55cgux.o
                0x0000000008000000                g_pfnVectors
                0x000000000800013c                . = ALIGN (0x4)

.text           0x000000000800013c     0x95d0
                0x000000000800013c                . = ALIGN (0x4)
 *(.text)
 .text          0x000000000800013c       0x40 C:/ST/STM32CubeIDE_1.14.1/STM32CubeIDE/plugins/com.st.stm32cube.ide.mcu.externaltools.gnu-tools-for-stm32.11.3.rel1.win32_1.1.100.202309141235/tools/bin/../lib/gcc/arm-none-eabi/11.3.1/thumb/v7e-m+fp/hard/crtbegin.o
 *(.text*)
 .text.LL_RCC_LSE_SetDriveCapability
                0x000000000800017c       0x2c ./Core/Src/main.o
 .text.LL_AHB2_GRP1_EnableClock
                0x00000000080001a8       0x32 ./Core/Src/main.o
 .text.main     0x00000000080001da       0x1e ./Core/Src/main.o
                0x00000000080001da                main
 .text.SystemClock_Config
                0x00000000080001f8       0xe8 ./Core/Src/main.o
                0x00000000080001f8                SystemClock_Config
 .text.PeriphCommonClock_Config
                0x00000000080002e0       0x3a ./Core/Src/main.o
                0x00000000080002e0                PeriphCommonClock_Config
 *fill*         0x000000000800031a        0x2 
 .text.MX_I2C1_Init
                0x000000000800031c       0x80 ./Core/Src/main.o
 .text.MX_GPIO_Init
                0x000000000800039c       0xcc ./Core/Src/main.o
 .text.Error_Handler
                0x0000000008000468        0xa ./Core/Src/main.o
                0x0000000008000468                Error_Handler
 .text.LL_AHB2_GRP1_EnableClock
                0x0000000008000472       0x32 ./Core/Src/stm32wbxx_hal_msp.o
 .text.LL_APB1_GRP1_EnableClock
                0x00000000080004a4       0x32 ./Core/Src/stm32wbxx_hal_msp.o
 .text.HAL_MspInit
                0x00000000080004d6        0xe ./Core/Src/stm32wbxx_hal_msp.o
                0x00000000080004d6                HAL_MspInit
 .text.HAL_I2C_MspInit
                0x00000000080004e4       0x8c ./Core/Src/stm32wbxx_hal_msp.o
                0x00000000080004e4                HAL_I2C_MspInit
 .text.NMI_Handler
                0x0000000008000570        0x6 ./Core/Src/stm32wbxx_it.o
                0x0000000008000570                NMI_Handler
 .text.HardFault_Handler
                0x0000000008000576        0x6 ./Core/Src/stm32wbxx_it.o
                0x0000000008000576                HardFault_Handler
 .text.MemManage_Handler
                0x000000000800057c        0x6 ./Core/Src/stm32wbxx_it.o
                0x000000000800057c                MemManage_Handler
 .text.BusFault_Handler
                0x0000000008000582        0x6 ./Core/Src/stm32wbxx_it.o
                0x0000000008000582                BusFault_Handler
 .text.UsageFault_Handler
                0x0000000008000588        0x6 ./Core/Src/stm32wbxx_it.o
                0x0000000008000588                UsageFault_Handler
 .text.SVC_Handler
                0x000000000800058e        0xe ./Core/Src/stm32wbxx_it.o
                0x000000000800058e                SVC_Handler
 .text.DebugMon_Handler
                0x000000000800059c        0xe ./Core/Src/stm32wbxx_it.o
                0x000000000800059c                DebugMon_Handler
 .text.PendSV_Handler
                0x00000000080005aa        0xe ./Core/Src/stm32wbxx_it.o
                0x00000000080005aa                PendSV_Handler
 .text.SysTick_Handler
                0x00000000080005b8        0xc ./Core/Src/stm32wbxx_it.o
                0x00000000080005b8                SysTick_Handler
 .text.USB_LP_IRQHandler
                0x00000000080005c4       0x14 ./Core/Src/stm32wbxx_it.o
                0x00000000080005c4                USB_LP_IRQHandler
 .text.EXTI9_5_IRQHandler
                0x00000000080005d8        0xe ./Core/Src/stm32wbxx_it.o
                0x00000000080005d8                EXTI9_5_IRQHandler
 .text.EXTI15_10_IRQHandler
                0x00000000080005e6       0x10 ./Core/Src/stm32wbxx_it.o
                0x00000000080005e6                EXTI15_10_IRQHandler
 *fill*         0x00000000080005f6        0x2 
 .text.SystemInit
                0x00000000080005f8       0xa4 ./Core/Src/system_stm32wbxx.o
                0x00000000080005f8                SystemInit
 .text.data_initializers
                0x000000000800069c       0x18 ./Core/Startup/startup_stm32wb55cgux.o
 .text.Reset_Handler
                0x00000000080006b4       0x58 ./Core/Startup/startup_stm32wb55cgux.o
                0x00000000080006b4                Reset_Handler
 .text.Default_Handler
                0x000000000800070c        0x2 ./Core/Startup/startup_stm32wb55cgux.o
                0x000000000800070c                RTC_Alarm_IRQHandler
                0x000000000800070c                EXTI2_IRQHandler
                0x000000000800070c                TIM1_CC_IRQHandler
                0x000000000800070c                TSC_IRQHandler
                0x000000000800070c                USB_HP_IRQHandler
                0x000000000800070c                EXTI3_IRQHandler
                0x000000000800070c                LPTIM2_IRQHandler
                0x000000000800070c                I2C3_ER_IRQHandler
                0x000000000800070c                EXTI0_IRQHandler
                0x000000000800070c                FPU_IRQHandler
                0x000000000800070c                TIM1_UP_TIM16_IRQHandler
                0x000000000800070c                AES1_IRQHandler
                0x000000000800070c                SPI1_IRQHandler
                0x000000000800070c                PWR_SOTF_BLEACT_802ACT_RFPHASE_IRQHandler
                0x000000000800070c                DMA2_Channel2_IRQHandler
                0x000000000800070c                DMA1_Channel4_IRQHandler
                0x000000000800070c                ADC1_IRQHandler
                0x000000000800070c                PKA_IRQHandler
                0x000000000800070c                DMA1_Channel7_IRQHandler
                0x000000000800070c                LCD_IRQHandler
                0x000000000800070c                IPCC_C1_TX_IRQHandler
                0x000000000800070c                DMA2_Channel1_IRQHandler
                0x000000000800070c                QUADSPI_IRQHandler
                0x000000000800070c                I2C1_EV_IRQHandler
                0x000000000800070c                DMAMUX1_OVR_IRQHandler
                0x000000000800070c                DMA1_Channel6_IRQHandler
                0x000000000800070c                DMA2_Channel4_IRQHandler
                0x000000000800070c                RCC_IRQHandler
                0x000000000800070c                DMA1_Channel1_IRQHandler
                0x000000000800070c                Default_Handler
                0x000000000800070c                DMA2_Channel7_IRQHandler
                0x000000000800070c                IPCC_C1_RX_IRQHandler
                0x000000000800070c                C2SEV_PWR_C2H_IRQHandler
                0x000000000800070c                AES2_IRQHandler
                0x000000000800070c                I2C3_EV_IRQHandler
                0x000000000800070c                RTC_WKUP_IRQHandler
                0x000000000800070c                PVD_PVM_IRQHandler
                0x000000000800070c                SPI2_IRQHandler
                0x000000000800070c                DMA2_Channel5_IRQHandler
                0x000000000800070c                CRS_IRQHandler
                0x000000000800070c                DMA1_Channel5_IRQHandler
                0x000000000800070c                EXTI4_IRQHandler
                0x000000000800070c                RNG_IRQHandler
                0x000000000800070c                TIM1_TRG_COM_TIM17_IRQHandler
                0x000000000800070c                TAMP_STAMP_LSECSS_IRQHandler
                0x000000000800070c                DMA1_Channel3_IRQHandler
                0x000000000800070c                COMP_IRQHandler
                0x000000000800070c                HSEM_IRQHandler
                0x000000000800070c                WWDG_IRQHandler
                0x000000000800070c                LPUART1_IRQHandler
                0x000000000800070c                DMA2_Channel6_IRQHandler
                0x000000000800070c                TIM2_IRQHandler
                0x000000000800070c                TIM1_BRK_IRQHandler
                0x000000000800070c                EXTI1_IRQHandler
                0x000000000800070c                DMA1_Channel2_IRQHandler
                0x000000000800070c                FLASH_IRQHandler
                0x000000000800070c                USART1_IRQHandler
                0x000000000800070c                I2C1_ER_IRQHandler
                0x000000000800070c                LPTIM1_IRQHandler
                0x000000000800070c                SAI1_IRQHandler
                0x000000000800070c                DMA2_Channel3_IRQHandler
 *fill*         0x000000000800070e        0x2 
 .text.HAL_Init
                0x0000000008000710       0x40 ./Drivers/STM32WBxx_HAL_Driver/Src/stm32wbxx_hal.o
                0x0000000008000710                HAL_Init
 .text.HAL_InitTick
                0x0000000008000750       0x74 ./Drivers/STM32WBxx_HAL_Driver/Src/stm32wbxx_hal.o
                0x0000000008000750                HAL_InitTick
 .text.HAL_IncTick
                0x00000000080007c4       0x28 ./Drivers/STM32WBxx_HAL_Driver/Src/stm32wbxx_hal.o
                0x00000000080007c4                HAL_IncTick
 .text.HAL_GetTick
                0x00000000080007ec       0x18 ./Drivers/STM32WBxx_HAL_Driver/Src/stm32wbxx_hal.o
                0x00000000080007ec                HAL_GetTick
 .text.HAL_GetTickPrio
                0x0000000008000804       0x18 ./Drivers/STM32WBxx_HAL_Driver/Src/stm32wbxx_hal.o
                0x0000000008000804                HAL_GetTickPrio
 .text.__NVIC_SetPriorityGrouping
                0x000000000800081c       0x48 ./Drivers/STM32WBxx_HAL_Driver/Src/stm32wbxx_hal_cortex.o
 .text.__NVIC_GetPriorityGrouping
                0x0000000008000864       0x1c ./Drivers/STM32WBxx_HAL_Driver/Src/stm32wbxx_hal_cortex.o
 .text.__NVIC_EnableIRQ
                0x0000000008000880       0x3c ./Drivers/STM32WBxx_HAL_Driver/Src/stm32wbxx_hal_cortex.o
 .text.__NVIC_SetPriority
                0x00000000080008bc       0x54 ./Drivers/STM32WBxx_HAL_Driver/Src/stm32wbxx_hal_cortex.o
 .text.NVIC_EncodePriority
                0x0000000008000910       0x66 ./Drivers/STM32WBxx_HAL_Driver/Src/stm32wbxx_hal_cortex.o
 *fill*         0x0000000008000976        0x2 
 .text.SysTick_Config
                0x0000000008000978       0x44 ./Drivers/STM32WBxx_HAL_Driver/Src/stm32wbxx_hal_cortex.o
 .text.HAL_NVIC_SetPriorityGrouping
                0x00000000080009bc       0x16 ./Drivers/STM32WBxx_HAL_Driver/Src/stm32wbxx_hal_cortex.o
                0x00000000080009bc                HAL_NVIC_SetPriorityGrouping
 .text.HAL_NVIC_SetPriority
                0x00000000080009d2       0x34 ./Drivers/STM32WBxx_HAL_Driver/Src/stm32wbxx_hal_cortex.o
                0x00000000080009d2                HAL_NVIC_SetPriority
 .text.HAL_NVIC_EnableIRQ
                0x0000000008000a06       0x1c ./Drivers/STM32WBxx_HAL_Driver/Src/stm32wbxx_hal_cortex.o
                0x0000000008000a06                HAL_NVIC_EnableIRQ
 .text.HAL_SYSTICK_Config
                0x0000000008000a22       0x18 ./Drivers/STM32WBxx_HAL_Driver/Src/stm32wbxx_hal_cortex.o
                0x0000000008000a22                HAL_SYSTICK_Config
 *fill*         0x0000000008000a3a        0x2 
 .text.HAL_GPIO_Init
                0x0000000008000a3c      0x2e0 ./Drivers/STM32WBxx_HAL_Driver/Src/stm32wbxx_hal_gpio.o
                0x0000000008000a3c                HAL_GPIO_Init
 .text.HAL_GPIO_WritePin
                0x0000000008000d1c       0x30 ./Drivers/STM32WBxx_HAL_Driver/Src/stm32wbxx_hal_gpio.o
                0x0000000008000d1c                HAL_GPIO_WritePin
 .text.HAL_GPIO_EXTI_IRQHandler
                0x0000000008000d4c       0x30 ./Drivers/STM32WBxx_HAL_Driver/Src/stm32wbxx_hal_gpio.o
                0x0000000008000d4c                HAL_GPIO_EXTI_IRQHandler
 .text.HAL_GPIO_EXTI_Callback
                0x0000000008000d7c       0x16 ./Drivers/STM32WBxx_HAL_Driver/Src/stm32wbxx_hal_gpio.o
                0x0000000008000d7c                HAL_GPIO_EXTI_Callback
 .text.HAL_I2C_Init
                0x0000000008000d92      0x136 ./Drivers/STM32WBxx_HAL_Driver/Src/stm32wbxx_hal_i2c.o
                0x0000000008000d92                HAL_I2C_Init
 .text.HAL_I2CEx_ConfigAnalogFilter
                0x0000000008000ec8       0x96 ./Drivers/STM32WBxx_HAL_Driver/Src/stm32wbxx_hal_i2c_ex.o
                0x0000000008000ec8                HAL_I2CEx_ConfigAnalogFilter
 .text.HAL_I2CEx_ConfigDigitalFilter
                0x0000000008000f5e       0x98 ./Drivers/STM32WBxx_HAL_Driver/Src/stm32wbxx_hal_i2c_ex.o
                0x0000000008000f5e                HAL_I2CEx_ConfigDigitalFilter
 .text.HAL_PCD_Init
                0x0000000008000ff6      0x19c ./Drivers/STM32WBxx_HAL_Driver/Src/stm32wbxx_hal_pcd.o
                0x0000000008000ff6                HAL_PCD_Init
 .text.HAL_PCD_Start
                0x0000000008001192       0x44 ./Drivers/STM32WBxx_HAL_Driver/Src/stm32wbxx_hal_pcd.o
                0x0000000008001192                HAL_PCD_Start
 .text.HAL_PCD_IRQHandler
                0x00000000080011d6      0x24e ./Drivers/STM32WBxx_HAL_Driver/Src/stm32wbxx_hal_pcd.o
                0x00000000080011d6                HAL_PCD_IRQHandler
 .text.HAL_PCD_SetAddress
                0x0000000008001424       0x48 ./Drivers/STM32WBxx_HAL_Driver/Src/stm32wbxx_hal_pcd.o
                0x0000000008001424                HAL_PCD_SetAddress
 .text.HAL_PCD_EP_Open
                0x000000000800146c       0xba ./Drivers/STM32WBxx_HAL_Driver/Src/stm32wbxx_hal_pcd.o
                0x000000000800146c                HAL_PCD_EP_Open
 .text.HAL_PCD_EP_Close
                0x0000000008001526       0x90 ./Drivers/STM32WBxx_HAL_Driver/Src/stm32wbxx_hal_pcd.o
                0x0000000008001526                HAL_PCD_EP_Close
 .text.HAL_PCD_EP_Receive
                0x00000000080015b6       0x62 ./Drivers/STM32WBxx_HAL_Driver/Src/stm32wbxx_hal_pcd.o
                0x00000000080015b6                HAL_PCD_EP_Receive
 .text.HAL_PCD_EP_GetRxCount
                0x0000000008001618       0x30 ./Drivers/STM32WBxx_HAL_Driver/Src/stm32wbxx_hal_pcd.o
                0x0000000008001618                HAL_PCD_EP_GetRxCount
 .text.HAL_PCD_EP_Transmit
                0x0000000008001648       0x6e ./Drivers/STM32WBxx_HAL_Driver/Src/stm32wbxx_hal_pcd.o
                0x0000000008001648                HAL_PCD_EP_Transmit
 .text.HAL_PCD_EP_SetStall
                0x00000000080016b6       0xa4 ./Drivers/STM32WBxx_HAL_Driver/Src/stm32wbxx_hal_pcd.o
                0x00000000080016b6                HAL_PCD_EP_SetStall
 .text.HAL_PCD_EP_ClrStall
                0x000000000800175a       0xa8 ./Drivers/STM32WBxx_HAL_Driver/Src/stm32wbxx_hal_pcd.o
                0x000000000800175a                HAL_PCD_EP_ClrStall
 .text.PCD_EP_ISR_Handler
                0x0000000008001802      0x784 ./Drivers/STM32WBxx_HAL_Driver/Src/stm32wbxx_hal_pcd.o
 .text.HAL_PCD_EP_DB_Receive
                0x0000000008001f86      0x212 ./Drivers/STM32WBxx_HAL_Driver/Src/stm32wbxx_hal_pcd.o
 .text.HAL_PCD_EP_DB_Transmit
                0x0000000008002198      0x7ec ./Drivers/STM32WBxx_HAL_Driver/Src/stm32wbxx_hal_pcd.o
 .text.HAL_PCDEx_PMAConfig
                0x0000000008002984       0x86 ./Drivers/STM32WBxx_HAL_Driver/Src/stm32wbxx_hal_pcd_ex.o
                0x0000000008002984                HAL_PCDEx_PMAConfig
 .text.HAL_PCDEx_ActivateLPM
                0x0000000008002a0a       0x54 ./Drivers/STM32WBxx_HAL_Driver/Src/stm32wbxx_hal_pcd_ex.o
                0x0000000008002a0a                HAL_PCDEx_ActivateLPM
 *fill*         0x0000000008002a5e        0x2 
 .text.HAL_PWR_EnableBkUpAccess
                0x0000000008002a60       0x20 ./Drivers/STM32WBxx_HAL_Driver/Src/stm32wbxx_hal_pwr.o
                0x0000000008002a60                HAL_PWR_EnableBkUpAccess
 .text.HAL_PWREx_GetVoltageRange
                0x0000000008002a80       0x1c ./Drivers/STM32WBxx_HAL_Driver/Src/stm32wbxx_hal_pwr_ex.o
                0x0000000008002a80                HAL_PWREx_GetVoltageRange
 .text.HAL_PWREx_EnableVddUSB
                0x0000000008002a9c       0x20 ./Drivers/STM32WBxx_HAL_Driver/Src/stm32wbxx_hal_pwr_ex.o
                0x0000000008002a9c                HAL_PWREx_EnableVddUSB
 .text.LL_RCC_HSE_IsEnabledDiv2
                0x0000000008002abc       0x24 ./Drivers/STM32WBxx_HAL_Driver/Src/stm32wbxx_hal_rcc.o
 .text.LL_RCC_HSE_Enable
                0x0000000008002ae0       0x1e ./Drivers/STM32WBxx_HAL_Driver/Src/stm32wbxx_hal_rcc.o
 .text.LL_RCC_HSE_Disable
                0x0000000008002afe       0x1e ./Drivers/STM32WBxx_HAL_Driver/Src/stm32wbxx_hal_rcc.o
 .text.LL_RCC_HSE_IsReady
                0x0000000008002b1c       0x24 ./Drivers/STM32WBxx_HAL_Driver/Src/stm32wbxx_hal_rcc.o
 .text.LL_RCC_HSI_Enable
                0x0000000008002b40       0x1e ./Drivers/STM32WBxx_HAL_Driver/Src/stm32wbxx_hal_rcc.o
 .text.LL_RCC_HSI_Disable
                0x0000000008002b5e       0x1e ./Drivers/STM32WBxx_HAL_Driver/Src/stm32wbxx_hal_rcc.o
 .text.LL_RCC_HSI_IsReady
                0x0000000008002b7c       0x24 ./Drivers/STM32WBxx_HAL_Driver/Src/stm32wbxx_hal_rcc.o
 .text.LL_RCC_HSI_SetCalibTrimming
                0x0000000008002ba0       0x2a ./Drivers/STM32WBxx_HAL_Driver/Src/stm32wbxx_hal_rcc.o
 .text.LL_RCC_HSI48_Enable
                0x0000000008002bca       0x22 ./Drivers/STM32WBxx_HAL_Driver/Src/stm32wbxx_hal_rcc.o
 .text.LL_RCC_HSI48_Disable
                0x0000000008002bec       0x22 ./Drivers/STM32WBxx_HAL_Driver/Src/stm32wbxx_hal_rcc.o
 .text.LL_RCC_HSI48_IsReady
                0x0000000008002c0e       0x24 ./Drivers/STM32WBxx_HAL_Driver/Src/stm32wbxx_hal_rcc.o
 .text.LL_RCC_LSE_Enable
                0x0000000008002c32       0x22 ./Drivers/STM32WBxx_HAL_Driver/Src/stm32wbxx_hal_rcc.o
 .text.LL_RCC_LSE_Disable
                0x0000000008002c54       0x22 ./Drivers/STM32WBxx_HAL_Driver/Src/stm32wbxx_hal_rcc.o
 .text.LL_RCC_LSE_EnableBypass
                0x0000000008002c76       0x22 ./Drivers/STM32WBxx_HAL_Driver/Src/stm32wbxx_hal_rcc.o
 .text.LL_RCC_LSE_DisableBypass
                0x0000000008002c98       0x22 ./Drivers/STM32WBxx_HAL_Driver/Src/stm32wbxx_hal_rcc.o
 .text.LL_RCC_LSE_IsReady
                0x0000000008002cba       0x24 ./Drivers/STM32WBxx_HAL_Driver/Src/stm32wbxx_hal_rcc.o
 .text.LL_RCC_LSI1_Enable
                0x0000000008002cde       0x22 ./Drivers/STM32WBxx_HAL_Driver/Src/stm32wbxx_hal_rcc.o
 .text.LL_RCC_LSI1_Disable
                0x0000000008002d00       0x22 ./Drivers/STM32WBxx_HAL_Driver/Src/stm32wbxx_hal_rcc.o
 .text.LL_RCC_LSI1_IsReady
                0x0000000008002d22       0x24 ./Drivers/STM32WBxx_HAL_Driver/Src/stm32wbxx_hal_rcc.o
 .text.LL_RCC_LSI2_Enable
                0x0000000008002d46       0x22 ./Drivers/STM32WBxx_HAL_Driver/Src/stm32wbxx_hal_rcc.o
 .text.LL_RCC_LSI2_Disable
                0x0000000008002d68       0x22 ./Drivers/STM32WBxx_HAL_Driver/Src/stm32wbxx_hal_rcc.o
 .text.LL_RCC_LSI2_IsReady
                0x0000000008002d8a       0x24 ./Drivers/STM32WBxx_HAL_Driver/Src/stm32wbxx_hal_rcc.o
 .text.LL_RCC_LSI2_SetTrimming
                0x0000000008002dae       0x2e ./Drivers/STM32WBxx_HAL_Driver/Src/stm32wbxx_hal_rcc.o
 .text.LL_RCC_MSI_Enable
                0x0000000008002ddc       0x1e ./Drivers/STM32WBxx_HAL_Driver/Src/stm32wbxx_hal_rcc.o
 .text.LL_RCC_MSI_Disable
                0x0000000008002dfa       0x1e ./Drivers/STM32WBxx_HAL_Driver/Src/stm32wbxx_hal_rcc.o
 .text.LL_RCC_MSI_IsReady
                0x0000000008002e18       0x22 ./Drivers/STM32WBxx_HAL_Driver/Src/stm32wbxx_hal_rcc.o
 .text.LL_RCC_MSI_SetRange
                0x0000000008002e3a       0x28 ./Drivers/STM32WBxx_HAL_Driver/Src/stm32wbxx_hal_rcc.o
 .text.LL_RCC_MSI_GetRange
                0x0000000008002e62       0x2a ./Drivers/STM32WBxx_HAL_Driver/Src/stm32wbxx_hal_rcc.o
 .text.LL_RCC_MSI_SetCalibTrimming
                0x0000000008002e8c       0x2a ./Drivers/STM32WBxx_HAL_Driver/Src/stm32wbxx_hal_rcc.o
 .text.LL_RCC_SetSysClkSource
                0x0000000008002eb6       0x28 ./Drivers/STM32WBxx_HAL_Driver/Src/stm32wbxx_hal_rcc.o
 .text.LL_RCC_GetSysClkSource
                0x0000000008002ede       0x18 ./Drivers/STM32WBxx_HAL_Driver/Src/stm32wbxx_hal_rcc.o
 .text.LL_RCC_SetAHBPrescaler
                0x0000000008002ef6       0x28 ./Drivers/STM32WBxx_HAL_Driver/Src/stm32wbxx_hal_rcc.o
 .text.LL_C2_RCC_SetAHBPrescaler
                0x0000000008002f1e       0x2c ./Drivers/STM32WBxx_HAL_Driver/Src/stm32wbxx_hal_rcc.o
 .text.LL_RCC_SetAHB4Prescaler
                0x0000000008002f4a       0x2e ./Drivers/STM32WBxx_HAL_Driver/Src/stm32wbxx_hal_rcc.o
 .text.LL_RCC_SetAPB1Prescaler
                0x0000000008002f78       0x28 ./Drivers/STM32WBxx_HAL_Driver/Src/stm32wbxx_hal_rcc.o
 .text.LL_RCC_SetAPB2Prescaler
                0x0000000008002fa0       0x28 ./Drivers/STM32WBxx_HAL_Driver/Src/stm32wbxx_hal_rcc.o
 .text.LL_RCC_GetAHBPrescaler
                0x0000000008002fc8       0x18 ./Drivers/STM32WBxx_HAL_Driver/Src/stm32wbxx_hal_rcc.o
 .text.LL_RCC_GetAHB4Prescaler
                0x0000000008002fe0       0x1c ./Drivers/STM32WBxx_HAL_Driver/Src/stm32wbxx_hal_rcc.o
 .text.LL_RCC_PLL_Enable
                0x0000000008002ffc       0x1e ./Drivers/STM32WBxx_HAL_Driver/Src/stm32wbxx_hal_rcc.o
 .text.LL_RCC_PLL_Disable
                0x000000000800301a       0x1e ./Drivers/STM32WBxx_HAL_Driver/Src/stm32wbxx_hal_rcc.o
 .text.LL_RCC_PLL_IsReady
                0x0000000008003038       0x24 ./Drivers/STM32WBxx_HAL_Driver/Src/stm32wbxx_hal_rcc.o
 .text.LL_RCC_PLL_GetN
                0x000000000800305c       0x1a ./Drivers/STM32WBxx_HAL_Driver/Src/stm32wbxx_hal_rcc.o
 .text.LL_RCC_PLL_GetR
                0x0000000008003076       0x18 ./Drivers/STM32WBxx_HAL_Driver/Src/stm32wbxx_hal_rcc.o
 .text.LL_RCC_PLL_GetDivider
                0x000000000800308e       0x18 ./Drivers/STM32WBxx_HAL_Driver/Src/stm32wbxx_hal_rcc.o
 .text.LL_RCC_PLL_GetMainSource
                0x00000000080030a6       0x18 ./Drivers/STM32WBxx_HAL_Driver/Src/stm32wbxx_hal_rcc.o
 .text.LL_RCC_IsActiveFlag_HPRE
                0x00000000080030be       0x24 ./Drivers/STM32WBxx_HAL_Driver/Src/stm32wbxx_hal_rcc.o
 .text.LL_RCC_IsActiveFlag_C2HPRE
                0x00000000080030e2       0x26 ./Drivers/STM32WBxx_HAL_Driver/Src/stm32wbxx_hal_rcc.o
 .text.LL_RCC_IsActiveFlag_SHDHPRE
                0x0000000008003108       0x26 ./Drivers/STM32WBxx_HAL_Driver/Src/stm32wbxx_hal_rcc.o
 .text.LL_RCC_IsActiveFlag_PPRE1
                0x000000000800312e       0x24 ./Drivers/STM32WBxx_HAL_Driver/Src/stm32wbxx_hal_rcc.o
 .text.LL_RCC_IsActiveFlag_PPRE2
                0x0000000008003152       0x24 ./Drivers/STM32WBxx_HAL_Driver/Src/stm32wbxx_hal_rcc.o
 *fill*         0x0000000008003176        0x2 
 .text.HAL_RCC_OscConfig
                0x0000000008003178      0x6e8 ./Drivers/STM32WBxx_HAL_Driver/Src/stm32wbxx_hal_rcc.o
                0x0000000008003178                HAL_RCC_OscConfig
 .text.HAL_RCC_ClockConfig
                0x0000000008003860      0x280 ./Drivers/STM32WBxx_HAL_Driver/Src/stm32wbxx_hal_rcc.o
                0x0000000008003860                HAL_RCC_ClockConfig
 .text.HAL_RCC_GetSysClockFreq
                0x0000000008003ae0       0xdc ./Drivers/STM32WBxx_HAL_Driver/Src/stm32wbxx_hal_rcc.o
                0x0000000008003ae0                HAL_RCC_GetSysClockFreq
 .text.HAL_RCC_GetHCLKFreq
                0x0000000008003bbc       0x28 ./Drivers/STM32WBxx_HAL_Driver/Src/stm32wbxx_hal_rcc.o
                0x0000000008003bbc                HAL_RCC_GetHCLKFreq
 .text.RCC_SetFlashLatencyFromMSIRange
                0x0000000008003be4       0x70 ./Drivers/STM32WBxx_HAL_Driver/Src/stm32wbxx_hal_rcc.o
 .text.RCC_SetFlashLatency
                0x0000000008003c54       0xf8 ./Drivers/STM32WBxx_HAL_Driver/Src/stm32wbxx_hal_rcc.o
 .text.LL_RCC_LSE_IsEnabled
                0x0000000008003d4c       0x24 ./Drivers/STM32WBxx_HAL_Driver/Src/stm32wbxx_hal_rcc_ex.o
 .text.LL_RCC_LSE_IsReady
                0x0000000008003d70       0x24 ./Drivers/STM32WBxx_HAL_Driver/Src/stm32wbxx_hal_rcc_ex.o
 .text.LL_RCC_MSI_EnablePLLMode
                0x0000000008003d94       0x1e ./Drivers/STM32WBxx_HAL_Driver/Src/stm32wbxx_hal_rcc_ex.o
 .text.LL_RCC_SetRFWKPClockSource
                0x0000000008003db2       0x2c ./Drivers/STM32WBxx_HAL_Driver/Src/stm32wbxx_hal_rcc_ex.o
 .text.LL_RCC_SetSMPSClockSource
                0x0000000008003dde       0x28 ./Drivers/STM32WBxx_HAL_Driver/Src/stm32wbxx_hal_rcc_ex.o
 .text.LL_RCC_SetSMPSPrescaler
                0x0000000008003e06       0x28 ./Drivers/STM32WBxx_HAL_Driver/Src/stm32wbxx_hal_rcc_ex.o
 .text.LL_RCC_SetUSARTClockSource
                0x0000000008003e2e       0x2c ./Drivers/STM32WBxx_HAL_Driver/Src/stm32wbxx_hal_rcc_ex.o
 .text.LL_RCC_SetLPUARTClockSource
                0x0000000008003e5a       0x2c ./Drivers/STM32WBxx_HAL_Driver/Src/stm32wbxx_hal_rcc_ex.o
 .text.LL_RCC_SetI2CClockSource
                0x0000000008003e86       0x3a ./Drivers/STM32WBxx_HAL_Driver/Src/stm32wbxx_hal_rcc_ex.o
 .text.LL_RCC_SetLPTIMClockSource
                0x0000000008003ec0       0x34 ./Drivers/STM32WBxx_HAL_Driver/Src/stm32wbxx_hal_rcc_ex.o
 .text.LL_RCC_SetSAIClockSource
                0x0000000008003ef4       0x2c ./Drivers/STM32WBxx_HAL_Driver/Src/stm32wbxx_hal_rcc_ex.o
 .text.LL_RCC_SetRNGClockSource
                0x0000000008003f20       0x2c ./Drivers/STM32WBxx_HAL_Driver/Src/stm32wbxx_hal_rcc_ex.o
 .text.LL_RCC_SetCLK48ClockSource
                0x0000000008003f4c       0x2c ./Drivers/STM32WBxx_HAL_Driver/Src/stm32wbxx_hal_rcc_ex.o
 .text.LL_RCC_SetUSBClockSource
                0x0000000008003f78       0x16 ./Drivers/STM32WBxx_HAL_Driver/Src/stm32wbxx_hal_rcc_ex.o
 .text.LL_RCC_SetADCClockSource
                0x0000000008003f8e       0x2c ./Drivers/STM32WBxx_HAL_Driver/Src/stm32wbxx_hal_rcc_ex.o
 .text.LL_RCC_SetRTCClockSource
                0x0000000008003fba       0x2c ./Drivers/STM32WBxx_HAL_Driver/Src/stm32wbxx_hal_rcc_ex.o
 .text.LL_RCC_GetRTCClockSource
                0x0000000008003fe6       0x1a ./Drivers/STM32WBxx_HAL_Driver/Src/stm32wbxx_hal_rcc_ex.o
 .text.LL_RCC_ForceBackupDomainReset
                0x0000000008004000       0x22 ./Drivers/STM32WBxx_HAL_Driver/Src/stm32wbxx_hal_rcc_ex.o
 .text.LL_RCC_ReleaseBackupDomainReset
                0x0000000008004022       0x22 ./Drivers/STM32WBxx_HAL_Driver/Src/stm32wbxx_hal_rcc_ex.o
 .text.LL_RCC_PLLSAI1_Enable
                0x0000000008004044       0x1e ./Drivers/STM32WBxx_HAL_Driver/Src/stm32wbxx_hal_rcc_ex.o
 .text.LL_RCC_PLLSAI1_Disable
                0x0000000008004062       0x1e ./Drivers/STM32WBxx_HAL_Driver/Src/stm32wbxx_hal_rcc_ex.o
 .text.LL_RCC_PLLSAI1_IsReady
                0x0000000008004080       0x24 ./Drivers/STM32WBxx_HAL_Driver/Src/stm32wbxx_hal_rcc_ex.o
 .text.HAL_RCCEx_PeriphCLKConfig
                0x00000000080040a4      0x2ec ./Drivers/STM32WBxx_HAL_Driver/Src/stm32wbxx_hal_rcc_ex.o
                0x00000000080040a4                HAL_RCCEx_PeriphCLKConfig
 .text.HAL_RCCEx_EnableMSIPLLMode
                0x0000000008004390        0xc ./Drivers/STM32WBxx_HAL_Driver/Src/stm32wbxx_hal_rcc_ex.o
                0x0000000008004390                HAL_RCCEx_EnableMSIPLLMode
 .text.RCCEx_PLLSAI1_ConfigNP
                0x000000000800439c       0xb6 ./Drivers/STM32WBxx_HAL_Driver/Src/stm32wbxx_hal_rcc_ex.o
 .text.RCCEx_PLLSAI1_ConfigNQ
                0x0000000008004452       0xb6 ./Drivers/STM32WBxx_HAL_Driver/Src/stm32wbxx_hal_rcc_ex.o
 .text.RCCEx_PLLSAI1_ConfigNR
                0x0000000008004508       0xb6 ./Drivers/STM32WBxx_HAL_Driver/Src/stm32wbxx_hal_rcc_ex.o
 .text.USB_EnableGlobalInt
                0x00000000080045be       0x2e ./Drivers/STM32WBxx_HAL_Driver/Src/stm32wbxx_ll_usb.o
                0x00000000080045be                USB_EnableGlobalInt
 .text.USB_DisableGlobalInt
                0x00000000080045ec       0x36 ./Drivers/STM32WBxx_HAL_Driver/Src/stm32wbxx_ll_usb.o
                0x00000000080045ec                USB_DisableGlobalInt
 .text.USB_DevInit
                0x0000000008004622       0x3c ./Drivers/STM32WBxx_HAL_Driver/Src/stm32wbxx_ll_usb.o
                0x0000000008004622                USB_DevInit
 *fill*         0x000000000800465e        0x2 
 .text.USB_ActivateEndpoint
                0x0000000008004660      0x788 ./Drivers/STM32WBxx_HAL_Driver/Src/stm32wbxx_ll_usb.o
                0x0000000008004660                USB_ActivateEndpoint
 .text.USB_DeactivateEndpoint
                0x0000000008004de8      0x3da ./Drivers/STM32WBxx_HAL_Driver/Src/stm32wbxx_ll_usb.o
                0x0000000008004de8                USB_DeactivateEndpoint
 .text.USB_EPStartXfer
                0x00000000080051c2     0x1762 ./Drivers/STM32WBxx_HAL_Driver/Src/stm32wbxx_ll_usb.o
                0x00000000080051c2                USB_EPStartXfer
 .text.USB_EPSetStall
                0x0000000008006924       0xa2 ./Drivers/STM32WBxx_HAL_Driver/Src/stm32wbxx_ll_usb.o
                0x0000000008006924                USB_EPSetStall
 .text.USB_EPClearStall
                0x00000000080069c6      0x15c ./Drivers/STM32WBxx_HAL_Driver/Src/stm32wbxx_ll_usb.o
                0x00000000080069c6                USB_EPClearStall
 .text.USB_SetDevAddress
                0x0000000008006b22       0x28 ./Drivers/STM32WBxx_HAL_Driver/Src/stm32wbxx_ll_usb.o
                0x0000000008006b22                USB_SetDevAddress
 .text.USB_DevConnect
                0x0000000008006b4a       0x2e ./Drivers/STM32WBxx_HAL_Driver/Src/stm32wbxx_ll_usb.o
                0x0000000008006b4a                USB_DevConnect
 .text.USB_ReadInterrupts
                0x0000000008006b78       0x20 ./Drivers/STM32WBxx_HAL_Driver/Src/stm32wbxx_ll_usb.o
                0x0000000008006b78                USB_ReadInterrupts
 .text.USB_WritePMA
                0x0000000008006b98       0x84 ./Drivers/STM32WBxx_HAL_Driver/Src/stm32wbxx_ll_usb.o
                0x0000000008006b98                USB_WritePMA
 .text.USB_ReadPMA
                0x0000000008006c1c       0x98 ./Drivers/STM32WBxx_HAL_Driver/Src/stm32wbxx_ll_usb.o
                0x0000000008006c1c                USB_ReadPMA
 .text.USBD_CDC_Init
                0x0000000008006cb4      0x1f0 ./Middlewares/ST/STM32_USB_Device_Library/Class/CDC/Src/usbd_cdc.o
 .text.USBD_CDC_DeInit
                0x0000000008006ea4      0x104 ./Middlewares/ST/STM32_USB_Device_Library/Class/CDC/Src/usbd_cdc.o
 .text.USBD_CDC_Setup
                0x0000000008006fa8      0x1b8 ./Middlewares/ST/STM32_USB_Device_Library/Class/CDC/Src/usbd_cdc.o
 .text.USBD_CDC_DataIn
                0x0000000008007160       0xfe ./Middlewares/ST/STM32_USB_Device_Library/Class/CDC/Src/usbd_cdc.o
 .text.USBD_CDC_DataOut
                0x000000000800725e       0x70 ./Middlewares/ST/STM32_USB_Device_Library/Class/CDC/Src/usbd_cdc.o
 .text.USBD_CDC_EP0_RxReady
                0x00000000080072ce       0x76 ./Middlewares/ST/STM32_USB_Device_Library/Class/CDC/Src/usbd_cdc.o
 .text.USBD_CDC_GetFSCfgDesc
                0x0000000008007344       0x70 ./Middlewares/ST/STM32_USB_Device_Library/Class/CDC/Src/usbd_cdc.o
 .text.USBD_CDC_GetHSCfgDesc
                0x00000000080073b4       0x70 ./Middlewares/ST/STM32_USB_Device_Library/Class/CDC/Src/usbd_cdc.o
 .text.USBD_CDC_GetOtherSpeedCfgDesc
                0x0000000008007424       0x70 ./Middlewares/ST/STM32_USB_Device_Library/Class/CDC/Src/usbd_cdc.o
 .text.USBD_CDC_GetDeviceQualifierDescriptor
                0x0000000008007494       0x20 ./Middlewares/ST/STM32_USB_Device_Library/Class/CDC/Src/usbd_cdc.o
                0x0000000008007494                USBD_CDC_GetDeviceQualifierDescriptor
 .text.USBD_CDC_RegisterInterface
                0x00000000080074b4       0x34 ./Middlewares/ST/STM32_USB_Device_Library/Class/CDC/Src/usbd_cdc.o
                0x00000000080074b4                USBD_CDC_RegisterInterface
 .text.USBD_CDC_SetTxBuffer
                0x00000000080074e8       0x44 ./Middlewares/ST/STM32_USB_Device_Library/Class/CDC/Src/usbd_cdc.o
                0x00000000080074e8                USBD_CDC_SetTxBuffer
 .text.USBD_CDC_SetRxBuffer
                0x000000000800752c       0x3a ./Middlewares/ST/STM32_USB_Device_Library/Class/CDC/Src/usbd_cdc.o
                0x000000000800752c                USBD_CDC_SetRxBuffer
 *fill*         0x0000000008007566        0x2 
 .text.USBD_CDC_TransmitPacket
                0x0000000008007568       0x80 ./Middlewares/ST/STM32_USB_Device_Library/Class/CDC/Src/usbd_cdc.o
                0x0000000008007568                USBD_CDC_TransmitPacket
 .text.USBD_CDC_ReceivePacket
                0x00000000080075e8       0x6c ./Middlewares/ST/STM32_USB_Device_Library/Class/CDC/Src/usbd_cdc.o
                0x00000000080075e8                USBD_CDC_ReceivePacket
 .text.USBD_Init
                0x0000000008007654       0x60 ./Middlewares/ST/STM32_USB_Device_Library/Core/Src/usbd_core.o
                0x0000000008007654                USBD_Init
 .text.USBD_RegisterClass
                0x00000000080076b4       0x6c ./Middlewares/ST/STM32_USB_Device_Library/Core/Src/usbd_core.o
                0x00000000080076b4                USBD_RegisterClass
 .text.USBD_Start
                0x0000000008007720       0x18 ./Middlewares/ST/STM32_USB_Device_Library/Core/Src/usbd_core.o
                0x0000000008007720                USBD_Start
 .text.USBD_RunTestMode
                0x0000000008007738       0x16 ./Middlewares/ST/STM32_USB_Device_Library/Core/Src/usbd_core.o
                0x0000000008007738                USBD_RunTestMode
 .text.USBD_SetClassConfig
                0x000000000800774e       0x38 ./Middlewares/ST/STM32_USB_Device_Library/Core/Src/usbd_core.o
                0x000000000800774e                USBD_SetClassConfig
 .text.USBD_ClrClassConfig
                0x0000000008007786       0x34 ./Middlewares/ST/STM32_USB_Device_Library/Core/Src/usbd_core.o
                0x0000000008007786                USBD_ClrClassConfig
 .text.USBD_LL_SetupStage
                0x00000000080077ba       0xaa ./Middlewares/ST/STM32_USB_Device_Library/Core/Src/usbd_core.o
                0x00000000080077ba                USBD_LL_SetupStage
 .text.USBD_LL_DataOutStage
                0x0000000008007864      0x166 ./Middlewares/ST/STM32_USB_Device_Library/Core/Src/usbd_core.o
                0x0000000008007864                USBD_LL_DataOutStage
 .text.USBD_LL_DataInStage
                0x00000000080079ca      0x164 ./Middlewares/ST/STM32_USB_Device_Library/Core/Src/usbd_core.o
                0x00000000080079ca                USBD_LL_DataInStage
 .text.USBD_LL_Reset
                0x0000000008007b2e       0xa4 ./Middlewares/ST/STM32_USB_Device_Library/Core/Src/usbd_core.o
                0x0000000008007b2e                USBD_LL_Reset
 .text.USBD_LL_SetSpeed
                0x0000000008007bd2       0x20 ./Middlewares/ST/STM32_USB_Device_Library/Core/Src/usbd_core.o
                0x0000000008007bd2                USBD_LL_SetSpeed
 .text.USBD_LL_Suspend
                0x0000000008007bf2       0x38 ./Middlewares/ST/STM32_USB_Device_Library/Core/Src/usbd_core.o
                0x0000000008007bf2                USBD_LL_Suspend
 .text.USBD_LL_Resume
                0x0000000008007c2a       0x30 ./Middlewares/ST/STM32_USB_Device_Library/Core/Src/usbd_core.o
                0x0000000008007c2a                USBD_LL_Resume
 .text.USBD_LL_SOF
                0x0000000008007c5a       0x40 ./Middlewares/ST/STM32_USB_Device_Library/Core/Src/usbd_core.o
                0x0000000008007c5a                USBD_LL_SOF
 .text.USBD_CoreFindIF
                0x0000000008007c9a       0x1a ./Middlewares/ST/STM32_USB_Device_Library/Core/Src/usbd_core.o
                0x0000000008007c9a                USBD_CoreFindIF
 .text.USBD_CoreFindEP
                0x0000000008007cb4       0x1a ./Middlewares/ST/STM32_USB_Device_Library/Core/Src/usbd_core.o
                0x0000000008007cb4                USBD_CoreFindEP
 .text.USBD_GetEpDesc
                0x0000000008007cce       0x74 ./Middlewares/ST/STM32_USB_Device_Library/Core/Src/usbd_core.o
                0x0000000008007cce                USBD_GetEpDesc
 .text.USBD_GetNextDesc
                0x0000000008007d42       0x3a ./Middlewares/ST/STM32_USB_Device_Library/Core/Src/usbd_core.o
                0x0000000008007d42                USBD_GetNextDesc
 .text.SWAPBYTE
                0x0000000008007d7c       0x3c ./Middlewares/ST/STM32_USB_Device_Library/Core/Src/usbd_ctlreq.o
 .text.USBD_StdDevReq
                0x0000000008007db8       0xe4 ./Middlewares/ST/STM32_USB_Device_Library/Core/Src/usbd_ctlreq.o
                0x0000000008007db8                USBD_StdDevReq
 .text.USBD_StdItfReq
                0x0000000008007e9c       0xd8 ./Middlewares/ST/STM32_USB_Device_Library/Core/Src/usbd_ctlreq.o
                0x0000000008007e9c                USBD_StdItfReq
 .text.USBD_StdEPReq
                0x0000000008007f74      0x33a ./Middlewares/ST/STM32_USB_Device_Library/Core/Src/usbd_ctlreq.o
                0x0000000008007f74                USBD_StdEPReq
 *fill*         0x00000000080082ae        0x2 
 .text.USBD_GetDescriptor
                0x00000000080082b0      0x328 ./Middlewares/ST/STM32_USB_Device_Library/Core/Src/usbd_ctlreq.o
 .text.USBD_SetAddress
                0x00000000080085d8       0x88 ./Middlewares/ST/STM32_USB_Device_Library/Core/Src/usbd_ctlreq.o
 .text.USBD_SetConfig
                0x0000000008008660      0x154 ./Middlewares/ST/STM32_USB_Device_Library/Core/Src/usbd_ctlreq.o
 .text.USBD_GetConfig
                0x00000000080087b4       0x6c ./Middlewares/ST/STM32_USB_Device_Library/Core/Src/usbd_ctlreq.o
 .text.USBD_GetStatus
                0x0000000008008820       0x68 ./Middlewares/ST/STM32_USB_Device_Library/Core/Src/usbd_ctlreq.o
 .text.USBD_SetFeature
                0x0000000008008888       0x52 ./Middlewares/ST/STM32_USB_Device_Library/Core/Src/usbd_ctlreq.o
 .text.USBD_ClrFeature
                0x00000000080088da       0x44 ./Middlewares/ST/STM32_USB_Device_Library/Core/Src/usbd_ctlreq.o
 .text.USBD_ParseSetupRequest
                0x000000000800891e       0x74 ./Middlewares/ST/STM32_USB_Device_Library/Core/Src/usbd_ctlreq.o
                0x000000000800891e                USBD_ParseSetupRequest
 .text.USBD_CtlError
                0x0000000008008992       0x22 ./Middlewares/ST/STM32_USB_Device_Library/Core/Src/usbd_ctlreq.o
                0x0000000008008992                USBD_CtlError
 .text.USBD_GetString
                0x00000000080089b4       0x8c ./Middlewares/ST/STM32_USB_Device_Library/Core/Src/usbd_ctlreq.o
                0x00000000080089b4                USBD_GetString
 .text.USBD_GetLen
                0x0000000008008a40       0x34 ./Middlewares/ST/STM32_USB_Device_Library/Core/Src/usbd_ctlreq.o
 .text.USBD_CtlSendData
                0x0000000008008a74       0x36 ./Middlewares/ST/STM32_USB_Device_Library/Core/Src/usbd_ioreq.o
                0x0000000008008a74                USBD_CtlSendData
 .text.USBD_CtlContinueSendData
                0x0000000008008aaa       0x22 ./Middlewares/ST/STM32_USB_Device_Library/Core/Src/usbd_ioreq.o
                0x0000000008008aaa                USBD_CtlContinueSendData
 .text.USBD_CtlPrepareRx
                0x0000000008008acc       0x3a ./Middlewares/ST/STM32_USB_Device_Library/Core/Src/usbd_ioreq.o
                0x0000000008008acc                USBD_CtlPrepareRx
 .text.USBD_CtlContinueRx
                0x0000000008008b06       0x22 ./Middlewares/ST/STM32_USB_Device_Library/Core/Src/usbd_ioreq.o
                0x0000000008008b06                USBD_CtlContinueRx
 .text.USBD_CtlSendStatus
                0x0000000008008b28       0x26 ./Middlewares/ST/STM32_USB_Device_Library/Core/Src/usbd_ioreq.o
                0x0000000008008b28                USBD_CtlSendStatus
 .text.USBD_CtlReceiveStatus
                0x0000000008008b4e       0x26 ./Middlewares/ST/STM32_USB_Device_Library/Core/Src/usbd_ioreq.o
                0x0000000008008b4e                USBD_CtlReceiveStatus
 .text.MX_USB_Device_Init
                0x0000000008008b74       0x60 ./USB_Device/App/usb_device.o
                0x0000000008008b74                MX_USB_Device_Init
 .text.CDC_Init_FS
                0x0000000008008bd4       0x28 ./USB_Device/App/usbd_cdc_if.o
 .text.CDC_DeInit_FS
                0x0000000008008bfc       0x10 ./USB_Device/App/usbd_cdc_if.o
 .text.CDC_Control_FS
                0x0000000008008c0c       0xbc ./USB_Device/App/usbd_cdc_if.o
 .text.CDC_Receive_FS
                0x0000000008008cc8       0x90 ./USB_Device/App/usbd_cdc_if.o
 .text.CDC_Transmit_FS
                0x0000000008008d58       0x4c ./USB_Device/App/usbd_cdc_if.o
                0x0000000008008d58                CDC_Transmit_FS
 .text.CDC_TransmitCplt_FS
                0x0000000008008da4       0x22 ./USB_Device/App/usbd_cdc_if.o
 *fill*         0x0000000008008dc6        0x2 
 .text.USBD_CDC_DeviceDescriptor
                0x0000000008008dc8       0x24 ./USB_Device/App/usbd_desc.o
                0x0000000008008dc8                USBD_CDC_DeviceDescriptor
 .text.USBD_CDC_LangIDStrDescriptor
                0x0000000008008dec       0x24 ./USB_Device/App/usbd_desc.o
                0x0000000008008dec                USBD_CDC_LangIDStrDescriptor
 .text.USBD_CDC_ProductStrDescriptor
                0x0000000008008e10       0x3c ./USB_Device/App/usbd_desc.o
                0x0000000008008e10                USBD_CDC_ProductStrDescriptor
 .text.USBD_CDC_ManufacturerStrDescriptor
                0x0000000008008e4c       0x28 ./USB_Device/App/usbd_desc.o
                0x0000000008008e4c                USBD_CDC_ManufacturerStrDescriptor
 .text.USBD_CDC_SerialStrDescriptor
                0x0000000008008e74       0x24 ./USB_Device/App/usbd_desc.o
                0x0000000008008e74                USBD_CDC_SerialStrDescriptor
 .text.USBD_CDC_ConfigStrDescriptor
                0x0000000008008e98       0x3c ./USB_Device/App/usbd_desc.o
                0x0000000008008e98                USBD_CDC_ConfigStrDescriptor
 .text.USBD_CDC_InterfaceStrDescriptor
                0x0000000008008ed4       0x3c ./USB_Device/App/usbd_desc.o
                0x0000000008008ed4                USBD_CDC_InterfaceStrDescriptor
 .text.Get_SerialNum
                0x0000000008008f10       0x58 ./USB_Device/App/usbd_desc.o
 .text.IntToUnicode
                0x0000000008008f68       0x7e ./USB_Device/App/usbd_desc.o
 .text.LL_AHB2_GRP1_EnableClock
                0x0000000008008fe6       0x32 ./USB_Device/Target/usbd_conf.o
 .text.LL_APB1_GRP1_EnableClock
                0x0000000008009018       0x32 ./USB_Device/Target/usbd_conf.o
 *fill*         0x000000000800904a        0x2 
 .text.HAL_PCD_MspInit
                0x000000000800904c       0xbc ./USB_Device/Target/usbd_conf.o
                0x000000000800904c                HAL_PCD_MspInit
 .text.HAL_PCD_SetupStageCallback
                0x0000000008009108       0x24 ./USB_Device/Target/usbd_conf.o
                0x0000000008009108                HAL_PCD_SetupStageCallback
 .text.HAL_PCD_DataOutStageCallback
                0x000000000800912c       0x36 ./USB_Device/Target/usbd_conf.o
                0x000000000800912c                HAL_PCD_DataOutStageCallback
 .text.HAL_PCD_DataInStageCallback
                0x0000000008009162       0x34 ./USB_Device/Target/usbd_conf.o
                0x0000000008009162                HAL_PCD_DataInStageCallback
 .text.HAL_PCD_SOFCallback
                0x0000000008009196       0x1c ./USB_Device/Target/usbd_conf.o
                0x0000000008009196                HAL_PCD_SOFCallback
 .text.HAL_PCD_ResetCallback
                0x00000000080091b2       0x3c ./USB_Device/Target/usbd_conf.o
                0x00000000080091b2                HAL_PCD_ResetCallback
 *fill*         0x00000000080091ee        0x2 
 .text.HAL_PCD_SuspendCallback
                0x00000000080091f0       0x34 ./USB_Device/Target/usbd_conf.o
                0x00000000080091f0                HAL_PCD_SuspendCallback
 .text.HAL_PCD_ResumeCallback
                0x0000000008009224       0x38 ./USB_Device/Target/usbd_conf.o
                0x0000000008009224                HAL_PCD_ResumeCallback
 .text.USBD_LL_Init
                0x000000000800925c       0xc4 ./USB_Device/Target/usbd_conf.o
                0x000000000800925c                USBD_LL_Init
 .text.USBD_LL_Start
                0x0000000008009320       0x36 ./USB_Device/Target/usbd_conf.o
                0x0000000008009320                USBD_LL_Start
 .text.USBD_LL_OpenEP
                0x0000000008009356       0x4c ./USB_Device/Target/usbd_conf.o
                0x0000000008009356                USBD_LL_OpenEP
 .text.USBD_LL_CloseEP
                0x00000000080093a2       0x3e ./USB_Device/Target/usbd_conf.o
                0x00000000080093a2                USBD_LL_CloseEP
 .text.USBD_LL_StallEP
                0x00000000080093e0       0x3e ./USB_Device/Target/usbd_conf.o
                0x00000000080093e0                USBD_LL_StallEP
 .text.USBD_LL_ClearStallEP
                0x000000000800941e       0x3e ./USB_Device/Target/usbd_conf.o
                0x000000000800941e                USBD_LL_ClearStallEP
 .text.USBD_LL_IsStallEP
                0x000000000800945c       0x58 ./USB_Device/Target/usbd_conf.o
                0x000000000800945c                USBD_LL_IsStallEP
 .text.USBD_LL_SetUSBAddress
                0x00000000080094b4       0x3e ./USB_Device/Target/usbd_conf.o
                0x00000000080094b4                USBD_LL_SetUSBAddress
 .text.USBD_LL_Transmit
                0x00000000080094f2       0x42 ./USB_Device/Target/usbd_conf.o
                0x00000000080094f2                USBD_LL_Transmit
 .text.USBD_LL_PrepareReceive
                0x0000000008009534       0x42 ./USB_Device/Target/usbd_conf.o
                0x0000000008009534                USBD_LL_PrepareReceive
 .text.USBD_LL_GetRxDataSize
                0x0000000008009576       0x26 ./USB_Device/Target/usbd_conf.o
                0x0000000008009576                USBD_LL_GetRxDataSize
 .text.HAL_PCDEx_LPM_Callback
                0x000000000800959c       0x6c ./USB_Device/Target/usbd_conf.o
                0x000000000800959c                HAL_PCDEx_LPM_Callback
 .text.USBD_static_malloc
                0x0000000008009608       0x1c ./USB_Device/Target/usbd_conf.o
                0x0000000008009608                USBD_static_malloc
 .text.USBD_static_free
                0x0000000008009624       0x14 ./USB_Device/Target/usbd_conf.o
                0x0000000008009624                USBD_static_free
 .text.SystemClockConfig_Resume
                0x0000000008009638        0xc ./USB_Device/Target/usbd_conf.o
 .text.USBD_Get_USB_Status
                0x0000000008009644       0x58 ./USB_Device/Target/usbd_conf.o
 .text.memset   0x000000000800969c       0x10 C:/ST/STM32CubeIDE_1.14.1/STM32CubeIDE/plugins/com.st.stm32cube.ide.mcu.externaltools.gnu-tools-for-stm32.11.3.rel1.win32_1.1.100.202309141235/tools/bin/../lib/gcc/arm-none-eabi/11.3.1/../../../../arm-none-eabi/lib/thumb/v7e-m+fp/hard\libc_nano.a(libc_a-memset.o)
                0x000000000800969c                memset
 .text.__libc_init_array
                0x00000000080096ac       0x48 C:/ST/STM32CubeIDE_1.14.1/STM32CubeIDE/plugins/com.st.stm32cube.ide.mcu.externaltools.gnu-tools-for-stm32.11.3.rel1.win32_1.1.100.202309141235/tools/bin/../lib/gcc/arm-none-eabi/11.3.1/../../../../arm-none-eabi/lib/thumb/v7e-m+fp/hard\libc_nano.a(libc_a-init.o)
                0x00000000080096ac                __libc_init_array
 *(.glue_7)
 .glue_7        0x00000000080096f4        0x0 linker stubs
 *(.glue_7t)
 .glue_7t       0x00000000080096f4        0x0 linker stubs
 *(.eh_frame)
 .eh_frame      0x00000000080096f4        0x0 C:/ST/STM32CubeIDE_1.14.1/STM32CubeIDE/plugins/com.st.stm32cube.ide.mcu.externaltools.gnu-tools-for-stm32.11.3.rel1.win32_1.1.100.202309141235/tools/bin/../lib/gcc/arm-none-eabi/11.3.1/thumb/v7e-m+fp/hard/crtbegin.o
 *(.init)
 .init          0x00000000080096f4        0x4 C:/ST/STM32CubeIDE_1.14.1/STM32CubeIDE/plugins/com.st.stm32cube.ide.mcu.externaltools.gnu-tools-for-stm32.11.3.rel1.win32_1.1.100.202309141235/tools/bin/../lib/gcc/arm-none-eabi/11.3.1/thumb/v7e-m+fp/hard/crti.o
                0x00000000080096f4                _init
 .init          0x00000000080096f8        0x8 C:/ST/STM32CubeIDE_1.14.1/STM32CubeIDE/plugins/com.st.stm32cube.ide.mcu.externaltools.gnu-tools-for-stm32.11.3.rel1.win32_1.1.100.202309141235/tools/bin/../lib/gcc/arm-none-eabi/11.3.1/thumb/v7e-m+fp/hard/crtn.o
 *(.fini)
 .fini          0x0000000008009700        0x4 C:/ST/STM32CubeIDE_1.14.1/STM32CubeIDE/plugins/com.st.stm32cube.ide.mcu.externaltools.gnu-tools-for-stm32.11.3.rel1.win32_1.1.100.202309141235/tools/bin/../lib/gcc/arm-none-eabi/11.3.1/thumb/v7e-m+fp/hard/crti.o
                0x0000000008009700                _fini
 .fini          0x0000000008009704        0x8 C:/ST/STM32CubeIDE_1.14.1/STM32CubeIDE/plugins/com.st.stm32cube.ide.mcu.externaltools.gnu-tools-for-stm32.11.3.rel1.win32_1.1.100.202309141235/tools/bin/../lib/gcc/arm-none-eabi/11.3.1/thumb/v7e-m+fp/hard/crtn.o
                0x000000000800970c                . = ALIGN (0x4)
                0x000000000800970c                _etext = .

.vfp11_veneer   0x000000000800970c        0x0
 .vfp11_veneer  0x000000000800970c        0x0 linker stubs

.v4_bx          0x000000000800970c        0x0
 .v4_bx         0x000000000800970c        0x0 linker stubs

.iplt           0x000000000800970c        0x0
 .iplt          0x000000000800970c        0x0 C:/ST/STM32CubeIDE_1.14.1/STM32CubeIDE/plugins/com.st.stm32cube.ide.mcu.externaltools.gnu-tools-for-stm32.11.3.rel1.win32_1.1.100.202309141235/tools/bin/../lib/gcc/arm-none-eabi/11.3.1/thumb/v7e-m+fp/hard/crtbegin.o

.rodata         0x000000000800970c      0x100
                0x000000000800970c                . = ALIGN (0x4)
 *(.rodata)
 .rodata        0x000000000800970c       0x2c ./Drivers/STM32WBxx_HAL_Driver/Src/stm32wbxx_hal_rcc.o
 .rodata        0x0000000008009738        0x9 ./USB_Device/App/usbd_cdc_if.o
 *fill*         0x0000000008009741        0x3 
 .rodata        0x0000000008009744       0x46 ./USB_Device/App/usbd_desc.o
 *(.rodata*)
 *fill*         0x000000000800978a        0x2 
 .rodata.AHBPrescTable
                0x000000000800978c       0x40 ./Core/Src/system_stm32wbxx.o
                0x000000000800978c                AHBPrescTable
 .rodata.MSIRangeTable
                0x00000000080097cc       0x40 ./Core/Src/system_stm32wbxx.o
                0x00000000080097cc                MSIRangeTable
                0x000000000800980c                . = ALIGN (0x4)

.rel.dyn        0x000000000800980c        0x0
 .rel.iplt      0x000000000800980c        0x0 C:/ST/STM32CubeIDE_1.14.1/STM32CubeIDE/plugins/com.st.stm32cube.ide.mcu.externaltools.gnu-tools-for-stm32.11.3.rel1.win32_1.1.100.202309141235/tools/bin/../lib/gcc/arm-none-eabi/11.3.1/thumb/v7e-m+fp/hard/crtbegin.o

.ARM.extab
 *(.ARM.extab* .gnu.linkonce.armextab.*)

.ARM            0x000000000800980c        0x0
                0x000000000800980c                __exidx_start = .
 *(.ARM.exidx*)
                0x000000000800980c                __exidx_end = .

.preinit_array  0x000000000800980c        0x0
                0x000000000800980c                PROVIDE (__preinit_array_start = .)
 *(.preinit_array*)
                0x000000000800980c                PROVIDE (__preinit_array_end = .)

.init_array     0x000000000800980c        0x4
                0x000000000800980c                PROVIDE (__init_array_start = .)
 *(SORT_BY_NAME(.init_array.*))
 *(.init_array*)
 .init_array    0x000000000800980c        0x4 C:/ST/STM32CubeIDE_1.14.1/STM32CubeIDE/plugins/com.st.stm32cube.ide.mcu.externaltools.gnu-tools-for-stm32.11.3.rel1.win32_1.1.100.202309141235/tools/bin/../lib/gcc/arm-none-eabi/11.3.1/thumb/v7e-m+fp/hard/crtbegin.o
                0x0000000008009810                PROVIDE (__init_array_end = .)

.fini_array     0x0000000008009810        0x4
                [!provide]                        PROVIDE (__fini_array_start = .)
 *(SORT_BY_NAME(.fini_array.*))
 *(.fini_array*)
 .fini_array    0x0000000008009810        0x4 C:/ST/STM32CubeIDE_1.14.1/STM32CubeIDE/plugins/com.st.stm32cube.ide.mcu.externaltools.gnu-tools-for-stm32.11.3.rel1.win32_1.1.100.202309141235/tools/bin/../lib/gcc/arm-none-eabi/11.3.1/thumb/v7e-m+fp/hard/crtbegin.o
                [!provide]                        PROVIDE (__fini_array_end = .)
                0x0000000008009814                _sidata = LOADADDR (.data)

.data           0x0000000020000008      0x100 load address 0x0000000008009814
                0x0000000020000008                . = ALIGN (0x4)
                0x0000000020000008                _sdata = .
 *(.data)
 *(.data*)
 .data.SystemCoreClock
                0x0000000020000008        0x4 ./Core/Src/system_stm32wbxx.o
                0x0000000020000008                SystemCoreClock
 .data.uwTickPrio
                0x000000002000000c        0x4 ./Drivers/STM32WBxx_HAL_Driver/Src/stm32wbxx_hal.o
                0x000000002000000c                uwTickPrio
 .data.uwTickFreq
                0x0000000020000010        0x1 ./Drivers/STM32WBxx_HAL_Driver/Src/stm32wbxx_hal.o
                0x0000000020000010                uwTickFreq
 *fill*         0x0000000020000011        0x3 
 .data.USBD_CDC_DeviceQualifierDesc
                0x0000000020000014        0xa ./Middlewares/ST/STM32_USB_Device_Library/Class/CDC/Src/usbd_cdc.o
 *fill*         0x000000002000001e        0x2 
 .data.USBD_CDC
                0x0000000020000020       0x38 ./Middlewares/ST/STM32_USB_Device_Library/Class/CDC/Src/usbd_cdc.o
                0x0000000020000020                USBD_CDC
 .data.USBD_CDC_CfgDesc
                0x0000000020000058       0x43 ./Middlewares/ST/STM32_USB_Device_Library/Class/CDC/Src/usbd_cdc.o
 .data.CDCInEpAdd
                0x000000002000009b        0x1 ./Middlewares/ST/STM32_USB_Device_Library/Class/CDC/Src/usbd_cdc.o
 .data.CDCOutEpAdd
                0x000000002000009c        0x1 ./Middlewares/ST/STM32_USB_Device_Library/Class/CDC/Src/usbd_cdc.o
 .data.CDCCmdEpAdd
                0x000000002000009d        0x1 ./Middlewares/ST/STM32_USB_Device_Library/Class/CDC/Src/usbd_cdc.o
 *fill*         0x000000002000009e        0x2 
 .data.USBD_Interface_fops_FS
                0x00000000200000a0       0x14 ./USB_Device/App/usbd_cdc_if.o
                0x00000000200000a0                USBD_Interface_fops_FS
 .data.CDC_Desc
                0x00000000200000b4       0x20 ./USB_Device/App/usbd_desc.o
                0x00000000200000b4                CDC_Desc
 .data.USBD_CDC_DeviceDesc
                0x00000000200000d4       0x12 ./USB_Device/App/usbd_desc.o
                0x00000000200000d4                USBD_CDC_DeviceDesc
 *fill*         0x00000000200000e6        0x2 
 .data.USBD_LangIDDesc
                0x00000000200000e8        0x4 ./USB_Device/App/usbd_desc.o
                0x00000000200000e8                USBD_LangIDDesc
 .data.USBD_StringSerial
                0x00000000200000ec       0x1a ./USB_Device/App/usbd_desc.o
                0x00000000200000ec                USBD_StringSerial
 *(.RamFunc)
 *(.RamFunc*)
                0x0000000020000108                . = ALIGN (0x4)
 *fill*         0x0000000020000106        0x2 
                0x0000000020000108                _edata = .

.igot.plt       0x0000000020000108        0x0 load address 0x0000000008009914
 .igot.plt      0x0000000020000108        0x0 C:/ST/STM32CubeIDE_1.14.1/STM32CubeIDE/plugins/com.st.stm32cube.ide.mcu.externaltools.gnu-tools-for-stm32.11.3.rel1.win32_1.1.100.202309141235/tools/bin/../lib/gcc/arm-none-eabi/11.3.1/thumb/v7e-m+fp/hard/crtbegin.o
                0x0000000020000108                . = ALIGN (0x4)

.bss            0x0000000020000108     0x1a50 load address 0x0000000008009914
                0x0000000020000108                _sbss = .
                0x0000000020000108                __bss_start__ = _sbss
 *(.bss)
 .bss           0x0000000020000108       0x1c C:/ST/STM32CubeIDE_1.14.1/STM32CubeIDE/plugins/com.st.stm32cube.ide.mcu.externaltools.gnu-tools-for-stm32.11.3.rel1.win32_1.1.100.202309141235/tools/bin/../lib/gcc/arm-none-eabi/11.3.1/thumb/v7e-m+fp/hard/crtbegin.o
 *(.bss*)
 .bss.hi2c1     0x0000000020000124       0x54 ./Core/Src/main.o
                0x0000000020000124                hi2c1
 .bss.uwTick    0x0000000020000178        0x4 ./Drivers/STM32WBxx_HAL_Driver/Src/stm32wbxx_hal.o
                0x0000000020000178                uwTick
 .bss.cfgidx.0  0x000000002000017c        0x1 ./Middlewares/ST/STM32_USB_Device_Library/Core/Src/usbd_ctlreq.o
 *fill*         0x000000002000017d        0x3 
 .bss.hUsbDeviceFS
                0x0000000020000180      0x2dc ./USB_Device/App/usb_device.o
                0x0000000020000180                hUsbDeviceFS
 .bss.UserRxBufferFS
                0x000000002000045c      0x800 ./USB_Device/App/usbd_cdc_if.o
                0x000000002000045c                UserRxBufferFS
 .bss.UserTxBufferFS
                0x0000000020000c5c      0x800 ./USB_Device/App/usbd_cdc_if.o
                0x0000000020000c5c                UserTxBufferFS
 .bss.USBD_StrDesc
                0x000000002000145c      0x200 ./USB_Device/App/usbd_desc.o
                0x000000002000145c                USBD_StrDesc
 .bss.hpcd_USB_FS
                0x000000002000165c      0x2dc ./USB_Device/Target/usbd_conf.o
                0x000000002000165c                hpcd_USB_FS
 .bss.mem.0     0x0000000020001938      0x220 ./USB_Device/Target/usbd_conf.o
 *(COMMON)
                0x0000000020001b58                . = ALIGN (0x4)
                0x0000000020001b58                _ebss = .
                0x0000000020001b58                __bss_end__ = _ebss

._user_heap_stack
                0x0000000020001b58      0x600 load address 0x0000000008009914
                0x0000000020001b58                . = ALIGN (0x8)
                [!provide]                        PROVIDE (end = .)
                0x0000000020001b58                PROVIDE (_end = .)
                0x0000000020001d58                . = (. + _Min_Heap_Size)
 *fill*         0x0000000020001b58      0x200 
                0x0000000020002158                . = (. + _Min_Stack_Size)
 *fill*         0x0000000020001d58      0x400 
                0x0000000020002158                . = ALIGN (0x8)

/DISCARD/
 libc.a(*)
 libm.a(*)
 libgcc.a(*)

.ARM.attributes
                0x0000000000000000       0x30
 *(.ARM.attributes)
 .ARM.attributes
                0x0000000000000000       0x1e C:/ST/STM32CubeIDE_1.14.1/STM32CubeIDE/plugins/com.st.stm32cube.ide.mcu.externaltools.gnu-tools-for-stm32.11.3.rel1.win32_1.1.100.202309141235/tools/bin/../lib/gcc/arm-none-eabi/11.3.1/thumb/v7e-m+fp/hard/crti.o
 .ARM.attributes
                0x000000000000001e       0x34 C:/ST/STM32CubeIDE_1.14.1/STM32CubeIDE/plugins/com.st.stm32cube.ide.mcu.externaltools.gnu-tools-for-stm32.11.3.rel1.win32_1.1.100.202309141235/tools/bin/../lib/gcc/arm-none-eabi/11.3.1/thumb/v7e-m+fp/hard/crtbegin.o
 .ARM.attributes
                0x0000000000000052       0x34 ./Core/Src/main.o
 .ARM.attributes
                0x0000000000000086       0x34 ./Core/Src/stm32wbxx_hal_msp.o
 .ARM.attributes
                0x00000000000000ba       0x34 ./Core/Src/stm32wbxx_it.o
 .ARM.attributes
                0x00000000000000ee       0x34 ./Core/Src/system_stm32wbxx.o
 .ARM.attributes
                0x0000000000000122       0x21 ./Core/Startup/startup_stm32wb55cgux.o
 .ARM.attributes
                0x0000000000000143       0x34 ./Drivers/STM32WBxx_HAL_Driver/Src/stm32wbxx_hal.o
 .ARM.attributes
                0x0000000000000177       0x34 ./Drivers/STM32WBxx_HAL_Driver/Src/stm32wbxx_hal_cortex.o
 .ARM.attributes
                0x00000000000001ab       0x34 ./Drivers/STM32WBxx_HAL_Driver/Src/stm32wbxx_hal_gpio.o
 .ARM.attributes
                0x00000000000001df       0x34 ./Drivers/STM32WBxx_HAL_Driver/Src/stm32wbxx_hal_i2c.o
 .ARM.attributes
                0x0000000000000213       0x34 ./Drivers/STM32WBxx_HAL_Driver/Src/stm32wbxx_hal_i2c_ex.o
 .ARM.attributes
                0x0000000000000247       0x34 ./Drivers/STM32WBxx_HAL_Driver/Src/stm32wbxx_hal_pcd.o
 .ARM.attributes
                0x000000000000027b       0x34 ./Drivers/STM32WBxx_HAL_Driver/Src/stm32wbxx_hal_pcd_ex.o
 .ARM.attributes
                0x00000000000002af       0x34 ./Drivers/STM32WBxx_HAL_Driver/Src/stm32wbxx_hal_pwr.o
 .ARM.attributes
                0x00000000000002e3       0x34 ./Drivers/STM32WBxx_HAL_Driver/Src/stm32wbxx_hal_pwr_ex.o
 .ARM.attributes
                0x0000000000000317       0x34 ./Drivers/STM32WBxx_HAL_Driver/Src/stm32wbxx_hal_rcc.o
 .ARM.attributes
                0x000000000000034b       0x34 ./Drivers/STM32WBxx_HAL_Driver/Src/stm32wbxx_hal_rcc_ex.o
 .ARM.attributes
                0x000000000000037f       0x34 ./Drivers/STM32WBxx_HAL_Driver/Src/stm32wbxx_ll_usb.o
 .ARM.attributes
                0x00000000000003b3       0x34 ./Middlewares/ST/STM32_USB_Device_Library/Class/CDC/Src/usbd_cdc.o
 .ARM.attributes
                0x00000000000003e7       0x34 ./Middlewares/ST/STM32_USB_Device_Library/Core/Src/usbd_core.o
 .ARM.attributes
                0x000000000000041b       0x34 ./Middlewares/ST/STM32_USB_Device_Library/Core/Src/usbd_ctlreq.o
 .ARM.attributes
                0x000000000000044f       0x34 ./Middlewares/ST/STM32_USB_Device_Library/Core/Src/usbd_ioreq.o
 .ARM.attributes
                0x0000000000000483       0x34 ./USB_Device/App/usb_device.o
 .ARM.attributes
                0x00000000000004b7       0x34 ./USB_Device/App/usbd_cdc_if.o
 .ARM.attributes
                0x00000000000004eb       0x34 ./USB_Device/App/usbd_desc.o
 .ARM.attributes
                0x000000000000051f       0x34 ./USB_Device/Target/usbd_conf.o
 .ARM.attributes
                0x0000000000000553       0x34 C:/ST/STM32CubeIDE_1.14.1/STM32CubeIDE/plugins/com.st.stm32cube.ide.mcu.externaltools.gnu-tools-for-stm32.11.3.rel1.win32_1.1.100.202309141235/tools/bin/../lib/gcc/arm-none-eabi/11.3.1/../../../../arm-none-eabi/lib/thumb/v7e-m+fp/hard\libc_nano.a(libc_a-memset.o)
 .ARM.attributes
                0x0000000000000587       0x34 C:/ST/STM32CubeIDE_1.14.1/STM32CubeIDE/plugins/com.st.stm32cube.ide.mcu.externaltools.gnu-tools-for-stm32.11.3.rel1.win32_1.1.100.202309141235/tools/bin/../lib/gcc/arm-none-eabi/11.3.1/../../../../arm-none-eabi/lib/thumb/v7e-m+fp/hard\libc_nano.a(libc_a-init.o)
 .ARM.attributes
                0x00000000000005bb       0x1e C:/ST/STM32CubeIDE_1.14.1/STM32CubeIDE/plugins/com.st.stm32cube.ide.mcu.externaltools.gnu-tools-for-stm32.11.3.rel1.win32_1.1.100.202309141235/tools/bin/../lib/gcc/arm-none-eabi/11.3.1/thumb/v7e-m+fp/hard/crtn.o

MAPPING_TABLE
 *(MAPPING_TABLE)

MB_MEM1
 *(MB_MEM1)
                0x0000000008009914                _siMB_MEM2 = LOADADDR (.MB_MEM2)

.MB_MEM2        0x0000000020030000        0x0 load address 0x0000000008009914
                0x0000000020030000                _sMB_MEM2 = .
 *(MB_MEM2)
                0x0000000020030000                _eMB_MEM2 = .
OUTPUT(Occ_sensor.elf elf32-littlearm)
LOAD linker stubs
LOAD C:/ST/STM32CubeIDE_1.14.1/STM32CubeIDE/plugins/com.st.stm32cube.ide.mcu.externaltools.gnu-tools-for-stm32.11.3.rel1.win32_1.1.100.202309141235/tools/bin/../lib/gcc/arm-none-eabi/11.3.1/../../../../arm-none-eabi/lib/thumb/v7e-m+fp/hard\libc.a
LOAD C:/ST/STM32CubeIDE_1.14.1/STM32CubeIDE/plugins/com.st.stm32cube.ide.mcu.externaltools.gnu-tools-for-stm32.11.3.rel1.win32_1.1.100.202309141235/tools/bin/../lib/gcc/arm-none-eabi/11.3.1/../../../../arm-none-eabi/lib/thumb/v7e-m+fp/hard\libm.a
LOAD C:/ST/STM32CubeIDE_1.14.1/STM32CubeIDE/plugins/com.st.stm32cube.ide.mcu.externaltools.gnu-tools-for-stm32.11.3.rel1.win32_1.1.100.202309141235/tools/bin/../lib/gcc/arm-none-eabi/11.3.1/thumb/v7e-m+fp/hard\libgcc.a

.comment        0x0000000000000000       0x43
 .comment       0x0000000000000000       0x43 C:/ST/STM32CubeIDE_1.14.1/STM32CubeIDE/plugins/com.st.stm32cube.ide.mcu.externaltools.gnu-tools-for-stm32.11.3.rel1.win32_1.1.100.202309141235/tools/bin/../lib/gcc/arm-none-eabi/11.3.1/thumb/v7e-m+fp/hard/crtbegin.o
                                         0x44 (size before relaxing)
 .comment       0x0000000000000043       0x44 ./Core/Src/main.o
 .comment       0x0000000000000043       0x44 ./Core/Src/stm32wbxx_hal_msp.o
 .comment       0x0000000000000043       0x44 ./Core/Src/stm32wbxx_it.o
 .comment       0x0000000000000043       0x44 ./Core/Src/system_stm32wbxx.o
 .comment       0x0000000000000043       0x44 ./Drivers/STM32WBxx_HAL_Driver/Src/stm32wbxx_hal.o
 .comment       0x0000000000000043       0x44 ./Drivers/STM32WBxx_HAL_Driver/Src/stm32wbxx_hal_cortex.o
 .comment       0x0000000000000043       0x44 ./Drivers/STM32WBxx_HAL_Driver/Src/stm32wbxx_hal_gpio.o
 .comment       0x0000000000000043       0x44 ./Drivers/STM32WBxx_HAL_Driver/Src/stm32wbxx_hal_i2c.o
 .comment       0x0000000000000043       0x44 ./Drivers/STM32WBxx_HAL_Driver/Src/stm32wbxx_hal_i2c_ex.o
 .comment       0x0000000000000043       0x44 ./Drivers/STM32WBxx_HAL_Driver/Src/stm32wbxx_hal_pcd.o
 .comment       0x0000000000000043       0x44 ./Drivers/STM32WBxx_HAL_Driver/Src/stm32wbxx_hal_pcd_ex.o
 .comment       0x0000000000000043       0x44 ./Drivers/STM32WBxx_HAL_Driver/Src/stm32wbxx_hal_pwr.o
 .comment       0x0000000000000043       0x44 ./Drivers/STM32WBxx_HAL_Driver/Src/stm32wbxx_hal_pwr_ex.o
 .comment       0x0000000000000043       0x44 ./Drivers/STM32WBxx_HAL_Driver/Src/stm32wbxx_hal_rcc.o
 .comment       0x0000000000000043       0x44 ./Drivers/STM32WBxx_HAL_Driver/Src/stm32wbxx_hal_rcc_ex.o
 .comment       0x0000000000000043       0x44 ./Drivers/STM32WBxx_HAL_Driver/Src/stm32wbxx_ll_usb.o
 .comment       0x0000000000000043       0x44 ./Middlewares/ST/STM32_USB_Device_Library/Class/CDC/Src/usbd_cdc.o
 .comment       0x0000000000000043       0x44 ./Middlewares/ST/STM32_USB_Device_Library/Core/Src/usbd_core.o
 .comment       0x0000000000000043       0x44 ./Middlewares/ST/STM32_USB_Device_Library/Core/Src/usbd_ctlreq.o
 .comment       0x0000000000000043       0x44 ./Middlewares/ST/STM32_USB_Device_Library/Core/Src/usbd_ioreq.o
 .comment       0x0000000000000043       0x44 ./USB_Device/App/usb_device.o
 .comment       0x0000000000000043       0x44 ./USB_Device/App/usbd_cdc_if.o
 .comment       0x0000000000000043       0x44 ./USB_Device/App/usbd_desc.o
 .comment       0x0000000000000043       0x44 ./USB_Device/Target/usbd_conf.o

.debug_info     0x0000000000000000    0x169d9
 .debug_info    0x0000000000000000     0x14ad ./Core/Src/main.o
 .debug_info    0x00000000000014ad      0xe29 ./Core/Src/stm32wbxx_hal_msp.o
 .debug_info    0x00000000000022d6      0x665 ./Core/Src/stm32wbxx_it.o
 .debug_info    0x000000000000293b      0x703 ./Core/Src/system_stm32wbxx.o
 .debug_info    0x000000000000303e       0x23 ./Core/Startup/startup_stm32wb55cgux.o
 .debug_info    0x0000000000003061     0x12ae ./Drivers/STM32WBxx_HAL_Driver/Src/stm32wbxx_hal.o
 .debug_info    0x000000000000430f      0xc81 ./Drivers/STM32WBxx_HAL_Driver/Src/stm32wbxx_hal_cortex.o
 .debug_info    0x0000000000004f90      0x6aa ./Drivers/STM32WBxx_HAL_Driver/Src/stm32wbxx_hal_gpio.o
 .debug_info    0x000000000000563a     0x21c1 ./Drivers/STM32WBxx_HAL_Driver/Src/stm32wbxx_hal_i2c.o
 .debug_info    0x00000000000077fb      0x8fb ./Drivers/STM32WBxx_HAL_Driver/Src/stm32wbxx_hal_i2c_ex.o
 .debug_info    0x00000000000080f6     0x161b ./Drivers/STM32WBxx_HAL_Driver/Src/stm32wbxx_hal_pcd.o
 .debug_info    0x0000000000009711      0x80a ./Drivers/STM32WBxx_HAL_Driver/Src/stm32wbxx_hal_pcd_ex.o
 .debug_info    0x0000000000009f1b      0x904 ./Drivers/STM32WBxx_HAL_Driver/Src/stm32wbxx_hal_pwr.o
 .debug_info    0x000000000000a81f     0x105d ./Drivers/STM32WBxx_HAL_Driver/Src/stm32wbxx_hal_pwr_ex.o
 .debug_info    0x000000000000b87c     0x14db ./Drivers/STM32WBxx_HAL_Driver/Src/stm32wbxx_hal_rcc.o
 .debug_info    0x000000000000cd57     0x1c40 ./Drivers/STM32WBxx_HAL_Driver/Src/stm32wbxx_hal_rcc_ex.o
 .debug_info    0x000000000000e997     0x166b ./Drivers/STM32WBxx_HAL_Driver/Src/stm32wbxx_ll_usb.o
 .debug_info    0x0000000000010002     0x12cd ./Middlewares/ST/STM32_USB_Device_Library/Class/CDC/Src/usbd_cdc.o
 .debug_info    0x00000000000112cf      0xe12 ./Middlewares/ST/STM32_USB_Device_Library/Core/Src/usbd_core.o
 .debug_info    0x00000000000120e1      0xaeb ./Middlewares/ST/STM32_USB_Device_Library/Core/Src/usbd_ctlreq.o
 .debug_info    0x0000000000012bcc      0x762 ./Middlewares/ST/STM32_USB_Device_Library/Core/Src/usbd_ioreq.o
 .debug_info    0x000000000001332e      0x70e ./USB_Device/App/usb_device.o
 .debug_info    0x0000000000013a3c      0xa8d ./USB_Device/App/usbd_cdc_if.o
 .debug_info    0x00000000000144c9      0x45d ./USB_Device/App/usbd_desc.o
 .debug_info    0x0000000000014926     0x20b3 ./USB_Device/Target/usbd_conf.o

.debug_abbrev   0x0000000000000000     0x3a8a
 .debug_abbrev  0x0000000000000000      0x2e0 ./Core/Src/main.o
 .debug_abbrev  0x00000000000002e0      0x23b ./Core/Src/stm32wbxx_hal_msp.o
 .debug_abbrev  0x000000000000051b      0x192 ./Core/Src/stm32wbxx_it.o
 .debug_abbrev  0x00000000000006ad      0x13b ./Core/Src/system_stm32wbxx.o
 .debug_abbrev  0x00000000000007e8       0x12 ./Core/Startup/startup_stm32wb55cgux.o
 .debug_abbrev  0x00000000000007fa      0x367 ./Drivers/STM32WBxx_HAL_Driver/Src/stm32wbxx_hal.o
 .debug_abbrev  0x0000000000000b61      0x319 ./Drivers/STM32WBxx_HAL_Driver/Src/stm32wbxx_hal_cortex.o
 .debug_abbrev  0x0000000000000e7a      0x1e5 ./Drivers/STM32WBxx_HAL_Driver/Src/stm32wbxx_hal_gpio.o
 .debug_abbrev  0x000000000000105f      0x260 ./Drivers/STM32WBxx_HAL_Driver/Src/stm32wbxx_hal_i2c.o
 .debug_abbrev  0x00000000000012bf      0x1c8 ./Drivers/STM32WBxx_HAL_Driver/Src/stm32wbxx_hal_i2c_ex.o
 .debug_abbrev  0x0000000000001487      0x2b9 ./Drivers/STM32WBxx_HAL_Driver/Src/stm32wbxx_hal_pcd.o
 .debug_abbrev  0x0000000000001740      0x228 ./Drivers/STM32WBxx_HAL_Driver/Src/stm32wbxx_hal_pcd_ex.o
 .debug_abbrev  0x0000000000001968      0x205 ./Drivers/STM32WBxx_HAL_Driver/Src/stm32wbxx_hal_pwr.o
 .debug_abbrev  0x0000000000001b6d      0x31c ./Drivers/STM32WBxx_HAL_Driver/Src/stm32wbxx_hal_pwr_ex.o
 .debug_abbrev  0x0000000000001e89      0x31b ./Drivers/STM32WBxx_HAL_Driver/Src/stm32wbxx_hal_rcc.o
 .debug_abbrev  0x00000000000021a4      0x35a ./Drivers/STM32WBxx_HAL_Driver/Src/stm32wbxx_hal_rcc_ex.o
 .debug_abbrev  0x00000000000024fe      0x247 ./Drivers/STM32WBxx_HAL_Driver/Src/stm32wbxx_ll_usb.o
 .debug_abbrev  0x0000000000002745      0x2c3 ./Middlewares/ST/STM32_USB_Device_Library/Class/CDC/Src/usbd_cdc.o
 .debug_abbrev  0x0000000000002a08      0x27c ./Middlewares/ST/STM32_USB_Device_Library/Core/Src/usbd_core.o
 .debug_abbrev  0x0000000000002c84      0x26f ./Middlewares/ST/STM32_USB_Device_Library/Core/Src/usbd_ctlreq.o
 .debug_abbrev  0x0000000000002ef3      0x19a ./Middlewares/ST/STM32_USB_Device_Library/Core/Src/usbd_ioreq.o
 .debug_abbrev  0x000000000000308d      0x195 ./USB_Device/App/usb_device.o
 .debug_abbrev  0x0000000000003222      0x2e7 ./USB_Device/App/usbd_cdc_if.o
 .debug_abbrev  0x0000000000003509      0x210 ./USB_Device/App/usbd_desc.o
 .debug_abbrev  0x0000000000003719      0x371 ./USB_Device/Target/usbd_conf.o

.debug_aranges  0x0000000000000000     0x1838
 .debug_aranges
                0x0000000000000000       0x58 ./Core/Src/main.o
 .debug_aranges
                0x0000000000000058       0x48 ./Core/Src/stm32wbxx_hal_msp.o
 .debug_aranges
                0x00000000000000a0       0x78 ./Core/Src/stm32wbxx_it.o
 .debug_aranges
                0x0000000000000118       0x28 ./Core/Src/system_stm32wbxx.o
 .debug_aranges
                0x0000000000000140       0x30 ./Core/Startup/startup_stm32wb55cgux.o
 .debug_aranges
                0x0000000000000170      0x280 ./Drivers/STM32WBxx_HAL_Driver/Src/stm32wbxx_hal.o
 .debug_aranges
                0x00000000000003f0      0x108 ./Drivers/STM32WBxx_HAL_Driver/Src/stm32wbxx_hal_cortex.o
 .debug_aranges
                0x00000000000004f8       0x60 ./Drivers/STM32WBxx_HAL_Driver/Src/stm32wbxx_hal_gpio.o
 .debug_aranges
                0x0000000000000558      0x2a0 ./Drivers/STM32WBxx_HAL_Driver/Src/stm32wbxx_hal_i2c.o
 .debug_aranges
                0x00000000000007f8       0x48 ./Drivers/STM32WBxx_HAL_Driver/Src/stm32wbxx_hal_i2c_ex.o
 .debug_aranges
                0x0000000000000840      0x138 ./Drivers/STM32WBxx_HAL_Driver/Src/stm32wbxx_hal_pcd.o
 .debug_aranges
                0x0000000000000978       0x58 ./Drivers/STM32WBxx_HAL_Driver/Src/stm32wbxx_hal_pcd_ex.o
 .debug_aranges
                0x00000000000009d0       0xd0 ./Drivers/STM32WBxx_HAL_Driver/Src/stm32wbxx_hal_pwr.o
 .debug_aranges
                0x0000000000000aa0      0x288 ./Drivers/STM32WBxx_HAL_Driver/Src/stm32wbxx_hal_pwr_ex.o
 .debug_aranges
                0x0000000000000d28      0x270 ./Drivers/STM32WBxx_HAL_Driver/Src/stm32wbxx_hal_rcc.o
 .debug_aranges
                0x0000000000000f98      0x390 ./Drivers/STM32WBxx_HAL_Driver/Src/stm32wbxx_hal_rcc_ex.o
 .debug_aranges
                0x0000000000001328       0xc8 ./Drivers/STM32WBxx_HAL_Driver/Src/stm32wbxx_ll_usb.o
 .debug_aranges
                0x00000000000013f0       0x90 ./Middlewares/ST/STM32_USB_Device_Library/Class/CDC/Src/usbd_cdc.o
 .debug_aranges
                0x0000000000001480       0xd8 ./Middlewares/ST/STM32_USB_Device_Library/Core/Src/usbd_core.o
 .debug_aranges
                0x0000000000001558       0x90 ./Middlewares/ST/STM32_USB_Device_Library/Core/Src/usbd_ctlreq.o
 .debug_aranges
                0x00000000000015e8       0x50 ./Middlewares/ST/STM32_USB_Device_Library/Core/Src/usbd_ioreq.o
 .debug_aranges
                0x0000000000001638       0x20 ./USB_Device/App/usb_device.o
 .debug_aranges
                0x0000000000001658       0x48 ./USB_Device/App/usbd_cdc_if.o
 .debug_aranges
                0x00000000000016a0       0x60 ./USB_Device/App/usbd_desc.o
 .debug_aranges
                0x0000000000001700      0x138 ./USB_Device/Target/usbd_conf.o

.debug_rnglists
                0x0000000000000000     0x1235
 .debug_rnglists
                0x0000000000000000       0x40 ./Core/Src/main.o
 .debug_rnglists
                0x0000000000000040       0x32 ./Core/Src/stm32wbxx_hal_msp.o
 .debug_rnglists
                0x0000000000000072       0x55 ./Core/Src/stm32wbxx_it.o
 .debug_rnglists
                0x00000000000000c7       0x1b ./Core/Src/system_stm32wbxx.o
 .debug_rnglists
                0x00000000000000e2       0x1f ./Core/Startup/startup_stm32wb55cgux.o
 .debug_rnglists
                0x0000000000000101      0x1db ./Drivers/STM32WBxx_HAL_Driver/Src/stm32wbxx_hal.o
 .debug_rnglists
                0x00000000000002dc       0xc2 ./Drivers/STM32WBxx_HAL_Driver/Src/stm32wbxx_hal_cortex.o
 .debug_rnglists
                0x000000000000039e       0x45 ./Drivers/STM32WBxx_HAL_Driver/Src/stm32wbxx_hal_gpio.o
 .debug_rnglists
                0x00000000000003e3      0x228 ./Drivers/STM32WBxx_HAL_Driver/Src/stm32wbxx_hal_i2c.o
 .debug_rnglists
                0x000000000000060b       0x35 ./Drivers/STM32WBxx_HAL_Driver/Src/stm32wbxx_hal_i2c_ex.o
 .debug_rnglists
                0x0000000000000640       0xee ./Drivers/STM32WBxx_HAL_Driver/Src/stm32wbxx_hal_pcd.o
 .debug_rnglists
                0x000000000000072e       0x3f ./Drivers/STM32WBxx_HAL_Driver/Src/stm32wbxx_hal_pcd_ex.o
 .debug_rnglists
                0x000000000000076d       0x99 ./Drivers/STM32WBxx_HAL_Driver/Src/stm32wbxx_hal_pwr.o
 .debug_rnglists
                0x0000000000000806      0x1e8 ./Drivers/STM32WBxx_HAL_Driver/Src/stm32wbxx_hal_pwr_ex.o
 .debug_rnglists
                0x00000000000009ee      0x1d6 ./Drivers/STM32WBxx_HAL_Driver/Src/stm32wbxx_hal_rcc.o
 .debug_rnglists
                0x0000000000000bc4      0x2b6 ./Drivers/STM32WBxx_HAL_Driver/Src/stm32wbxx_hal_rcc_ex.o
 .debug_rnglists
                0x0000000000000e7a       0x99 ./Drivers/STM32WBxx_HAL_Driver/Src/stm32wbxx_ll_usb.o
 .debug_rnglists
                0x0000000000000f13       0x6c ./Middlewares/ST/STM32_USB_Device_Library/Class/CDC/Src/usbd_cdc.o
 .debug_rnglists
                0x0000000000000f7f       0xa1 ./Middlewares/ST/STM32_USB_Device_Library/Core/Src/usbd_core.o
 .debug_rnglists
                0x0000000000001020       0x6e ./Middlewares/ST/STM32_USB_Device_Library/Core/Src/usbd_ctlreq.o
 .debug_rnglists
                0x000000000000108e       0x37 ./Middlewares/ST/STM32_USB_Device_Library/Core/Src/usbd_ioreq.o
 .debug_rnglists
                0x00000000000010c5       0x13 ./USB_Device/App/usb_device.o
 .debug_rnglists
                0x00000000000010d8       0x33 ./USB_Device/App/usbd_cdc_if.o
 .debug_rnglists
                0x000000000000110b       0x43 ./USB_Device/App/usbd_desc.o
 .debug_rnglists
                0x000000000000114e       0xe7 ./USB_Device/Target/usbd_conf.o

.debug_macro    0x0000000000000000    0x23dbd
 .debug_macro   0x0000000000000000      0x3aa ./Core/Src/main.o
 .debug_macro   0x00000000000003aa      0xaa8 ./Core/Src/main.o
 .debug_macro   0x0000000000000e52      0x130 ./Core/Src/main.o
 .debug_macro   0x0000000000000f82       0x2e ./Core/Src/main.o
 .debug_macro   0x0000000000000fb0       0x2e ./Core/Src/main.o
 .debug_macro   0x0000000000000fde       0x22 ./Core/Src/main.o
 .debug_macro   0x0000000000001000       0x8e ./Core/Src/main.o
 .debug_macro   0x000000000000108e       0x51 ./Core/Src/main.o
 .debug_macro   0x00000000000010df      0x103 ./Core/Src/main.o
 .debug_macro   0x00000000000011e2       0x6a ./Core/Src/main.o
 .debug_macro   0x000000000000124c      0x1df ./Core/Src/main.o
 .debug_macro   0x000000000000142b       0x1c ./Core/Src/main.o
 .debug_macro   0x0000000000001447       0x22 ./Core/Src/main.o
 .debug_macro   0x0000000000001469       0xfb ./Core/Src/main.o
 .debug_macro   0x0000000000001564     0x1011 ./Core/Src/main.o
 .debug_macro   0x0000000000002575      0x11f ./Core/Src/main.o
 .debug_macro   0x0000000000002694    0x12adb ./Core/Src/main.o
 .debug_macro   0x000000000001516f       0x6c ./Core/Src/main.o
 .debug_macro   0x00000000000151db     0x34cc ./Core/Src/main.o
 .debug_macro   0x00000000000186a7      0x174 ./Core/Src/main.o
 .debug_macro   0x000000000001881b       0x5c ./Core/Src/main.o
 .debug_macro   0x0000000000018877      0x3f5 ./Core/Src/main.o
 .debug_macro   0x0000000000018c6c      0x286 ./Core/Src/main.o
 .debug_macro   0x0000000000018ef2      0x30d ./Core/Src/main.o
 .debug_macro   0x00000000000191ff      0x17e ./Core/Src/main.o
 .debug_macro   0x000000000001937d       0x43 ./Core/Src/main.o
 .debug_macro   0x00000000000193c0      0x236 ./Core/Src/main.o
 .debug_macro   0x00000000000195f6      0x24a ./Core/Src/main.o
 .debug_macro   0x0000000000019840      0x57b ./Core/Src/main.o
 .debug_macro   0x0000000000019dbb       0x2e ./Core/Src/main.o
 .debug_macro   0x0000000000019de9      0x100 ./Core/Src/main.o
 .debug_macro   0x0000000000019ee9      0x1ba ./Core/Src/main.o
 .debug_macro   0x000000000001a0a3      0x1cd ./Core/Src/main.o
 .debug_macro   0x000000000001a270      0x22c ./Core/Src/main.o
 .debug_macro   0x000000000001a49c       0x55 ./Core/Src/main.o
 .debug_macro   0x000000000001a4f1       0xa5 ./Core/Src/main.o
 .debug_macro   0x000000000001a596       0x73 ./Core/Src/main.o
 .debug_macro   0x000000000001a609      0x22d ./Core/Src/main.o
 .debug_macro   0x000000000001a836      0x381 ./Core/Src/main.o
 .debug_macro   0x000000000001abb7      0x13d ./Core/Src/main.o
 .debug_macro   0x000000000001acf4      0x141 ./Core/Src/main.o
 .debug_macro   0x000000000001ae35      0x4ff ./Core/Src/main.o
 .debug_macro   0x000000000001b334      0x874 ./Core/Src/main.o
 .debug_macro   0x000000000001bba8      0x259 ./Core/Src/main.o
 .debug_macro   0x000000000001be01     0x1bb1 ./Core/Src/main.o
 .debug_macro   0x000000000001d9b2       0xe4 ./Core/Src/main.o
 .debug_macro   0x000000000001da96      0x5e7 ./Core/Src/main.o
 .debug_macro   0x000000000001e07d      0x557 ./Core/Src/main.o
 .debug_macro   0x000000000001e5d4      0x433 ./Core/Src/main.o
 .debug_macro   0x000000000001ea07       0x64 ./Core/Src/main.o
 .debug_macro   0x000000000001ea6b       0x61 ./Core/Src/main.o
 .debug_macro   0x000000000001eacc       0x2a ./Core/Src/main.o
 .debug_macro   0x000000000001eaf6       0x43 ./Core/Src/main.o
 .debug_macro   0x000000000001eb39       0x34 ./Core/Src/main.o
 .debug_macro   0x000000000001eb6d       0x16 ./Core/Src/main.o
 .debug_macro   0x000000000001eb83       0x35 ./Core/Src/main.o
 .debug_macro   0x000000000001ebb8      0x369 ./Core/Src/main.o
 .debug_macro   0x000000000001ef21       0x10 ./Core/Src/main.o
 .debug_macro   0x000000000001ef31       0x16 ./Core/Src/main.o
 .debug_macro   0x000000000001ef47       0x43 ./Core/Src/main.o
 .debug_macro   0x000000000001ef8a       0x34 ./Core/Src/main.o
 .debug_macro   0x000000000001efbe       0x10 ./Core/Src/main.o
 .debug_macro   0x000000000001efce       0x58 ./Core/Src/main.o
 .debug_macro   0x000000000001f026       0x8e ./Core/Src/main.o
 .debug_macro   0x000000000001f0b4       0x1c ./Core/Src/main.o
 .debug_macro   0x000000000001f0d0      0x177 ./Core/Src/main.o
 .debug_macro   0x000000000001f247       0x16 ./Core/Src/main.o
 .debug_macro   0x000000000001f25d       0x16 ./Core/Src/main.o
 .debug_macro   0x000000000001f273      0x147 ./Core/Src/main.o
 .debug_macro   0x000000000001f3ba       0x16 ./Core/Src/main.o
 .debug_macro   0x000000000001f3d0       0x16 ./Core/Src/main.o
 .debug_macro   0x000000000001f3e6       0x29 ./Core/Src/main.o
 .debug_macro   0x000000000001f40f       0x16 ./Core/Src/main.o
 .debug_macro   0x000000000001f425       0x20 ./Core/Src/main.o
 .debug_macro   0x000000000001f445       0x5f ./Core/Src/main.o
 .debug_macro   0x000000000001f4a4      0x20f ./Core/Src/main.o
 .debug_macro   0x000000000001f6b3      0x246 ./Core/Src/stm32wbxx_hal_msp.o
 .debug_macro   0x000000000001f8f9      0x250 ./Core/Src/stm32wbxx_it.o
 .debug_macro   0x000000000001fb49      0x237 ./Core/Src/system_stm32wbxx.o
 .debug_macro   0x000000000001fd80      0x25b ./Drivers/STM32WBxx_HAL_Driver/Src/stm32wbxx_hal.o
 .debug_macro   0x000000000001ffdb      0x237 ./Drivers/STM32WBxx_HAL_Driver/Src/stm32wbxx_hal_cortex.o
 .debug_macro   0x0000000000020212      0x23e ./Drivers/STM32WBxx_HAL_Driver/Src/stm32wbxx_hal_gpio.o
 .debug_macro   0x0000000000020450      0x303 ./Drivers/STM32WBxx_HAL_Driver/Src/stm32wbxx_hal_i2c.o
 .debug_macro   0x0000000000020753      0x237 ./Drivers/STM32WBxx_HAL_Driver/Src/stm32wbxx_hal_i2c_ex.o
 .debug_macro   0x000000000002098a      0x243 ./Drivers/STM32WBxx_HAL_Driver/Src/stm32wbxx_hal_pcd.o
 .debug_macro   0x0000000000020bcd      0x237 ./Drivers/STM32WBxx_HAL_Driver/Src/stm32wbxx_hal_pcd_ex.o
 .debug_macro   0x0000000000020e04      0x2a9 ./Drivers/STM32WBxx_HAL_Driver/Src/stm32wbxx_hal_pwr.o
 .debug_macro   0x00000000000210ad      0x249 ./Drivers/STM32WBxx_HAL_Driver/Src/stm32wbxx_hal_pwr_ex.o
 .debug_macro   0x00000000000212f6      0x2a9 ./Drivers/STM32WBxx_HAL_Driver/Src/stm32wbxx_hal_rcc.o
 .debug_macro   0x000000000002159f      0x28c ./Drivers/STM32WBxx_HAL_Driver/Src/stm32wbxx_hal_rcc_ex.o
 .debug_macro   0x000000000002182b      0x237 ./Drivers/STM32WBxx_HAL_Driver/Src/stm32wbxx_ll_usb.o
 .debug_macro   0x0000000000021a62      0x3c6 ./Middlewares/ST/STM32_USB_Device_Library/Class/CDC/Src/usbd_cdc.o
 .debug_macro   0x0000000000021e28       0x97 ./Middlewares/ST/STM32_USB_Device_Library/Class/CDC/Src/usbd_cdc.o
 .debug_macro   0x0000000000021ebf       0xfd ./Middlewares/ST/STM32_USB_Device_Library/Class/CDC/Src/usbd_cdc.o
 .debug_macro   0x0000000000021fbc       0x56 ./Middlewares/ST/STM32_USB_Device_Library/Class/CDC/Src/usbd_cdc.o
 .debug_macro   0x0000000000022012       0x95 ./Middlewares/ST/STM32_USB_Device_Library/Class/CDC/Src/usbd_cdc.o
 .debug_macro   0x00000000000220a7      0x3ad ./Middlewares/ST/STM32_USB_Device_Library/Core/Src/usbd_core.o
 .debug_macro   0x0000000000022454      0x215 ./Middlewares/ST/STM32_USB_Device_Library/Core/Src/usbd_core.o
 .debug_macro   0x0000000000022669      0x3b7 ./Middlewares/ST/STM32_USB_Device_Library/Core/Src/usbd_ctlreq.o
 .debug_macro   0x0000000000022a20      0x3b3 ./Middlewares/ST/STM32_USB_Device_Library/Core/Src/usbd_ioreq.o
 .debug_macro   0x0000000000022dd3      0x3ec ./USB_Device/App/usb_device.o
 .debug_macro   0x00000000000231bf       0x22 ./USB_Device/App/usb_device.o
 .debug_macro   0x00000000000231e1       0x16 ./USB_Device/App/usb_device.o
 .debug_macro   0x00000000000231f7      0x3d1 ./USB_Device/App/usbd_cdc_if.o
 .debug_macro   0x00000000000235c8       0x10 ./USB_Device/App/usbd_cdc_if.o
 .debug_macro   0x00000000000235d8      0x3ea ./USB_Device/App/usbd_desc.o
 .debug_macro   0x00000000000239c2       0x1c ./USB_Device/App/usbd_desc.o
 .debug_macro   0x00000000000239de      0x3df ./USB_Device/Target/usbd_conf.o

.debug_line     0x0000000000000000    0x1859e
 .debug_line    0x0000000000000000      0xbce ./Core/Src/main.o
 .debug_line    0x0000000000000bce      0x8d2 ./Core/Src/stm32wbxx_hal_msp.o
 .debug_line    0x00000000000014a0      0x91e ./Core/Src/stm32wbxx_it.o
 .debug_line    0x0000000000001dbe      0x8b4 ./Core/Src/system_stm32wbxx.o
 .debug_line    0x0000000000002672       0x83 ./Core/Startup/startup_stm32wb55cgux.o
 .debug_line    0x00000000000026f5     0x1099 ./Drivers/STM32WBxx_HAL_Driver/Src/stm32wbxx_hal.o
 .debug_line    0x000000000000378e      0xd63 ./Drivers/STM32WBxx_HAL_Driver/Src/stm32wbxx_hal_cortex.o
 .debug_line    0x00000000000044f1      0xc44 ./Drivers/STM32WBxx_HAL_Driver/Src/stm32wbxx_hal_gpio.o
 .debug_line    0x0000000000005135     0x3a39 ./Drivers/STM32WBxx_HAL_Driver/Src/stm32wbxx_hal_i2c.o
 .debug_line    0x0000000000008b6e      0xa2f ./Drivers/STM32WBxx_HAL_Driver/Src/stm32wbxx_hal_i2c_ex.o
 .debug_line    0x000000000000959d     0x1446 ./Drivers/STM32WBxx_HAL_Driver/Src/stm32wbxx_hal_pcd.o
 .debug_line    0x000000000000a9e3      0x97c ./Drivers/STM32WBxx_HAL_Driver/Src/stm32wbxx_hal_pcd_ex.o
 .debug_line    0x000000000000b35f      0xabe ./Drivers/STM32WBxx_HAL_Driver/Src/stm32wbxx_hal_pwr.o
 .debug_line    0x000000000000be1d     0x1202 ./Drivers/STM32WBxx_HAL_Driver/Src/stm32wbxx_hal_pwr_ex.o
 .debug_line    0x000000000000d01f     0x18b1 ./Drivers/STM32WBxx_HAL_Driver/Src/stm32wbxx_hal_rcc.o
 .debug_line    0x000000000000e8d0     0x1d3b ./Drivers/STM32WBxx_HAL_Driver/Src/stm32wbxx_hal_rcc_ex.o
 .debug_line    0x000000000001060b     0x10dc ./Drivers/STM32WBxx_HAL_Driver/Src/stm32wbxx_ll_usb.o
 .debug_line    0x00000000000116e7      0xf8f ./Middlewares/ST/STM32_USB_Device_Library/Class/CDC/Src/usbd_cdc.o
 .debug_line    0x0000000000012676     0x100c ./Middlewares/ST/STM32_USB_Device_Library/Core/Src/usbd_core.o
 .debug_line    0x0000000000013682     0x1216 ./Middlewares/ST/STM32_USB_Device_Library/Core/Src/usbd_ctlreq.o
 .debug_line    0x0000000000014898      0xb23 ./Middlewares/ST/STM32_USB_Device_Library/Core/Src/usbd_ioreq.o
 .debug_line    0x00000000000153bb      0xadf ./USB_Device/App/usb_device.o
 .debug_line    0x0000000000015e9a      0xb66 ./USB_Device/App/usbd_cdc_if.o
 .debug_line    0x0000000000016a00      0xba8 ./USB_Device/App/usbd_desc.o
 .debug_line    0x00000000000175a8      0xff6 ./USB_Device/Target/usbd_conf.o

.debug_str      0x0000000000000000    0xd7357
 .debug_str     0x0000000000000000    0xd0f75 ./Core/Src/main.o
                                      0xd1c35 (size before relaxing)
 .debug_str     0x00000000000d0f75       0x96 ./Core/Src/stm32wbxx_hal_msp.o
                                      0xcd26a (size before relaxing)
 .debug_str     0x00000000000d100b      0x3fd ./Core/Src/stm32wbxx_it.o
                                      0xccc75 (size before relaxing)
 .debug_str     0x00000000000d1408      0x105 ./Core/Src/system_stm32wbxx.o
                                      0xcc933 (size before relaxing)
 .debug_str     0x00000000000d150d       0x34 ./Core/Startup/startup_stm32wb55cgux.o
                                         0x72 (size before relaxing)