Archive member included to satisfy reference by file (symbol)

C:/ST/STM32CubeIDE_1.14.1/STM32CubeIDE/plugins/com.st.stm32cube.ide.mcu.externaltools.gnu-tools-for-stm32.11.3.rel1.win32_1.1.100.202309141235/tools/bin/../lib/gcc/arm-none-eabi/11.3.1/../../../../arm-none-eabi/lib/thumb/v7e-m+fp/hard\libc_nano.a(libc_a-exit.o)
                              C:/ST/STM32CubeIDE_1.14.1/STM32CubeIDE/plugins/com.st.stm32cube.ide.mcu.externaltools.gnu-tools-for-stm32.11.3.rel1.win32_1.1.100.202309141235/tools/bin/../lib/gcc/arm-none-eabi/11.3.1/../../../../arm-none-eabi/lib/thumb/v7e-m+fp/hard/crt0.o (exit)
C:/ST/STM32CubeIDE_1.14.1/STM32CubeIDE/plugins/com.st.stm32cube.ide.mcu.externaltools.gnu-tools-for-stm32.11.3.rel1.win32_1.1.100.202309141235/tools/bin/../lib/gcc/arm-none-eabi/11.3.1/../../../../arm-none-eabi/lib/thumb/v7e-m+fp/hard\libc_nano.a(libc_a-findfp.o)
                              C:/ST/STM32CubeIDE_1.14.1/STM32CubeIDE/plugins/com.st.stm32cube.ide.mcu.externaltools.gnu-tools-for-stm32.11.3.rel1.win32_1.1.100.202309141235/tools/bin/../lib/gcc/arm-none-eabi/11.3.1/../../../../arm-none-eabi/lib/thumb/v7e-m+fp/hard\libc_nano.a(libc_a-exit.o) (__stdio_exit_handler)
C:/ST/STM32CubeIDE_1.14.1/STM32CubeIDE/plugins/com.st.stm32cube.ide.mcu.externaltools.gnu-tools-for-stm32.11.3.rel1.win32_1.1.100.202309141235/tools/bin/../lib/gcc/arm-none-eabi/11.3.1/../../../../arm-none-eabi/lib/thumb/v7e-m+fp/hard\libc_nano.a(libc_a-fwalk.o)
                              C:/ST/STM32CubeIDE_1.14.1/STM32CubeIDE/plugins/com.st.stm32cube.ide.mcu.externaltools.gnu-tools-for-stm32.11.3.rel1.win32_1.1.100.202309141235/tools/bin/../lib/gcc/arm-none-eabi/11.3.1/../../../../arm-none-eabi/lib/thumb/v7e-m+fp/hard\libc_nano.a(libc_a-findfp.o) (_fwalk_sglue)
C:/ST/STM32CubeIDE_1.14.1/STM32CubeIDE/plugins/com.st.stm32cube.ide.mcu.externaltools.gnu-tools-for-stm32.11.3.rel1.win32_1.1.100.202309141235/tools/bin/../lib/gcc/arm-none-eabi/11.3.1/../../../../arm-none-eabi/lib/thumb/v7e-m+fp/hard\libc_nano.a(libc_a-stdio.o)
                              C:/ST/STM32CubeIDE_1.14.1/STM32CubeIDE/plugins/com.st.stm32cube.ide.mcu.externaltools.gnu-tools-for-stm32.11.3.rel1.win32_1.1.100.202309141235/tools/bin/../lib/gcc/arm-none-eabi/11.3.1/../../../../arm-none-eabi/lib/thumb/v7e-m+fp/hard\libc_nano.a(libc_a-findfp.o) (__sread)
C:/ST/STM32CubeIDE_1.14.1/STM32CubeIDE/plugins/com.st.stm32cube.ide.mcu.externaltools.gnu-tools-for-stm32.11.3.rel1.win32_1.1.100.202309141235/tools/bin/../lib/gcc/arm-none-eabi/11.3.1/../../../../arm-none-eabi/lib/thumb/v7e-m+fp/hard\libc_nano.a(libc_a-memset.o)
                              C:/ST/STM32CubeIDE_1.14.1/STM32CubeIDE/plugins/com.st.stm32cube.ide.mcu.externaltools.gnu-tools-for-stm32.11.3.rel1.win32_1.1.100.202309141235/tools/bin/../lib/gcc/arm-none-eabi/11.3.1/../../../../arm-none-eabi/lib/thumb/v7e-m+fp/hard/crt0.o (memset)
C:/ST/STM32CubeIDE_1.14.1/STM32CubeIDE/plugins/com.st.stm32cube.ide.mcu.externaltools.gnu-tools-for-stm32.11.3.rel1.win32_1.1.100.202309141235/tools/bin/../lib/gcc/arm-none-eabi/11.3.1/../../../../arm-none-eabi/lib/thumb/v7e-m+fp/hard\libc_nano.a(libc_a-closer.o)
                              C:/ST/STM32CubeIDE_1.14.1/STM32CubeIDE/plugins/com.st.stm32cube.ide.mcu.externaltools.gnu-tools-for-stm32.11.3.rel1.win32_1.1.100.202309141235/tools/bin/../lib/gcc/arm-none-eabi/11.3.1/../../../../arm-none-eabi/lib/thumb/v7e-m+fp/hard\libc_nano.a(libc_a-stdio.o) (_close_r)
C:/ST/STM32CubeIDE_1.14.1/STM32CubeIDE/plugins/com.st.stm32cube.ide.mcu.externaltools.gnu-tools-for-stm32.11.3.rel1.win32_1.1.100.202309141235/tools/bin/../lib/gcc/arm-none-eabi/11.3.1/../../../../arm-none-eabi/lib/thumb/v7e-m+fp/hard\libc_nano.a(libc_a-reent.o)
                              C:/ST/STM32CubeIDE_1.14.1/STM32CubeIDE/plugins/com.st.stm32cube.ide.mcu.externaltools.gnu-tools-for-stm32.11.3.rel1.win32_1.1.100.202309141235/tools/bin/../lib/gcc/arm-none-eabi/11.3.1/../../../../arm-none-eabi/lib/thumb/v7e-m+fp/hard\libc_nano.a(libc_a-closer.o) (errno)
C:/ST/STM32CubeIDE_1.14.1/STM32CubeIDE/plugins/com.st.stm32cube.ide.mcu.externaltools.gnu-tools-for-stm32.11.3.rel1.win32_1.1.100.202309141235/tools/bin/../lib/gcc/arm-none-eabi/11.3.1/../../../../arm-none-eabi/lib/thumb/v7e-m+fp/hard\libc_nano.a(libc_a-impure.o)
                              C:/ST/STM32CubeIDE_1.14.1/STM32CubeIDE/plugins/com.st.stm32cube.ide.mcu.externaltools.gnu-tools-for-stm32.11.3.rel1.win32_1.1.100.202309141235/tools/bin/../lib/gcc/arm-none-eabi/11.3.1/../../../../arm-none-eabi/lib/thumb/v7e-m+fp/hard\libc_nano.a(libc_a-reent.o) (_impure_ptr)
C:/ST/STM32CubeIDE_1.14.1/STM32CubeIDE/plugins/com.st.stm32cube.ide.mcu.externaltools.gnu-tools-for-stm32.11.3.rel1.win32_1.1.100.202309141235/tools/bin/../lib/gcc/arm-none-eabi/11.3.1/../../../../arm-none-eabi/lib/thumb/v7e-m+fp/hard\libc_nano.a(libc_a-lseekr.o)
[...]
Memory Configuration

Name             Origin             Length             Attributes
FLASH            0x0000000008000000 0x0000000000080000 xr
RAM              0x0000000020000008 0x000000000002fff8 xrw
RAM_SHARED       0x0000000020030000 0x0000000000002800 xrw
*default*        0x0000000000000000 0xffffffffffffffff

Linker script and memory map

LOAD C:/ST/STM32CubeIDE_1.14.1/STM32CubeIDE/plugins/com.st.stm32cube.ide.mcu.externaltools.gnu-tools-for-stm32.11.3.rel1.win32_1.1.100.202309141235/tools/bin/../lib/gcc/arm-none-eabi/11.3.1/thumb/v7e-m+fp/hard/crti.o
LOAD C:/ST/STM32CubeIDE_1.14.1/STM32CubeIDE/plugins/com.st.stm32cube.ide.mcu.externaltools.gnu-tools-for-stm32.11.3.rel1.win32_1.1.100.202309141235/tools/bin/../lib/gcc/arm-none-eabi/11.3.1/thumb/v7e-m+fp/hard/crtbegin.o
LOAD C:/ST/STM32CubeIDE_1.14.1/STM32CubeIDE/plugins/com.st.stm32cube.ide.mcu.externaltools.gnu-tools-for-stm32.11.3.rel1.win32_1.1.100.202309141235/tools/bin/../lib/gcc/arm-none-eabi/11.3.1/../../../../arm-none-eabi/lib/thumb/v7e-m+fp/hard/crt0.o
LOAD ./Core/Src/main.o
LOAD ./Core/Src/stm32wbxx_hal_msp.o
LOAD ./Core/Src/stm32wbxx_it.o
LOAD ./Core/Src/syscalls.o
LOAD ./Core/Src/sysmem.o
LOAD ./Core/Src/system_stm32wbxx.o
LOAD ./Core/Startup/startup_stm32wb55cgux.o
LOAD ./Drivers/STM32WBxx_HAL_Driver/Src/stm32wbxx_hal.o
LOAD ./Drivers/STM32WBxx_HAL_Driver/Src/stm32wbxx_hal_cortex.o
LOAD ./Drivers/STM32WBxx_HAL_Driver/Src/stm32wbxx_hal_dma.o
LOAD ./Drivers/STM32WBxx_HAL_Driver/Src/stm32wbxx_hal_dma_ex.o
LOAD ./Drivers/STM32WBxx_HAL_Driver/Src/stm32wbxx_hal_exti.o
LOAD ./Drivers/STM32WBxx_HAL_Driver/Src/stm32wbxx_hal_flash.o
LOAD ./Drivers/STM32WBxx_HAL_Driver/Src/stm32wbxx_hal_flash_ex.o
LOAD ./Drivers/STM32WBxx_HAL_Driver/Src/stm32wbxx_hal_gpio.o
LOAD ./Drivers/STM32WBxx_HAL_Driver/Src/stm32wbxx_hal_hsem.o
LOAD ./Drivers/STM32WBxx_HAL_Driver/Src/stm32wbxx_hal_i2c.o
LOAD ./Drivers/STM32WBxx_HAL_Driver/Src/stm32wbxx_hal_i2c_ex.o
LOAD ./Drivers/STM32WBxx_HAL_Driver/Src/stm32wbxx_hal_pcd.o
LOAD ./Drivers/STM32WBxx_HAL_Driver/Src/stm32wbxx_hal_pcd_ex.o
LOAD ./Drivers/STM32WBxx_HAL_Driver/Src/stm32wbxx_hal_pwr.o
LOAD ./Drivers/STM32WBxx_HAL_Driver/Src/stm32wbxx_hal_pwr_ex.o
LOAD ./Drivers/STM32WBxx_HAL_Driver/Src/stm32wbxx_hal_rcc.o
LOAD ./Drivers/STM32WBxx_HAL_Driver/Src/stm32wbxx_hal_rcc_ex.o
LOAD ./Drivers/STM32WBxx_HAL_Driver/Src/stm32wbxx_hal_tim.o
LOAD ./Drivers/STM32WBxx_HAL_Driver/Src/stm32wbxx_hal_tim_ex.o
LOAD ./Drivers/STM32WBxx_HAL_Driver/Src/stm32wbxx_ll_rcc.o
LOAD ./Drivers/STM32WBxx_HAL_Driver/Src/stm32wbxx_ll_usb.o
LOAD ./Middlewares/ST/STM32_USB_Device_Library/Class/CDC/Src/usbd_cdc.o
LOAD ./Middlewares/ST/STM32_USB_Device_Library/Core/Src/usbd_core.o
LOAD ./Middlewares/ST/STM32_USB_Device_Library/Core/Src/usbd_ctlreq.o
LOAD ./Middlewares/ST/STM32_USB_Device_Library/Core/Src/usbd_ioreq.o
LOAD ./USB_Device/App/usb_device.o
LOAD ./USB_Device/App/usbd_cdc_if.o
LOAD ./USB_Device/App/usbd_desc.o
LOAD ./USB_Device/Target/usbd_conf.o
START GROUP
LOAD C:/ST/STM32CubeIDE_1.14.1/STM32CubeIDE/plugins/com.st.stm32cube.ide.mcu.externaltools.gnu-tools-for-stm32.11.3.rel1.win32_1.1.100.202309141235/tools/bin/../lib/gcc/arm-none-eabi/11.3.1/../../../../arm-none-eabi/lib/thumb/v7e-m+fp/hard\libc_nano.a
LOAD C:/ST/STM32CubeIDE_1.14.1/STM32CubeIDE/plugins/com.st.stm32cube.ide.mcu.externaltools.gnu-tools-for-stm32.11.3.rel1.win32_1.1.100.202309141235/tools/bin/../lib/gcc/arm-none-eabi/11.3.1/../../../../arm-none-eabi/lib/thumb/v7e-m+fp/hard\libm.a
END GROUP
START GROUP
LOAD C:/ST/STM32CubeIDE_1.14.1/STM32CubeIDE/plugins/com.st.stm32cube.ide.mcu.externaltools.gnu-tools-for-stm32.11.3.rel1.win32_1.1.100.202309141235/tools/bin/../lib/gcc/arm-none-eabi/11.3.1/thumb/v7e-m+fp/hard\libgcc.a
LOAD C:/ST/STM32CubeIDE_1.14.1/STM32CubeIDE/plugins/com.st.stm32cube.ide.mcu.externaltools.gnu-tools-for-stm32.11.3.rel1.win32_1.1.100.202309141235/tools/bin/../lib/gcc/arm-none-eabi/11.3.1/../../../../arm-none-eabi/lib/thumb/v7e-m+fp/hard\libc_nano.a
END GROUP
START GROUP
LOAD C:/ST/STM32CubeIDE_1.14.1/STM32CubeIDE/plugins/com.st.stm32cube.ide.mcu.externaltools.gnu-tools-for-stm32.11.3.rel1.win32_1.1.100.202309141235/tools/bin/../lib/gcc/arm-none-eabi/11.3.1/thumb/v7e-m+fp/hard\libgcc.a
LOAD C:/ST/STM32CubeIDE_1.14.1/STM32CubeIDE/plugins/com.st.stm32cube.ide.mcu.externaltools.gnu-tools-for-stm32.11.3.rel1.win32_1.1.100.202309141235/tools/bin/../lib/gcc/arm-none-eabi/11.3.1/../../../../arm-none-eabi/lib/thumb/v7e-m+fp/hard\libc_nano.a
LOAD C:/ST/STM32CubeIDE_1.14.1/STM32CubeIDE/plugins/com.st.stm32cube.ide.mcu.externaltools.gnu-tools-for-stm32.11.3.rel1.win32_1.1.100.202309141235/tools/bin/../lib/gcc/arm-none-eabi/11.3.1/../../../../arm-none-eabi/lib/thumb/v7e-m+fp/hard\libnosys.a
END GROUP
START GROUP
LOAD C:/ST/STM32CubeIDE_1.14.1/STM32CubeIDE/plugins/com.st.stm32cube.ide.mcu.externaltools.gnu-tools-for-stm32.11.3.rel1.win32_1.1.100.202309141235/tools/bin/../lib/gcc/arm-none-eabi/11.3.1/thumb/v7e-m+fp/hard\libgcc.a
LOAD C:/ST/STM32CubeIDE_1.14.1/STM32CubeIDE/plugins/com.st.stm32cube.ide.mcu.externaltools.gnu-tools-for-stm32.11.3.rel1.win32_1.1.100.202309141235/tools/bin/../lib/gcc/arm-none-eabi/11.3.1/../../../../arm-none-eabi/lib/thumb/v7e-m+fp/hard\libc_nano.a
LOAD C:/ST/STM32CubeIDE_1.14.1/STM32CubeIDE/plugins/com.st.stm32cube.ide.mcu.externaltools.gnu-tools-for-stm32.11.3.rel1.win32_1.1.100.202309141235/tools/bin/../lib/gcc/arm-none-eabi/11.3.1/../../../../arm-none-eabi/lib/thumb/v7e-m+fp/hard\libnosys.a
END GROUP
LOAD C:/ST/STM32CubeIDE_1.14.1/STM32CubeIDE/plugins/com.st.stm32cube.ide.mcu.externaltools.gnu-tools-for-stm32.11.3.rel1.win32_1.1.100.202309141235/tools/bin/../lib/gcc/arm-none-eabi/11.3.1/thumb/v7e-m+fp/hard/crtend.o
LOAD C:/ST/STM32CubeIDE_1.14.1/STM32CubeIDE/plugins/com.st.stm32cube.ide.mcu.externaltools.gnu-tools-for-stm32.11.3.rel1.win32_1.1.100.202309141235/tools/bin/../lib/gcc/arm-none-eabi/11.3.1/thumb/v7e-m+fp/hard/crtn.o
                0x0000000020030000                _estack = (ORIGIN (RAM) + LENGTH (RAM))
                0x0000000000000200                _Min_Heap_Size = 0x200
                0x0000000000000400                _Min_Stack_Size = 0x400

.isr_vector     0x0000000008000000      0x13c
                0x0000000008000000                . = ALIGN (0x4)
 *(.isr_vector)
 .isr_vector    0x0000000008000000      0x13c ./Core/Startup/startup_stm32wb55cgux.o
                0x0000000008000000                g_pfnVectors
                0x000000000800013c                . = ALIGN (0x4)

.text           0x000000000800013c     0x93a8
                0x000000000800013c                . = ALIGN (0x4)
 *(.text)
 .text          0x000000000800013c       0x40 C:/ST/STM32CubeIDE_1.14.1/STM32CubeIDE/plugins/com.st.stm32cube.ide.mcu.externaltools.gnu-tools-for-stm32.11.3.rel1.win32_1.1.100.202309141235/tools/bin/../lib/gcc/arm-none-eabi/11.3.1/thumb/v7e-m+fp/hard/crtbegin.o
 *(.text*)
 .text.LL_AHB2_GRP1_EnableClock
                0x000000000800017c       0x32 ./Core/Src/main.o
 .text.main     0x00000000080001ae       0x1e ./Core/Src/main.o
                0x00000000080001ae                main
 .text.SystemClock_Config
                0x00000000080001cc       0xdc ./Core/Src/main.o
                0x00000000080001cc                SystemClock_Config
 .text.PeriphCommonClock_Config
                0x00000000080002a8       0x3a ./Core/Src/main.o
                0x00000000080002a8                PeriphCommonClock_Config
 *fill*         0x00000000080002e2        0x2 
 .text.MX_I2C1_Init
                0x00000000080002e4       0x80 ./Core/Src/main.o
 .text.MX_GPIO_Init
                0x0000000008000364       0x78 ./Core/Src/main.o
 .text.Error_Handler
                0x00000000080003dc        0xa ./Core/Src/main.o
                0x00000000080003dc                Error_Handler
 .text.LL_AHB2_GRP1_EnableClock
                0x00000000080003e6       0x32 ./Core/Src/stm32wbxx_hal_msp.o
 .text.LL_APB1_GRP1_EnableClock
                0x0000000008000418       0x32 ./Core/Src/stm32wbxx_hal_msp.o
 .text.HAL_MspInit
                0x000000000800044a        0xe ./Core/Src/stm32wbxx_hal_msp.o
                0x000000000800044a                HAL_MspInit
 .text.HAL_I2C_MspInit
                0x0000000008000458       0x8c ./Core/Src/stm32wbxx_hal_msp.o
                0x0000000008000458                HAL_I2C_MspInit
 .text.NMI_Handler
                0x00000000080004e4        0x6 ./Core/Src/stm32wbxx_it.o
                0x00000000080004e4                NMI_Handler
 .text.HardFault_Handler
                0x00000000080004ea        0x6 ./Core/Src/stm32wbxx_it.o
                0x00000000080004ea                HardFault_Handler
 .text.MemManage_Handler
                0x00000000080004f0        0x6 ./Core/Src/stm32wbxx_it.o
                0x00000000080004f0                MemManage_Handler
 .text.BusFault_Handler
                0x00000000080004f6        0x6 ./Core/Src/stm32wbxx_it.o
                0x00000000080004f6                BusFault_Handler
 .text.UsageFault_Handler
                0x00000000080004fc        0x6 ./Core/Src/stm32wbxx_it.o
                0x00000000080004fc                UsageFault_Handler
 .text.SVC_Handler
                0x0000000008000502        0xe ./Core/Src/stm32wbxx_it.o
                0x0000000008000502                SVC_Handler
 .text.DebugMon_Handler
                0x0000000008000510        0xe ./Core/Src/stm32wbxx_it.o
                0x0000000008000510                DebugMon_Handler
 .text.PendSV_Handler
                0x000000000800051e        0xe ./Core/Src/stm32wbxx_it.o
                0x000000000800051e                PendSV_Handler
 .text.SysTick_Handler
                0x000000000800052c        0xc ./Core/Src/stm32wbxx_it.o
                0x000000000800052c                SysTick_Handler
 .text.USB_LP_IRQHandler
                0x0000000008000538       0x14 ./Core/Src/stm32wbxx_it.o
                0x0000000008000538                USB_LP_IRQHandler
 .text.SystemInit
                0x000000000800054c       0xa4 ./Core/Src/system_stm32wbxx.o
                0x000000000800054c                SystemInit
 .text.data_initializers
                0x00000000080005f0       0x18 ./Core/Startup/startup_stm32wb55cgux.o
 .text.Reset_Handler
                0x0000000008000608       0x58 ./Core/Startup/startup_stm32wb55cgux.o
                0x0000000008000608                Reset_Handler
 .text.Default_Handler
                0x0000000008000660        0x2 ./Core/Startup/startup_stm32wb55cgux.o
                0x0000000008000660                RTC_Alarm_IRQHandler
                0x0000000008000660                EXTI2_IRQHandler
                0x0000000008000660                TIM1_CC_IRQHandler
                0x0000000008000660                TSC_IRQHandler
                0x0000000008000660                USB_HP_IRQHandler
                0x0000000008000660                EXTI3_IRQHandler
                0x0000000008000660                LPTIM2_IRQHandler
                0x0000000008000660                I2C3_ER_IRQHandler
                0x0000000008000660                EXTI0_IRQHandler
                0x0000000008000660                FPU_IRQHandler
                0x0000000008000660                TIM1_UP_TIM16_IRQHandler
                0x0000000008000660                AES1_IRQHandler
                0x0000000008000660                SPI1_IRQHandler
                0x0000000008000660                PWR_SOTF_BLEACT_802ACT_RFPHASE_IRQHandler
                0x0000000008000660                DMA2_Channel2_IRQHandler
                0x0000000008000660                DMA1_Channel4_IRQHandler
                0x0000000008000660                ADC1_IRQHandler
                0x0000000008000660                PKA_IRQHandler
                0x0000000008000660                DMA1_Channel7_IRQHandler
                0x0000000008000660                LCD_IRQHandler
                0x0000000008000660                IPCC_C1_TX_IRQHandler
                0x0000000008000660                DMA2_Channel1_IRQHandler
                0x0000000008000660                QUADSPI_IRQHandler
                0x0000000008000660                I2C1_EV_IRQHandler
                0x0000000008000660                DMAMUX1_OVR_IRQHandler
                0x0000000008000660                DMA1_Channel6_IRQHandler
                0x0000000008000660                DMA2_Channel4_IRQHandler
                0x0000000008000660                RCC_IRQHandler
                0x0000000008000660                DMA1_Channel1_IRQHandler
                0x0000000008000660                Default_Handler
                0x0000000008000660                DMA2_Channel7_IRQHandler
                0x0000000008000660                EXTI15_10_IRQHandler
                0x0000000008000660                IPCC_C1_RX_IRQHandler
                0x0000000008000660                C2SEV_PWR_C2H_IRQHandler
                0x0000000008000660                AES2_IRQHandler
                0x0000000008000660                I2C3_EV_IRQHandler
                0x0000000008000660                EXTI9_5_IRQHandler
                0x0000000008000660                RTC_WKUP_IRQHandler
                0x0000000008000660                PVD_PVM_IRQHandler
                0x0000000008000660                SPI2_IRQHandler
                0x0000000008000660                DMA2_Channel5_IRQHandler
                0x0000000008000660                CRS_IRQHandler
                0x0000000008000660                DMA1_Channel5_IRQHandler
                0x0000000008000660                EXTI4_IRQHandler
                0x0000000008000660                RNG_IRQHandler
                0x0000000008000660                TIM1_TRG_COM_TIM17_IRQHandler
                0x0000000008000660                TAMP_STAMP_LSECSS_IRQHandler
                0x0000000008000660                DMA1_Channel3_IRQHandler
                0x0000000008000660                COMP_IRQHandler
                0x0000000008000660                HSEM_IRQHandler
                0x0000000008000660                WWDG_IRQHandler
                0x0000000008000660                LPUART1_IRQHandler
                0x0000000008000660                DMA2_Channel6_IRQHandler
                0x0000000008000660                TIM2_IRQHandler
                0x0000000008000660                TIM1_BRK_IRQHandler
                0x0000000008000660                EXTI1_IRQHandler
                0x0000000008000660                DMA1_Channel2_IRQHandler
                0x0000000008000660                FLASH_IRQHandler
                0x0000000008000660                USART1_IRQHandler
                0x0000000008000660                I2C1_ER_IRQHandler
                0x0000000008000660                LPTIM1_IRQHandler
                0x0000000008000660                SAI1_IRQHandler
                0x0000000008000660                DMA2_Channel3_IRQHandler
 *fill*         0x0000000008000662        0x2 
 .text.HAL_Init
                0x0000000008000664       0x40 ./Drivers/STM32WBxx_HAL_Driver/Src/stm32wbxx_hal.o
                0x0000000008000664                HAL_Init
 .text.HAL_InitTick
                0x00000000080006a4       0x74 ./Drivers/STM32WBxx_HAL_Driver/Src/stm32wbxx_hal.o
                0x00000000080006a4                HAL_InitTick
 .text.HAL_IncTick
                0x0000000008000718       0x28 ./Drivers/STM32WBxx_HAL_Driver/Src/stm32wbxx_hal.o
                0x0000000008000718                HAL_IncTick
 .text.HAL_GetTick
                0x0000000008000740       0x18 ./Drivers/STM32WBxx_HAL_Driver/Src/stm32wbxx_hal.o
                0x0000000008000740                HAL_GetTick
 .text.HAL_GetTickPrio
                0x0000000008000758       0x18 ./Drivers/STM32WBxx_HAL_Driver/Src/stm32wbxx_hal.o
                0x0000000008000758                HAL_GetTickPrio
 .text.__NVIC_SetPriorityGrouping
                0x0000000008000770       0x48 ./Drivers/STM32WBxx_HAL_Driver/Src/stm32wbxx_hal_cortex.o
 .text.__NVIC_GetPriorityGrouping
                0x00000000080007b8       0x1c ./Drivers/STM32WBxx_HAL_Driver/Src/stm32wbxx_hal_cortex.o
 .text.__NVIC_EnableIRQ
                0x00000000080007d4       0x3c ./Drivers/STM32WBxx_HAL_Driver/Src/stm32wbxx_hal_cortex.o
 .text.__NVIC_SetPriority
                0x0000000008000810       0x54 ./Drivers/STM32WBxx_HAL_Driver/Src/stm32wbxx_hal_cortex.o
 .text.NVIC_EncodePriority
                0x0000000008000864       0x66 ./Drivers/STM32WBxx_HAL_Driver/Src/stm32wbxx_hal_cortex.o
 *fill*         0x00000000080008ca        0x2 
 .text.SysTick_Config
                0x00000000080008cc       0x44 ./Drivers/STM32WBxx_HAL_Driver/Src/stm32wbxx_hal_cortex.o
 .text.HAL_NVIC_SetPriorityGrouping
                0x0000000008000910       0x16 ./Drivers/STM32WBxx_HAL_Driver/Src/stm32wbxx_hal_cortex.o
                0x0000000008000910                HAL_NVIC_SetPriorityGrouping
 .text.HAL_NVIC_SetPriority
                0x0000000008000926       0x34 ./Drivers/STM32WBxx_HAL_Driver/Src/stm32wbxx_hal_cortex.o
                0x0000000008000926                HAL_NVIC_SetPriority
 .text.HAL_NVIC_EnableIRQ
                0x000000000800095a       0x1c ./Drivers/STM32WBxx_HAL_Driver/Src/stm32wbxx_hal_cortex.o
                0x000000000800095a                HAL_NVIC_EnableIRQ
 .text.HAL_SYSTICK_Config
                0x0000000008000976       0x18 ./Drivers/STM32WBxx_HAL_Driver/Src/stm32wbxx_hal_cortex.o
                0x0000000008000976                HAL_SYSTICK_Config
 *fill*         0x000000000800098e        0x2 
 .text.HAL_GPIO_Init
                0x0000000008000990      0x2e0 ./Drivers/STM32WBxx_HAL_Driver/Src/stm32wbxx_hal_gpio.o
                0x0000000008000990                HAL_GPIO_Init
 .text.HAL_GPIO_WritePin
                0x0000000008000c70       0x30 ./Drivers/STM32WBxx_HAL_Driver/Src/stm32wbxx_hal_gpio.o
                0x0000000008000c70                HAL_GPIO_WritePin
 .text.HAL_I2C_Init
                0x0000000008000ca0      0x136 ./Drivers/STM32WBxx_HAL_Driver/Src/stm32wbxx_hal_i2c.o
                0x0000000008000ca0                HAL_I2C_Init
 .text.HAL_I2CEx_ConfigAnalogFilter
                0x0000000008000dd6       0x96 ./Drivers/STM32WBxx_HAL_Driver/Src/stm32wbxx_hal_i2c_ex.o
                0x0000000008000dd6                HAL_I2CEx_ConfigAnalogFilter
 .text.HAL_I2CEx_ConfigDigitalFilter
                0x0000000008000e6c       0x98 ./Drivers/STM32WBxx_HAL_Driver/Src/stm32wbxx_hal_i2c_ex.o
                0x0000000008000e6c                HAL_I2CEx_ConfigDigitalFilter
 .text.HAL_PCD_Init
                0x0000000008000f04      0x19c ./Drivers/STM32WBxx_HAL_Driver/Src/stm32wbxx_hal_pcd.o
                0x0000000008000f04                HAL_PCD_Init
 .text.HAL_PCD_Start
                0x00000000080010a0       0x44 ./Drivers/STM32WBxx_HAL_Driver/Src/stm32wbxx_hal_pcd.o
                0x00000000080010a0                HAL_PCD_Start
 .text.HAL_PCD_IRQHandler
                0x00000000080010e4      0x24e ./Drivers/STM32WBxx_HAL_Driver/Src/stm32wbxx_hal_pcd.o
                0x00000000080010e4                HAL_PCD_IRQHandler
 .text.HAL_PCD_SetAddress
                0x0000000008001332       0x48 ./Drivers/STM32WBxx_HAL_Driver/Src/stm32wbxx_hal_pcd.o
                0x0000000008001332                HAL_PCD_SetAddress
 .text.HAL_PCD_EP_Open
                0x000000000800137a       0xba ./Drivers/STM32WBxx_HAL_Driver/Src/stm32wbxx_hal_pcd.o
                0x000000000800137a                HAL_PCD_EP_Open
 .text.HAL_PCD_EP_Close
                0x0000000008001434       0x90 ./Drivers/STM32WBxx_HAL_Driver/Src/stm32wbxx_hal_pcd.o
                0x0000000008001434                HAL_PCD_EP_Close
 .text.HAL_PCD_EP_Receive
                0x00000000080014c4       0x62 ./Drivers/STM32WBxx_HAL_Driver/Src/stm32wbxx_hal_pcd.o
                0x00000000080014c4                HAL_PCD_EP_Receive
 .text.HAL_PCD_EP_GetRxCount
                0x0000000008001526       0x30 ./Drivers/STM32WBxx_HAL_Driver/Src/stm32wbxx_hal_pcd.o
                0x0000000008001526                HAL_PCD_EP_GetRxCount
 .text.HAL_PCD_EP_Transmit
                0x0000000008001556       0x6e ./Drivers/STM32WBxx_HAL_Driver/Src/stm32wbxx_hal_pcd.o
                0x0000000008001556                HAL_PCD_EP_Transmit
 .text.HAL_PCD_EP_SetStall
                0x00000000080015c4       0xa4 ./Drivers/STM32WBxx_HAL_Driver/Src/stm32wbxx_hal_pcd.o
                0x00000000080015c4                HAL_PCD_EP_SetStall
 .text.HAL_PCD_EP_ClrStall
                0x0000000008001668       0xa8 ./Drivers/STM32WBxx_HAL_Driver/Src/stm32wbxx_hal_pcd.o
                0x0000000008001668                HAL_PCD_EP_ClrStall
 .text.PCD_EP_ISR_Handler
                0x0000000008001710      0x784 ./Drivers/STM32WBxx_HAL_Driver/Src/stm32wbxx_hal_pcd.o
 .text.HAL_PCD_EP_DB_Receive
                0x0000000008001e94      0x212 ./Drivers/STM32WBxx_HAL_Driver/Src/stm32wbxx_hal_pcd.o
 .text.HAL_PCD_EP_DB_Transmit
                0x00000000080020a6      0x7ec ./Drivers/STM32WBxx_HAL_Driver/Src/stm32wbxx_hal_pcd.o
 .text.HAL_PCDEx_PMAConfig
                0x0000000008002892       0x86 ./Drivers/STM32WBxx_HAL_Driver/Src/stm32wbxx_hal_pcd_ex.o
                0x0000000008002892                HAL_PCDEx_PMAConfig
 .text.HAL_PCDEx_ActivateLPM
                0x0000000008002918       0x54 ./Drivers/STM32WBxx_HAL_Driver/Src/stm32wbxx_hal_pcd_ex.o
                0x0000000008002918                HAL_PCDEx_ActivateLPM
 .text.HAL_PWR_EnableBkUpAccess
                0x000000000800296c       0x20 ./Drivers/STM32WBxx_HAL_Driver/Src/stm32wbxx_hal_pwr.o
                0x000000000800296c                HAL_PWR_EnableBkUpAccess
 .text.HAL_PWREx_GetVoltageRange
                0x000000000800298c       0x1c ./Drivers/STM32WBxx_HAL_Driver/Src/stm32wbxx_hal_pwr_ex.o
                0x000000000800298c                HAL_PWREx_GetVoltageRange
 .text.HAL_PWREx_EnableVddUSB
                0x00000000080029a8       0x20 ./Drivers/STM32WBxx_HAL_Driver/Src/stm32wbxx_hal_pwr_ex.o
                0x00000000080029a8                HAL_PWREx_EnableVddUSB
 .text.LL_RCC_HSE_IsEnabledDiv2
                0x00000000080029c8       0x24 ./Drivers/STM32WBxx_HAL_Driver/Src/stm32wbxx_hal_rcc.o
 .text.LL_RCC_HSE_Enable
                0x00000000080029ec       0x1e ./Drivers/STM32WBxx_HAL_Driver/Src/stm32wbxx_hal_rcc.o
 .text.LL_RCC_HSE_Disable
                0x0000000008002a0a       0x1e ./Drivers/STM32WBxx_HAL_Driver/Src/stm32wbxx_hal_rcc.o
 .text.LL_RCC_HSE_IsReady
                0x0000000008002a28       0x24 ./Drivers/STM32WBxx_HAL_Driver/Src/stm32wbxx_hal_rcc.o
 .text.LL_RCC_HSI_Enable
                0x0000000008002a4c       0x1e ./Drivers/STM32WBxx_HAL_Driver/Src/stm32wbxx_hal_rcc.o
 .text.LL_RCC_HSI_Disable
                0x0000000008002a6a       0x1e ./Drivers/STM32WBxx_HAL_Driver/Src/stm32wbxx_hal_rcc.o
 .text.LL_RCC_HSI_IsReady
                0x0000000008002a88       0x24 ./Drivers/STM32WBxx_HAL_Driver/Src/stm32wbxx_hal_rcc.o
 .text.LL_RCC_HSI_SetCalibTrimming
                0x0000000008002aac       0x2a ./Drivers/STM32WBxx_HAL_Driver/Src/stm32wbxx_hal_rcc.o
 .text.LL_RCC_HSI48_Enable
                0x0000000008002ad6       0x22 ./Drivers/STM32WBxx_HAL_Driver/Src/stm32wbxx_hal_rcc.o
 .text.LL_RCC_HSI48_Disable
                0x0000000008002af8       0x22 ./Drivers/STM32WBxx_HAL_Driver/Src/stm32wbxx_hal_rcc.o
 .text.LL_RCC_HSI48_IsReady
                0x0000000008002b1a       0x24 ./Drivers/STM32WBxx_HAL_Driver/Src/stm32wbxx_hal_rcc.o
 .text.LL_RCC_LSE_Enable
                0x0000000008002b3e       0x22 ./Drivers/STM32WBxx_HAL_Driver/Src/stm32wbxx_hal_rcc.o
 .text.LL_RCC_LSE_Disable
                0x0000000008002b60       0x22 ./Drivers/STM32WBxx_HAL_Driver/Src/stm32wbxx_hal_rcc.o
 .text.LL_RCC_LSE_EnableBypass
                0x0000000008002b82       0x22 ./Drivers/STM32WBxx_HAL_Driver/Src/stm32wbxx_hal_rcc.o
 .text.LL_RCC_LSE_DisableBypass
                0x0000000008002ba4       0x22 ./Drivers/STM32WBxx_HAL_Driver/Src/stm32wbxx_hal_rcc.o
 .text.LL_RCC_LSE_IsReady
                0x0000000008002bc6       0x24 ./Drivers/STM32WBxx_HAL_Driver/Src/stm32wbxx_hal_rcc.o
 .text.LL_RCC_LSI1_Enable
                0x0000000008002bea       0x22 ./Drivers/STM32WBxx_HAL_Driver/Src/stm32wbxx_hal_rcc.o
 .text.LL_RCC_LSI1_Disable
                0x0000000008002c0c       0x22 ./Drivers/STM32WBxx_HAL_Driver/Src/stm32wbxx_hal_rcc.o
 .text.LL_RCC_LSI1_IsReady
                0x0000000008002c2e       0x24 ./Drivers/STM32WBxx_HAL_Driver/Src/stm32wbxx_hal_rcc.o
 .text.LL_RCC_LSI2_Enable
                0x0000000008002c52       0x22 ./Drivers/STM32WBxx_HAL_Driver/Src/stm32wbxx_hal_rcc.o
 .text.LL_RCC_LSI2_Disable
                0x0000000008002c74       0x22 ./Drivers/STM32WBxx_HAL_Driver/Src/stm32wbxx_hal_rcc.o
 .text.LL_RCC_LSI2_IsReady
                0x0000000008002c96       0x24 ./Drivers/STM32WBxx_HAL_Driver/Src/stm32wbxx_hal_rcc.o
 .text.LL_RCC_LSI2_SetTrimming
                0x0000000008002cba       0x2e ./Drivers/STM32WBxx_HAL_Driver/Src/stm32wbxx_hal_rcc.o
 .text.LL_RCC_MSI_Enable
                0x0000000008002ce8       0x1e ./Drivers/STM32WBxx_HAL_Driver/Src/stm32wbxx_hal_rcc.o
 .text.LL_RCC_MSI_Disable
                0x0000000008002d06       0x1e ./Drivers/STM32WBxx_HAL_Driver/Src/stm32wbxx_hal_rcc.o
 .text.LL_RCC_MSI_IsReady
                0x0000000008002d24       0x22 ./Drivers/STM32WBxx_HAL_Driver/Src/stm32wbxx_hal_rcc.o
 .text.LL_RCC_MSI_SetRange
                0x0000000008002d46       0x28 ./Drivers/STM32WBxx_HAL_Driver/Src/stm32wbxx_hal_rcc.o
 .text.LL_RCC_MSI_GetRange
                0x0000000008002d6e       0x2a ./Drivers/STM32WBxx_HAL_Driver/Src/stm32wbxx_hal_rcc.o
 .text.LL_RCC_MSI_SetCalibTrimming
                0x0000000008002d98       0x2a ./Drivers/STM32WBxx_HAL_Driver/Src/stm32wbxx_hal_rcc.o
 .text.LL_RCC_SetSysClkSource
                0x0000000008002dc2       0x28 ./Drivers/STM32WBxx_HAL_Driver/Src/stm32wbxx_hal_rcc.o
 .text.LL_RCC_GetSysClkSource
                0x0000000008002dea       0x18 ./Drivers/STM32WBxx_HAL_Driver/Src/stm32wbxx_hal_rcc.o
 .text.LL_RCC_SetAHBPrescaler
                0x0000000008002e02       0x28 ./Drivers/STM32WBxx_HAL_Driver/Src/stm32wbxx_hal_rcc.o
 .text.LL_C2_RCC_SetAHBPrescaler
                0x0000000008002e2a       0x2c ./Drivers/STM32WBxx_HAL_Driver/Src/stm32wbxx_hal_rcc.o
 .text.LL_RCC_SetAHB4Prescaler
                0x0000000008002e56       0x2e ./Drivers/STM32WBxx_HAL_Driver/Src/stm32wbxx_hal_rcc.o
 .text.LL_RCC_SetAPB1Prescaler
                0x0000000008002e84       0x28 ./Drivers/STM32WBxx_HAL_Driver/Src/stm32wbxx_hal_rcc.o
 .text.LL_RCC_SetAPB2Prescaler
                0x0000000008002eac       0x28 ./Drivers/STM32WBxx_HAL_Driver/Src/stm32wbxx_hal_rcc.o
 .text.LL_RCC_GetAHBPrescaler
                0x0000000008002ed4       0x18 ./Drivers/STM32WBxx_HAL_Driver/Src/stm32wbxx_hal_rcc.o
 .text.LL_RCC_GetAHB4Prescaler
                0x0000000008002eec       0x1c ./Drivers/STM32WBxx_HAL_Driver/Src/stm32wbxx_hal_rcc.o
 .text.LL_RCC_PLL_Enable
                0x0000000008002f08       0x1e ./Drivers/STM32WBxx_HAL_Driver/Src/stm32wbxx_hal_rcc.o
 .text.LL_RCC_PLL_Disable
                0x0000000008002f26       0x1e ./Drivers/STM32WBxx_HAL_Driver/Src/stm32wbxx_hal_rcc.o
 .text.LL_RCC_PLL_IsReady
                0x0000000008002f44       0x24 ./Drivers/STM32WBxx_HAL_Driver/Src/stm32wbxx_hal_rcc.o
 .text.LL_RCC_PLL_GetN
                0x0000000008002f68       0x1a ./Drivers/STM32WBxx_HAL_Driver/Src/stm32wbxx_hal_rcc.o
 .text.LL_RCC_PLL_GetR
                0x0000000008002f82       0x18 ./Drivers/STM32WBxx_HAL_Driver/Src/stm32wbxx_hal_rcc.o
 .text.LL_RCC_PLL_GetDivider
                0x0000000008002f9a       0x18 ./Drivers/STM32WBxx_HAL_Driver/Src/stm32wbxx_hal_rcc.o
 .text.LL_RCC_PLL_GetMainSource
                0x0000000008002fb2       0x18 ./Drivers/STM32WBxx_HAL_Driver/Src/stm32wbxx_hal_rcc.o
 .text.LL_RCC_IsActiveFlag_HPRE
                0x0000000008002fca       0x24 ./Drivers/STM32WBxx_HAL_Driver/Src/stm32wbxx_hal_rcc.o
 .text.LL_RCC_IsActiveFlag_C2HPRE
                0x0000000008002fee       0x26 ./Drivers/STM32WBxx_HAL_Driver/Src/stm32wbxx_hal_rcc.o
 .text.LL_RCC_IsActiveFlag_SHDHPRE
                0x0000000008003014       0x26 ./Drivers/STM32WBxx_HAL_Driver/Src/stm32wbxx_hal_rcc.o
 .text.LL_RCC_IsActiveFlag_PPRE1
                0x000000000800303a       0x24 ./Drivers/STM32WBxx_HAL_Driver/Src/stm32wbxx_hal_rcc.o
 .text.LL_RCC_IsActiveFlag_PPRE2
                0x000000000800305e       0x24 ./Drivers/STM32WBxx_HAL_Driver/Src/stm32wbxx_hal_rcc.o
 *fill*         0x0000000008003082        0x2 
 .text.HAL_RCC_OscConfig
                0x0000000008003084      0x6e8 ./Drivers/STM32WBxx_HAL_Driver/Src/stm32wbxx_hal_rcc.o
                0x0000000008003084                HAL_RCC_OscConfig
 .text.HAL_RCC_ClockConfig
                0x000000000800376c      0x280 ./Drivers/STM32WBxx_HAL_Driver/Src/stm32wbxx_hal_rcc.o
                0x000000000800376c                HAL_RCC_ClockConfig
 .text.HAL_RCC_GetSysClockFreq
                0x00000000080039ec       0xdc ./Drivers/STM32WBxx_HAL_Driver/Src/stm32wbxx_hal_rcc.o
                0x00000000080039ec                HAL_RCC_GetSysClockFreq
 .text.HAL_RCC_GetHCLKFreq
                0x0000000008003ac8       0x28 ./Drivers/STM32WBxx_HAL_Driver/Src/stm32wbxx_hal_rcc.o
                0x0000000008003ac8                HAL_RCC_GetHCLKFreq
 .text.RCC_SetFlashLatencyFromMSIRange
                0x0000000008003af0       0x70 ./Drivers/STM32WBxx_HAL_Driver/Src/stm32wbxx_hal_rcc.o
 .text.RCC_SetFlashLatency
                0x0000000008003b60       0xf8 ./Drivers/STM32WBxx_HAL_Driver/Src/stm32wbxx_hal_rcc.o
 .text.LL_RCC_LSE_IsEnabled
                0x0000000008003c58       0x24 ./Drivers/STM32WBxx_HAL_Driver/Src/stm32wbxx_hal_rcc_ex.o
 .text.LL_RCC_LSE_IsReady
                0x0000000008003c7c       0x24 ./Drivers/STM32WBxx_HAL_Driver/Src/stm32wbxx_hal_rcc_ex.o
 .text.LL_RCC_MSI_EnablePLLMode
                0x0000000008003ca0       0x1e ./Drivers/STM32WBxx_HAL_Driver/Src/stm32wbxx_hal_rcc_ex.o
 .text.LL_RCC_SetRFWKPClockSource
                0x0000000008003cbe       0x2c ./Drivers/STM32WBxx_HAL_Driver/Src/stm32wbxx_hal_rcc_ex.o
 .text.LL_RCC_SetSMPSClockSource
                0x0000000008003cea       0x28 ./Drivers/STM32WBxx_HAL_Driver/Src/stm32wbxx_hal_rcc_ex.o
 .text.LL_RCC_SetSMPSPrescaler
                0x0000000008003d12       0x28 ./Drivers/STM32WBxx_HAL_Driver/Src/stm32wbxx_hal_rcc_ex.o
 .text.LL_RCC_SetUSARTClockSource
                0x0000000008003d3a       0x2c ./Drivers/STM32WBxx_HAL_Driver/Src/stm32wbxx_hal_rcc_ex.o
 .text.LL_RCC_SetLPUARTClockSource
                0x0000000008003d66       0x2c ./Drivers/STM32WBxx_HAL_Driver/Src/stm32wbxx_hal_rcc_ex.o
 .text.LL_RCC_SetI2CClockSource
                0x0000000008003d92       0x3a ./Drivers/STM32WBxx_HAL_Driver/Src/stm32wbxx_hal_rcc_ex.o
 .text.LL_RCC_SetLPTIMClockSource
                0x0000000008003dcc       0x34 ./Drivers/STM32WBxx_HAL_Driver/Src/stm32wbxx_hal_rcc_ex.o
 .text.LL_RCC_SetSAIClockSource
                0x0000000008003e00       0x2c ./Drivers/STM32WBxx_HAL_Driver/Src/stm32wbxx_hal_rcc_ex.o
 .text.LL_RCC_SetRNGClockSource
                0x0000000008003e2c       0x2c ./Drivers/STM32WBxx_HAL_Driver/Src/stm32wbxx_hal_rcc_ex.o
 .text.LL_RCC_SetCLK48ClockSource
                0x0000000008003e58       0x2c ./Drivers/STM32WBxx_HAL_Driver/Src/stm32wbxx_hal_rcc_ex.o
 .text.LL_RCC_SetUSBClockSource
                0x0000000008003e84       0x16 ./Drivers/STM32WBxx_HAL_Driver/Src/stm32wbxx_hal_rcc_ex.o
 .text.LL_RCC_SetADCClockSource
                0x0000000008003e9a       0x2c ./Drivers/STM32WBxx_HAL_Driver/Src/stm32wbxx_hal_rcc_ex.o
 .text.LL_RCC_SetRTCClockSource
                0x0000000008003ec6       0x2c ./Drivers/STM32WBxx_HAL_Driver/Src/stm32wbxx_hal_rcc_ex.o
 .text.LL_RCC_GetRTCClockSource
                0x0000000008003ef2       0x1a ./Drivers/STM32WBxx_HAL_Driver/Src/stm32wbxx_hal_rcc_ex.o
 .text.LL_RCC_ForceBackupDomainReset
                0x0000000008003f0c       0x22 ./Drivers/STM32WBxx_HAL_Driver/Src/stm32wbxx_hal_rcc_ex.o
 .text.LL_RCC_ReleaseBackupDomainReset
                0x0000000008003f2e       0x22 ./Drivers/STM32WBxx_HAL_Driver/Src/stm32wbxx_hal_rcc_ex.o
 .text.LL_RCC_PLLSAI1_Enable
                0x0000000008003f50       0x1e ./Drivers/STM32WBxx_HAL_Driver/Src/stm32wbxx_hal_rcc_ex.o
 .text.LL_RCC_PLLSAI1_Disable
                0x0000000008003f6e       0x1e ./Drivers/STM32WBxx_HAL_Driver/Src/stm32wbxx_hal_rcc_ex.o
 .text.LL_RCC_PLLSAI1_IsReady
                0x0000000008003f8c       0x24 ./Drivers/STM32WBxx_HAL_Driver/Src/stm32wbxx_hal_rcc_ex.o
 .text.HAL_RCCEx_PeriphCLKConfig
                0x0000000008003fb0      0x2ec ./Drivers/STM32WBxx_HAL_Driver/Src/stm32wbxx_hal_rcc_ex.o
                0x0000000008003fb0                HAL_RCCEx_PeriphCLKConfig
 .text.HAL_RCCEx_EnableMSIPLLMode
                0x000000000800429c        0xc ./Drivers/STM32WBxx_HAL_Driver/Src/stm32wbxx_hal_rcc_ex.o
                0x000000000800429c                HAL_RCCEx_EnableMSIPLLMode
 .text.RCCEx_PLLSAI1_ConfigNP
                0x00000000080042a8       0xb6 ./Drivers/STM32WBxx_HAL_Driver/Src/stm32wbxx_hal_rcc_ex.o
 .text.RCCEx_PLLSAI1_ConfigNQ
                0x000000000800435e       0xb6 ./Drivers/STM32WBxx_HAL_Driver/Src/stm32wbxx_hal_rcc_ex.o
 .text.RCCEx_PLLSAI1_ConfigNR
                0x0000000008004414       0xb6 ./Drivers/STM32WBxx_HAL_Driver/Src/stm32wbxx_hal_rcc_ex.o
 .text.USB_EnableGlobalInt
                0x00000000080044ca       0x2e ./Drivers/STM32WBxx_HAL_Driver/Src/stm32wbxx_ll_usb.o
                0x00000000080044ca                USB_EnableGlobalInt
 .text.USB_DisableGlobalInt
                0x00000000080044f8       0x36 ./Drivers/STM32WBxx_HAL_Driver/Src/stm32wbxx_ll_usb.o
                0x00000000080044f8                USB_DisableGlobalInt
 .text.USB_DevInit
                0x000000000800452e       0x3c ./Drivers/STM32WBxx_HAL_Driver/Src/stm32wbxx_ll_usb.o
                0x000000000800452e                USB_DevInit
 *fill*         0x000000000800456a        0x2 
 .text.USB_ActivateEndpoint
                0x000000000800456c      0x788 ./Drivers/STM32WBxx_HAL_Driver/Src/stm32wbxx_ll_usb.o
                0x000000000800456c                USB_ActivateEndpoint
 .text.USB_DeactivateEndpoint
                0x0000000008004cf4      0x3da ./Drivers/STM32WBxx_HAL_Driver/Src/stm32wbxx_ll_usb.o
                0x0000000008004cf4                USB_DeactivateEndpoint
 .text.USB_EPStartXfer
                0x00000000080050ce     0x1762 ./Drivers/STM32WBxx_HAL_Driver/Src/stm32wbxx_ll_usb.o
                0x00000000080050ce                USB_EPStartXfer
 .text.USB_EPSetStall
                0x0000000008006830       0xa2 ./Drivers/STM32WBxx_HAL_Driver/Src/stm32wbxx_ll_usb.o
                0x0000000008006830                USB_EPSetStall
 .text.USB_EPClearStall
                0x00000000080068d2      0x15c ./Drivers/STM32WBxx_HAL_Driver/Src/stm32wbxx_ll_usb.o
                0x00000000080068d2                USB_EPClearStall
 .text.USB_SetDevAddress
                0x0000000008006a2e       0x28 ./Drivers/STM32WBxx_HAL_Driver/Src/stm32wbxx_ll_usb.o
                0x0000000008006a2e                USB_SetDevAddress
 .text.USB_DevConnect
                0x0000000008006a56       0x2e ./Drivers/STM32WBxx_HAL_Driver/Src/stm32wbxx_ll_usb.o
                0x0000000008006a56                USB_DevConnect
 .text.USB_ReadInterrupts
                0x0000000008006a84       0x20 ./Drivers/STM32WBxx_HAL_Driver/Src/stm32wbxx_ll_usb.o
                0x0000000008006a84                USB_ReadInterrupts
 .text.USB_WritePMA
                0x0000000008006aa4       0x84 ./Drivers/STM32WBxx_HAL_Driver/Src/stm32wbxx_ll_usb.o
                0x0000000008006aa4                USB_WritePMA
 .text.USB_ReadPMA
                0x0000000008006b28       0x98 ./Drivers/STM32WBxx_HAL_Driver/Src/stm32wbxx_ll_usb.o
                0x0000000008006b28                USB_ReadPMA
 .text.USBD_CDC_Init
                0x0000000008006bc0      0x1f0 ./Middlewares/ST/STM32_USB_Device_Library/Class/CDC/Src/usbd_cdc.o
 .text.USBD_CDC_DeInit
                0x0000000008006db0      0x104 ./Middlewares/ST/STM32_USB_Device_Library/Class/CDC/Src/usbd_cdc.o
 .text.USBD_CDC_Setup
                0x0000000008006eb4      0x1b8 ./Middlewares/ST/STM32_USB_Device_Library/Class/CDC/Src/usbd_cdc.o
 .text.USBD_CDC_DataIn
                0x000000000800706c       0xfe ./Middlewares/ST/STM32_USB_Device_Library/Class/CDC/Src/usbd_cdc.o
 .text.USBD_CDC_DataOut
                0x000000000800716a       0x70 ./Middlewares/ST/STM32_USB_Device_Library/Class/CDC/Src/usbd_cdc.o
 .text.USBD_CDC_EP0_RxReady
                0x00000000080071da       0x76 ./Middlewares/ST/STM32_USB_Device_Library/Class/CDC/Src/usbd_cdc.o
 .text.USBD_CDC_GetFSCfgDesc
                0x0000000008007250       0x70 ./Middlewares/ST/STM32_USB_Device_Library/Class/CDC/Src/usbd_cdc.o
 .text.USBD_CDC_GetHSCfgDesc
                0x00000000080072c0       0x70 ./Middlewares/ST/STM32_USB_Device_Library/Class/CDC/Src/usbd_cdc.o
 .text.USBD_CDC_GetOtherSpeedCfgDesc
                0x0000000008007330       0x70 ./Middlewares/ST/STM32_USB_Device_Library/Class/CDC/Src/usbd_cdc.o
 .text.USBD_CDC_GetDeviceQualifierDescriptor
                0x00000000080073a0       0x20 ./Middlewares/ST/STM32_USB_Device_Library/Class/CDC/Src/usbd_cdc.o
                0x00000000080073a0                USBD_CDC_GetDeviceQualifierDescriptor
 .text.USBD_CDC_RegisterInterface
                0x00000000080073c0       0x34 ./Middlewares/ST/STM32_USB_Device_Library/Class/CDC/Src/usbd_cdc.o
                0x00000000080073c0                USBD_CDC_RegisterInterface
 .text.USBD_CDC_SetTxBuffer
                0x00000000080073f4       0x44 ./Middlewares/ST/STM32_USB_Device_Library/Class/CDC/Src/usbd_cdc.o
                0x00000000080073f4                USBD_CDC_SetTxBuffer
 .text.USBD_CDC_SetRxBuffer
                0x0000000008007438       0x3a ./Middlewares/ST/STM32_USB_Device_Library/Class/CDC/Src/usbd_cdc.o
                0x0000000008007438                USBD_CDC_SetRxBuffer
 *fill*         0x0000000008007472        0x2 
 .text.USBD_CDC_ReceivePacket
                0x0000000008007474       0x6c ./Middlewares/ST/STM32_USB_Device_Library/Class/CDC/Src/usbd_cdc.o
                0x0000000008007474                USBD_CDC_ReceivePacket
 .text.USBD_Init
                0x00000000080074e0       0x60 ./Middlewares/ST/STM32_USB_Device_Library/Core/Src/usbd_core.o
                0x00000000080074e0                USBD_Init
 .text.USBD_RegisterClass
                0x0000000008007540       0x6c ./Middlewares/ST/STM32_USB_Device_Library/Core/Src/usbd_core.o
                0x0000000008007540                USBD_RegisterClass
 .text.USBD_Start
                0x00000000080075ac       0x18 ./Middlewares/ST/STM32_USB_Device_Library/Core/Src/usbd_core.o
                0x00000000080075ac                USBD_Start
 .text.USBD_RunTestMode
                0x00000000080075c4       0x16 ./Middlewares/ST/STM32_USB_Device_Library/Core/Src/usbd_core.o
                0x00000000080075c4                USBD_RunTestMode
 .text.USBD_SetClassConfig
                0x00000000080075da       0x38 ./Middlewares/ST/STM32_USB_Device_Library/Core/Src/usbd_core.o
                0x00000000080075da                USBD_SetClassConfig
 .text.USBD_ClrClassConfig
                0x0000000008007612       0x34 ./Middlewares/ST/STM32_USB_Device_Library/Core/Src/usbd_core.o
                0x0000000008007612                USBD_ClrClassConfig
 .text.USBD_LL_SetupStage
                0x0000000008007646       0xaa ./Middlewares/ST/STM32_USB_Device_Library/Core/Src/usbd_core.o
                0x0000000008007646                USBD_LL_SetupStage
 .text.USBD_LL_DataOutStage
                0x00000000080076f0      0x166 ./Middlewares/ST/STM32_USB_Device_Library/Core/Src/usbd_core.o
                0x00000000080076f0                USBD_LL_DataOutStage
 .text.USBD_LL_DataInStage
                0x0000000008007856      0x164 ./Middlewares/ST/STM32_USB_Device_Library/Core/Src/usbd_core.o
                0x0000000008007856                USBD_LL_DataInStage
 .text.USBD_LL_Reset
                0x00000000080079ba       0xa4 ./Middlewares/ST/STM32_USB_Device_Library/Core/Src/usbd_core.o
                0x00000000080079ba                USBD_LL_Reset
 .text.USBD_LL_SetSpeed
                0x0000000008007a5e       0x20 ./Middlewares/ST/STM32_USB_Device_Library/Core/Src/usbd_core.o
                0x0000000008007a5e                USBD_LL_SetSpeed
 .text.USBD_LL_Suspend
                0x0000000008007a7e       0x38 ./Middlewares/ST/STM32_USB_Device_Library/Core/Src/usbd_core.o
                0x0000000008007a7e                USBD_LL_Suspend
 .text.USBD_LL_Resume
                0x0000000008007ab6       0x30 ./Middlewares/ST/STM32_USB_Device_Library/Core/Src/usbd_core.o
                0x0000000008007ab6                USBD_LL_Resume
 .text.USBD_LL_SOF
                0x0000000008007ae6       0x40 ./Middlewares/ST/STM32_USB_Device_Library/Core/Src/usbd_core.o
                0x0000000008007ae6                USBD_LL_SOF
 .text.USBD_CoreFindIF
                0x0000000008007b26       0x1a ./Middlewares/ST/STM32_USB_Device_Library/Core/Src/usbd_core.o
                0x0000000008007b26                USBD_CoreFindIF
 .text.USBD_CoreFindEP
                0x0000000008007b40       0x1a ./Middlewares/ST/STM32_USB_Device_Library/Core/Src/usbd_core.o
                0x0000000008007b40                USBD_CoreFindEP
 .text.USBD_GetEpDesc
                0x0000000008007b5a       0x74 ./Middlewares/ST/STM32_USB_Device_Library/Core/Src/usbd_core.o
                0x0000000008007b5a                USBD_GetEpDesc
 .text.USBD_GetNextDesc
                0x0000000008007bce       0x3a ./Middlewares/ST/STM32_USB_Device_Library/Core/Src/usbd_core.o
                0x0000000008007bce                USBD_GetNextDesc
 .text.SWAPBYTE
                0x0000000008007c08       0x3c ./Middlewares/ST/STM32_USB_Device_Library/Core/Src/usbd_ctlreq.o
 .text.USBD_StdDevReq
                0x0000000008007c44       0xe4 ./Middlewares/ST/STM32_USB_Device_Library/Core/Src/usbd_ctlreq.o
                0x0000000008007c44                USBD_StdDevReq
 .text.USBD_StdItfReq
                0x0000000008007d28       0xd8 ./Middlewares/ST/STM32_USB_Device_Library/Core/Src/usbd_ctlreq.o
                0x0000000008007d28                USBD_StdItfReq
 .text.USBD_StdEPReq
                0x0000000008007e00      0x33a ./Middlewares/ST/STM32_USB_Device_Library/Core/Src/usbd_ctlreq.o
                0x0000000008007e00                USBD_StdEPReq
 *fill*         0x000000000800813a        0x2 
 .text.USBD_GetDescriptor
                0x000000000800813c      0x328 ./Middlewares/ST/STM32_USB_Device_Library/Core/Src/usbd_ctlreq.o
 .text.USBD_SetAddress
                0x0000000008008464       0x88 ./Middlewares/ST/STM32_USB_Device_Library/Core/Src/usbd_ctlreq.o
 .text.USBD_SetConfig
                0x00000000080084ec      0x154 ./Middlewares/ST/STM32_USB_Device_Library/Core/Src/usbd_ctlreq.o
 .text.USBD_GetConfig
                0x0000000008008640       0x6c ./Middlewares/ST/STM32_USB_Device_Library/Core/Src/usbd_ctlreq.o
 .text.USBD_GetStatus
                0x00000000080086ac       0x68 ./Middlewares/ST/STM32_USB_Device_Library/Core/Src/usbd_ctlreq.o
 .text.USBD_SetFeature
                0x0000000008008714       0x52 ./Middlewares/ST/STM32_USB_Device_Library/Core/Src/usbd_ctlreq.o
 .text.USBD_ClrFeature
                0x0000000008008766       0x44 ./Middlewares/ST/STM32_USB_Device_Library/Core/Src/usbd_ctlreq.o
 .text.USBD_ParseSetupRequest
                0x00000000080087aa       0x74 ./Middlewares/ST/STM32_USB_Device_Library/Core/Src/usbd_ctlreq.o
                0x00000000080087aa                USBD_ParseSetupRequest
 .text.USBD_CtlError
                0x000000000800881e       0x22 ./Middlewares/ST/STM32_USB_Device_Library/Core/Src/usbd_ctlreq.o
                0x000000000800881e                USBD_CtlError
 .text.USBD_GetString
                0x0000000008008840       0x8c ./Middlewares/ST/STM32_USB_Device_Library/Core/Src/usbd_ctlreq.o
                0x0000000008008840                USBD_GetString
 .text.USBD_GetLen
                0x00000000080088cc       0x34 ./Middlewares/ST/STM32_USB_Device_Library/Core/Src/usbd_ctlreq.o
 .text.USBD_CtlSendData
                0x0000000008008900       0x36 ./Middlewares/ST/STM32_USB_Device_Library/Core/Src/usbd_ioreq.o
                0x0000000008008900                USBD_CtlSendData
 .text.USBD_CtlContinueSendData
                0x0000000008008936       0x22 ./Middlewares/ST/STM32_USB_Device_Library/Core/Src/usbd_ioreq.o
                0x0000000008008936                USBD_CtlContinueSendData
 .text.USBD_CtlPrepareRx
                0x0000000008008958       0x3a ./Middlewares/ST/STM32_USB_Device_Library/Core/Src/usbd_ioreq.o
                0x0000000008008958                USBD_CtlPrepareRx
 .text.USBD_CtlContinueRx
                0x0000000008008992       0x22 ./Middlewares/ST/STM32_USB_Device_Library/Core/Src/usbd_ioreq.o
                0x0000000008008992                USBD_CtlContinueRx
 .text.USBD_CtlSendStatus
                0x00000000080089b4       0x26 ./Middlewares/ST/STM32_USB_Device_Library/Core/Src/usbd_ioreq.o
                0x00000000080089b4                USBD_CtlSendStatus
 .text.USBD_CtlReceiveStatus
                0x00000000080089da       0x26 ./Middlewares/ST/STM32_USB_Device_Library/Core/Src/usbd_ioreq.o
                0x00000000080089da                USBD_CtlReceiveStatus
 .text.MX_USB_Device_Init
                0x0000000008008a00       0x60 ./USB_Device/App/usb_device.o
                0x0000000008008a00                MX_USB_Device_Init
 .text.CDC_Init_FS
                0x0000000008008a60       0x28 ./USB_Device/App/usbd_cdc_if.o
 .text.CDC_DeInit_FS
                0x0000000008008a88       0x10 ./USB_Device/App/usbd_cdc_if.o
 .text.CDC_Control_FS
                0x0000000008008a98       0xbc ./USB_Device/App/usbd_cdc_if.o
 .text.CDC_Receive_FS
                0x0000000008008b54       0x28 ./USB_Device/App/usbd_cdc_if.o
 .text.CDC_TransmitCplt_FS
                0x0000000008008b7c       0x22 ./USB_Device/App/usbd_cdc_if.o
 *fill*         0x0000000008008b9e        0x2 
 .text.USBD_CDC_DeviceDescriptor
                0x0000000008008ba0       0x24 ./USB_Device/App/usbd_desc.o
                0x0000000008008ba0                USBD_CDC_DeviceDescriptor
 .text.USBD_CDC_LangIDStrDescriptor
                0x0000000008008bc4       0x24 ./USB_Device/App/usbd_desc.o
                0x0000000008008bc4                USBD_CDC_LangIDStrDescriptor
 .text.USBD_CDC_ProductStrDescriptor
                0x0000000008008be8       0x3c ./USB_Device/App/usbd_desc.o
                0x0000000008008be8                USBD_CDC_ProductStrDescriptor
 .text.USBD_CDC_ManufacturerStrDescriptor
                0x0000000008008c24       0x28 ./USB_Device/App/usbd_desc.o
                0x0000000008008c24                USBD_CDC_ManufacturerStrDescriptor
 .text.USBD_CDC_SerialStrDescriptor
                0x0000000008008c4c       0x24 ./USB_Device/App/usbd_desc.o
                0x0000000008008c4c                USBD_CDC_SerialStrDescriptor
 .text.USBD_CDC_ConfigStrDescriptor
                0x0000000008008c70       0x3c ./USB_Device/App/usbd_desc.o
                0x0000000008008c70                USBD_CDC_ConfigStrDescriptor
 .text.USBD_CDC_InterfaceStrDescriptor
                0x0000000008008cac       0x3c ./USB_Device/App/usbd_desc.o
                0x0000000008008cac                USBD_CDC_InterfaceStrDescriptor
 .text.Get_SerialNum
                0x0000000008008ce8       0x58 ./USB_Device/App/usbd_desc.o
 .text.IntToUnicode
                0x0000000008008d40       0x7e ./USB_Device/App/usbd_desc.o
 .text.LL_AHB2_GRP1_EnableClock
                0x0000000008008dbe       0x32 ./USB_Device/Target/usbd_conf.o
 .text.LL_APB1_GRP1_EnableClock
                0x0000000008008df0       0x32 ./USB_Device/Target/usbd_conf.o
 *fill*         0x0000000008008e22        0x2 
 .text.HAL_PCD_MspInit
                0x0000000008008e24       0xbc ./USB_Device/Target/usbd_conf.o
                0x0000000008008e24                HAL_PCD_MspInit
 .text.HAL_PCD_SetupStageCallback
                0x0000000008008ee0       0x24 ./USB_Device/Target/usbd_conf.o
                0x0000000008008ee0                HAL_PCD_SetupStageCallback
 .text.HAL_PCD_DataOutStageCallback
                0x0000000008008f04       0x36 ./USB_Device/Target/usbd_conf.o
                0x0000000008008f04                HAL_PCD_DataOutStageCallback
 .text.HAL_PCD_DataInStageCallback
                0x0000000008008f3a       0x34 ./USB_Device/Target/usbd_conf.o
                0x0000000008008f3a                HAL_PCD_DataInStageCallback
 .text.HAL_PCD_SOFCallback
                0x0000000008008f6e       0x1c ./USB_Device/Target/usbd_conf.o
                0x0000000008008f6e                HAL_PCD_SOFCallback
 .text.HAL_PCD_ResetCallback
                0x0000000008008f8a       0x3c ./USB_Device/Target/usbd_conf.o
                0x0000000008008f8a                HAL_PCD_ResetCallback
 *fill*         0x0000000008008fc6        0x2 
 .text.HAL_PCD_SuspendCallback
                0x0000000008008fc8       0x34 ./USB_Device/Target/usbd_conf.o
                0x0000000008008fc8                HAL_PCD_SuspendCallback
 .text.HAL_PCD_ResumeCallback
                0x0000000008008ffc       0x38 ./USB_Device/Target/usbd_conf.o
                0x0000000008008ffc                HAL_PCD_ResumeCallback
 .text.USBD_LL_Init
                0x0000000008009034       0xc4 ./USB_Device/Target/usbd_conf.o
                0x0000000008009034                USBD_LL_Init
 .text.USBD_LL_Start
                0x00000000080090f8       0x36 ./USB_Device/Target/usbd_conf.o
                0x00000000080090f8                USBD_LL_Start
 .text.USBD_LL_OpenEP
                0x000000000800912e       0x4c ./USB_Device/Target/usbd_conf.o
                0x000000000800912e                USBD_LL_OpenEP
 .text.USBD_LL_CloseEP
                0x000000000800917a       0x3e ./USB_Device/Target/usbd_conf.o
                0x000000000800917a                USBD_LL_CloseEP
 .text.USBD_LL_StallEP
                0x00000000080091b8       0x3e ./USB_Device/Target/usbd_conf.o
                0x00000000080091b8                USBD_LL_StallEP
 .text.USBD_LL_ClearStallEP
                0x00000000080091f6       0x3e ./USB_Device/Target/usbd_conf.o
                0x00000000080091f6                USBD_LL_ClearStallEP
 .text.USBD_LL_IsStallEP
                0x0000000008009234       0x58 ./USB_Device/Target/usbd_conf.o
                0x0000000008009234                USBD_LL_IsStallEP
 .text.USBD_LL_SetUSBAddress
                0x000000000800928c       0x3e ./USB_Device/Target/usbd_conf.o
                0x000000000800928c                USBD_LL_SetUSBAddress
 .text.USBD_LL_Transmit
                0x00000000080092ca       0x42 ./USB_Device/Target/usbd_conf.o
                0x00000000080092ca                USBD_LL_Transmit
 .text.USBD_LL_PrepareReceive
                0x000000000800930c       0x42 ./USB_Device/Target/usbd_conf.o
                0x000000000800930c                USBD_LL_PrepareReceive
 .text.USBD_LL_GetRxDataSize
                0x000000000800934e       0x26 ./USB_Device/Target/usbd_conf.o
                0x000000000800934e                USBD_LL_GetRxDataSize
 .text.HAL_PCDEx_LPM_Callback
                0x0000000008009374       0x6c ./USB_Device/Target/usbd_conf.o
                0x0000000008009374                HAL_PCDEx_LPM_Callback
 .text.USBD_static_malloc
                0x00000000080093e0       0x1c ./USB_Device/Target/usbd_conf.o
                0x00000000080093e0                USBD_static_malloc
 .text.USBD_static_free
                0x00000000080093fc       0x14 ./USB_Device/Target/usbd_conf.o
                0x00000000080093fc                USBD_static_free
 .text.SystemClockConfig_Resume
                0x0000000008009410        0xc ./USB_Device/Target/usbd_conf.o
 .text.USBD_Get_USB_Status
                0x000000000800941c       0x58 ./USB_Device/Target/usbd_conf.o
 .text.memset   0x0000000008009474       0x10 C:/ST/STM32CubeIDE_1.14.1/STM32CubeIDE/plugins/com.st.stm32cube.ide.mcu.externaltools.gnu-tools-for-stm32.11.3.rel1.win32_1.1.100.202309141235/tools/bin/../lib/gcc/arm-none-eabi/11.3.1/../../../../arm-none-eabi/lib/thumb/v7e-m+fp/hard\libc_nano.a(libc_a-memset.o)
                0x0000000008009474                memset
 .text.__libc_init_array
                0x0000000008009484       0x48 C:/ST/STM32CubeIDE_1.14.1/STM32CubeIDE/plugins/com.st.stm32cube.ide.mcu.externaltools.gnu-tools-for-stm32.11.3.rel1.win32_1.1.100.202309141235/tools/bin/../lib/gcc/arm-none-eabi/11.3.1/../../../../arm-none-eabi/lib/thumb/v7e-m+fp/hard\libc_nano.a(libc_a-init.o)
                0x0000000008009484                __libc_init_array
 *(.glue_7)
 .glue_7        0x00000000080094cc        0x0 linker stubs
 *(.glue_7t)
 .glue_7t       0x00000000080094cc        0x0 linker stubs
 *(.eh_frame)
 .eh_frame      0x00000000080094cc        0x0 C:/ST/STM32CubeIDE_1.14.1/STM32CubeIDE/plugins/com.st.stm32cube.ide.mcu.externaltools.gnu-tools-for-stm32.11.3.rel1.win32_1.1.100.202309141235/tools/bin/../lib/gcc/arm-none-eabi/11.3.1/thumb/v7e-m+fp/hard/crtbegin.o
 *(.init)
 .init          0x00000000080094cc        0x4 C:/ST/STM32CubeIDE_1.14.1/STM32CubeIDE/plugins/com.st.stm32cube.ide.mcu.externaltools.gnu-tools-for-stm32.11.3.rel1.win32_1.1.100.202309141235/tools/bin/../lib/gcc/arm-none-eabi/11.3.1/thumb/v7e-m+fp/hard/crti.o
                0x00000000080094cc                _init
 .init          0x00000000080094d0        0x8 C:/ST/STM32CubeIDE_1.14.1/STM32CubeIDE/plugins/com.st.stm32cube.ide.mcu.externaltools.gnu-tools-for-stm32.11.3.rel1.win32_1.1.100.202309141235/tools/bin/../lib/gcc/arm-none-eabi/11.3.1/thumb/v7e-m+fp/hard/crtn.o
 *(.fini)
 .fini          0x00000000080094d8        0x4 C:/ST/STM32CubeIDE_1.14.1/STM32CubeIDE/plugins/com.st.stm32cube.ide.mcu.externaltools.gnu-tools-for-stm32.11.3.rel1.win32_1.1.100.202309141235/tools/bin/../lib/gcc/arm-none-eabi/11.3.1/thumb/v7e-m+fp/hard/crti.o
                0x00000000080094d8                _fini
 .fini          0x00000000080094dc        0x8 C:/ST/STM32CubeIDE_1.14.1/STM32CubeIDE/plugins/com.st.stm32cube.ide.mcu.externaltools.gnu-tools-for-stm32.11.3.rel1.win32_1.1.100.202309141235/tools/bin/../lib/gcc/arm-none-eabi/11.3.1/thumb/v7e-m+fp/hard/crtn.o
                0x00000000080094e4                . = ALIGN (0x4)
                0x00000000080094e4                _etext = .

.vfp11_veneer   0x00000000080094e4        0x0
 .vfp11_veneer  0x00000000080094e4        0x0 linker stubs

.v4_bx          0x00000000080094e4        0x0
 .v4_bx         0x00000000080094e4        0x0 linker stubs

.iplt           0x00000000080094e4        0x0
 .iplt          0x00000000080094e4        0x0 C:/ST/STM32CubeIDE_1.14.1/STM32CubeIDE/plugins/com.st.stm32cube.ide.mcu.externaltools.gnu-tools-for-stm32.11.3.rel1.win32_1.1.100.202309141235/tools/bin/../lib/gcc/arm-none-eabi/11.3.1/thumb/v7e-m+fp/hard/crtbegin.o

.rodata         0x00000000080094e4       0xf4
                0x00000000080094e4                . = ALIGN (0x4)
 *(.rodata)
 .rodata        0x00000000080094e4       0x2c ./Drivers/STM32WBxx_HAL_Driver/Src/stm32wbxx_hal_rcc.o
 .rodata        0x0000000008009510       0x46 ./USB_Device/App/usbd_desc.o
 *(.rodata*)
 *fill*         0x0000000008009556        0x2 
 .rodata.AHBPrescTable
                0x0000000008009558       0x40 ./Core/Src/system_stm32wbxx.o
                0x0000000008009558                AHBPrescTable
 .rodata.MSIRangeTable
                0x0000000008009598       0x40 ./Core/Src/system_stm32wbxx.o
                0x0000000008009598                MSIRangeTable
                0x00000000080095d8                . = ALIGN (0x4)

.rel.dyn        0x00000000080095d8        0x0
 .rel.iplt      0x00000000080095d8        0x0 C:/ST/STM32CubeIDE_1.14.1/STM32CubeIDE/plugins/com.st.stm32cube.ide.mcu.externaltools.gnu-tools-for-stm32.11.3.rel1.win32_1.1.100.202309141235/tools/bin/../lib/gcc/arm-none-eabi/11.3.1/thumb/v7e-m+fp/hard/crtbegin.o

.ARM.extab
 *(.ARM.extab* .gnu.linkonce.armextab.*)

.ARM            0x00000000080095d8        0x0
                0x00000000080095d8                __exidx_start = .
 *(.ARM.exidx*)
                0x00000000080095d8                __exidx_end = .

.preinit_array  0x00000000080095d8        0x0
                0x00000000080095d8                PROVIDE (__preinit_array_start = .)
 *(.preinit_array*)
                0x00000000080095d8                PROVIDE (__preinit_array_end = .)

.init_array     0x00000000080095d8        0x4
                0x00000000080095d8                PROVIDE (__init_array_start = .)
 *(SORT_BY_NAME(.init_array.*))
 *(.init_array*)
 .init_array    0x00000000080095d8        0x4 C:/ST/STM32CubeIDE_1.14.1/STM32CubeIDE/plugins/com.st.stm32cube.ide.mcu.externaltools.gnu-tools-for-stm32.11.3.rel1.win32_1.1.100.202309141235/tools/bin/../lib/gcc/arm-none-eabi/11.3.1/thumb/v7e-m+fp/hard/crtbegin.o
                0x00000000080095dc                PROVIDE (__init_array_end = .)

.fini_array     0x00000000080095dc        0x4
                [!provide]                        PROVIDE (__fini_array_start = .)
 *(SORT_BY_NAME(.fini_array.*))
 *(.fini_array*)
 .fini_array    0x00000000080095dc        0x4 C:/ST/STM32CubeIDE_1.14.1/STM32CubeIDE/plugins/com.st.stm32cube.ide.mcu.externaltools.gnu-tools-for-stm32.11.3.rel1.win32_1.1.100.202309141235/tools/bin/../lib/gcc/arm-none-eabi/11.3.1/thumb/v7e-m+fp/hard/crtbegin.o
                [!provide]                        PROVIDE (__fini_array_end = .)
                0x00000000080095e0                _sidata = LOADADDR (.data)

.data           0x0000000020000008      0x100 load address 0x00000000080095e0
                0x0000000020000008                . = ALIGN (0x4)
                0x0000000020000008                _sdata = .
 *(.data)
 *(.data*)
 .data.SystemCoreClock
                0x0000000020000008        0x4 ./Core/Src/system_stm32wbxx.o
                0x0000000020000008                SystemCoreClock
 .data.uwTickPrio
                0x000000002000000c        0x4 ./Drivers/STM32WBxx_HAL_Driver/Src/stm32wbxx_hal.o
                0x000000002000000c                uwTickPrio
 .data.uwTickFreq
                0x0000000020000010        0x1 ./Drivers/STM32WBxx_HAL_Driver/Src/stm32wbxx_hal.o
                0x0000000020000010                uwTickFreq
 *fill*         0x0000000020000011        0x3 
 .data.USBD_CDC_DeviceQualifierDesc
                0x0000000020000014        0xa ./Middlewares/ST/STM32_USB_Device_Library/Class/CDC/Src/usbd_cdc.o
 *fill*         0x000000002000001e        0x2 
 .data.USBD_CDC
                0x0000000020000020       0x38 ./Middlewares/ST/STM32_USB_Device_Library/Class/CDC/Src/usbd_cdc.o
                0x0000000020000020                USBD_CDC
 .data.USBD_CDC_CfgDesc
                0x0000000020000058       0x43 ./Middlewares/ST/STM32_USB_Device_Library/Class/CDC/Src/usbd_cdc.o
 .data.CDCInEpAdd
                0x000000002000009b        0x1 ./Middlewares/ST/STM32_USB_Device_Library/Class/CDC/Src/usbd_cdc.o
 .data.CDCOutEpAdd
                0x000000002000009c        0x1 ./Middlewares/ST/STM32_USB_Device_Library/Class/CDC/Src/usbd_cdc.o
 .data.CDCCmdEpAdd
                0x000000002000009d        0x1 ./Middlewares/ST/STM32_USB_Device_Library/Class/CDC/Src/usbd_cdc.o
 *fill*         0x000000002000009e        0x2 
 .data.USBD_Interface_fops_FS
                0x00000000200000a0       0x14 ./USB_Device/App/usbd_cdc_if.o
                0x00000000200000a0                USBD_Interface_fops_FS
 .data.CDC_Desc
                0x00000000200000b4       0x20 ./USB_Device/App/usbd_desc.o
                0x00000000200000b4                CDC_Desc
 .data.USBD_CDC_DeviceDesc
                0x00000000200000d4       0x12 ./USB_Device/App/usbd_desc.o
                0x00000000200000d4                USBD_CDC_DeviceDesc
 *fill*         0x00000000200000e6        0x2 
 .data.USBD_LangIDDesc
                0x00000000200000e8        0x4 ./USB_Device/App/usbd_desc.o
                0x00000000200000e8                USBD_LangIDDesc
 .data.USBD_StringSerial
                0x00000000200000ec       0x1a ./USB_Device/App/usbd_desc.o
                0x00000000200000ec                USBD_StringSerial
 *(.RamFunc)
 *(.RamFunc*)
                0x0000000020000108                . = ALIGN (0x4)
 *fill*         0x0000000020000106        0x2 
                0x0000000020000108                _edata = .

.igot.plt       0x0000000020000108        0x0 load address 0x00000000080096e0
 .igot.plt      0x0000000020000108        0x0 C:/ST/STM32CubeIDE_1.14.1/STM32CubeIDE/plugins/com.st.stm32cube.ide.mcu.externaltools.gnu-tools-for-stm32.11.3.rel1.win32_1.1.100.202309141235/tools/bin/../lib/gcc/arm-none-eabi/11.3.1/thumb/v7e-m+fp/hard/crtbegin.o
                0x0000000020000108                . = ALIGN (0x4)

.bss            0x0000000020000108     0x1a50 load address 0x00000000080096e0
                0x0000000020000108                _sbss = .
                0x0000000020000108                __bss_start__ = _sbss
 *(.bss)
 .bss           0x0000000020000108       0x1c C:/ST/STM32CubeIDE_1.14.1/STM32CubeIDE/plugins/com.st.stm32cube.ide.mcu.externaltools.gnu-tools-for-stm32.11.3.rel1.win32_1.1.100.202309141235/tools/bin/../lib/gcc/arm-none-eabi/11.3.1/thumb/v7e-m+fp/hard/crtbegin.o
 *(.bss*)
 .bss.hi2c1     0x0000000020000124       0x54 ./Core/Src/main.o
                0x0000000020000124                hi2c1
 .bss.uwTick    0x0000000020000178        0x4 ./Drivers/STM32WBxx_HAL_Driver/Src/stm32wbxx_hal.o
                0x0000000020000178                uwTick
 .bss.cfgidx.0  0x000000002000017c        0x1 ./Middlewares/ST/STM32_USB_Device_Library/Core/Src/usbd_ctlreq.o
 *fill*         0x000000002000017d        0x3 
 .bss.hUsbDeviceFS
                0x0000000020000180      0x2dc ./USB_Device/App/usb_device.o
                0x0000000020000180                hUsbDeviceFS
 .bss.UserRxBufferFS
                0x000000002000045c      0x800 ./USB_Device/App/usbd_cdc_if.o
                0x000000002000045c                UserRxBufferFS
 .bss.UserTxBufferFS
                0x0000000020000c5c      0x800 ./USB_Device/App/usbd_cdc_if.o
                0x0000000020000c5c                UserTxBufferFS
 .bss.USBD_StrDesc
                0x000000002000145c      0x200 ./USB_Device/App/usbd_desc.o
                0x000000002000145c                USBD_StrDesc
 .bss.hpcd_USB_FS
                0x000000002000165c      0x2dc ./USB_Device/Target/usbd_conf.o
                0x000000002000165c                hpcd_USB_FS
 .bss.mem.0     0x0000000020001938      0x220 ./USB_Device/Target/usbd_conf.o
 *(COMMON)
                0x0000000020001b58                . = ALIGN (0x4)
                0x0000000020001b58                _ebss = .
                0x0000000020001b58                __bss_end__ = _ebss

._user_heap_stack
                0x0000000020001b58      0x600 load address 0x00000000080096e0
                0x0000000020001b58                . = ALIGN (0x8)
                [!provide]                        PROVIDE (end = .)
                0x0000000020001b58                PROVIDE (_end = .)
                0x0000000020001d58                . = (. + _Min_Heap_Size)
 *fill*         0x0000000020001b58      0x200 
                0x0000000020002158                . = (. + _Min_Stack_Size)
 *fill*         0x0000000020001d58      0x400 
                0x0000000020002158                . = ALIGN (0x8)

/DISCARD/
 libc.a(*)
 libm.a(*)
 libgcc.a(*)

.ARM.attributes
                0x0000000000000000       0x30
 *(.ARM.attributes)
 .ARM.attributes
                0x0000000000000000       0x1e C:/ST/STM32CubeIDE_1.14.1/STM32CubeIDE/plugins/com.st.stm32cube.ide.mcu.externaltools.gnu-tools-for-stm32.11.3.rel1.win32_1.1.100.202309141235/tools/bin/../lib/gcc/arm-none-eabi/11.3.1/thumb/v7e-m+fp/hard/crti.o
 .ARM.attributes
                0x000000000000001e       0x34 C:/ST/STM32CubeIDE_1.14.1/STM32CubeIDE/plugins/com.st.stm32cube.ide.mcu.externaltools.gnu-tools-for-stm32.11.3.rel1.win32_1.1.100.202309141235/tools/bin/../lib/gcc/arm-none-eabi/11.3.1/thumb/v7e-m+fp/hard/crtbegin.o
 .ARM.attributes
                0x0000000000000052       0x34 ./Core/Src/main.o
 .ARM.attributes
                0x0000000000000086       0x34 ./Core/Src/stm32wbxx_hal_msp.o
 .ARM.attributes
                0x00000000000000ba       0x34 ./Core/Src/stm32wbxx_it.o
 .ARM.attributes
                0x00000000000000ee       0x34 ./Core/Src/system_stm32wbxx.o
 .ARM.attributes
                0x0000000000000122       0x21 ./Core/Startup/startup_stm32wb55cgux.o
 .ARM.attributes
                0x0000000000000143       0x34 ./Drivers/STM32WBxx_HAL_Driver/Src/stm32wbxx_hal.o
 .ARM.attributes
                0x0000000000000177       0x34 ./Drivers/STM32WBxx_HAL_Driver/Src/stm32wbxx_hal_cortex.o
 .ARM.attributes
                0x00000000000001ab       0x34 ./Drivers/STM32WBxx_HAL_Driver/Src/stm32wbxx_hal_gpio.o
 .ARM.attributes
                0x00000000000001df       0x34 ./Drivers/STM32WBxx_HAL_Driver/Src/stm32wbxx_hal_i2c.o
 .ARM.attributes
                0x0000000000000213       0x34 ./Drivers/STM32WBxx_HAL_Driver/Src/stm32wbxx_hal_i2c_ex.o
 .ARM.attributes
                0x0000000000000247       0x34 ./Drivers/STM32WBxx_HAL_Driver/Src/stm32wbxx_hal_pcd.o
 .ARM.attributes
                0x000000000000027b       0x34 ./Drivers/STM32WBxx_HAL_Driver/Src/stm32wbxx_hal_pcd_ex.o
 .ARM.attributes
                0x00000000000002af       0x34 ./Drivers/STM32WBxx_HAL_Driver/Src/stm32wbxx_hal_pwr.o
 .ARM.attributes
                0x00000000000002e3       0x34 ./Drivers/STM32WBxx_HAL_Driver/Src/stm32wbxx_hal_pwr_ex.o
 .ARM.attributes
                0x0000000000000317       0x34 ./Drivers/STM32WBxx_HAL_Driver/Src/stm32wbxx_hal_rcc.o
 .ARM.attributes
                0x000000000000034b       0x34 ./Drivers/STM32WBxx_HAL_Driver/Src/stm32wbxx_hal_rcc_ex.o
 .ARM.attributes
                0x000000000000037f       0x34 ./Drivers/STM32WBxx_HAL_Driver/Src/stm32wbxx_ll_usb.o
 .ARM.attributes
                0x00000000000003b3       0x34 ./Middlewares/ST/STM32_USB_Device_Library/Class/CDC/Src/usbd_cdc.o
 .ARM.attributes
                0x00000000000003e7       0x34 ./Middlewares/ST/STM32_USB_Device_Library/Core/Src/usbd_core.o
 .ARM.attributes
                0x000000000000041b       0x34 ./Middlewares/ST/STM32_USB_Device_Library/Core/Src/usbd_ctlreq.o
 .ARM.attributes
                0x000000000000044f       0x34 ./Middlewares/ST/STM32_USB_Device_Library/Core/Src/usbd_ioreq.o
 .ARM.attributes
                0x0000000000000483       0x34 ./USB_Device/App/usb_device.o
 .ARM.attributes
                0x00000000000004b7       0x34 ./USB_Device/App/usbd_cdc_if.o
 .ARM.attributes
                0x00000000000004eb       0x34 ./USB_Device/App/usbd_desc.o
 .ARM.attributes
                0x000000000000051f       0x34 ./USB_Device/Target/usbd_conf.o
 .ARM.attributes
                0x0000000000000553       0x34 C:/ST/STM32CubeIDE_1.14.1/STM32CubeIDE/plugins/com.st.stm32cube.ide.mcu.externaltools.gnu-tools-for-stm32.11.3.rel1.win32_1.1.100.202309141235/tools/bin/../lib/gcc/arm-none-eabi/11.3.1/../../../../arm-none-eabi/lib/thumb/v7e-m+fp/hard\libc_nano.a(libc_a-memset.o)
 .ARM.attributes
                0x0000000000000587       0x34 C:/ST/STM32CubeIDE_1.14.1/STM32CubeIDE/plugins/com.st.stm32cube.ide.mcu.externaltools.gnu-tools-for-stm32.11.3.rel1.win32_1.1.100.202309141235/tools/bin/../lib/gcc/arm-none-eabi/11.3.1/../../../../arm-none-eabi/lib/thumb/v7e-m+fp/hard\libc_nano.a(libc_a-init.o)
 .ARM.attributes
                0x00000000000005bb       0x1e C:/ST/STM32CubeIDE_1.14.1/STM32CubeIDE/plugins/com.st.stm32cube.ide.mcu.externaltools.gnu-tools-for-stm32.11.3.rel1.win32_1.1.100.202309141235/tools/bin/../lib/gcc/arm-none-eabi/11.3.1/thumb/v7e-m+fp/hard/crtn.o

MAPPING_TABLE
 *(MAPPING_TABLE)

MB_MEM1
 *(MB_MEM1)
                0x00000000080096e0                _siMB_MEM2 = LOADADDR (.MB_MEM2)

.MB_MEM2        0x0000000020030000        0x0 load address 0x00000000080096e0
                0x0000000020030000                _sMB_MEM2 = .
 *(MB_MEM2)
                0x0000000020030000                _eMB_MEM2 = .
OUTPUT(Occ_sensor.elf elf32-littlearm)
LOAD linker stubs
LOAD C:/ST/STM32CubeIDE_1.14.1/STM32CubeIDE/plugins/com.st.stm32cube.ide.mcu.externaltools.gnu-tools-for-stm32.11.3.rel1.win32_1.1.100.202309141235/tools/bin/../lib/gcc/arm-none-eabi/11.3.1/../../../../arm-none-eabi/lib/thumb/v7e-m+fp/hard\libc.a
LOAD C:/ST/STM32CubeIDE_1.14.1/STM32CubeIDE/plugins/com.st.stm32cube.ide.mcu.externaltools.gnu-tools-for-stm32.11.3.rel1.win32_1.1.100.202309141235/tools/bin/../lib/gcc/arm-none-eabi/11.3.1/../../../../arm-none-eabi/lib/thumb/v7e-m+fp/hard\libm.a
LOAD C:/ST/STM32CubeIDE_1.14.1/STM32CubeIDE/plugins/com.st.stm32cube.ide.mcu.externaltools.gnu-tools-for-stm32.11.3.rel1.win32_1.1.100.202309141235/tools/bin/../lib/gcc/arm-none-eabi/11.3.1/thumb/v7e-m+fp/hard\libgcc.a

.comment        0x0000000000000000       0x43
 .comment       0x0000000000000000       0x43 C:/ST/STM32CubeIDE_1.14.1/STM32CubeIDE/plugins/com.st.stm32cube.ide.mcu.externaltools.gnu-tools-for-stm32.11.3.rel1.win32_1.1.100.202309141235/tools/bin/../lib/gcc/arm-none-eabi/11.3.1/thumb/v7e-m+fp/hard/crtbegin.o
                                         0x44 (size before relaxing)
 .comment       0x0000000000000043       0x44 ./Core/Src/main.o
 .comment       0x0000000000000043       0x44 ./Core/Src/stm32wbxx_hal_msp.o
 .comment       0x0000000000000043       0x44 ./Core/Src/stm32wbxx_it.o
 .comment       0x0000000000000043       0x44 ./Core/Src/system_stm32wbxx.o
 .comment       0x0000000000000043       0x44 ./Drivers/STM32WBxx_HAL_Driver/Src/stm32wbxx_hal.o
 .comment       0x0000000000000043       0x44 ./Drivers/STM32WBxx_HAL_Driver/Src/stm32wbxx_hal_cortex.o
 .comment       0x0000000000000043       0x44 ./Drivers/STM32WBxx_HAL_Driver/Src/stm32wbxx_hal_gpio.o
 .comment       0x0000000000000043       0x44 ./Drivers/STM32WBxx_HAL_Driver/Src/stm32wbxx_hal_i2c.o
 .comment       0x0000000000000043       0x44 ./Drivers/STM32WBxx_HAL_Driver/Src/stm32wbxx_hal_i2c_ex.o
 .comment       0x0000000000000043       0x44 ./Drivers/STM32WBxx_HAL_Driver/Src/stm32wbxx_hal_pcd.o
 .comment       0x0000000000000043       0x44 ./Drivers/STM32WBxx_HAL_Driver/Src/stm32wbxx_hal_pcd_ex.o
 .comment       0x0000000000000043       0x44 ./Drivers/STM32WBxx_HAL_Driver/Src/stm32wbxx_hal_pwr.o
 .comment       0x0000000000000043       0x44 ./Drivers/STM32WBxx_HAL_Driver/Src/stm32wbxx_hal_pwr_ex.o
 .comment       0x0000000000000043       0x44 ./Drivers/STM32WBxx_HAL_Driver/Src/stm32wbxx_hal_rcc.o
 .comment       0x0000000000000043       0x44 ./Drivers/STM32WBxx_HAL_Driver/Src/stm32wbxx_hal_rcc_ex.o
 .comment       0x0000000000000043       0x44 ./Drivers/STM32WBxx_HAL_Driver/Src/stm32wbxx_ll_usb.o
 .comment       0x0000000000000043       0x44 ./Middlewares/ST/STM32_USB_Device_Library/Class/CDC/Src/usbd_cdc.o
 .comment       0x0000000000000043       0x44 ./Middlewares/ST/STM32_USB_Device_Library/Core/Src/usbd_core.o
 .comment       0x0000000000000043       0x44 ./Middlewares/ST/STM32_USB_Device_Library/Core/Src/usbd_ctlreq.o
 .comment       0x0000000000000043       0x44 ./Middlewares/ST/STM32_USB_Device_Library/Core/Src/usbd_ioreq.o
 .comment       0x0000000000000043       0x44 ./USB_Device/App/usb_device.o
 .comment       0x0000000000000043       0x44 ./USB_Device/App/usbd_cdc_if.o
 .comment       0x0000000000000043       0x44 ./USB_Device/App/usbd_desc.o
 .comment       0x0000000000000043       0x44 ./USB_Device/Target/usbd_conf.o

.debug_info     0x0000000000000000    0x165f0
 .debug_info    0x0000000000000000     0x127d ./Core/Src/main.o
 .debug_info    0x000000000000127d      0xe29 ./Core/Src/stm32wbxx_hal_msp.o
 .debug_info    0x00000000000020a6      0x632 ./Core/Src/stm32wbxx_it.o
 .debug_info    0x00000000000026d8      0x703 ./Core/Src/system_stm32wbxx.o
 .debug_info    0x0000000000002ddb       0x23 ./Core/Startup/startup_stm32wb55cgux.o
 .debug_info    0x0000000000002dfe     0x12ae ./Drivers/STM32WBxx_HAL_Driver/Src/stm32wbxx_hal.o
 .debug_info    0x00000000000040ac      0xc81 ./Drivers/STM32WBxx_HAL_Driver/Src/stm32wbxx_hal_cortex.o
 .debug_info    0x0000000000004d2d      0x6aa ./Drivers/STM32WBxx_HAL_Driver/Src/stm32wbxx_hal_gpio.o
 .debug_info    0x00000000000053d7     0x21c1 ./Drivers/STM32WBxx_HAL_Driver/Src/stm32wbxx_hal_i2c.o
 .debug_info    0x0000000000007598      0x8fb ./Drivers/STM32WBxx_HAL_Driver/Src/stm32wbxx_hal_i2c_ex.o
 .debug_info    0x0000000000007e93     0x161b ./Drivers/STM32WBxx_HAL_Driver/Src/stm32wbxx_hal_pcd.o
 .debug_info    0x00000000000094ae      0x80a ./Drivers/STM32WBxx_HAL_Driver/Src/stm32wbxx_hal_pcd_ex.o
 .debug_info    0x0000000000009cb8      0x904 ./Drivers/STM32WBxx_HAL_Driver/Src/stm32wbxx_hal_pwr.o
 .debug_info    0x000000000000a5bc     0x105d ./Drivers/STM32WBxx_HAL_Driver/Src/stm32wbxx_hal_pwr_ex.o
 .debug_info    0x000000000000b619     0x14db ./Drivers/STM32WBxx_HAL_Driver/Src/stm32wbxx_hal_rcc.o
 .debug_info    0x000000000000caf4     0x1c40 ./Drivers/STM32WBxx_HAL_Driver/Src/stm32wbxx_hal_rcc_ex.o
 .debug_info    0x000000000000e734     0x166b ./Drivers/STM32WBxx_HAL_Driver/Src/stm32wbxx_ll_usb.o
 .debug_info    0x000000000000fd9f     0x12cd ./Middlewares/ST/STM32_USB_Device_Library/Class/CDC/Src/usbd_cdc.o
 .debug_info    0x000000000001106c      0xe12 ./Middlewares/ST/STM32_USB_Device_Library/Core/Src/usbd_core.o
 .debug_info    0x0000000000011e7e      0xaeb ./Middlewares/ST/STM32_USB_Device_Library/Core/Src/usbd_ctlreq.o
 .debug_info    0x0000000000012969      0x762 ./Middlewares/ST/STM32_USB_Device_Library/Core/Src/usbd_ioreq.o
 .debug_info    0x00000000000130cb      0x70e ./USB_Device/App/usb_device.o
 .debug_info    0x00000000000137d9      0x907 ./USB_Device/App/usbd_cdc_if.o
 .debug_info    0x00000000000140e0      0x45d ./USB_Device/App/usbd_desc.o
 .debug_info    0x000000000001453d     0x20b3 ./USB_Device/Target/usbd_conf.o

.debug_abbrev   0x0000000000000000     0x3a38
 .debug_abbrev  0x0000000000000000      0x2d8 ./Core/Src/main.o
 .debug_abbrev  0x00000000000002d8      0x23b ./Core/Src/stm32wbxx_hal_msp.o
 .debug_abbrev  0x0000000000000513      0x192 ./Core/Src/stm32wbxx_it.o
 .debug_abbrev  0x00000000000006a5      0x13b ./Core/Src/system_stm32wbxx.o
 .debug_abbrev  0x00000000000007e0       0x12 ./Core/Startup/startup_stm32wb55cgux.o
 .debug_abbrev  0x00000000000007f2      0x367 ./Drivers/STM32WBxx_HAL_Driver/Src/stm32wbxx_hal.o
 .debug_abbrev  0x0000000000000b59      0x319 ./Drivers/STM32WBxx_HAL_Driver/Src/stm32wbxx_hal_cortex.o
 .debug_abbrev  0x0000000000000e72      0x1e5 ./Drivers/STM32WBxx_HAL_Driver/Src/stm32wbxx_hal_gpio.o
 .debug_abbrev  0x0000000000001057      0x260 ./Drivers/STM32WBxx_HAL_Driver/Src/stm32wbxx_hal_i2c.o
 .debug_abbrev  0x00000000000012b7      0x1c8 ./Drivers/STM32WBxx_HAL_Driver/Src/stm32wbxx_hal_i2c_ex.o
 .debug_abbrev  0x000000000000147f      0x2b9 ./Drivers/STM32WBxx_HAL_Driver/Src/stm32wbxx_hal_pcd.o
 .debug_abbrev  0x0000000000001738      0x228 ./Drivers/STM32WBxx_HAL_Driver/Src/stm32wbxx_hal_pcd_ex.o
 .debug_abbrev  0x0000000000001960      0x205 ./Drivers/STM32WBxx_HAL_Driver/Src/stm32wbxx_hal_pwr.o
 .debug_abbrev  0x0000000000001b65      0x31c ./Drivers/STM32WBxx_HAL_Driver/Src/stm32wbxx_hal_pwr_ex.o
 .debug_abbrev  0x0000000000001e81      0x31b ./Drivers/STM32WBxx_HAL_Driver/Src/stm32wbxx_hal_rcc.o
 .debug_abbrev  0x000000000000219c      0x35a ./Drivers/STM32WBxx_HAL_Driver/Src/stm32wbxx_hal_rcc_ex.o
 .debug_abbrev  0x00000000000024f6      0x247 ./Drivers/STM32WBxx_HAL_Driver/Src/stm32wbxx_ll_usb.o
 .debug_abbrev  0x000000000000273d      0x2c3 ./Middlewares/ST/STM32_USB_Device_Library/Class/CDC/Src/usbd_cdc.o
 .debug_abbrev  0x0000000000002a00      0x27c ./Middlewares/ST/STM32_USB_Device_Library/Core/Src/usbd_core.o
 .debug_abbrev  0x0000000000002c7c      0x26f ./Middlewares/ST/STM32_USB_Device_Library/Core/Src/usbd_ctlreq.o
 .debug_abbrev  0x0000000000002eeb      0x19a ./Middlewares/ST/STM32_USB_Device_Library/Core/Src/usbd_ioreq.o
 .debug_abbrev  0x0000000000003085      0x195 ./USB_Device/App/usb_device.o
 .debug_abbrev  0x000000000000321a      0x29d ./USB_Device/App/usbd_cdc_if.o
 .debug_abbrev  0x00000000000034b7      0x210 ./USB_Device/App/usbd_desc.o
 .debug_abbrev  0x00000000000036c7      0x371 ./USB_Device/Target/usbd_conf.o

.debug_aranges  0x0000000000000000     0x1820
 .debug_aranges
                0x0000000000000000       0x50 ./Core/Src/main.o
 .debug_aranges
                0x0000000000000050       0x48 ./Core/Src/stm32wbxx_hal_msp.o
 .debug_aranges
                0x0000000000000098       0x68 ./Core/Src/stm32wbxx_it.o
 .debug_aranges
                0x0000000000000100       0x28 ./Core/Src/system_stm32wbxx.o
 .debug_aranges
                0x0000000000000128       0x30 ./Core/Startup/startup_stm32wb55cgux.o
 .debug_aranges
                0x0000000000000158      0x280 ./Drivers/STM32WBxx_HAL_Driver/Src/stm32wbxx_hal.o
 .debug_aranges
                0x00000000000003d8      0x108 ./Drivers/STM32WBxx_HAL_Driver/Src/stm32wbxx_hal_cortex.o
 .debug_aranges
                0x00000000000004e0       0x60 ./Drivers/STM32WBxx_HAL_Driver/Src/stm32wbxx_hal_gpio.o
 .debug_aranges
                0x0000000000000540      0x2a0 ./Drivers/STM32WBxx_HAL_Driver/Src/stm32wbxx_hal_i2c.o
 .debug_aranges
                0x00000000000007e0       0x48 ./Drivers/STM32WBxx_HAL_Driver/Src/stm32wbxx_hal_i2c_ex.o
 .debug_aranges
                0x0000000000000828      0x138 ./Drivers/STM32WBxx_HAL_Driver/Src/stm32wbxx_hal_pcd.o
 .debug_aranges
                0x0000000000000960       0x58 ./Drivers/STM32WBxx_HAL_Driver/Src/stm32wbxx_hal_pcd_ex.o
 .debug_aranges
                0x00000000000009b8       0xd0 ./Drivers/STM32WBxx_HAL_Driver/Src/stm32wbxx_hal_pwr.o
 .debug_aranges
                0x0000000000000a88      0x288 ./Drivers/STM32WBxx_HAL_Driver/Src/stm32wbxx_hal_pwr_ex.o
 .debug_aranges
                0x0000000000000d10      0x270 ./Drivers/STM32WBxx_HAL_Driver/Src/stm32wbxx_hal_rcc.o
 .debug_aranges
                0x0000000000000f80      0x390 ./Drivers/STM32WBxx_HAL_Driver/Src/stm32wbxx_hal_rcc_ex.o
 .debug_aranges
                0x0000000000001310       0xc8 ./Drivers/STM32WBxx_HAL_Driver/Src/stm32wbxx_ll_usb.o
 .debug_aranges
                0x00000000000013d8       0x90 ./Middlewares/ST/STM32_USB_Device_Library/Class/CDC/Src/usbd_cdc.o
 .debug_aranges
                0x0000000000001468       0xd8 ./Middlewares/ST/STM32_USB_Device_Library/Core/Src/usbd_core.o
 .debug_aranges
                0x0000000000001540       0x90 ./Middlewares/ST/STM32_USB_Device_Library/Core/Src/usbd_ctlreq.o
 .debug_aranges
                0x00000000000015d0       0x50 ./Middlewares/ST/STM32_USB_Device_Library/Core/Src/usbd_ioreq.o
 .debug_aranges
                0x0000000000001620       0x20 ./USB_Device/App/usb_device.o
 .debug_aranges
                0x0000000000001640       0x48 ./USB_Device/App/usbd_cdc_if.o
 .debug_aranges
                0x0000000000001688       0x60 ./USB_Device/App/usbd_desc.o
 .debug_aranges
                0x00000000000016e8      0x138 ./USB_Device/Target/usbd_conf.o

.debug_rnglists
                0x0000000000000000     0x1221
 .debug_rnglists
                0x0000000000000000       0x39 ./Core/Src/main.o
 .debug_rnglists
                0x0000000000000039       0x32 ./Core/Src/stm32wbxx_hal_msp.o
 .debug_rnglists
                0x000000000000006b       0x49 ./Core/Src/stm32wbxx_it.o
 .debug_rnglists
                0x00000000000000b4       0x1b ./Core/Src/system_stm32wbxx.o
 .debug_rnglists
                0x00000000000000cf       0x1f ./Core/Startup/startup_stm32wb55cgux.o
 .debug_rnglists
                0x00000000000000ee      0x1db ./Drivers/STM32WBxx_HAL_Driver/Src/stm32wbxx_hal.o
 .debug_rnglists
                0x00000000000002c9       0xc2 ./Drivers/STM32WBxx_HAL_Driver/Src/stm32wbxx_hal_cortex.o
 .debug_rnglists
                0x000000000000038b       0x45 ./Drivers/STM32WBxx_HAL_Driver/Src/stm32wbxx_hal_gpio.o
 .debug_rnglists
                0x00000000000003d0      0x228 ./Drivers/STM32WBxx_HAL_Driver/Src/stm32wbxx_hal_i2c.o
 .debug_rnglists
                0x00000000000005f8       0x35 ./Drivers/STM32WBxx_HAL_Driver/Src/stm32wbxx_hal_i2c_ex.o
 .debug_rnglists
                0x000000000000062d       0xee ./Drivers/STM32WBxx_HAL_Driver/Src/stm32wbxx_hal_pcd.o
 .debug_rnglists
                0x000000000000071b       0x3f ./Drivers/STM32WBxx_HAL_Driver/Src/stm32wbxx_hal_pcd_ex.o
 .debug_rnglists
                0x000000000000075a       0x99 ./Drivers/STM32WBxx_HAL_Driver/Src/stm32wbxx_hal_pwr.o
 .debug_rnglists
                0x00000000000007f3      0x1e8 ./Drivers/STM32WBxx_HAL_Driver/Src/stm32wbxx_hal_pwr_ex.o
 .debug_rnglists
                0x00000000000009db      0x1d6 ./Drivers/STM32WBxx_HAL_Driver/Src/stm32wbxx_hal_rcc.o
 .debug_rnglists
                0x0000000000000bb1      0x2b6 ./Drivers/STM32WBxx_HAL_Driver/Src/stm32wbxx_hal_rcc_ex.o
 .debug_rnglists
                0x0000000000000e67       0x99 ./Drivers/STM32WBxx_HAL_Driver/Src/stm32wbxx_ll_usb.o
 .debug_rnglists
                0x0000000000000f00       0x6c ./Middlewares/ST/STM32_USB_Device_Library/Class/CDC/Src/usbd_cdc.o
 .debug_rnglists
                0x0000000000000f6c       0xa1 ./Middlewares/ST/STM32_USB_Device_Library/Core/Src/usbd_core.o
 .debug_rnglists
                0x000000000000100d       0x6e ./Middlewares/ST/STM32_USB_Device_Library/Core/Src/usbd_ctlreq.o
 .debug_rnglists
                0x000000000000107b       0x37 ./Middlewares/ST/STM32_USB_Device_Library/Core/Src/usbd_ioreq.o
 .debug_rnglists
                0x00000000000010b2       0x13 ./USB_Device/App/usb_device.o
 .debug_rnglists
                0x00000000000010c5       0x32 ./USB_Device/App/usbd_cdc_if.o
 .debug_rnglists
                0x00000000000010f7       0x43 ./USB_Device/App/usbd_desc.o
 .debug_rnglists
                0x000000000000113a       0xe7 ./USB_Device/Target/usbd_conf.o

.debug_macro    0x0000000000000000    0x23d75
 .debug_macro   0x0000000000000000      0x3aa ./Core/Src/main.o
 .debug_macro   0x00000000000003aa      0xaa8 ./Core/Src/main.o
 .debug_macro   0x0000000000000e52      0x130 ./Core/Src/main.o
 .debug_macro   0x0000000000000f82       0x2e ./Core/Src/main.o
 .debug_macro   0x0000000000000fb0       0x2e ./Core/Src/main.o
 .debug_macro   0x0000000000000fde       0x22 ./Core/Src/main.o
 .debug_macro   0x0000000000001000       0x8e ./Core/Src/main.o
 .debug_macro   0x000000000000108e       0x51 ./Core/Src/main.o
 .debug_macro   0x00000000000010df      0x103 ./Core/Src/main.o
 .debug_macro   0x00000000000011e2       0x6a ./Core/Src/main.o
 .debug_macro   0x000000000000124c      0x1df ./Core/Src/main.o
 .debug_macro   0x000000000000142b       0x1c ./Core/Src/main.o
 .debug_macro   0x0000000000001447       0x22 ./Core/Src/main.o
 .debug_macro   0x0000000000001469       0xfb ./Core/Src/main.o
 .debug_macro   0x0000000000001564     0x1011 ./Core/Src/main.o
 .debug_macro   0x0000000000002575      0x11f ./Core/Src/main.o
 .debug_macro   0x0000000000002694    0x12adb ./Core/Src/main.o
 .debug_macro   0x000000000001516f       0x6c ./Core/Src/main.o
 .debug_macro   0x00000000000151db     0x34cc ./Core/Src/main.o
 .debug_macro   0x00000000000186a7      0x174 ./Core/Src/main.o
 .debug_macro   0x000000000001881b       0x5c ./Core/Src/main.o
 .debug_macro   0x0000000000018877      0x3f5 ./Core/Src/main.o
 .debug_macro   0x0000000000018c6c      0x286 ./Core/Src/main.o
 .debug_macro   0x0000000000018ef2      0x30d ./Core/Src/main.o
 .debug_macro   0x00000000000191ff      0x17e ./Core/Src/main.o
 .debug_macro   0x000000000001937d       0x43 ./Core/Src/main.o
 .debug_macro   0x00000000000193c0      0x236 ./Core/Src/main.o
 .debug_macro   0x00000000000195f6      0x24a ./Core/Src/main.o
 .debug_macro   0x0000000000019840      0x57b ./Core/Src/main.o
 .debug_macro   0x0000000000019dbb       0x2e ./Core/Src/main.o
 .debug_macro   0x0000000000019de9      0x100 ./Core/Src/main.o
 .debug_macro   0x0000000000019ee9      0x1ba ./Core/Src/main.o
 .debug_macro   0x000000000001a0a3      0x1cd ./Core/Src/main.o
 .debug_macro   0x000000000001a270      0x22c ./Core/Src/main.o
 .debug_macro   0x000000000001a49c       0x55 ./Core/Src/main.o
 .debug_macro   0x000000000001a4f1       0xa5 ./Core/Src/main.o
 .debug_macro   0x000000000001a596       0x73 ./Core/Src/main.o
 .debug_macro   0x000000000001a609      0x22d ./Core/Src/main.o
 .debug_macro   0x000000000001a836      0x381 ./Core/Src/main.o
 .debug_macro   0x000000000001abb7      0x13d ./Core/Src/main.o
 .debug_macro   0x000000000001acf4      0x141 ./Core/Src/main.o
 .debug_macro   0x000000000001ae35      0x4ff ./Core/Src/main.o
 .debug_macro   0x000000000001b334      0x874 ./Core/Src/main.o
 .debug_macro   0x000000000001bba8      0x259 ./Core/Src/main.o
 .debug_macro   0x000000000001be01     0x1bb1 ./Core/Src/main.o
 .debug_macro   0x000000000001d9b2       0xe4 ./Core/Src/main.o
 .debug_macro   0x000000000001da96      0x5e7 ./Core/Src/main.o
 .debug_macro   0x000000000001e07d      0x557 ./Core/Src/main.o
 .debug_macro   0x000000000001e5d4      0x433 ./Core/Src/main.o
 .debug_macro   0x000000000001ea07       0x1c ./Core/Src/main.o
 .debug_macro   0x000000000001ea23       0x61 ./Core/Src/main.o
 .debug_macro   0x000000000001ea84       0x2a ./Core/Src/main.o
 .debug_macro   0x000000000001eaae       0x43 ./Core/Src/main.o
 .debug_macro   0x000000000001eaf1       0x34 ./Core/Src/main.o
 .debug_macro   0x000000000001eb25       0x16 ./Core/Src/main.o
 .debug_macro   0x000000000001eb3b       0x35 ./Core/Src/main.o
 .debug_macro   0x000000000001eb70      0x369 ./Core/Src/main.o
 .debug_macro   0x000000000001eed9       0x10 ./Core/Src/main.o
 .debug_macro   0x000000000001eee9       0x16 ./Core/Src/main.o
 .debug_macro   0x000000000001eeff       0x43 ./Core/Src/main.o
 .debug_macro   0x000000000001ef42       0x34 ./Core/Src/main.o
 .debug_macro   0x000000000001ef76       0x10 ./Core/Src/main.o
 .debug_macro   0x000000000001ef86       0x58 ./Core/Src/main.o
 .debug_macro   0x000000000001efde       0x8e ./Core/Src/main.o
 .debug_macro   0x000000000001f06c       0x1c ./Core/Src/main.o
 .debug_macro   0x000000000001f088      0x177 ./Core/Src/main.o
 .debug_macro   0x000000000001f1ff       0x16 ./Core/Src/main.o
 .debug_macro   0x000000000001f215       0x16 ./Core/Src/main.o
 .debug_macro   0x000000000001f22b      0x147 ./Core/Src/main.o
 .debug_macro   0x000000000001f372       0x16 ./Core/Src/main.o
 .debug_macro   0x000000000001f388       0x16 ./Core/Src/main.o
 .debug_macro   0x000000000001f39e       0x29 ./Core/Src/main.o
 .debug_macro   0x000000000001f3c7       0x16 ./Core/Src/main.o
 .debug_macro   0x000000000001f3dd       0x20 ./Core/Src/main.o
 .debug_macro   0x000000000001f3fd       0x5f ./Core/Src/main.o
 .debug_macro   0x000000000001f45c      0x20f ./Core/Src/main.o
 .debug_macro   0x000000000001f66b      0x246 ./Core/Src/stm32wbxx_hal_msp.o
 .debug_macro   0x000000000001f8b1      0x250 ./Core/Src/stm32wbxx_it.o
 .debug_macro   0x000000000001fb01      0x237 ./Core/Src/system_stm32wbxx.o
 .debug_macro   0x000000000001fd38      0x25b ./Drivers/STM32WBxx_HAL_Driver/Src/stm32wbxx_hal.o
 .debug_macro   0x000000000001ff93      0x237 ./Drivers/STM32WBxx_HAL_Driver/Src/stm32wbxx_hal_cortex.o
 .debug_macro   0x00000000000201ca      0x23e ./Drivers/STM32WBxx_HAL_Driver/Src/stm32wbxx_hal_gpio.o
 .debug_macro   0x0000000000020408      0x303 ./Drivers/STM32WBxx_HAL_Driver/Src/stm32wbxx_hal_i2c.o
 .debug_macro   0x000000000002070b      0x237 ./Drivers/STM32WBxx_HAL_Driver/Src/stm32wbxx_hal_i2c_ex.o
 .debug_macro   0x0000000000020942      0x243 ./Drivers/STM32WBxx_HAL_Driver/Src/stm32wbxx_hal_pcd.o
 .debug_macro   0x0000000000020b85      0x237 ./Drivers/STM32WBxx_HAL_Driver/Src/stm32wbxx_hal_pcd_ex.o
 .debug_macro   0x0000000000020dbc      0x2a9 ./Drivers/STM32WBxx_HAL_Driver/Src/stm32wbxx_hal_pwr.o
 .debug_macro   0x0000000000021065      0x249 ./Drivers/STM32WBxx_HAL_Driver/Src/stm32wbxx_hal_pwr_ex.o
 .debug_macro   0x00000000000212ae      0x2a9 ./Drivers/STM32WBxx_HAL_Driver/Src/stm32wbxx_hal_rcc.o
 .debug_macro   0x0000000000021557      0x28c ./Drivers/STM32WBxx_HAL_Driver/Src/stm32wbxx_hal_rcc_ex.o
 .debug_macro   0x00000000000217e3      0x237 ./Drivers/STM32WBxx_HAL_Driver/Src/stm32wbxx_ll_usb.o
 .debug_macro   0x0000000000021a1a      0x3c6 ./Middlewares/ST/STM32_USB_Device_Library/Class/CDC/Src/usbd_cdc.o
 .debug_macro   0x0000000000021de0       0x97 ./Middlewares/ST/STM32_USB_Device_Library/Class/CDC/Src/usbd_cdc.o
 .debug_macro   0x0000000000021e77       0xfd ./Middlewares/ST/STM32_USB_Device_Library/Class/CDC/Src/usbd_cdc.o
 .debug_macro   0x0000000000021f74       0x56 ./Middlewares/ST/STM32_USB_Device_Library/Class/CDC/Src/usbd_cdc.o
 .debug_macro   0x0000000000021fca       0x95 ./Middlewares/ST/STM32_USB_Device_Library/Class/CDC/Src/usbd_cdc.o
 .debug_macro   0x000000000002205f      0x3ad ./Middlewares/ST/STM32_USB_Device_Library/Core/Src/usbd_core.o
 .debug_macro   0x000000000002240c      0x215 ./Middlewares/ST/STM32_USB_Device_Library/Core/Src/usbd_core.o
 .debug_macro   0x0000000000022621      0x3b7 ./Middlewares/ST/STM32_USB_Device_Library/Core/Src/usbd_ctlreq.o
 .debug_macro   0x00000000000229d8      0x3b3 ./Middlewares/ST/STM32_USB_Device_Library/Core/Src/usbd_ioreq.o
 .debug_macro   0x0000000000022d8b      0x3ec ./USB_Device/App/usb_device.o
 .debug_macro   0x0000000000023177       0x22 ./USB_Device/App/usb_device.o
 .debug_macro   0x0000000000023199       0x16 ./USB_Device/App/usb_device.o
 .debug_macro   0x00000000000231af      0x3d1 ./USB_Device/App/usbd_cdc_if.o
 .debug_macro   0x0000000000023580       0x10 ./USB_Device/App/usbd_cdc_if.o
 .debug_macro   0x0000000000023590      0x3ea ./USB_Device/App/usbd_desc.o
 .debug_macro   0x000000000002397a       0x1c ./USB_Device/App/usbd_desc.o
 .debug_macro   0x0000000000023996      0x3df ./USB_Device/Target/usbd_conf.o

.debug_line     0x0000000000000000    0x18520
 .debug_line    0x0000000000000000      0xba2 ./Core/Src/main.o
 .debug_line    0x0000000000000ba2      0x8d2 ./Core/Src/stm32wbxx_hal_msp.o
 .debug_line    0x0000000000001474      0x8ee ./Core/Src/stm32wbxx_it.o
 .debug_line    0x0000000000001d62      0x8b4 ./Core/Src/system_stm32wbxx.o
 .debug_line    0x0000000000002616       0x83 ./Core/Startup/startup_stm32wb55cgux.o
 .debug_line    0x0000000000002699     0x1099 ./Drivers/STM32WBxx_HAL_Driver/Src/stm32wbxx_hal.o
 .debug_line    0x0000000000003732      0xd63 ./Drivers/STM32WBxx_HAL_Driver/Src/stm32wbxx_hal_cortex.o
 .debug_line    0x0000000000004495      0xc44 ./Drivers/STM32WBxx_HAL_Driver/Src/stm32wbxx_hal_gpio.o
 .debug_line    0x00000000000050d9     0x3a39 ./Drivers/STM32WBxx_HAL_Driver/Src/stm32wbxx_hal_i2c.o
 .debug_line    0x0000000000008b12      0xa2f ./Drivers/STM32WBxx_HAL_Driver/Src/stm32wbxx_hal_i2c_ex.o
 .debug_line    0x0000000000009541     0x1446 ./Drivers/STM32WBxx_HAL_Driver/Src/stm32wbxx_hal_pcd.o
 .debug_line    0x000000000000a987      0x97c ./Drivers/STM32WBxx_HAL_Driver/Src/stm32wbxx_hal_pcd_ex.o
 .debug_line    0x000000000000b303      0xabe ./Drivers/STM32WBxx_HAL_Driver/Src/stm32wbxx_hal_pwr.o
 .debug_line    0x000000000000bdc1     0x1202 ./Drivers/STM32WBxx_HAL_Driver/Src/stm32wbxx_hal_pwr_ex.o
 .debug_line    0x000000000000cfc3     0x18b1 ./Drivers/STM32WBxx_HAL_Driver/Src/stm32wbxx_hal_rcc.o
 .debug_line    0x000000000000e874     0x1d3b ./Drivers/STM32WBxx_HAL_Driver/Src/stm32wbxx_hal_rcc_ex.o
 .debug_line    0x00000000000105af     0x10dc ./Drivers/STM32WBxx_HAL_Driver/Src/stm32wbxx_ll_usb.o
 .debug_line    0x000000000001168b      0xf8f ./Middlewares/ST/STM32_USB_Device_Library/Class/CDC/Src/usbd_cdc.o
 .debug_line    0x000000000001261a     0x100c ./Middlewares/ST/STM32_USB_Device_Library/Core/Src/usbd_core.o
 .debug_line    0x0000000000013626     0x1216 ./Middlewares/ST/STM32_USB_Device_Library/Core/Src/usbd_ctlreq.o
 .debug_line    0x000000000001483c      0xb23 ./Middlewares/ST/STM32_USB_Device_Library/Core/Src/usbd_ioreq.o
 .debug_line    0x000000000001535f      0xadf ./USB_Device/App/usb_device.o
 .debug_line    0x0000000000015e3e      0xb44 ./USB_Device/App/usbd_cdc_if.o
 .debug_line    0x0000000000016982      0xba8 ./USB_Device/App/usbd_desc.o
 .debug_line    0x000000000001752a      0xff6 ./USB_Device/Target/usbd_conf.o

.debug_str      0x0000000000000000    0xd71f6
 .debug_str     0x0000000000000000    0xd09e9 ./Core/Src/main.o
                                      0xd1683 (size before relaxing)
 .debug_str     0x00000000000d09e9       0x96 ./Core/Src/stm32wbxx_hal_msp.o
                                      0xcd13c (size before relaxing)
 .debug_str     0x00000000000d0a7f      0x3bc ./Core/Src/stm32wbxx_it.o
                                      0xccb06 (size before relaxing)
 .debug_str     0x00000000000d0e3b      0x105 ./Core/Src/system_stm32wbxx.o
                                      0xcc933 (size before relaxing)
 .debug_str     0x00000000000d0f40       0x34 ./Core/Startup/startup_stm32wb55cgux.o
                                         0x72 (size before relaxing)
 .debug_str     0x00000000000d0f74      0xe4b ./Drivers/STM32WBxx_HAL_Driver/Src/stm32wbxx_hal.o
                                      0xcd819 (size before relaxing)
 .debug_str     0x00000000000d1dbf      0x331 ./Drivers/STM32WBxx_HAL_Driver/Src/stm32wbxx_hal_cortex.o
                                      0xccf99 (size before relaxing)
 .debug_str     0x00000000000d20f0      0x151 ./Drivers/STM32WBxx_HAL_Driver/Src/stm32wbxx_hal_gpio.o
                                      0xcc90d (size before relaxing)
 .debug_str     0x00000000000d2241      0xdd9 ./Drivers/STM32WBxx_HAL_Driver/Src/stm32wbxx_hal_i2c.o
                                      0xcdb34 (size before relaxing)
 .debug_str     0x00000000000d301a       0xb8 ./Drivers/STM32WBxx_HAL_Driver/Src/stm32wbxx_hal_i2c_ex.o
                                      0xccd42 (size before relaxing)
 .debug_str     0x00000000000d30d2      0x577 ./Drivers/STM32WBxx_HAL_Driver/Src/stm32wbxx_hal_pcd.o
                                      0xccfb9 (size before relaxing)
 .debug_str     0x00000000000d3649      0x186 ./Drivers/STM32WBxx_HAL_Driver/Src/stm32wbxx_hal_pcd_ex.o
                                      0xccbf5 (size before relaxing)
 .debug_str     0x00000000000d37cf      0x5d0 ./Drivers/STM32WBxx_HAL_Driver/Src/stm32wbxx_hal_pwr.o
                                      0xccda3 (size before relaxing)