C:/STM/workspace/BLE_MeshLightingPRFNode/Middlewares/ST/STM32_WPAN/interface/patterns/ble_thread/tl/hci_tl.c:68:6:hci_init	16	static
C:/STM/workspace/BLE_MeshLightingPRFNode/Middlewares/ST/STM32_WPAN/interface/patterns/ble_thread/tl/hci_tl.c:80:6:hci_user_evt_proc	24	static
C:/STM/workspace/BLE_MeshLightingPRFNode/Middlewares/ST/STM32_WPAN/interface/patterns/ble_thread/tl/hci_tl.c:138:6:hci_resume_flow	8	static
C:/STM/workspace/BLE_MeshLightingPRFNode/Middlewares/ST/STM32_WPAN/interface/patterns/ble_thread/tl/hci_tl.c:151:5:hci_send_req	40	static
C:/STM/workspace/BLE_MeshLightingPRFNode/Middlewares/ST/STM32_WPAN/interface/patterns/ble_thread/tl/hci_tl.c:215:13:TlInit	32	static
C:/STM/workspace/BLE_MeshLightingPRFNode/Middlewares/ST/STM32_WPAN/interface/patterns/ble_thread/tl/hci_tl.c:242:13:SendCmd	16	static
C:/STM/workspace/BLE_MeshLightingPRFNode/Middlewares/ST/STM32_WPAN/interface/patterns/ble_thread/tl/hci_tl.c:253:13:NotifyCmdStatus	16	static
C:/STM/workspace/BLE_MeshLightingPRFNode/Middlewares/ST/STM32_WPAN/interface/patterns/ble_thread/tl/hci_tl.c:273:13:TlEvtReceived	16	static
C:/STM/workspace/BLE_MeshLightingPRFNode/Middlewares/ST/STM32_WPAN/interface/patterns/ble_thread/tl/hci_tl.c:290:13:hci_cmd_resp_wait	16	static
C:/STM/workspace/BLE_MeshLightingPRFNode/Middlewares/ST/STM32_WPAN/interface/patterns/ble_thread/tl/hci_tl.c:300:13:hci_cmd_resp_release	16	static
